<?xml version="1.0" encoding="utf-8"?><testsuites name="pytest tests"><testsuite name="pytest" errors="43" failures="0" skipped="0" tests="43" time="121.301" timestamp="2026-03-04T18:59:07.213690+05:30" hostname="Balaji"><testcase classname="tests.test_endpoints" name="test_root" time="2.725"><error message="failed on setup with &quot;sqlalchemy.exc.OperationalError: (psycopg.OperationalError) failed to resolve host 'example': [Errno 11001] getaddrinfo failed&#10;(Background on this error at: https://sqlalche.me/e/20/e3q8)&quot;">self = &lt;sqlalchemy.engine.base.Connection object at 0x00000294351B7DA0&gt;
engine = Engine(postgresql+psycopg://example), connection = None
_has_events = None, _allow_revalidate = True, _allow_autobegin = True

    def __init__(
        self,
        engine: Engine,
        connection: Optional[PoolProxiedConnection] = None,
        _has_events: Optional[bool] = None,
        _allow_revalidate: bool = True,
        _allow_autobegin: bool = True,
    ):
        """Construct a new Connection."""
        self.engine = engine
        self.dialect = dialect = engine.dialect
    
        if connection is None:
            try:
&gt;               self._dbapi_connection = engine.raw_connection()
                                         ^^^^^^^^^^^^^^^^^^^^^^^

C:\Users\balaj\AppData\Local\Programs\Python\Python312\Lib\site-packages\sqlalchemy\engine\base.py:143: 
_ _ _ _ _ _ _ _ _ _ _ _ _ _ _ _ _ _ _ _ _ _ _ _ _ _ _ _ _ _ _ _ _ _ _ _ _ _ _ _
C:\Users\balaj\AppData\Local\Programs\Python\Python312\Lib\site-packages\sqlalchemy\engine\base.py:3317: in raw_connection
    return self.pool.connect()
           ^^^^^^^^^^^^^^^^^^^
C:\Users\balaj\AppData\Local\Programs\Python\Python312\Lib\site-packages\sqlalchemy\pool\base.py:448: in connect
    return _ConnectionFairy._checkout(self)
           ^^^^^^^^^^^^^^^^^^^^^^^^^^^^^^^^
C:\Users\balaj\AppData\Local\Programs\Python\Python312\Lib\site-packages\sqlalchemy\pool\base.py:1272: in _checkout
    fairy = _ConnectionRecord.checkout(pool)
            ^^^^^^^^^^^^^^^^^^^^^^^^^^^^^^^^
C:\Users\balaj\AppData\Local\Programs\Python\Python312\Lib\site-packages\sqlalchemy\pool\base.py:712: in checkout
    rec = pool._do_get()
          ^^^^^^^^^^^^^^
C:\Users\balaj\AppData\Local\Programs\Python\Python312\Lib\site-packages\sqlalchemy\pool\impl.py:177: in _do_get
    with util.safe_reraise():
C:\Users\balaj\AppData\Local\Programs\Python\Python312\Lib\site-packages\sqlalchemy\util\langhelpers.py:121: in __exit__
    raise exc_value.with_traceback(exc_tb)
C:\Users\balaj\AppData\Local\Programs\Python\Python312\Lib\site-packages\sqlalchemy\pool\impl.py:175: in _do_get
    return self._create_connection()
           ^^^^^^^^^^^^^^^^^^^^^^^^^
C:\Users\balaj\AppData\Local\Programs\Python\Python312\Lib\site-packages\sqlalchemy\pool\base.py:389: in _create_connection
    return _ConnectionRecord(self)
           ^^^^^^^^^^^^^^^^^^^^^^^
C:\Users\balaj\AppData\Local\Programs\Python\Python312\Lib\site-packages\sqlalchemy\pool\base.py:674: in __init__
    self.__connect()
C:\Users\balaj\AppData\Local\Programs\Python\Python312\Lib\site-packages\sqlalchemy\pool\base.py:900: in __connect
    with util.safe_reraise():
C:\Users\balaj\AppData\Local\Programs\Python\Python312\Lib\site-packages\sqlalchemy\util\langhelpers.py:121: in __exit__
    raise exc_value.with_traceback(exc_tb)
C:\Users\balaj\AppData\Local\Programs\Python\Python312\Lib\site-packages\sqlalchemy\pool\base.py:896: in __connect
    self.dbapi_connection = connection = pool._invoke_creator(self)
                                         ^^^^^^^^^^^^^^^^^^^^^^^^^^
C:\Users\balaj\AppData\Local\Programs\Python\Python312\Lib\site-packages\sqlalchemy\engine\create.py:667: in connect
    return dialect.connect(*cargs_tup, **cparams)
           ^^^^^^^^^^^^^^^^^^^^^^^^^^^^^^^^^^^^^^
C:\Users\balaj\AppData\Local\Programs\Python\Python312\Lib\site-packages\sqlalchemy\engine\default.py:630: in connect
    return self.loaded_dbapi.connect(*cargs, **cparams)  # type: ignore[no-any-return]  # NOQA: E501
           ^^^^^^^^^^^^^^^^^^^^^^^^^^^^^^^^^^^^^^^^^^^^
C:\Users\balaj\AppData\Local\Programs\Python\Python312\Lib\site-packages\psycopg\connection.py:100: in connect
    attempts = conninfo_attempts(params)
               ^^^^^^^^^^^^^^^^^^^^^^^^^
_ _ _ _ _ _ _ _ _ _ _ _ _ _ _ _ _ _ _ _ _ _ _ _ _ _ _ _ _ _ _ _ _ _ _ _ _ _ _ _

params = {'host': 'example'}

    def conninfo_attempts(params: ConnMapping) -&gt; list[ConnDict]:
        """Split a set of connection params on the single attempts to perform.
    
        A connection param can perform more than one attempt more than one ``host``
        is provided.
    
        Also perform async resolution of the hostname into hostaddr. Because a host
        can resolve to more than one address, this can lead to yield more attempts
        too. Raise `OperationalError` if no host could be resolved.
    
        Because the libpq async function doesn't honour the timeout, we need to
        reimplement the repeated attempts.
        """
        last_exc = None
        attempts = []
        if prefer_standby := (
            get_param(params, "target_session_attrs") == "prefer-standby"
        ):
            params = {k: v for k, v in params.items() if k != "target_session_attrs"}
    
        for attempt in split_attempts(params):
            try:
                attempts.extend(_resolve_hostnames(attempt))
            except OSError as ex:
                last_exc = e.OperationalError(
                    f"failed to resolve host {attempt.get('host')!r}: {ex}"
                )
                logger.debug("%s", last_exc)
    
        if not attempts:
            assert last_exc
            # We couldn't resolve anything
&gt;           raise last_exc
E           psycopg.OperationalError: failed to resolve host 'example': [Errno 11001] getaddrinfo failed

C:\Users\balaj\AppData\Local\Programs\Python\Python312\Lib\site-packages\psycopg\_conninfo_attempts.py:55: OperationalError

The above exception was the direct cause of the following exception:

fixturedef = &lt;FixtureDef argname='db' scope='function' baseid='tests'&gt;
request = &lt;SubRequest 'db' for &lt;Function test_root&gt;&gt;

    @pytest.hookimpl(wrapper=True)
    def pytest_fixture_setup(fixturedef: FixtureDef, request) -&gt; object | None:
        asyncio_mode = _get_asyncio_mode(request.config)
        if not _is_asyncio_fixture_function(fixturedef.func):
            if asyncio_mode == Mode.STRICT:
                # Ignore async fixtures without explicit asyncio mark in strict mode
                # This applies to pytest_trio fixtures, for example
&gt;               return (yield)
                        ^^^^^

C:\Users\balaj\AppData\Local\Programs\Python\Python312\Lib\site-packages\pytest_asyncio\plugin.py:728: 
_ _ _ _ _ _ _ _ _ _ _ _ _ _ _ _ _ _ _ _ _ _ _ _ _ _ _ _ _ _ _ _ _ _ _ _ _ _ _ _
tests\conftest.py:39: in db
    connection = engine.connect()
                 ^^^^^^^^^^^^^^^^
C:\Users\balaj\AppData\Local\Programs\Python\Python312\Lib\site-packages\sqlalchemy\engine\base.py:3293: in connect
    return self._connection_cls(self)
           ^^^^^^^^^^^^^^^^^^^^^^^^^^
C:\Users\balaj\AppData\Local\Programs\Python\Python312\Lib\site-packages\sqlalchemy\engine\base.py:145: in __init__
    Connection._handle_dbapi_exception_noconnection(
C:\Users\balaj\AppData\Local\Programs\Python\Python312\Lib\site-packages\sqlalchemy\engine\base.py:2448: in _handle_dbapi_exception_noconnection
    raise sqlalchemy_exception.with_traceback(exc_info[2]) from e
C:\Users\balaj\AppData\Local\Programs\Python\Python312\Lib\site-packages\sqlalchemy\engine\base.py:143: in __init__
    self._dbapi_connection = engine.raw_connection()
                             ^^^^^^^^^^^^^^^^^^^^^^^
C:\Users\balaj\AppData\Local\Programs\Python\Python312\Lib\site-packages\sqlalchemy\engine\base.py:3317: in raw_connection
    return self.pool.connect()
           ^^^^^^^^^^^^^^^^^^^
C:\Users\balaj\AppData\Local\Programs\Python\Python312\Lib\site-packages\sqlalchemy\pool\base.py:448: in connect
    return _ConnectionFairy._checkout(self)
           ^^^^^^^^^^^^^^^^^^^^^^^^^^^^^^^^
C:\Users\balaj\AppData\Local\Programs\Python\Python312\Lib\site-packages\sqlalchemy\pool\base.py:1272: in _checkout
    fairy = _ConnectionRecord.checkout(pool)
            ^^^^^^^^^^^^^^^^^^^^^^^^^^^^^^^^
C:\Users\balaj\AppData\Local\Programs\Python\Python312\Lib\site-packages\sqlalchemy\pool\base.py:712: in checkout
    rec = pool._do_get()
          ^^^^^^^^^^^^^^
C:\Users\balaj\AppData\Local\Programs\Python\Python312\Lib\site-packages\sqlalchemy\pool\impl.py:177: in _do_get
    with util.safe_reraise():
C:\Users\balaj\AppData\Local\Programs\Python\Python312\Lib\site-packages\sqlalchemy\util\langhelpers.py:121: in __exit__
    raise exc_value.with_traceback(exc_tb)
C:\Users\balaj\AppData\Local\Programs\Python\Python312\Lib\site-packages\sqlalchemy\pool\impl.py:175: in _do_get
    return self._create_connection()
           ^^^^^^^^^^^^^^^^^^^^^^^^^
C:\Users\balaj\AppData\Local\Programs\Python\Python312\Lib\site-packages\sqlalchemy\pool\base.py:389: in _create_connection
    return _ConnectionRecord(self)
           ^^^^^^^^^^^^^^^^^^^^^^^
C:\Users\balaj\AppData\Local\Programs\Python\Python312\Lib\site-packages\sqlalchemy\pool\base.py:674: in __init__
    self.__connect()
C:\Users\balaj\AppData\Local\Programs\Python\Python312\Lib\site-packages\sqlalchemy\pool\base.py:900: in __connect
    with util.safe_reraise():
C:\Users\balaj\AppData\Local\Programs\Python\Python312\Lib\site-packages\sqlalchemy\util\langhelpers.py:121: in __exit__
    raise exc_value.with_traceback(exc_tb)
C:\Users\balaj\AppData\Local\Programs\Python\Python312\Lib\site-packages\sqlalchemy\pool\base.py:896: in __connect
    self.dbapi_connection = connection = pool._invoke_creator(self)
                                         ^^^^^^^^^^^^^^^^^^^^^^^^^^
C:\Users\balaj\AppData\Local\Programs\Python\Python312\Lib\site-packages\sqlalchemy\engine\create.py:667: in connect
    return dialect.connect(*cargs_tup, **cparams)
           ^^^^^^^^^^^^^^^^^^^^^^^^^^^^^^^^^^^^^^
C:\Users\balaj\AppData\Local\Programs\Python\Python312\Lib\site-packages\sqlalchemy\engine\default.py:630: in connect
    return self.loaded_dbapi.connect(*cargs, **cparams)  # type: ignore[no-any-return]  # NOQA: E501
           ^^^^^^^^^^^^^^^^^^^^^^^^^^^^^^^^^^^^^^^^^^^^
C:\Users\balaj\AppData\Local\Programs\Python\Python312\Lib\site-packages\psycopg\connection.py:100: in connect
    attempts = conninfo_attempts(params)
               ^^^^^^^^^^^^^^^^^^^^^^^^^
_ _ _ _ _ _ _ _ _ _ _ _ _ _ _ _ _ _ _ _ _ _ _ _ _ _ _ _ _ _ _ _ _ _ _ _ _ _ _ _

params = {'host': 'example'}

    def conninfo_attempts(params: ConnMapping) -&gt; list[ConnDict]:
        """Split a set of connection params on the single attempts to perform.
    
        A connection param can perform more than one attempt more than one ``host``
        is provided.
    
        Also perform async resolution of the hostname into hostaddr. Because a host
        can resolve to more than one address, this can lead to yield more attempts
        too. Raise `OperationalError` if no host could be resolved.
    
        Because the libpq async function doesn't honour the timeout, we need to
        reimplement the repeated attempts.
        """
        last_exc = None
        attempts = []
        if prefer_standby := (
            get_param(params, "target_session_attrs") == "prefer-standby"
        ):
            params = {k: v for k, v in params.items() if k != "target_session_attrs"}
    
        for attempt in split_attempts(params):
            try:
                attempts.extend(_resolve_hostnames(attempt))
            except OSError as ex:
                last_exc = e.OperationalError(
                    f"failed to resolve host {attempt.get('host')!r}: {ex}"
                )
                logger.debug("%s", last_exc)
    
        if not attempts:
            assert last_exc
            # We couldn't resolve anything
&gt;           raise last_exc
E           sqlalchemy.exc.OperationalError: (psycopg.OperationalError) failed to resolve host 'example': [Errno 11001] getaddrinfo failed
E           (Background on this error at: https://sqlalche.me/e/20/e3q8)

C:\Users\balaj\AppData\Local\Programs\Python\Python312\Lib\site-packages\psycopg\_conninfo_attempts.py:55: OperationalError</error></testcase><testcase classname="tests.test_endpoints" name="test_health" time="2.272"><error message="failed on setup with &quot;sqlalchemy.exc.OperationalError: (psycopg.OperationalError) failed to resolve host 'example': [Errno 11001] getaddrinfo failed&#10;(Background on this error at: https://sqlalche.me/e/20/e3q8)&quot;">self = &lt;sqlalchemy.engine.base.Connection object at 0x00000294351D10D0&gt;
engine = Engine(postgresql+psycopg://example), connection = None
_has_events = None, _allow_revalidate = True, _allow_autobegin = True

    def __init__(
        self,
        engine: Engine,
        connection: Optional[PoolProxiedConnection] = None,
        _has_events: Optional[bool] = None,
        _allow_revalidate: bool = True,
        _allow_autobegin: bool = True,
    ):
        """Construct a new Connection."""
        self.engine = engine
        self.dialect = dialect = engine.dialect
    
        if connection is None:
            try:
&gt;               self._dbapi_connection = engine.raw_connection()
                                         ^^^^^^^^^^^^^^^^^^^^^^^

C:\Users\balaj\AppData\Local\Programs\Python\Python312\Lib\site-packages\sqlalchemy\engine\base.py:143: 
_ _ _ _ _ _ _ _ _ _ _ _ _ _ _ _ _ _ _ _ _ _ _ _ _ _ _ _ _ _ _ _ _ _ _ _ _ _ _ _
C:\Users\balaj\AppData\Local\Programs\Python\Python312\Lib\site-packages\sqlalchemy\engine\base.py:3317: in raw_connection
    return self.pool.connect()
           ^^^^^^^^^^^^^^^^^^^
C:\Users\balaj\AppData\Local\Programs\Python\Python312\Lib\site-packages\sqlalchemy\pool\base.py:448: in connect
    return _ConnectionFairy._checkout(self)
           ^^^^^^^^^^^^^^^^^^^^^^^^^^^^^^^^
C:\Users\balaj\AppData\Local\Programs\Python\Python312\Lib\site-packages\sqlalchemy\pool\base.py:1272: in _checkout
    fairy = _ConnectionRecord.checkout(pool)
            ^^^^^^^^^^^^^^^^^^^^^^^^^^^^^^^^
C:\Users\balaj\AppData\Local\Programs\Python\Python312\Lib\site-packages\sqlalchemy\pool\base.py:712: in checkout
    rec = pool._do_get()
          ^^^^^^^^^^^^^^
C:\Users\balaj\AppData\Local\Programs\Python\Python312\Lib\site-packages\sqlalchemy\pool\impl.py:177: in _do_get
    with util.safe_reraise():
C:\Users\balaj\AppData\Local\Programs\Python\Python312\Lib\site-packages\sqlalchemy\util\langhelpers.py:121: in __exit__
    raise exc_value.with_traceback(exc_tb)
C:\Users\balaj\AppData\Local\Programs\Python\Python312\Lib\site-packages\sqlalchemy\pool\impl.py:175: in _do_get
    return self._create_connection()
           ^^^^^^^^^^^^^^^^^^^^^^^^^
C:\Users\balaj\AppData\Local\Programs\Python\Python312\Lib\site-packages\sqlalchemy\pool\base.py:389: in _create_connection
    return _ConnectionRecord(self)
           ^^^^^^^^^^^^^^^^^^^^^^^
C:\Users\balaj\AppData\Local\Programs\Python\Python312\Lib\site-packages\sqlalchemy\pool\base.py:674: in __init__
    self.__connect()
C:\Users\balaj\AppData\Local\Programs\Python\Python312\Lib\site-packages\sqlalchemy\pool\base.py:900: in __connect
    with util.safe_reraise():
C:\Users\balaj\AppData\Local\Programs\Python\Python312\Lib\site-packages\sqlalchemy\util\langhelpers.py:121: in __exit__
    raise exc_value.with_traceback(exc_tb)
C:\Users\balaj\AppData\Local\Programs\Python\Python312\Lib\site-packages\sqlalchemy\pool\base.py:896: in __connect
    self.dbapi_connection = connection = pool._invoke_creator(self)
                                         ^^^^^^^^^^^^^^^^^^^^^^^^^^
C:\Users\balaj\AppData\Local\Programs\Python\Python312\Lib\site-packages\sqlalchemy\engine\create.py:667: in connect
    return dialect.connect(*cargs_tup, **cparams)
           ^^^^^^^^^^^^^^^^^^^^^^^^^^^^^^^^^^^^^^
C:\Users\balaj\AppData\Local\Programs\Python\Python312\Lib\site-packages\sqlalchemy\engine\default.py:630: in connect
    return self.loaded_dbapi.connect(*cargs, **cparams)  # type: ignore[no-any-return]  # NOQA: E501
           ^^^^^^^^^^^^^^^^^^^^^^^^^^^^^^^^^^^^^^^^^^^^
C:\Users\balaj\AppData\Local\Programs\Python\Python312\Lib\site-packages\psycopg\connection.py:100: in connect
    attempts = conninfo_attempts(params)
               ^^^^^^^^^^^^^^^^^^^^^^^^^
_ _ _ _ _ _ _ _ _ _ _ _ _ _ _ _ _ _ _ _ _ _ _ _ _ _ _ _ _ _ _ _ _ _ _ _ _ _ _ _

params = {'host': 'example'}

    def conninfo_attempts(params: ConnMapping) -&gt; list[ConnDict]:
        """Split a set of connection params on the single attempts to perform.
    
        A connection param can perform more than one attempt more than one ``host``
        is provided.
    
        Also perform async resolution of the hostname into hostaddr. Because a host
        can resolve to more than one address, this can lead to yield more attempts
        too. Raise `OperationalError` if no host could be resolved.
    
        Because the libpq async function doesn't honour the timeout, we need to
        reimplement the repeated attempts.
        """
        last_exc = None
        attempts = []
        if prefer_standby := (
            get_param(params, "target_session_attrs") == "prefer-standby"
        ):
            params = {k: v for k, v in params.items() if k != "target_session_attrs"}
    
        for attempt in split_attempts(params):
            try:
                attempts.extend(_resolve_hostnames(attempt))
            except OSError as ex:
                last_exc = e.OperationalError(
                    f"failed to resolve host {attempt.get('host')!r}: {ex}"
                )
                logger.debug("%s", last_exc)
    
        if not attempts:
            assert last_exc
            # We couldn't resolve anything
&gt;           raise last_exc
E           psycopg.OperationalError: failed to resolve host 'example': [Errno 11001] getaddrinfo failed

C:\Users\balaj\AppData\Local\Programs\Python\Python312\Lib\site-packages\psycopg\_conninfo_attempts.py:55: OperationalError

The above exception was the direct cause of the following exception:

fixturedef = &lt;FixtureDef argname='db' scope='function' baseid='tests'&gt;
request = &lt;SubRequest 'db' for &lt;Function test_health&gt;&gt;

    @pytest.hookimpl(wrapper=True)
    def pytest_fixture_setup(fixturedef: FixtureDef, request) -&gt; object | None:
        asyncio_mode = _get_asyncio_mode(request.config)
        if not _is_asyncio_fixture_function(fixturedef.func):
            if asyncio_mode == Mode.STRICT:
                # Ignore async fixtures without explicit asyncio mark in strict mode
                # This applies to pytest_trio fixtures, for example
&gt;               return (yield)
                        ^^^^^

C:\Users\balaj\AppData\Local\Programs\Python\Python312\Lib\site-packages\pytest_asyncio\plugin.py:728: 
_ _ _ _ _ _ _ _ _ _ _ _ _ _ _ _ _ _ _ _ _ _ _ _ _ _ _ _ _ _ _ _ _ _ _ _ _ _ _ _
tests\conftest.py:39: in db
    connection = engine.connect()
                 ^^^^^^^^^^^^^^^^
C:\Users\balaj\AppData\Local\Programs\Python\Python312\Lib\site-packages\sqlalchemy\engine\base.py:3293: in connect
    return self._connection_cls(self)
           ^^^^^^^^^^^^^^^^^^^^^^^^^^
C:\Users\balaj\AppData\Local\Programs\Python\Python312\Lib\site-packages\sqlalchemy\engine\base.py:145: in __init__
    Connection._handle_dbapi_exception_noconnection(
C:\Users\balaj\AppData\Local\Programs\Python\Python312\Lib\site-packages\sqlalchemy\engine\base.py:2448: in _handle_dbapi_exception_noconnection
    raise sqlalchemy_exception.with_traceback(exc_info[2]) from e
C:\Users\balaj\AppData\Local\Programs\Python\Python312\Lib\site-packages\sqlalchemy\engine\base.py:143: in __init__
    self._dbapi_connection = engine.raw_connection()
                             ^^^^^^^^^^^^^^^^^^^^^^^
C:\Users\balaj\AppData\Local\Programs\Python\Python312\Lib\site-packages\sqlalchemy\engine\base.py:3317: in raw_connection
    return self.pool.connect()
           ^^^^^^^^^^^^^^^^^^^
C:\Users\balaj\AppData\Local\Programs\Python\Python312\Lib\site-packages\sqlalchemy\pool\base.py:448: in connect
    return _ConnectionFairy._checkout(self)
           ^^^^^^^^^^^^^^^^^^^^^^^^^^^^^^^^
C:\Users\balaj\AppData\Local\Programs\Python\Python312\Lib\site-packages\sqlalchemy\pool\base.py:1272: in _checkout
    fairy = _ConnectionRecord.checkout(pool)
            ^^^^^^^^^^^^^^^^^^^^^^^^^^^^^^^^
C:\Users\balaj\AppData\Local\Programs\Python\Python312\Lib\site-packages\sqlalchemy\pool\base.py:712: in checkout
    rec = pool._do_get()
          ^^^^^^^^^^^^^^
C:\Users\balaj\AppData\Local\Programs\Python\Python312\Lib\site-packages\sqlalchemy\pool\impl.py:177: in _do_get
    with util.safe_reraise():
C:\Users\balaj\AppData\Local\Programs\Python\Python312\Lib\site-packages\sqlalchemy\util\langhelpers.py:121: in __exit__
    raise exc_value.with_traceback(exc_tb)
C:\Users\balaj\AppData\Local\Programs\Python\Python312\Lib\site-packages\sqlalchemy\pool\impl.py:175: in _do_get
    return self._create_connection()
           ^^^^^^^^^^^^^^^^^^^^^^^^^
C:\Users\balaj\AppData\Local\Programs\Python\Python312\Lib\site-packages\sqlalchemy\pool\base.py:389: in _create_connection
    return _ConnectionRecord(self)
           ^^^^^^^^^^^^^^^^^^^^^^^
C:\Users\balaj\AppData\Local\Programs\Python\Python312\Lib\site-packages\sqlalchemy\pool\base.py:674: in __init__
    self.__connect()
C:\Users\balaj\AppData\Local\Programs\Python\Python312\Lib\site-packages\sqlalchemy\pool\base.py:900: in __connect
    with util.safe_reraise():
C:\Users\balaj\AppData\Local\Programs\Python\Python312\Lib\site-packages\sqlalchemy\util\langhelpers.py:121: in __exit__
    raise exc_value.with_traceback(exc_tb)
C:\Users\balaj\AppData\Local\Programs\Python\Python312\Lib\site-packages\sqlalchemy\pool\base.py:896: in __connect
    self.dbapi_connection = connection = pool._invoke_creator(self)
                                         ^^^^^^^^^^^^^^^^^^^^^^^^^^
C:\Users\balaj\AppData\Local\Programs\Python\Python312\Lib\site-packages\sqlalchemy\engine\create.py:667: in connect
    return dialect.connect(*cargs_tup, **cparams)
           ^^^^^^^^^^^^^^^^^^^^^^^^^^^^^^^^^^^^^^
C:\Users\balaj\AppData\Local\Programs\Python\Python312\Lib\site-packages\sqlalchemy\engine\default.py:630: in connect
    return self.loaded_dbapi.connect(*cargs, **cparams)  # type: ignore[no-any-return]  # NOQA: E501
           ^^^^^^^^^^^^^^^^^^^^^^^^^^^^^^^^^^^^^^^^^^^^
C:\Users\balaj\AppData\Local\Programs\Python\Python312\Lib\site-packages\psycopg\connection.py:100: in connect
    attempts = conninfo_attempts(params)
               ^^^^^^^^^^^^^^^^^^^^^^^^^
_ _ _ _ _ _ _ _ _ _ _ _ _ _ _ _ _ _ _ _ _ _ _ _ _ _ _ _ _ _ _ _ _ _ _ _ _ _ _ _

params = {'host': 'example'}

    def conninfo_attempts(params: ConnMapping) -&gt; list[ConnDict]:
        """Split a set of connection params on the single attempts to perform.
    
        A connection param can perform more than one attempt more than one ``host``
        is provided.
    
        Also perform async resolution of the hostname into hostaddr. Because a host
        can resolve to more than one address, this can lead to yield more attempts
        too. Raise `OperationalError` if no host could be resolved.
    
        Because the libpq async function doesn't honour the timeout, we need to
        reimplement the repeated attempts.
        """
        last_exc = None
        attempts = []
        if prefer_standby := (
            get_param(params, "target_session_attrs") == "prefer-standby"
        ):
            params = {k: v for k, v in params.items() if k != "target_session_attrs"}
    
        for attempt in split_attempts(params):
            try:
                attempts.extend(_resolve_hostnames(attempt))
            except OSError as ex:
                last_exc = e.OperationalError(
                    f"failed to resolve host {attempt.get('host')!r}: {ex}"
                )
                logger.debug("%s", last_exc)
    
        if not attempts:
            assert last_exc
            # We couldn't resolve anything
&gt;           raise last_exc
E           sqlalchemy.exc.OperationalError: (psycopg.OperationalError) failed to resolve host 'example': [Errno 11001] getaddrinfo failed
E           (Background on this error at: https://sqlalche.me/e/20/e3q8)

C:\Users\balaj\AppData\Local\Programs\Python\Python312\Lib\site-packages\psycopg\_conninfo_attempts.py:55: OperationalError</error></testcase><testcase classname="tests.test_endpoints" name="test_auth_register" time="2.270"><error message="failed on setup with &quot;sqlalchemy.exc.OperationalError: (psycopg.OperationalError) failed to resolve host 'example': [Errno 11001] getaddrinfo failed&#10;(Background on this error at: https://sqlalche.me/e/20/e3q8)&quot;">self = &lt;sqlalchemy.engine.base.Connection object at 0x00000294351FA330&gt;
engine = Engine(postgresql+psycopg://example), connection = None
_has_events = None, _allow_revalidate = True, _allow_autobegin = True

    def __init__(
        self,
        engine: Engine,
        connection: Optional[PoolProxiedConnection] = None,
        _has_events: Optional[bool] = None,
        _allow_revalidate: bool = True,
        _allow_autobegin: bool = True,
    ):
        """Construct a new Connection."""
        self.engine = engine
        self.dialect = dialect = engine.dialect
    
        if connection is None:
            try:
&gt;               self._dbapi_connection = engine.raw_connection()
                                         ^^^^^^^^^^^^^^^^^^^^^^^

C:\Users\balaj\AppData\Local\Programs\Python\Python312\Lib\site-packages\sqlalchemy\engine\base.py:143: 
_ _ _ _ _ _ _ _ _ _ _ _ _ _ _ _ _ _ _ _ _ _ _ _ _ _ _ _ _ _ _ _ _ _ _ _ _ _ _ _
C:\Users\balaj\AppData\Local\Programs\Python\Python312\Lib\site-packages\sqlalchemy\engine\base.py:3317: in raw_connection
    return self.pool.connect()
           ^^^^^^^^^^^^^^^^^^^
C:\Users\balaj\AppData\Local\Programs\Python\Python312\Lib\site-packages\sqlalchemy\pool\base.py:448: in connect
    return _ConnectionFairy._checkout(self)
           ^^^^^^^^^^^^^^^^^^^^^^^^^^^^^^^^
C:\Users\balaj\AppData\Local\Programs\Python\Python312\Lib\site-packages\sqlalchemy\pool\base.py:1272: in _checkout
    fairy = _ConnectionRecord.checkout(pool)
            ^^^^^^^^^^^^^^^^^^^^^^^^^^^^^^^^
C:\Users\balaj\AppData\Local\Programs\Python\Python312\Lib\site-packages\sqlalchemy\pool\base.py:712: in checkout
    rec = pool._do_get()
          ^^^^^^^^^^^^^^
C:\Users\balaj\AppData\Local\Programs\Python\Python312\Lib\site-packages\sqlalchemy\pool\impl.py:177: in _do_get
    with util.safe_reraise():
C:\Users\balaj\AppData\Local\Programs\Python\Python312\Lib\site-packages\sqlalchemy\util\langhelpers.py:121: in __exit__
    raise exc_value.with_traceback(exc_tb)
C:\Users\balaj\AppData\Local\Programs\Python\Python312\Lib\site-packages\sqlalchemy\pool\impl.py:175: in _do_get
    return self._create_connection()
           ^^^^^^^^^^^^^^^^^^^^^^^^^
C:\Users\balaj\AppData\Local\Programs\Python\Python312\Lib\site-packages\sqlalchemy\pool\base.py:389: in _create_connection
    return _ConnectionRecord(self)
           ^^^^^^^^^^^^^^^^^^^^^^^
C:\Users\balaj\AppData\Local\Programs\Python\Python312\Lib\site-packages\sqlalchemy\pool\base.py:674: in __init__
    self.__connect()
C:\Users\balaj\AppData\Local\Programs\Python\Python312\Lib\site-packages\sqlalchemy\pool\base.py:900: in __connect
    with util.safe_reraise():
C:\Users\balaj\AppData\Local\Programs\Python\Python312\Lib\site-packages\sqlalchemy\util\langhelpers.py:121: in __exit__
    raise exc_value.with_traceback(exc_tb)
C:\Users\balaj\AppData\Local\Programs\Python\Python312\Lib\site-packages\sqlalchemy\pool\base.py:896: in __connect
    self.dbapi_connection = connection = pool._invoke_creator(self)
                                         ^^^^^^^^^^^^^^^^^^^^^^^^^^
C:\Users\balaj\AppData\Local\Programs\Python\Python312\Lib\site-packages\sqlalchemy\engine\create.py:667: in connect
    return dialect.connect(*cargs_tup, **cparams)
           ^^^^^^^^^^^^^^^^^^^^^^^^^^^^^^^^^^^^^^
C:\Users\balaj\AppData\Local\Programs\Python\Python312\Lib\site-packages\sqlalchemy\engine\default.py:630: in connect
    return self.loaded_dbapi.connect(*cargs, **cparams)  # type: ignore[no-any-return]  # NOQA: E501
           ^^^^^^^^^^^^^^^^^^^^^^^^^^^^^^^^^^^^^^^^^^^^
C:\Users\balaj\AppData\Local\Programs\Python\Python312\Lib\site-packages\psycopg\connection.py:100: in connect
    attempts = conninfo_attempts(params)
               ^^^^^^^^^^^^^^^^^^^^^^^^^
_ _ _ _ _ _ _ _ _ _ _ _ _ _ _ _ _ _ _ _ _ _ _ _ _ _ _ _ _ _ _ _ _ _ _ _ _ _ _ _

params = {'host': 'example'}

    def conninfo_attempts(params: ConnMapping) -&gt; list[ConnDict]:
        """Split a set of connection params on the single attempts to perform.
    
        A connection param can perform more than one attempt more than one ``host``
        is provided.
    
        Also perform async resolution of the hostname into hostaddr. Because a host
        can resolve to more than one address, this can lead to yield more attempts
        too. Raise `OperationalError` if no host could be resolved.
    
        Because the libpq async function doesn't honour the timeout, we need to
        reimplement the repeated attempts.
        """
        last_exc = None
        attempts = []
        if prefer_standby := (
            get_param(params, "target_session_attrs") == "prefer-standby"
        ):
            params = {k: v for k, v in params.items() if k != "target_session_attrs"}
    
        for attempt in split_attempts(params):
            try:
                attempts.extend(_resolve_hostnames(attempt))
            except OSError as ex:
                last_exc = e.OperationalError(
                    f"failed to resolve host {attempt.get('host')!r}: {ex}"
                )
                logger.debug("%s", last_exc)
    
        if not attempts:
            assert last_exc
            # We couldn't resolve anything
&gt;           raise last_exc
E           psycopg.OperationalError: failed to resolve host 'example': [Errno 11001] getaddrinfo failed

C:\Users\balaj\AppData\Local\Programs\Python\Python312\Lib\site-packages\psycopg\_conninfo_attempts.py:55: OperationalError

The above exception was the direct cause of the following exception:

fixturedef = &lt;FixtureDef argname='db' scope='function' baseid='tests'&gt;
request = &lt;SubRequest 'db' for &lt;Function test_auth_register&gt;&gt;

    @pytest.hookimpl(wrapper=True)
    def pytest_fixture_setup(fixturedef: FixtureDef, request) -&gt; object | None:
        asyncio_mode = _get_asyncio_mode(request.config)
        if not _is_asyncio_fixture_function(fixturedef.func):
            if asyncio_mode == Mode.STRICT:
                # Ignore async fixtures without explicit asyncio mark in strict mode
                # This applies to pytest_trio fixtures, for example
&gt;               return (yield)
                        ^^^^^

C:\Users\balaj\AppData\Local\Programs\Python\Python312\Lib\site-packages\pytest_asyncio\plugin.py:728: 
_ _ _ _ _ _ _ _ _ _ _ _ _ _ _ _ _ _ _ _ _ _ _ _ _ _ _ _ _ _ _ _ _ _ _ _ _ _ _ _
tests\conftest.py:39: in db
    connection = engine.connect()
                 ^^^^^^^^^^^^^^^^
C:\Users\balaj\AppData\Local\Programs\Python\Python312\Lib\site-packages\sqlalchemy\engine\base.py:3293: in connect
    return self._connection_cls(self)
           ^^^^^^^^^^^^^^^^^^^^^^^^^^
C:\Users\balaj\AppData\Local\Programs\Python\Python312\Lib\site-packages\sqlalchemy\engine\base.py:145: in __init__
    Connection._handle_dbapi_exception_noconnection(
C:\Users\balaj\AppData\Local\Programs\Python\Python312\Lib\site-packages\sqlalchemy\engine\base.py:2448: in _handle_dbapi_exception_noconnection
    raise sqlalchemy_exception.with_traceback(exc_info[2]) from e
C:\Users\balaj\AppData\Local\Programs\Python\Python312\Lib\site-packages\sqlalchemy\engine\base.py:143: in __init__
    self._dbapi_connection = engine.raw_connection()
                             ^^^^^^^^^^^^^^^^^^^^^^^
C:\Users\balaj\AppData\Local\Programs\Python\Python312\Lib\site-packages\sqlalchemy\engine\base.py:3317: in raw_connection
    return self.pool.connect()
           ^^^^^^^^^^^^^^^^^^^
C:\Users\balaj\AppData\Local\Programs\Python\Python312\Lib\site-packages\sqlalchemy\pool\base.py:448: in connect
    return _ConnectionFairy._checkout(self)
           ^^^^^^^^^^^^^^^^^^^^^^^^^^^^^^^^
C:\Users\balaj\AppData\Local\Programs\Python\Python312\Lib\site-packages\sqlalchemy\pool\base.py:1272: in _checkout
    fairy = _ConnectionRecord.checkout(pool)
            ^^^^^^^^^^^^^^^^^^^^^^^^^^^^^^^^
C:\Users\balaj\AppData\Local\Programs\Python\Python312\Lib\site-packages\sqlalchemy\pool\base.py:712: in checkout
    rec = pool._do_get()
          ^^^^^^^^^^^^^^
C:\Users\balaj\AppData\Local\Programs\Python\Python312\Lib\site-packages\sqlalchemy\pool\impl.py:177: in _do_get
    with util.safe_reraise():
C:\Users\balaj\AppData\Local\Programs\Python\Python312\Lib\site-packages\sqlalchemy\util\langhelpers.py:121: in __exit__
    raise exc_value.with_traceback(exc_tb)
C:\Users\balaj\AppData\Local\Programs\Python\Python312\Lib\site-packages\sqlalchemy\pool\impl.py:175: in _do_get
    return self._create_connection()
           ^^^^^^^^^^^^^^^^^^^^^^^^^
C:\Users\balaj\AppData\Local\Programs\Python\Python312\Lib\site-packages\sqlalchemy\pool\base.py:389: in _create_connection
    return _ConnectionRecord(self)
           ^^^^^^^^^^^^^^^^^^^^^^^
C:\Users\balaj\AppData\Local\Programs\Python\Python312\Lib\site-packages\sqlalchemy\pool\base.py:674: in __init__
    self.__connect()
C:\Users\balaj\AppData\Local\Programs\Python\Python312\Lib\site-packages\sqlalchemy\pool\base.py:900: in __connect
    with util.safe_reraise():
C:\Users\balaj\AppData\Local\Programs\Python\Python312\Lib\site-packages\sqlalchemy\util\langhelpers.py:121: in __exit__
    raise exc_value.with_traceback(exc_tb)
C:\Users\balaj\AppData\Local\Programs\Python\Python312\Lib\site-packages\sqlalchemy\pool\base.py:896: in __connect
    self.dbapi_connection = connection = pool._invoke_creator(self)
                                         ^^^^^^^^^^^^^^^^^^^^^^^^^^
C:\Users\balaj\AppData\Local\Programs\Python\Python312\Lib\site-packages\sqlalchemy\engine\create.py:667: in connect
    return dialect.connect(*cargs_tup, **cparams)
           ^^^^^^^^^^^^^^^^^^^^^^^^^^^^^^^^^^^^^^
C:\Users\balaj\AppData\Local\Programs\Python\Python312\Lib\site-packages\sqlalchemy\engine\default.py:630: in connect
    return self.loaded_dbapi.connect(*cargs, **cparams)  # type: ignore[no-any-return]  # NOQA: E501
           ^^^^^^^^^^^^^^^^^^^^^^^^^^^^^^^^^^^^^^^^^^^^
C:\Users\balaj\AppData\Local\Programs\Python\Python312\Lib\site-packages\psycopg\connection.py:100: in connect
    attempts = conninfo_attempts(params)
               ^^^^^^^^^^^^^^^^^^^^^^^^^
_ _ _ _ _ _ _ _ _ _ _ _ _ _ _ _ _ _ _ _ _ _ _ _ _ _ _ _ _ _ _ _ _ _ _ _ _ _ _ _

params = {'host': 'example'}

    def conninfo_attempts(params: ConnMapping) -&gt; list[ConnDict]:
        """Split a set of connection params on the single attempts to perform.
    
        A connection param can perform more than one attempt more than one ``host``
        is provided.
    
        Also perform async resolution of the hostname into hostaddr. Because a host
        can resolve to more than one address, this can lead to yield more attempts
        too. Raise `OperationalError` if no host could be resolved.
    
        Because the libpq async function doesn't honour the timeout, we need to
        reimplement the repeated attempts.
        """
        last_exc = None
        attempts = []
        if prefer_standby := (
            get_param(params, "target_session_attrs") == "prefer-standby"
        ):
            params = {k: v for k, v in params.items() if k != "target_session_attrs"}
    
        for attempt in split_attempts(params):
            try:
                attempts.extend(_resolve_hostnames(attempt))
            except OSError as ex:
                last_exc = e.OperationalError(
                    f"failed to resolve host {attempt.get('host')!r}: {ex}"
                )
                logger.debug("%s", last_exc)
    
        if not attempts:
            assert last_exc
            # We couldn't resolve anything
&gt;           raise last_exc
E           sqlalchemy.exc.OperationalError: (psycopg.OperationalError) failed to resolve host 'example': [Errno 11001] getaddrinfo failed
E           (Background on this error at: https://sqlalche.me/e/20/e3q8)

C:\Users\balaj\AppData\Local\Programs\Python\Python312\Lib\site-packages\psycopg\_conninfo_attempts.py:55: OperationalError</error></testcase><testcase classname="tests.test_endpoints" name="test_auth_login" time="2.270"><error message="failed on setup with &quot;sqlalchemy.exc.OperationalError: (psycopg.OperationalError) failed to resolve host 'example': [Errno 11001] getaddrinfo failed&#10;(Background on this error at: https://sqlalche.me/e/20/e3q8)&quot;">self = &lt;sqlalchemy.engine.base.Connection object at 0x00000294351F9C40&gt;
engine = Engine(postgresql+psycopg://example), connection = None
_has_events = None, _allow_revalidate = True, _allow_autobegin = True

    def __init__(
        self,
        engine: Engine,
        connection: Optional[PoolProxiedConnection] = None,
        _has_events: Optional[bool] = None,
        _allow_revalidate: bool = True,
        _allow_autobegin: bool = True,
    ):
        """Construct a new Connection."""
        self.engine = engine
        self.dialect = dialect = engine.dialect
    
        if connection is None:
            try:
&gt;               self._dbapi_connection = engine.raw_connection()
                                         ^^^^^^^^^^^^^^^^^^^^^^^

C:\Users\balaj\AppData\Local\Programs\Python\Python312\Lib\site-packages\sqlalchemy\engine\base.py:143: 
_ _ _ _ _ _ _ _ _ _ _ _ _ _ _ _ _ _ _ _ _ _ _ _ _ _ _ _ _ _ _ _ _ _ _ _ _ _ _ _
C:\Users\balaj\AppData\Local\Programs\Python\Python312\Lib\site-packages\sqlalchemy\engine\base.py:3317: in raw_connection
    return self.pool.connect()
           ^^^^^^^^^^^^^^^^^^^
C:\Users\balaj\AppData\Local\Programs\Python\Python312\Lib\site-packages\sqlalchemy\pool\base.py:448: in connect
    return _ConnectionFairy._checkout(self)
           ^^^^^^^^^^^^^^^^^^^^^^^^^^^^^^^^
C:\Users\balaj\AppData\Local\Programs\Python\Python312\Lib\site-packages\sqlalchemy\pool\base.py:1272: in _checkout
    fairy = _ConnectionRecord.checkout(pool)
            ^^^^^^^^^^^^^^^^^^^^^^^^^^^^^^^^
C:\Users\balaj\AppData\Local\Programs\Python\Python312\Lib\site-packages\sqlalchemy\pool\base.py:712: in checkout
    rec = pool._do_get()
          ^^^^^^^^^^^^^^
C:\Users\balaj\AppData\Local\Programs\Python\Python312\Lib\site-packages\sqlalchemy\pool\impl.py:177: in _do_get
    with util.safe_reraise():
C:\Users\balaj\AppData\Local\Programs\Python\Python312\Lib\site-packages\sqlalchemy\util\langhelpers.py:121: in __exit__
    raise exc_value.with_traceback(exc_tb)
C:\Users\balaj\AppData\Local\Programs\Python\Python312\Lib\site-packages\sqlalchemy\pool\impl.py:175: in _do_get
    return self._create_connection()
           ^^^^^^^^^^^^^^^^^^^^^^^^^
C:\Users\balaj\AppData\Local\Programs\Python\Python312\Lib\site-packages\sqlalchemy\pool\base.py:389: in _create_connection
    return _ConnectionRecord(self)
           ^^^^^^^^^^^^^^^^^^^^^^^
C:\Users\balaj\AppData\Local\Programs\Python\Python312\Lib\site-packages\sqlalchemy\pool\base.py:674: in __init__
    self.__connect()
C:\Users\balaj\AppData\Local\Programs\Python\Python312\Lib\site-packages\sqlalchemy\pool\base.py:900: in __connect
    with util.safe_reraise():
C:\Users\balaj\AppData\Local\Programs\Python\Python312\Lib\site-packages\sqlalchemy\util\langhelpers.py:121: in __exit__
    raise exc_value.with_traceback(exc_tb)
C:\Users\balaj\AppData\Local\Programs\Python\Python312\Lib\site-packages\sqlalchemy\pool\base.py:896: in __connect
    self.dbapi_connection = connection = pool._invoke_creator(self)
                                         ^^^^^^^^^^^^^^^^^^^^^^^^^^
C:\Users\balaj\AppData\Local\Programs\Python\Python312\Lib\site-packages\sqlalchemy\engine\create.py:667: in connect
    return dialect.connect(*cargs_tup, **cparams)
           ^^^^^^^^^^^^^^^^^^^^^^^^^^^^^^^^^^^^^^
C:\Users\balaj\AppData\Local\Programs\Python\Python312\Lib\site-packages\sqlalchemy\engine\default.py:630: in connect
    return self.loaded_dbapi.connect(*cargs, **cparams)  # type: ignore[no-any-return]  # NOQA: E501
           ^^^^^^^^^^^^^^^^^^^^^^^^^^^^^^^^^^^^^^^^^^^^
C:\Users\balaj\AppData\Local\Programs\Python\Python312\Lib\site-packages\psycopg\connection.py:100: in connect
    attempts = conninfo_attempts(params)
               ^^^^^^^^^^^^^^^^^^^^^^^^^
_ _ _ _ _ _ _ _ _ _ _ _ _ _ _ _ _ _ _ _ _ _ _ _ _ _ _ _ _ _ _ _ _ _ _ _ _ _ _ _

params = {'host': 'example'}

    def conninfo_attempts(params: ConnMapping) -&gt; list[ConnDict]:
        """Split a set of connection params on the single attempts to perform.
    
        A connection param can perform more than one attempt more than one ``host``
        is provided.
    
        Also perform async resolution of the hostname into hostaddr. Because a host
        can resolve to more than one address, this can lead to yield more attempts
        too. Raise `OperationalError` if no host could be resolved.
    
        Because the libpq async function doesn't honour the timeout, we need to
        reimplement the repeated attempts.
        """
        last_exc = None
        attempts = []
        if prefer_standby := (
            get_param(params, "target_session_attrs") == "prefer-standby"
        ):
            params = {k: v for k, v in params.items() if k != "target_session_attrs"}
    
        for attempt in split_attempts(params):
            try:
                attempts.extend(_resolve_hostnames(attempt))
            except OSError as ex:
                last_exc = e.OperationalError(
                    f"failed to resolve host {attempt.get('host')!r}: {ex}"
                )
                logger.debug("%s", last_exc)
    
        if not attempts:
            assert last_exc
            # We couldn't resolve anything
&gt;           raise last_exc
E           psycopg.OperationalError: failed to resolve host 'example': [Errno 11001] getaddrinfo failed

C:\Users\balaj\AppData\Local\Programs\Python\Python312\Lib\site-packages\psycopg\_conninfo_attempts.py:55: OperationalError

The above exception was the direct cause of the following exception:

fixturedef = &lt;FixtureDef argname='db' scope='function' baseid='tests'&gt;
request = &lt;SubRequest 'db' for &lt;Function test_auth_login&gt;&gt;

    @pytest.hookimpl(wrapper=True)
    def pytest_fixture_setup(fixturedef: FixtureDef, request) -&gt; object | None:
        asyncio_mode = _get_asyncio_mode(request.config)
        if not _is_asyncio_fixture_function(fixturedef.func):
            if asyncio_mode == Mode.STRICT:
                # Ignore async fixtures without explicit asyncio mark in strict mode
                # This applies to pytest_trio fixtures, for example
&gt;               return (yield)
                        ^^^^^

C:\Users\balaj\AppData\Local\Programs\Python\Python312\Lib\site-packages\pytest_asyncio\plugin.py:728: 
_ _ _ _ _ _ _ _ _ _ _ _ _ _ _ _ _ _ _ _ _ _ _ _ _ _ _ _ _ _ _ _ _ _ _ _ _ _ _ _
tests\conftest.py:39: in db
    connection = engine.connect()
                 ^^^^^^^^^^^^^^^^
C:\Users\balaj\AppData\Local\Programs\Python\Python312\Lib\site-packages\sqlalchemy\engine\base.py:3293: in connect
    return self._connection_cls(self)
           ^^^^^^^^^^^^^^^^^^^^^^^^^^
C:\Users\balaj\AppData\Local\Programs\Python\Python312\Lib\site-packages\sqlalchemy\engine\base.py:145: in __init__
    Connection._handle_dbapi_exception_noconnection(
C:\Users\balaj\AppData\Local\Programs\Python\Python312\Lib\site-packages\sqlalchemy\engine\base.py:2448: in _handle_dbapi_exception_noconnection
    raise sqlalchemy_exception.with_traceback(exc_info[2]) from e
C:\Users\balaj\AppData\Local\Programs\Python\Python312\Lib\site-packages\sqlalchemy\engine\base.py:143: in __init__
    self._dbapi_connection = engine.raw_connection()
                             ^^^^^^^^^^^^^^^^^^^^^^^
C:\Users\balaj\AppData\Local\Programs\Python\Python312\Lib\site-packages\sqlalchemy\engine\base.py:3317: in raw_connection
    return self.pool.connect()
           ^^^^^^^^^^^^^^^^^^^
C:\Users\balaj\AppData\Local\Programs\Python\Python312\Lib\site-packages\sqlalchemy\pool\base.py:448: in connect
    return _ConnectionFairy._checkout(self)
           ^^^^^^^^^^^^^^^^^^^^^^^^^^^^^^^^
C:\Users\balaj\AppData\Local\Programs\Python\Python312\Lib\site-packages\sqlalchemy\pool\base.py:1272: in _checkout
    fairy = _ConnectionRecord.checkout(pool)
            ^^^^^^^^^^^^^^^^^^^^^^^^^^^^^^^^
C:\Users\balaj\AppData\Local\Programs\Python\Python312\Lib\site-packages\sqlalchemy\pool\base.py:712: in checkout
    rec = pool._do_get()
          ^^^^^^^^^^^^^^
C:\Users\balaj\AppData\Local\Programs\Python\Python312\Lib\site-packages\sqlalchemy\pool\impl.py:177: in _do_get
    with util.safe_reraise():
C:\Users\balaj\AppData\Local\Programs\Python\Python312\Lib\site-packages\sqlalchemy\util\langhelpers.py:121: in __exit__
    raise exc_value.with_traceback(exc_tb)
C:\Users\balaj\AppData\Local\Programs\Python\Python312\Lib\site-packages\sqlalchemy\pool\impl.py:175: in _do_get
    return self._create_connection()
           ^^^^^^^^^^^^^^^^^^^^^^^^^
C:\Users\balaj\AppData\Local\Programs\Python\Python312\Lib\site-packages\sqlalchemy\pool\base.py:389: in _create_connection
    return _ConnectionRecord(self)
           ^^^^^^^^^^^^^^^^^^^^^^^
C:\Users\balaj\AppData\Local\Programs\Python\Python312\Lib\site-packages\sqlalchemy\pool\base.py:674: in __init__
    self.__connect()
C:\Users\balaj\AppData\Local\Programs\Python\Python312\Lib\site-packages\sqlalchemy\pool\base.py:900: in __connect
    with util.safe_reraise():
C:\Users\balaj\AppData\Local\Programs\Python\Python312\Lib\site-packages\sqlalchemy\util\langhelpers.py:121: in __exit__
    raise exc_value.with_traceback(exc_tb)
C:\Users\balaj\AppData\Local\Programs\Python\Python312\Lib\site-packages\sqlalchemy\pool\base.py:896: in __connect
    self.dbapi_connection = connection = pool._invoke_creator(self)
                                         ^^^^^^^^^^^^^^^^^^^^^^^^^^
C:\Users\balaj\AppData\Local\Programs\Python\Python312\Lib\site-packages\sqlalchemy\engine\create.py:667: in connect
    return dialect.connect(*cargs_tup, **cparams)
           ^^^^^^^^^^^^^^^^^^^^^^^^^^^^^^^^^^^^^^
C:\Users\balaj\AppData\Local\Programs\Python\Python312\Lib\site-packages\sqlalchemy\engine\default.py:630: in connect
    return self.loaded_dbapi.connect(*cargs, **cparams)  # type: ignore[no-any-return]  # NOQA: E501
           ^^^^^^^^^^^^^^^^^^^^^^^^^^^^^^^^^^^^^^^^^^^^
C:\Users\balaj\AppData\Local\Programs\Python\Python312\Lib\site-packages\psycopg\connection.py:100: in connect
    attempts = conninfo_attempts(params)
               ^^^^^^^^^^^^^^^^^^^^^^^^^
_ _ _ _ _ _ _ _ _ _ _ _ _ _ _ _ _ _ _ _ _ _ _ _ _ _ _ _ _ _ _ _ _ _ _ _ _ _ _ _

params = {'host': 'example'}

    def conninfo_attempts(params: ConnMapping) -&gt; list[ConnDict]:
        """Split a set of connection params on the single attempts to perform.
    
        A connection param can perform more than one attempt more than one ``host``
        is provided.
    
        Also perform async resolution of the hostname into hostaddr. Because a host
        can resolve to more than one address, this can lead to yield more attempts
        too. Raise `OperationalError` if no host could be resolved.
    
        Because the libpq async function doesn't honour the timeout, we need to
        reimplement the repeated attempts.
        """
        last_exc = None
        attempts = []
        if prefer_standby := (
            get_param(params, "target_session_attrs") == "prefer-standby"
        ):
            params = {k: v for k, v in params.items() if k != "target_session_attrs"}
    
        for attempt in split_attempts(params):
            try:
                attempts.extend(_resolve_hostnames(attempt))
            except OSError as ex:
                last_exc = e.OperationalError(
                    f"failed to resolve host {attempt.get('host')!r}: {ex}"
                )
                logger.debug("%s", last_exc)
    
        if not attempts:
            assert last_exc
            # We couldn't resolve anything
&gt;           raise last_exc
E           sqlalchemy.exc.OperationalError: (psycopg.OperationalError) failed to resolve host 'example': [Errno 11001] getaddrinfo failed
E           (Background on this error at: https://sqlalche.me/e/20/e3q8)

C:\Users\balaj\AppData\Local\Programs\Python\Python312\Lib\site-packages\psycopg\_conninfo_attempts.py:55: OperationalError</error></testcase><testcase classname="tests.test_endpoints" name="test_auth_me" time="2.273"><error message="failed on setup with &quot;sqlalchemy.exc.OperationalError: (psycopg.OperationalError) failed to resolve host 'example': [Errno 11001] getaddrinfo failed&#10;(Background on this error at: https://sqlalche.me/e/20/e3q8)&quot;">self = &lt;sqlalchemy.engine.base.Connection object at 0x00000294351FFA40&gt;
engine = Engine(postgresql+psycopg://example), connection = None
_has_events = None, _allow_revalidate = True, _allow_autobegin = True

    def __init__(
        self,
        engine: Engine,
        connection: Optional[PoolProxiedConnection] = None,
        _has_events: Optional[bool] = None,
        _allow_revalidate: bool = True,
        _allow_autobegin: bool = True,
    ):
        """Construct a new Connection."""
        self.engine = engine
        self.dialect = dialect = engine.dialect
    
        if connection is None:
            try:
&gt;               self._dbapi_connection = engine.raw_connection()
                                         ^^^^^^^^^^^^^^^^^^^^^^^

C:\Users\balaj\AppData\Local\Programs\Python\Python312\Lib\site-packages\sqlalchemy\engine\base.py:143: 
_ _ _ _ _ _ _ _ _ _ _ _ _ _ _ _ _ _ _ _ _ _ _ _ _ _ _ _ _ _ _ _ _ _ _ _ _ _ _ _
C:\Users\balaj\AppData\Local\Programs\Python\Python312\Lib\site-packages\sqlalchemy\engine\base.py:3317: in raw_connection
    return self.pool.connect()
           ^^^^^^^^^^^^^^^^^^^
C:\Users\balaj\AppData\Local\Programs\Python\Python312\Lib\site-packages\sqlalchemy\pool\base.py:448: in connect
    return _ConnectionFairy._checkout(self)
           ^^^^^^^^^^^^^^^^^^^^^^^^^^^^^^^^
C:\Users\balaj\AppData\Local\Programs\Python\Python312\Lib\site-packages\sqlalchemy\pool\base.py:1272: in _checkout
    fairy = _ConnectionRecord.checkout(pool)
            ^^^^^^^^^^^^^^^^^^^^^^^^^^^^^^^^
C:\Users\balaj\AppData\Local\Programs\Python\Python312\Lib\site-packages\sqlalchemy\pool\base.py:712: in checkout
    rec = pool._do_get()
          ^^^^^^^^^^^^^^
C:\Users\balaj\AppData\Local\Programs\Python\Python312\Lib\site-packages\sqlalchemy\pool\impl.py:177: in _do_get
    with util.safe_reraise():
C:\Users\balaj\AppData\Local\Programs\Python\Python312\Lib\site-packages\sqlalchemy\util\langhelpers.py:121: in __exit__
    raise exc_value.with_traceback(exc_tb)
C:\Users\balaj\AppData\Local\Programs\Python\Python312\Lib\site-packages\sqlalchemy\pool\impl.py:175: in _do_get
    return self._create_connection()
           ^^^^^^^^^^^^^^^^^^^^^^^^^
C:\Users\balaj\AppData\Local\Programs\Python\Python312\Lib\site-packages\sqlalchemy\pool\base.py:389: in _create_connection
    return _ConnectionRecord(self)
           ^^^^^^^^^^^^^^^^^^^^^^^
C:\Users\balaj\AppData\Local\Programs\Python\Python312\Lib\site-packages\sqlalchemy\pool\base.py:674: in __init__
    self.__connect()
C:\Users\balaj\AppData\Local\Programs\Python\Python312\Lib\site-packages\sqlalchemy\pool\base.py:900: in __connect
    with util.safe_reraise():
C:\Users\balaj\AppData\Local\Programs\Python\Python312\Lib\site-packages\sqlalchemy\util\langhelpers.py:121: in __exit__
    raise exc_value.with_traceback(exc_tb)
C:\Users\balaj\AppData\Local\Programs\Python\Python312\Lib\site-packages\sqlalchemy\pool\base.py:896: in __connect
    self.dbapi_connection = connection = pool._invoke_creator(self)
                                         ^^^^^^^^^^^^^^^^^^^^^^^^^^
C:\Users\balaj\AppData\Local\Programs\Python\Python312\Lib\site-packages\sqlalchemy\engine\create.py:667: in connect
    return dialect.connect(*cargs_tup, **cparams)
           ^^^^^^^^^^^^^^^^^^^^^^^^^^^^^^^^^^^^^^
C:\Users\balaj\AppData\Local\Programs\Python\Python312\Lib\site-packages\sqlalchemy\engine\default.py:630: in connect
    return self.loaded_dbapi.connect(*cargs, **cparams)  # type: ignore[no-any-return]  # NOQA: E501
           ^^^^^^^^^^^^^^^^^^^^^^^^^^^^^^^^^^^^^^^^^^^^
C:\Users\balaj\AppData\Local\Programs\Python\Python312\Lib\site-packages\psycopg\connection.py:100: in connect
    attempts = conninfo_attempts(params)
               ^^^^^^^^^^^^^^^^^^^^^^^^^
_ _ _ _ _ _ _ _ _ _ _ _ _ _ _ _ _ _ _ _ _ _ _ _ _ _ _ _ _ _ _ _ _ _ _ _ _ _ _ _

params = {'host': 'example'}

    def conninfo_attempts(params: ConnMapping) -&gt; list[ConnDict]:
        """Split a set of connection params on the single attempts to perform.
    
        A connection param can perform more than one attempt more than one ``host``
        is provided.
    
        Also perform async resolution of the hostname into hostaddr. Because a host
        can resolve to more than one address, this can lead to yield more attempts
        too. Raise `OperationalError` if no host could be resolved.
    
        Because the libpq async function doesn't honour the timeout, we need to
        reimplement the repeated attempts.
        """
        last_exc = None
        attempts = []
        if prefer_standby := (
            get_param(params, "target_session_attrs") == "prefer-standby"
        ):
            params = {k: v for k, v in params.items() if k != "target_session_attrs"}
    
        for attempt in split_attempts(params):
            try:
                attempts.extend(_resolve_hostnames(attempt))
            except OSError as ex:
                last_exc = e.OperationalError(
                    f"failed to resolve host {attempt.get('host')!r}: {ex}"
                )
                logger.debug("%s", last_exc)
    
        if not attempts:
            assert last_exc
            # We couldn't resolve anything
&gt;           raise last_exc
E           psycopg.OperationalError: failed to resolve host 'example': [Errno 11001] getaddrinfo failed

C:\Users\balaj\AppData\Local\Programs\Python\Python312\Lib\site-packages\psycopg\_conninfo_attempts.py:55: OperationalError

The above exception was the direct cause of the following exception:

fixturedef = &lt;FixtureDef argname='db' scope='function' baseid='tests'&gt;
request = &lt;SubRequest 'db' for &lt;Function test_auth_me&gt;&gt;

    @pytest.hookimpl(wrapper=True)
    def pytest_fixture_setup(fixturedef: FixtureDef, request) -&gt; object | None:
        asyncio_mode = _get_asyncio_mode(request.config)
        if not _is_asyncio_fixture_function(fixturedef.func):
            if asyncio_mode == Mode.STRICT:
                # Ignore async fixtures without explicit asyncio mark in strict mode
                # This applies to pytest_trio fixtures, for example
&gt;               return (yield)
                        ^^^^^

C:\Users\balaj\AppData\Local\Programs\Python\Python312\Lib\site-packages\pytest_asyncio\plugin.py:728: 
_ _ _ _ _ _ _ _ _ _ _ _ _ _ _ _ _ _ _ _ _ _ _ _ _ _ _ _ _ _ _ _ _ _ _ _ _ _ _ _
tests\conftest.py:39: in db
    connection = engine.connect()
                 ^^^^^^^^^^^^^^^^
C:\Users\balaj\AppData\Local\Programs\Python\Python312\Lib\site-packages\sqlalchemy\engine\base.py:3293: in connect
    return self._connection_cls(self)
           ^^^^^^^^^^^^^^^^^^^^^^^^^^
C:\Users\balaj\AppData\Local\Programs\Python\Python312\Lib\site-packages\sqlalchemy\engine\base.py:145: in __init__
    Connection._handle_dbapi_exception_noconnection(
C:\Users\balaj\AppData\Local\Programs\Python\Python312\Lib\site-packages\sqlalchemy\engine\base.py:2448: in _handle_dbapi_exception_noconnection
    raise sqlalchemy_exception.with_traceback(exc_info[2]) from e
C:\Users\balaj\AppData\Local\Programs\Python\Python312\Lib\site-packages\sqlalchemy\engine\base.py:143: in __init__
    self._dbapi_connection = engine.raw_connection()
                             ^^^^^^^^^^^^^^^^^^^^^^^
C:\Users\balaj\AppData\Local\Programs\Python\Python312\Lib\site-packages\sqlalchemy\engine\base.py:3317: in raw_connection
    return self.pool.connect()
           ^^^^^^^^^^^^^^^^^^^
C:\Users\balaj\AppData\Local\Programs\Python\Python312\Lib\site-packages\sqlalchemy\pool\base.py:448: in connect
    return _ConnectionFairy._checkout(self)
           ^^^^^^^^^^^^^^^^^^^^^^^^^^^^^^^^
C:\Users\balaj\AppData\Local\Programs\Python\Python312\Lib\site-packages\sqlalchemy\pool\base.py:1272: in _checkout
    fairy = _ConnectionRecord.checkout(pool)
            ^^^^^^^^^^^^^^^^^^^^^^^^^^^^^^^^
C:\Users\balaj\AppData\Local\Programs\Python\Python312\Lib\site-packages\sqlalchemy\pool\base.py:712: in checkout
    rec = pool._do_get()
          ^^^^^^^^^^^^^^
C:\Users\balaj\AppData\Local\Programs\Python\Python312\Lib\site-packages\sqlalchemy\pool\impl.py:177: in _do_get
    with util.safe_reraise():
C:\Users\balaj\AppData\Local\Programs\Python\Python312\Lib\site-packages\sqlalchemy\util\langhelpers.py:121: in __exit__
    raise exc_value.with_traceback(exc_tb)
C:\Users\balaj\AppData\Local\Programs\Python\Python312\Lib\site-packages\sqlalchemy\pool\impl.py:175: in _do_get
    return self._create_connection()
           ^^^^^^^^^^^^^^^^^^^^^^^^^
C:\Users\balaj\AppData\Local\Programs\Python\Python312\Lib\site-packages\sqlalchemy\pool\base.py:389: in _create_connection
    return _ConnectionRecord(self)
           ^^^^^^^^^^^^^^^^^^^^^^^
C:\Users\balaj\AppData\Local\Programs\Python\Python312\Lib\site-packages\sqlalchemy\pool\base.py:674: in __init__
    self.__connect()
C:\Users\balaj\AppData\Local\Programs\Python\Python312\Lib\site-packages\sqlalchemy\pool\base.py:900: in __connect
    with util.safe_reraise():
C:\Users\balaj\AppData\Local\Programs\Python\Python312\Lib\site-packages\sqlalchemy\util\langhelpers.py:121: in __exit__
    raise exc_value.with_traceback(exc_tb)
C:\Users\balaj\AppData\Local\Programs\Python\Python312\Lib\site-packages\sqlalchemy\pool\base.py:896: in __connect
    self.dbapi_connection = connection = pool._invoke_creator(self)
                                         ^^^^^^^^^^^^^^^^^^^^^^^^^^
C:\Users\balaj\AppData\Local\Programs\Python\Python312\Lib\site-packages\sqlalchemy\engine\create.py:667: in connect
    return dialect.connect(*cargs_tup, **cparams)
           ^^^^^^^^^^^^^^^^^^^^^^^^^^^^^^^^^^^^^^
C:\Users\balaj\AppData\Local\Programs\Python\Python312\Lib\site-packages\sqlalchemy\engine\default.py:630: in connect
    return self.loaded_dbapi.connect(*cargs, **cparams)  # type: ignore[no-any-return]  # NOQA: E501
           ^^^^^^^^^^^^^^^^^^^^^^^^^^^^^^^^^^^^^^^^^^^^
C:\Users\balaj\AppData\Local\Programs\Python\Python312\Lib\site-packages\psycopg\connection.py:100: in connect
    attempts = conninfo_attempts(params)
               ^^^^^^^^^^^^^^^^^^^^^^^^^
_ _ _ _ _ _ _ _ _ _ _ _ _ _ _ _ _ _ _ _ _ _ _ _ _ _ _ _ _ _ _ _ _ _ _ _ _ _ _ _

params = {'host': 'example'}

    def conninfo_attempts(params: ConnMapping) -&gt; list[ConnDict]:
        """Split a set of connection params on the single attempts to perform.
    
        A connection param can perform more than one attempt more than one ``host``
        is provided.
    
        Also perform async resolution of the hostname into hostaddr. Because a host
        can resolve to more than one address, this can lead to yield more attempts
        too. Raise `OperationalError` if no host could be resolved.
    
        Because the libpq async function doesn't honour the timeout, we need to
        reimplement the repeated attempts.
        """
        last_exc = None
        attempts = []
        if prefer_standby := (
            get_param(params, "target_session_attrs") == "prefer-standby"
        ):
            params = {k: v for k, v in params.items() if k != "target_session_attrs"}
    
        for attempt in split_attempts(params):
            try:
                attempts.extend(_resolve_hostnames(attempt))
            except OSError as ex:
                last_exc = e.OperationalError(
                    f"failed to resolve host {attempt.get('host')!r}: {ex}"
                )
                logger.debug("%s", last_exc)
    
        if not attempts:
            assert last_exc
            # We couldn't resolve anything
&gt;           raise last_exc
E           sqlalchemy.exc.OperationalError: (psycopg.OperationalError) failed to resolve host 'example': [Errno 11001] getaddrinfo failed
E           (Background on this error at: https://sqlalche.me/e/20/e3q8)

C:\Users\balaj\AppData\Local\Programs\Python\Python312\Lib\site-packages\psycopg\_conninfo_attempts.py:55: OperationalError</error></testcase><testcase classname="tests.test_endpoints" name="test_get_all_donors" time="2.300"><error message="failed on setup with &quot;sqlalchemy.exc.OperationalError: (psycopg.OperationalError) failed to resolve host 'example': [Errno 11001] getaddrinfo failed&#10;(Background on this error at: https://sqlalche.me/e/20/e3q8)&quot;">self = &lt;sqlalchemy.engine.base.Connection object at 0x00000294351FDE20&gt;
engine = Engine(postgresql+psycopg://example), connection = None
_has_events = None, _allow_revalidate = True, _allow_autobegin = True

    def __init__(
        self,
        engine: Engine,
        connection: Optional[PoolProxiedConnection] = None,
        _has_events: Optional[bool] = None,
        _allow_revalidate: bool = True,
        _allow_autobegin: bool = True,
    ):
        """Construct a new Connection."""
        self.engine = engine
        self.dialect = dialect = engine.dialect
    
        if connection is None:
            try:
&gt;               self._dbapi_connection = engine.raw_connection()
                                         ^^^^^^^^^^^^^^^^^^^^^^^

C:\Users\balaj\AppData\Local\Programs\Python\Python312\Lib\site-packages\sqlalchemy\engine\base.py:143: 
_ _ _ _ _ _ _ _ _ _ _ _ _ _ _ _ _ _ _ _ _ _ _ _ _ _ _ _ _ _ _ _ _ _ _ _ _ _ _ _
C:\Users\balaj\AppData\Local\Programs\Python\Python312\Lib\site-packages\sqlalchemy\engine\base.py:3317: in raw_connection
    return self.pool.connect()
           ^^^^^^^^^^^^^^^^^^^
C:\Users\balaj\AppData\Local\Programs\Python\Python312\Lib\site-packages\sqlalchemy\pool\base.py:448: in connect
    return _ConnectionFairy._checkout(self)
           ^^^^^^^^^^^^^^^^^^^^^^^^^^^^^^^^
C:\Users\balaj\AppData\Local\Programs\Python\Python312\Lib\site-packages\sqlalchemy\pool\base.py:1272: in _checkout
    fairy = _ConnectionRecord.checkout(pool)
            ^^^^^^^^^^^^^^^^^^^^^^^^^^^^^^^^
C:\Users\balaj\AppData\Local\Programs\Python\Python312\Lib\site-packages\sqlalchemy\pool\base.py:712: in checkout
    rec = pool._do_get()
          ^^^^^^^^^^^^^^
C:\Users\balaj\AppData\Local\Programs\Python\Python312\Lib\site-packages\sqlalchemy\pool\impl.py:177: in _do_get
    with util.safe_reraise():
C:\Users\balaj\AppData\Local\Programs\Python\Python312\Lib\site-packages\sqlalchemy\util\langhelpers.py:121: in __exit__
    raise exc_value.with_traceback(exc_tb)
C:\Users\balaj\AppData\Local\Programs\Python\Python312\Lib\site-packages\sqlalchemy\pool\impl.py:175: in _do_get
    return self._create_connection()
           ^^^^^^^^^^^^^^^^^^^^^^^^^
C:\Users\balaj\AppData\Local\Programs\Python\Python312\Lib\site-packages\sqlalchemy\pool\base.py:389: in _create_connection
    return _ConnectionRecord(self)
           ^^^^^^^^^^^^^^^^^^^^^^^
C:\Users\balaj\AppData\Local\Programs\Python\Python312\Lib\site-packages\sqlalchemy\pool\base.py:674: in __init__
    self.__connect()
C:\Users\balaj\AppData\Local\Programs\Python\Python312\Lib\site-packages\sqlalchemy\pool\base.py:900: in __connect
    with util.safe_reraise():
C:\Users\balaj\AppData\Local\Programs\Python\Python312\Lib\site-packages\sqlalchemy\util\langhelpers.py:121: in __exit__
    raise exc_value.with_traceback(exc_tb)
C:\Users\balaj\AppData\Local\Programs\Python\Python312\Lib\site-packages\sqlalchemy\pool\base.py:896: in __connect
    self.dbapi_connection = connection = pool._invoke_creator(self)
                                         ^^^^^^^^^^^^^^^^^^^^^^^^^^
C:\Users\balaj\AppData\Local\Programs\Python\Python312\Lib\site-packages\sqlalchemy\engine\create.py:667: in connect
    return dialect.connect(*cargs_tup, **cparams)
           ^^^^^^^^^^^^^^^^^^^^^^^^^^^^^^^^^^^^^^
C:\Users\balaj\AppData\Local\Programs\Python\Python312\Lib\site-packages\sqlalchemy\engine\default.py:630: in connect
    return self.loaded_dbapi.connect(*cargs, **cparams)  # type: ignore[no-any-return]  # NOQA: E501
           ^^^^^^^^^^^^^^^^^^^^^^^^^^^^^^^^^^^^^^^^^^^^
C:\Users\balaj\AppData\Local\Programs\Python\Python312\Lib\site-packages\psycopg\connection.py:100: in connect
    attempts = conninfo_attempts(params)
               ^^^^^^^^^^^^^^^^^^^^^^^^^
_ _ _ _ _ _ _ _ _ _ _ _ _ _ _ _ _ _ _ _ _ _ _ _ _ _ _ _ _ _ _ _ _ _ _ _ _ _ _ _

params = {'host': 'example'}

    def conninfo_attempts(params: ConnMapping) -&gt; list[ConnDict]:
        """Split a set of connection params on the single attempts to perform.
    
        A connection param can perform more than one attempt more than one ``host``
        is provided.
    
        Also perform async resolution of the hostname into hostaddr. Because a host
        can resolve to more than one address, this can lead to yield more attempts
        too. Raise `OperationalError` if no host could be resolved.
    
        Because the libpq async function doesn't honour the timeout, we need to
        reimplement the repeated attempts.
        """
        last_exc = None
        attempts = []
        if prefer_standby := (
            get_param(params, "target_session_attrs") == "prefer-standby"
        ):
            params = {k: v for k, v in params.items() if k != "target_session_attrs"}
    
        for attempt in split_attempts(params):
            try:
                attempts.extend(_resolve_hostnames(attempt))
            except OSError as ex:
                last_exc = e.OperationalError(
                    f"failed to resolve host {attempt.get('host')!r}: {ex}"
                )
                logger.debug("%s", last_exc)
    
        if not attempts:
            assert last_exc
            # We couldn't resolve anything
&gt;           raise last_exc
E           psycopg.OperationalError: failed to resolve host 'example': [Errno 11001] getaddrinfo failed

C:\Users\balaj\AppData\Local\Programs\Python\Python312\Lib\site-packages\psycopg\_conninfo_attempts.py:55: OperationalError

The above exception was the direct cause of the following exception:

fixturedef = &lt;FixtureDef argname='db' scope='function' baseid='tests'&gt;
request = &lt;SubRequest 'db' for &lt;Function test_get_all_donors&gt;&gt;

    @pytest.hookimpl(wrapper=True)
    def pytest_fixture_setup(fixturedef: FixtureDef, request) -&gt; object | None:
        asyncio_mode = _get_asyncio_mode(request.config)
        if not _is_asyncio_fixture_function(fixturedef.func):
            if asyncio_mode == Mode.STRICT:
                # Ignore async fixtures without explicit asyncio mark in strict mode
                # This applies to pytest_trio fixtures, for example
&gt;               return (yield)
                        ^^^^^

C:\Users\balaj\AppData\Local\Programs\Python\Python312\Lib\site-packages\pytest_asyncio\plugin.py:728: 
_ _ _ _ _ _ _ _ _ _ _ _ _ _ _ _ _ _ _ _ _ _ _ _ _ _ _ _ _ _ _ _ _ _ _ _ _ _ _ _
tests\conftest.py:39: in db
    connection = engine.connect()
                 ^^^^^^^^^^^^^^^^
C:\Users\balaj\AppData\Local\Programs\Python\Python312\Lib\site-packages\sqlalchemy\engine\base.py:3293: in connect
    return self._connection_cls(self)
           ^^^^^^^^^^^^^^^^^^^^^^^^^^
C:\Users\balaj\AppData\Local\Programs\Python\Python312\Lib\site-packages\sqlalchemy\engine\base.py:145: in __init__
    Connection._handle_dbapi_exception_noconnection(
C:\Users\balaj\AppData\Local\Programs\Python\Python312\Lib\site-packages\sqlalchemy\engine\base.py:2448: in _handle_dbapi_exception_noconnection
    raise sqlalchemy_exception.with_traceback(exc_info[2]) from e
C:\Users\balaj\AppData\Local\Programs\Python\Python312\Lib\site-packages\sqlalchemy\engine\base.py:143: in __init__
    self._dbapi_connection = engine.raw_connection()
                             ^^^^^^^^^^^^^^^^^^^^^^^
C:\Users\balaj\AppData\Local\Programs\Python\Python312\Lib\site-packages\sqlalchemy\engine\base.py:3317: in raw_connection
    return self.pool.connect()
           ^^^^^^^^^^^^^^^^^^^
C:\Users\balaj\AppData\Local\Programs\Python\Python312\Lib\site-packages\sqlalchemy\pool\base.py:448: in connect
    return _ConnectionFairy._checkout(self)
           ^^^^^^^^^^^^^^^^^^^^^^^^^^^^^^^^
C:\Users\balaj\AppData\Local\Programs\Python\Python312\Lib\site-packages\sqlalchemy\pool\base.py:1272: in _checkout
    fairy = _ConnectionRecord.checkout(pool)
            ^^^^^^^^^^^^^^^^^^^^^^^^^^^^^^^^
C:\Users\balaj\AppData\Local\Programs\Python\Python312\Lib\site-packages\sqlalchemy\pool\base.py:712: in checkout
    rec = pool._do_get()
          ^^^^^^^^^^^^^^
C:\Users\balaj\AppData\Local\Programs\Python\Python312\Lib\site-packages\sqlalchemy\pool\impl.py:177: in _do_get
    with util.safe_reraise():
C:\Users\balaj\AppData\Local\Programs\Python\Python312\Lib\site-packages\sqlalchemy\util\langhelpers.py:121: in __exit__
    raise exc_value.with_traceback(exc_tb)
C:\Users\balaj\AppData\Local\Programs\Python\Python312\Lib\site-packages\sqlalchemy\pool\impl.py:175: in _do_get
    return self._create_connection()
           ^^^^^^^^^^^^^^^^^^^^^^^^^
C:\Users\balaj\AppData\Local\Programs\Python\Python312\Lib\site-packages\sqlalchemy\pool\base.py:389: in _create_connection
    return _ConnectionRecord(self)
           ^^^^^^^^^^^^^^^^^^^^^^^
C:\Users\balaj\AppData\Local\Programs\Python\Python312\Lib\site-packages\sqlalchemy\pool\base.py:674: in __init__
    self.__connect()
C:\Users\balaj\AppData\Local\Programs\Python\Python312\Lib\site-packages\sqlalchemy\pool\base.py:900: in __connect
    with util.safe_reraise():
C:\Users\balaj\AppData\Local\Programs\Python\Python312\Lib\site-packages\sqlalchemy\util\langhelpers.py:121: in __exit__
    raise exc_value.with_traceback(exc_tb)
C:\Users\balaj\AppData\Local\Programs\Python\Python312\Lib\site-packages\sqlalchemy\pool\base.py:896: in __connect
    self.dbapi_connection = connection = pool._invoke_creator(self)
                                         ^^^^^^^^^^^^^^^^^^^^^^^^^^
C:\Users\balaj\AppData\Local\Programs\Python\Python312\Lib\site-packages\sqlalchemy\engine\create.py:667: in connect
    return dialect.connect(*cargs_tup, **cparams)
           ^^^^^^^^^^^^^^^^^^^^^^^^^^^^^^^^^^^^^^
C:\Users\balaj\AppData\Local\Programs\Python\Python312\Lib\site-packages\sqlalchemy\engine\default.py:630: in connect
    return self.loaded_dbapi.connect(*cargs, **cparams)  # type: ignore[no-any-return]  # NOQA: E501
           ^^^^^^^^^^^^^^^^^^^^^^^^^^^^^^^^^^^^^^^^^^^^
C:\Users\balaj\AppData\Local\Programs\Python\Python312\Lib\site-packages\psycopg\connection.py:100: in connect
    attempts = conninfo_attempts(params)
               ^^^^^^^^^^^^^^^^^^^^^^^^^
_ _ _ _ _ _ _ _ _ _ _ _ _ _ _ _ _ _ _ _ _ _ _ _ _ _ _ _ _ _ _ _ _ _ _ _ _ _ _ _

params = {'host': 'example'}

    def conninfo_attempts(params: ConnMapping) -&gt; list[ConnDict]:
        """Split a set of connection params on the single attempts to perform.
    
        A connection param can perform more than one attempt more than one ``host``
        is provided.
    
        Also perform async resolution of the hostname into hostaddr. Because a host
        can resolve to more than one address, this can lead to yield more attempts
        too. Raise `OperationalError` if no host could be resolved.
    
        Because the libpq async function doesn't honour the timeout, we need to
        reimplement the repeated attempts.
        """
        last_exc = None
        attempts = []
        if prefer_standby := (
            get_param(params, "target_session_attrs") == "prefer-standby"
        ):
            params = {k: v for k, v in params.items() if k != "target_session_attrs"}
    
        for attempt in split_attempts(params):
            try:
                attempts.extend(_resolve_hostnames(attempt))
            except OSError as ex:
                last_exc = e.OperationalError(
                    f"failed to resolve host {attempt.get('host')!r}: {ex}"
                )
                logger.debug("%s", last_exc)
    
        if not attempts:
            assert last_exc
            # We couldn't resolve anything
&gt;           raise last_exc
E           sqlalchemy.exc.OperationalError: (psycopg.OperationalError) failed to resolve host 'example': [Errno 11001] getaddrinfo failed
E           (Background on this error at: https://sqlalche.me/e/20/e3q8)

C:\Users\balaj\AppData\Local\Programs\Python\Python312\Lib\site-packages\psycopg\_conninfo_attempts.py:55: OperationalError</error></testcase><testcase classname="tests.test_endpoints" name="test_create_donor" time="2.279"><error message="failed on setup with &quot;sqlalchemy.exc.OperationalError: (psycopg.OperationalError) failed to resolve host 'example': [Errno 11001] getaddrinfo failed&#10;(Background on this error at: https://sqlalche.me/e/20/e3q8)&quot;">self = &lt;sqlalchemy.engine.base.Connection object at 0x0000029435246120&gt;
engine = Engine(postgresql+psycopg://example), connection = None
_has_events = None, _allow_revalidate = True, _allow_autobegin = True

    def __init__(
        self,
        engine: Engine,
        connection: Optional[PoolProxiedConnection] = None,
        _has_events: Optional[bool] = None,
        _allow_revalidate: bool = True,
        _allow_autobegin: bool = True,
    ):
        """Construct a new Connection."""
        self.engine = engine
        self.dialect = dialect = engine.dialect
    
        if connection is None:
            try:
&gt;               self._dbapi_connection = engine.raw_connection()
                                         ^^^^^^^^^^^^^^^^^^^^^^^

C:\Users\balaj\AppData\Local\Programs\Python\Python312\Lib\site-packages\sqlalchemy\engine\base.py:143: 
_ _ _ _ _ _ _ _ _ _ _ _ _ _ _ _ _ _ _ _ _ _ _ _ _ _ _ _ _ _ _ _ _ _ _ _ _ _ _ _
C:\Users\balaj\AppData\Local\Programs\Python\Python312\Lib\site-packages\sqlalchemy\engine\base.py:3317: in raw_connection
    return self.pool.connect()
           ^^^^^^^^^^^^^^^^^^^
C:\Users\balaj\AppData\Local\Programs\Python\Python312\Lib\site-packages\sqlalchemy\pool\base.py:448: in connect
    return _ConnectionFairy._checkout(self)
           ^^^^^^^^^^^^^^^^^^^^^^^^^^^^^^^^
C:\Users\balaj\AppData\Local\Programs\Python\Python312\Lib\site-packages\sqlalchemy\pool\base.py:1272: in _checkout
    fairy = _ConnectionRecord.checkout(pool)
            ^^^^^^^^^^^^^^^^^^^^^^^^^^^^^^^^
C:\Users\balaj\AppData\Local\Programs\Python\Python312\Lib\site-packages\sqlalchemy\pool\base.py:712: in checkout
    rec = pool._do_get()
          ^^^^^^^^^^^^^^
C:\Users\balaj\AppData\Local\Programs\Python\Python312\Lib\site-packages\sqlalchemy\pool\impl.py:177: in _do_get
    with util.safe_reraise():
C:\Users\balaj\AppData\Local\Programs\Python\Python312\Lib\site-packages\sqlalchemy\util\langhelpers.py:121: in __exit__
    raise exc_value.with_traceback(exc_tb)
C:\Users\balaj\AppData\Local\Programs\Python\Python312\Lib\site-packages\sqlalchemy\pool\impl.py:175: in _do_get
    return self._create_connection()
           ^^^^^^^^^^^^^^^^^^^^^^^^^
C:\Users\balaj\AppData\Local\Programs\Python\Python312\Lib\site-packages\sqlalchemy\pool\base.py:389: in _create_connection
    return _ConnectionRecord(self)
           ^^^^^^^^^^^^^^^^^^^^^^^
C:\Users\balaj\AppData\Local\Programs\Python\Python312\Lib\site-packages\sqlalchemy\pool\base.py:674: in __init__
    self.__connect()
C:\Users\balaj\AppData\Local\Programs\Python\Python312\Lib\site-packages\sqlalchemy\pool\base.py:900: in __connect
    with util.safe_reraise():
C:\Users\balaj\AppData\Local\Programs\Python\Python312\Lib\site-packages\sqlalchemy\util\langhelpers.py:121: in __exit__
    raise exc_value.with_traceback(exc_tb)
C:\Users\balaj\AppData\Local\Programs\Python\Python312\Lib\site-packages\sqlalchemy\pool\base.py:896: in __connect
    self.dbapi_connection = connection = pool._invoke_creator(self)
                                         ^^^^^^^^^^^^^^^^^^^^^^^^^^
C:\Users\balaj\AppData\Local\Programs\Python\Python312\Lib\site-packages\sqlalchemy\engine\create.py:667: in connect
    return dialect.connect(*cargs_tup, **cparams)
           ^^^^^^^^^^^^^^^^^^^^^^^^^^^^^^^^^^^^^^
C:\Users\balaj\AppData\Local\Programs\Python\Python312\Lib\site-packages\sqlalchemy\engine\default.py:630: in connect
    return self.loaded_dbapi.connect(*cargs, **cparams)  # type: ignore[no-any-return]  # NOQA: E501
           ^^^^^^^^^^^^^^^^^^^^^^^^^^^^^^^^^^^^^^^^^^^^
C:\Users\balaj\AppData\Local\Programs\Python\Python312\Lib\site-packages\psycopg\connection.py:100: in connect
    attempts = conninfo_attempts(params)
               ^^^^^^^^^^^^^^^^^^^^^^^^^
_ _ _ _ _ _ _ _ _ _ _ _ _ _ _ _ _ _ _ _ _ _ _ _ _ _ _ _ _ _ _ _ _ _ _ _ _ _ _ _

params = {'host': 'example'}

    def conninfo_attempts(params: ConnMapping) -&gt; list[ConnDict]:
        """Split a set of connection params on the single attempts to perform.
    
        A connection param can perform more than one attempt more than one ``host``
        is provided.
    
        Also perform async resolution of the hostname into hostaddr. Because a host
        can resolve to more than one address, this can lead to yield more attempts
        too. Raise `OperationalError` if no host could be resolved.
    
        Because the libpq async function doesn't honour the timeout, we need to
        reimplement the repeated attempts.
        """
        last_exc = None
        attempts = []
        if prefer_standby := (
            get_param(params, "target_session_attrs") == "prefer-standby"
        ):
            params = {k: v for k, v in params.items() if k != "target_session_attrs"}
    
        for attempt in split_attempts(params):
            try:
                attempts.extend(_resolve_hostnames(attempt))
            except OSError as ex:
                last_exc = e.OperationalError(
                    f"failed to resolve host {attempt.get('host')!r}: {ex}"
                )
                logger.debug("%s", last_exc)
    
        if not attempts:
            assert last_exc
            # We couldn't resolve anything
&gt;           raise last_exc
E           psycopg.OperationalError: failed to resolve host 'example': [Errno 11001] getaddrinfo failed

C:\Users\balaj\AppData\Local\Programs\Python\Python312\Lib\site-packages\psycopg\_conninfo_attempts.py:55: OperationalError

The above exception was the direct cause of the following exception:

fixturedef = &lt;FixtureDef argname='db' scope='function' baseid='tests'&gt;
request = &lt;SubRequest 'db' for &lt;Function test_create_donor&gt;&gt;

    @pytest.hookimpl(wrapper=True)
    def pytest_fixture_setup(fixturedef: FixtureDef, request) -&gt; object | None:
        asyncio_mode = _get_asyncio_mode(request.config)
        if not _is_asyncio_fixture_function(fixturedef.func):
            if asyncio_mode == Mode.STRICT:
                # Ignore async fixtures without explicit asyncio mark in strict mode
                # This applies to pytest_trio fixtures, for example
&gt;               return (yield)
                        ^^^^^

C:\Users\balaj\AppData\Local\Programs\Python\Python312\Lib\site-packages\pytest_asyncio\plugin.py:728: 
_ _ _ _ _ _ _ _ _ _ _ _ _ _ _ _ _ _ _ _ _ _ _ _ _ _ _ _ _ _ _ _ _ _ _ _ _ _ _ _
tests\conftest.py:39: in db
    connection = engine.connect()
                 ^^^^^^^^^^^^^^^^
C:\Users\balaj\AppData\Local\Programs\Python\Python312\Lib\site-packages\sqlalchemy\engine\base.py:3293: in connect
    return self._connection_cls(self)
           ^^^^^^^^^^^^^^^^^^^^^^^^^^
C:\Users\balaj\AppData\Local\Programs\Python\Python312\Lib\site-packages\sqlalchemy\engine\base.py:145: in __init__
    Connection._handle_dbapi_exception_noconnection(
C:\Users\balaj\AppData\Local\Programs\Python\Python312\Lib\site-packages\sqlalchemy\engine\base.py:2448: in _handle_dbapi_exception_noconnection
    raise sqlalchemy_exception.with_traceback(exc_info[2]) from e
C:\Users\balaj\AppData\Local\Programs\Python\Python312\Lib\site-packages\sqlalchemy\engine\base.py:143: in __init__
    self._dbapi_connection = engine.raw_connection()
                             ^^^^^^^^^^^^^^^^^^^^^^^
C:\Users\balaj\AppData\Local\Programs\Python\Python312\Lib\site-packages\sqlalchemy\engine\base.py:3317: in raw_connection
    return self.pool.connect()
           ^^^^^^^^^^^^^^^^^^^
C:\Users\balaj\AppData\Local\Programs\Python\Python312\Lib\site-packages\sqlalchemy\pool\base.py:448: in connect
    return _ConnectionFairy._checkout(self)
           ^^^^^^^^^^^^^^^^^^^^^^^^^^^^^^^^
C:\Users\balaj\AppData\Local\Programs\Python\Python312\Lib\site-packages\sqlalchemy\pool\base.py:1272: in _checkout
    fairy = _ConnectionRecord.checkout(pool)
            ^^^^^^^^^^^^^^^^^^^^^^^^^^^^^^^^
C:\Users\balaj\AppData\Local\Programs\Python\Python312\Lib\site-packages\sqlalchemy\pool\base.py:712: in checkout
    rec = pool._do_get()
          ^^^^^^^^^^^^^^
C:\Users\balaj\AppData\Local\Programs\Python\Python312\Lib\site-packages\sqlalchemy\pool\impl.py:177: in _do_get
    with util.safe_reraise():
C:\Users\balaj\AppData\Local\Programs\Python\Python312\Lib\site-packages\sqlalchemy\util\langhelpers.py:121: in __exit__
    raise exc_value.with_traceback(exc_tb)
C:\Users\balaj\AppData\Local\Programs\Python\Python312\Lib\site-packages\sqlalchemy\pool\impl.py:175: in _do_get
    return self._create_connection()
           ^^^^^^^^^^^^^^^^^^^^^^^^^
C:\Users\balaj\AppData\Local\Programs\Python\Python312\Lib\site-packages\sqlalchemy\pool\base.py:389: in _create_connection
    return _ConnectionRecord(self)
           ^^^^^^^^^^^^^^^^^^^^^^^
C:\Users\balaj\AppData\Local\Programs\Python\Python312\Lib\site-packages\sqlalchemy\pool\base.py:674: in __init__
    self.__connect()
C:\Users\balaj\AppData\Local\Programs\Python\Python312\Lib\site-packages\sqlalchemy\pool\base.py:900: in __connect
    with util.safe_reraise():
C:\Users\balaj\AppData\Local\Programs\Python\Python312\Lib\site-packages\sqlalchemy\util\langhelpers.py:121: in __exit__
    raise exc_value.with_traceback(exc_tb)
C:\Users\balaj\AppData\Local\Programs\Python\Python312\Lib\site-packages\sqlalchemy\pool\base.py:896: in __connect
    self.dbapi_connection = connection = pool._invoke_creator(self)
                                         ^^^^^^^^^^^^^^^^^^^^^^^^^^
C:\Users\balaj\AppData\Local\Programs\Python\Python312\Lib\site-packages\sqlalchemy\engine\create.py:667: in connect
    return dialect.connect(*cargs_tup, **cparams)
           ^^^^^^^^^^^^^^^^^^^^^^^^^^^^^^^^^^^^^^
C:\Users\balaj\AppData\Local\Programs\Python\Python312\Lib\site-packages\sqlalchemy\engine\default.py:630: in connect
    return self.loaded_dbapi.connect(*cargs, **cparams)  # type: ignore[no-any-return]  # NOQA: E501
           ^^^^^^^^^^^^^^^^^^^^^^^^^^^^^^^^^^^^^^^^^^^^
C:\Users\balaj\AppData\Local\Programs\Python\Python312\Lib\site-packages\psycopg\connection.py:100: in connect
    attempts = conninfo_attempts(params)
               ^^^^^^^^^^^^^^^^^^^^^^^^^
_ _ _ _ _ _ _ _ _ _ _ _ _ _ _ _ _ _ _ _ _ _ _ _ _ _ _ _ _ _ _ _ _ _ _ _ _ _ _ _

params = {'host': 'example'}

    def conninfo_attempts(params: ConnMapping) -&gt; list[ConnDict]:
        """Split a set of connection params on the single attempts to perform.
    
        A connection param can perform more than one attempt more than one ``host``
        is provided.
    
        Also perform async resolution of the hostname into hostaddr. Because a host
        can resolve to more than one address, this can lead to yield more attempts
        too. Raise `OperationalError` if no host could be resolved.
    
        Because the libpq async function doesn't honour the timeout, we need to
        reimplement the repeated attempts.
        """
        last_exc = None
        attempts = []
        if prefer_standby := (
            get_param(params, "target_session_attrs") == "prefer-standby"
        ):
            params = {k: v for k, v in params.items() if k != "target_session_attrs"}
    
        for attempt in split_attempts(params):
            try:
                attempts.extend(_resolve_hostnames(attempt))
            except OSError as ex:
                last_exc = e.OperationalError(
                    f"failed to resolve host {attempt.get('host')!r}: {ex}"
                )
                logger.debug("%s", last_exc)
    
        if not attempts:
            assert last_exc
            # We couldn't resolve anything
&gt;           raise last_exc
E           sqlalchemy.exc.OperationalError: (psycopg.OperationalError) failed to resolve host 'example': [Errno 11001] getaddrinfo failed
E           (Background on this error at: https://sqlalche.me/e/20/e3q8)

C:\Users\balaj\AppData\Local\Programs\Python\Python312\Lib\site-packages\psycopg\_conninfo_attempts.py:55: OperationalError</error></testcase><testcase classname="tests.test_endpoints" name="test_get_my_donor_profile" time="2.272"><error message="failed on setup with &quot;sqlalchemy.exc.OperationalError: (psycopg.OperationalError) failed to resolve host 'example': [Errno 11001] getaddrinfo failed&#10;(Background on this error at: https://sqlalche.me/e/20/e3q8)&quot;">self = &lt;sqlalchemy.engine.base.Connection object at 0x000002943524EE10&gt;
engine = Engine(postgresql+psycopg://example), connection = None
_has_events = None, _allow_revalidate = True, _allow_autobegin = True

    def __init__(
        self,
        engine: Engine,
        connection: Optional[PoolProxiedConnection] = None,
        _has_events: Optional[bool] = None,
        _allow_revalidate: bool = True,
        _allow_autobegin: bool = True,
    ):
        """Construct a new Connection."""
        self.engine = engine
        self.dialect = dialect = engine.dialect
    
        if connection is None:
            try:
&gt;               self._dbapi_connection = engine.raw_connection()
                                         ^^^^^^^^^^^^^^^^^^^^^^^

C:\Users\balaj\AppData\Local\Programs\Python\Python312\Lib\site-packages\sqlalchemy\engine\base.py:143: 
_ _ _ _ _ _ _ _ _ _ _ _ _ _ _ _ _ _ _ _ _ _ _ _ _ _ _ _ _ _ _ _ _ _ _ _ _ _ _ _
C:\Users\balaj\AppData\Local\Programs\Python\Python312\Lib\site-packages\sqlalchemy\engine\base.py:3317: in raw_connection
    return self.pool.connect()
           ^^^^^^^^^^^^^^^^^^^
C:\Users\balaj\AppData\Local\Programs\Python\Python312\Lib\site-packages\sqlalchemy\pool\base.py:448: in connect
    return _ConnectionFairy._checkout(self)
           ^^^^^^^^^^^^^^^^^^^^^^^^^^^^^^^^
C:\Users\balaj\AppData\Local\Programs\Python\Python312\Lib\site-packages\sqlalchemy\pool\base.py:1272: in _checkout
    fairy = _ConnectionRecord.checkout(pool)
            ^^^^^^^^^^^^^^^^^^^^^^^^^^^^^^^^
C:\Users\balaj\AppData\Local\Programs\Python\Python312\Lib\site-packages\sqlalchemy\pool\base.py:712: in checkout
    rec = pool._do_get()
          ^^^^^^^^^^^^^^
C:\Users\balaj\AppData\Local\Programs\Python\Python312\Lib\site-packages\sqlalchemy\pool\impl.py:177: in _do_get
    with util.safe_reraise():
C:\Users\balaj\AppData\Local\Programs\Python\Python312\Lib\site-packages\sqlalchemy\util\langhelpers.py:121: in __exit__
    raise exc_value.with_traceback(exc_tb)
C:\Users\balaj\AppData\Local\Programs\Python\Python312\Lib\site-packages\sqlalchemy\pool\impl.py:175: in _do_get
    return self._create_connection()
           ^^^^^^^^^^^^^^^^^^^^^^^^^
C:\Users\balaj\AppData\Local\Programs\Python\Python312\Lib\site-packages\sqlalchemy\pool\base.py:389: in _create_connection
    return _ConnectionRecord(self)
           ^^^^^^^^^^^^^^^^^^^^^^^
C:\Users\balaj\AppData\Local\Programs\Python\Python312\Lib\site-packages\sqlalchemy\pool\base.py:674: in __init__
    self.__connect()
C:\Users\balaj\AppData\Local\Programs\Python\Python312\Lib\site-packages\sqlalchemy\pool\base.py:900: in __connect
    with util.safe_reraise():
C:\Users\balaj\AppData\Local\Programs\Python\Python312\Lib\site-packages\sqlalchemy\util\langhelpers.py:121: in __exit__
    raise exc_value.with_traceback(exc_tb)
C:\Users\balaj\AppData\Local\Programs\Python\Python312\Lib\site-packages\sqlalchemy\pool\base.py:896: in __connect
    self.dbapi_connection = connection = pool._invoke_creator(self)
                                         ^^^^^^^^^^^^^^^^^^^^^^^^^^
C:\Users\balaj\AppData\Local\Programs\Python\Python312\Lib\site-packages\sqlalchemy\engine\create.py:667: in connect
    return dialect.connect(*cargs_tup, **cparams)
           ^^^^^^^^^^^^^^^^^^^^^^^^^^^^^^^^^^^^^^
C:\Users\balaj\AppData\Local\Programs\Python\Python312\Lib\site-packages\sqlalchemy\engine\default.py:630: in connect
    return self.loaded_dbapi.connect(*cargs, **cparams)  # type: ignore[no-any-return]  # NOQA: E501
           ^^^^^^^^^^^^^^^^^^^^^^^^^^^^^^^^^^^^^^^^^^^^
C:\Users\balaj\AppData\Local\Programs\Python\Python312\Lib\site-packages\psycopg\connection.py:100: in connect
    attempts = conninfo_attempts(params)
               ^^^^^^^^^^^^^^^^^^^^^^^^^
_ _ _ _ _ _ _ _ _ _ _ _ _ _ _ _ _ _ _ _ _ _ _ _ _ _ _ _ _ _ _ _ _ _ _ _ _ _ _ _

params = {'host': 'example'}

    def conninfo_attempts(params: ConnMapping) -&gt; list[ConnDict]:
        """Split a set of connection params on the single attempts to perform.
    
        A connection param can perform more than one attempt more than one ``host``
        is provided.
    
        Also perform async resolution of the hostname into hostaddr. Because a host
        can resolve to more than one address, this can lead to yield more attempts
        too. Raise `OperationalError` if no host could be resolved.
    
        Because the libpq async function doesn't honour the timeout, we need to
        reimplement the repeated attempts.
        """
        last_exc = None
        attempts = []
        if prefer_standby := (
            get_param(params, "target_session_attrs") == "prefer-standby"
        ):
            params = {k: v for k, v in params.items() if k != "target_session_attrs"}
    
        for attempt in split_attempts(params):
            try:
                attempts.extend(_resolve_hostnames(attempt))
            except OSError as ex:
                last_exc = e.OperationalError(
                    f"failed to resolve host {attempt.get('host')!r}: {ex}"
                )
                logger.debug("%s", last_exc)
    
        if not attempts:
            assert last_exc
            # We couldn't resolve anything
&gt;           raise last_exc
E           psycopg.OperationalError: failed to resolve host 'example': [Errno 11001] getaddrinfo failed

C:\Users\balaj\AppData\Local\Programs\Python\Python312\Lib\site-packages\psycopg\_conninfo_attempts.py:55: OperationalError

The above exception was the direct cause of the following exception:

fixturedef = &lt;FixtureDef argname='db' scope='function' baseid='tests'&gt;
request = &lt;SubRequest 'db' for &lt;Function test_get_my_donor_profile&gt;&gt;

    @pytest.hookimpl(wrapper=True)
    def pytest_fixture_setup(fixturedef: FixtureDef, request) -&gt; object | None:
        asyncio_mode = _get_asyncio_mode(request.config)
        if not _is_asyncio_fixture_function(fixturedef.func):
            if asyncio_mode == Mode.STRICT:
                # Ignore async fixtures without explicit asyncio mark in strict mode
                # This applies to pytest_trio fixtures, for example
&gt;               return (yield)
                        ^^^^^

C:\Users\balaj\AppData\Local\Programs\Python\Python312\Lib\site-packages\pytest_asyncio\plugin.py:728: 
_ _ _ _ _ _ _ _ _ _ _ _ _ _ _ _ _ _ _ _ _ _ _ _ _ _ _ _ _ _ _ _ _ _ _ _ _ _ _ _
tests\conftest.py:39: in db
    connection = engine.connect()
                 ^^^^^^^^^^^^^^^^
C:\Users\balaj\AppData\Local\Programs\Python\Python312\Lib\site-packages\sqlalchemy\engine\base.py:3293: in connect
    return self._connection_cls(self)
           ^^^^^^^^^^^^^^^^^^^^^^^^^^
C:\Users\balaj\AppData\Local\Programs\Python\Python312\Lib\site-packages\sqlalchemy\engine\base.py:145: in __init__
    Connection._handle_dbapi_exception_noconnection(
C:\Users\balaj\AppData\Local\Programs\Python\Python312\Lib\site-packages\sqlalchemy\engine\base.py:2448: in _handle_dbapi_exception_noconnection
    raise sqlalchemy_exception.with_traceback(exc_info[2]) from e
C:\Users\balaj\AppData\Local\Programs\Python\Python312\Lib\site-packages\sqlalchemy\engine\base.py:143: in __init__
    self._dbapi_connection = engine.raw_connection()
                             ^^^^^^^^^^^^^^^^^^^^^^^
C:\Users\balaj\AppData\Local\Programs\Python\Python312\Lib\site-packages\sqlalchemy\engine\base.py:3317: in raw_connection
    return self.pool.connect()
           ^^^^^^^^^^^^^^^^^^^
C:\Users\balaj\AppData\Local\Programs\Python\Python312\Lib\site-packages\sqlalchemy\pool\base.py:448: in connect
    return _ConnectionFairy._checkout(self)
           ^^^^^^^^^^^^^^^^^^^^^^^^^^^^^^^^
C:\Users\balaj\AppData\Local\Programs\Python\Python312\Lib\site-packages\sqlalchemy\pool\base.py:1272: in _checkout
    fairy = _ConnectionRecord.checkout(pool)
            ^^^^^^^^^^^^^^^^^^^^^^^^^^^^^^^^
C:\Users\balaj\AppData\Local\Programs\Python\Python312\Lib\site-packages\sqlalchemy\pool\base.py:712: in checkout
    rec = pool._do_get()
          ^^^^^^^^^^^^^^
C:\Users\balaj\AppData\Local\Programs\Python\Python312\Lib\site-packages\sqlalchemy\pool\impl.py:177: in _do_get
    with util.safe_reraise():
C:\Users\balaj\AppData\Local\Programs\Python\Python312\Lib\site-packages\sqlalchemy\util\langhelpers.py:121: in __exit__
    raise exc_value.with_traceback(exc_tb)
C:\Users\balaj\AppData\Local\Programs\Python\Python312\Lib\site-packages\sqlalchemy\pool\impl.py:175: in _do_get
    return self._create_connection()
           ^^^^^^^^^^^^^^^^^^^^^^^^^
C:\Users\balaj\AppData\Local\Programs\Python\Python312\Lib\site-packages\sqlalchemy\pool\base.py:389: in _create_connection
    return _ConnectionRecord(self)
           ^^^^^^^^^^^^^^^^^^^^^^^
C:\Users\balaj\AppData\Local\Programs\Python\Python312\Lib\site-packages\sqlalchemy\pool\base.py:674: in __init__
    self.__connect()
C:\Users\balaj\AppData\Local\Programs\Python\Python312\Lib\site-packages\sqlalchemy\pool\base.py:900: in __connect
    with util.safe_reraise():
C:\Users\balaj\AppData\Local\Programs\Python\Python312\Lib\site-packages\sqlalchemy\util\langhelpers.py:121: in __exit__
    raise exc_value.with_traceback(exc_tb)
C:\Users\balaj\AppData\Local\Programs\Python\Python312\Lib\site-packages\sqlalchemy\pool\base.py:896: in __connect
    self.dbapi_connection = connection = pool._invoke_creator(self)
                                         ^^^^^^^^^^^^^^^^^^^^^^^^^^
C:\Users\balaj\AppData\Local\Programs\Python\Python312\Lib\site-packages\sqlalchemy\engine\create.py:667: in connect
    return dialect.connect(*cargs_tup, **cparams)
           ^^^^^^^^^^^^^^^^^^^^^^^^^^^^^^^^^^^^^^
C:\Users\balaj\AppData\Local\Programs\Python\Python312\Lib\site-packages\sqlalchemy\engine\default.py:630: in connect
    return self.loaded_dbapi.connect(*cargs, **cparams)  # type: ignore[no-any-return]  # NOQA: E501
           ^^^^^^^^^^^^^^^^^^^^^^^^^^^^^^^^^^^^^^^^^^^^
C:\Users\balaj\AppData\Local\Programs\Python\Python312\Lib\site-packages\psycopg\connection.py:100: in connect
    attempts = conninfo_attempts(params)
               ^^^^^^^^^^^^^^^^^^^^^^^^^
_ _ _ _ _ _ _ _ _ _ _ _ _ _ _ _ _ _ _ _ _ _ _ _ _ _ _ _ _ _ _ _ _ _ _ _ _ _ _ _

params = {'host': 'example'}

    def conninfo_attempts(params: ConnMapping) -&gt; list[ConnDict]:
        """Split a set of connection params on the single attempts to perform.
    
        A connection param can perform more than one attempt more than one ``host``
        is provided.
    
        Also perform async resolution of the hostname into hostaddr. Because a host
        can resolve to more than one address, this can lead to yield more attempts
        too. Raise `OperationalError` if no host could be resolved.
    
        Because the libpq async function doesn't honour the timeout, we need to
        reimplement the repeated attempts.
        """
        last_exc = None
        attempts = []
        if prefer_standby := (
            get_param(params, "target_session_attrs") == "prefer-standby"
        ):
            params = {k: v for k, v in params.items() if k != "target_session_attrs"}
    
        for attempt in split_attempts(params):
            try:
                attempts.extend(_resolve_hostnames(attempt))
            except OSError as ex:
                last_exc = e.OperationalError(
                    f"failed to resolve host {attempt.get('host')!r}: {ex}"
                )
                logger.debug("%s", last_exc)
    
        if not attempts:
            assert last_exc
            # We couldn't resolve anything
&gt;           raise last_exc
E           sqlalchemy.exc.OperationalError: (psycopg.OperationalError) failed to resolve host 'example': [Errno 11001] getaddrinfo failed
E           (Background on this error at: https://sqlalche.me/e/20/e3q8)

C:\Users\balaj\AppData\Local\Programs\Python\Python312\Lib\site-packages\psycopg\_conninfo_attempts.py:55: OperationalError</error></testcase><testcase classname="tests.test_endpoints" name="test_get_donor_by_id" time="2.270"><error message="failed on setup with &quot;sqlalchemy.exc.OperationalError: (psycopg.OperationalError) failed to resolve host 'example': [Errno 11001] getaddrinfo failed&#10;(Background on this error at: https://sqlalche.me/e/20/e3q8)&quot;">self = &lt;sqlalchemy.engine.base.Connection object at 0x000002943524F710&gt;
engine = Engine(postgresql+psycopg://example), connection = None
_has_events = None, _allow_revalidate = True, _allow_autobegin = True

    def __init__(
        self,
        engine: Engine,
        connection: Optional[PoolProxiedConnection] = None,
        _has_events: Optional[bool] = None,
        _allow_revalidate: bool = True,
        _allow_autobegin: bool = True,
    ):
        """Construct a new Connection."""
        self.engine = engine
        self.dialect = dialect = engine.dialect
    
        if connection is None:
            try:
&gt;               self._dbapi_connection = engine.raw_connection()
                                         ^^^^^^^^^^^^^^^^^^^^^^^

C:\Users\balaj\AppData\Local\Programs\Python\Python312\Lib\site-packages\sqlalchemy\engine\base.py:143: 
_ _ _ _ _ _ _ _ _ _ _ _ _ _ _ _ _ _ _ _ _ _ _ _ _ _ _ _ _ _ _ _ _ _ _ _ _ _ _ _
C:\Users\balaj\AppData\Local\Programs\Python\Python312\Lib\site-packages\sqlalchemy\engine\base.py:3317: in raw_connection
    return self.pool.connect()
           ^^^^^^^^^^^^^^^^^^^
C:\Users\balaj\AppData\Local\Programs\Python\Python312\Lib\site-packages\sqlalchemy\pool\base.py:448: in connect
    return _ConnectionFairy._checkout(self)
           ^^^^^^^^^^^^^^^^^^^^^^^^^^^^^^^^
C:\Users\balaj\AppData\Local\Programs\Python\Python312\Lib\site-packages\sqlalchemy\pool\base.py:1272: in _checkout
    fairy = _ConnectionRecord.checkout(pool)
            ^^^^^^^^^^^^^^^^^^^^^^^^^^^^^^^^
C:\Users\balaj\AppData\Local\Programs\Python\Python312\Lib\site-packages\sqlalchemy\pool\base.py:712: in checkout
    rec = pool._do_get()
          ^^^^^^^^^^^^^^
C:\Users\balaj\AppData\Local\Programs\Python\Python312\Lib\site-packages\sqlalchemy\pool\impl.py:177: in _do_get
    with util.safe_reraise():
C:\Users\balaj\AppData\Local\Programs\Python\Python312\Lib\site-packages\sqlalchemy\util\langhelpers.py:121: in __exit__
    raise exc_value.with_traceback(exc_tb)
C:\Users\balaj\AppData\Local\Programs\Python\Python312\Lib\site-packages\sqlalchemy\pool\impl.py:175: in _do_get
    return self._create_connection()
           ^^^^^^^^^^^^^^^^^^^^^^^^^
C:\Users\balaj\AppData\Local\Programs\Python\Python312\Lib\site-packages\sqlalchemy\pool\base.py:389: in _create_connection
    return _ConnectionRecord(self)
           ^^^^^^^^^^^^^^^^^^^^^^^
C:\Users\balaj\AppData\Local\Programs\Python\Python312\Lib\site-packages\sqlalchemy\pool\base.py:674: in __init__
    self.__connect()
C:\Users\balaj\AppData\Local\Programs\Python\Python312\Lib\site-packages\sqlalchemy\pool\base.py:900: in __connect
    with util.safe_reraise():
C:\Users\balaj\AppData\Local\Programs\Python\Python312\Lib\site-packages\sqlalchemy\util\langhelpers.py:121: in __exit__
    raise exc_value.with_traceback(exc_tb)
C:\Users\balaj\AppData\Local\Programs\Python\Python312\Lib\site-packages\sqlalchemy\pool\base.py:896: in __connect
    self.dbapi_connection = connection = pool._invoke_creator(self)
                                         ^^^^^^^^^^^^^^^^^^^^^^^^^^
C:\Users\balaj\AppData\Local\Programs\Python\Python312\Lib\site-packages\sqlalchemy\engine\create.py:667: in connect
    return dialect.connect(*cargs_tup, **cparams)
           ^^^^^^^^^^^^^^^^^^^^^^^^^^^^^^^^^^^^^^
C:\Users\balaj\AppData\Local\Programs\Python\Python312\Lib\site-packages\sqlalchemy\engine\default.py:630: in connect
    return self.loaded_dbapi.connect(*cargs, **cparams)  # type: ignore[no-any-return]  # NOQA: E501
           ^^^^^^^^^^^^^^^^^^^^^^^^^^^^^^^^^^^^^^^^^^^^
C:\Users\balaj\AppData\Local\Programs\Python\Python312\Lib\site-packages\psycopg\connection.py:100: in connect
    attempts = conninfo_attempts(params)
               ^^^^^^^^^^^^^^^^^^^^^^^^^
_ _ _ _ _ _ _ _ _ _ _ _ _ _ _ _ _ _ _ _ _ _ _ _ _ _ _ _ _ _ _ _ _ _ _ _ _ _ _ _

params = {'host': 'example'}

    def conninfo_attempts(params: ConnMapping) -&gt; list[ConnDict]:
        """Split a set of connection params on the single attempts to perform.
    
        A connection param can perform more than one attempt more than one ``host``
        is provided.
    
        Also perform async resolution of the hostname into hostaddr. Because a host
        can resolve to more than one address, this can lead to yield more attempts
        too. Raise `OperationalError` if no host could be resolved.
    
        Because the libpq async function doesn't honour the timeout, we need to
        reimplement the repeated attempts.
        """
        last_exc = None
        attempts = []
        if prefer_standby := (
            get_param(params, "target_session_attrs") == "prefer-standby"
        ):
            params = {k: v for k, v in params.items() if k != "target_session_attrs"}
    
        for attempt in split_attempts(params):
            try:
                attempts.extend(_resolve_hostnames(attempt))
            except OSError as ex:
                last_exc = e.OperationalError(
                    f"failed to resolve host {attempt.get('host')!r}: {ex}"
                )
                logger.debug("%s", last_exc)
    
        if not attempts:
            assert last_exc
            # We couldn't resolve anything
&gt;           raise last_exc
E           psycopg.OperationalError: failed to resolve host 'example': [Errno 11001] getaddrinfo failed

C:\Users\balaj\AppData\Local\Programs\Python\Python312\Lib\site-packages\psycopg\_conninfo_attempts.py:55: OperationalError

The above exception was the direct cause of the following exception:

fixturedef = &lt;FixtureDef argname='db' scope='function' baseid='tests'&gt;
request = &lt;SubRequest 'db' for &lt;Function test_get_donor_by_id&gt;&gt;

    @pytest.hookimpl(wrapper=True)
    def pytest_fixture_setup(fixturedef: FixtureDef, request) -&gt; object | None:
        asyncio_mode = _get_asyncio_mode(request.config)
        if not _is_asyncio_fixture_function(fixturedef.func):
            if asyncio_mode == Mode.STRICT:
                # Ignore async fixtures without explicit asyncio mark in strict mode
                # This applies to pytest_trio fixtures, for example
&gt;               return (yield)
                        ^^^^^

C:\Users\balaj\AppData\Local\Programs\Python\Python312\Lib\site-packages\pytest_asyncio\plugin.py:728: 
_ _ _ _ _ _ _ _ _ _ _ _ _ _ _ _ _ _ _ _ _ _ _ _ _ _ _ _ _ _ _ _ _ _ _ _ _ _ _ _
tests\conftest.py:39: in db
    connection = engine.connect()
                 ^^^^^^^^^^^^^^^^
C:\Users\balaj\AppData\Local\Programs\Python\Python312\Lib\site-packages\sqlalchemy\engine\base.py:3293: in connect
    return self._connection_cls(self)
           ^^^^^^^^^^^^^^^^^^^^^^^^^^
C:\Users\balaj\AppData\Local\Programs\Python\Python312\Lib\site-packages\sqlalchemy\engine\base.py:145: in __init__
    Connection._handle_dbapi_exception_noconnection(
C:\Users\balaj\AppData\Local\Programs\Python\Python312\Lib\site-packages\sqlalchemy\engine\base.py:2448: in _handle_dbapi_exception_noconnection
    raise sqlalchemy_exception.with_traceback(exc_info[2]) from e
C:\Users\balaj\AppData\Local\Programs\Python\Python312\Lib\site-packages\sqlalchemy\engine\base.py:143: in __init__
    self._dbapi_connection = engine.raw_connection()
                             ^^^^^^^^^^^^^^^^^^^^^^^
C:\Users\balaj\AppData\Local\Programs\Python\Python312\Lib\site-packages\sqlalchemy\engine\base.py:3317: in raw_connection
    return self.pool.connect()
           ^^^^^^^^^^^^^^^^^^^
C:\Users\balaj\AppData\Local\Programs\Python\Python312\Lib\site-packages\sqlalchemy\pool\base.py:448: in connect
    return _ConnectionFairy._checkout(self)
           ^^^^^^^^^^^^^^^^^^^^^^^^^^^^^^^^
C:\Users\balaj\AppData\Local\Programs\Python\Python312\Lib\site-packages\sqlalchemy\pool\base.py:1272: in _checkout
    fairy = _ConnectionRecord.checkout(pool)
            ^^^^^^^^^^^^^^^^^^^^^^^^^^^^^^^^
C:\Users\balaj\AppData\Local\Programs\Python\Python312\Lib\site-packages\sqlalchemy\pool\base.py:712: in checkout
    rec = pool._do_get()
          ^^^^^^^^^^^^^^
C:\Users\balaj\AppData\Local\Programs\Python\Python312\Lib\site-packages\sqlalchemy\pool\impl.py:177: in _do_get
    with util.safe_reraise():
C:\Users\balaj\AppData\Local\Programs\Python\Python312\Lib\site-packages\sqlalchemy\util\langhelpers.py:121: in __exit__
    raise exc_value.with_traceback(exc_tb)
C:\Users\balaj\AppData\Local\Programs\Python\Python312\Lib\site-packages\sqlalchemy\pool\impl.py:175: in _do_get
    return self._create_connection()
           ^^^^^^^^^^^^^^^^^^^^^^^^^
C:\Users\balaj\AppData\Local\Programs\Python\Python312\Lib\site-packages\sqlalchemy\pool\base.py:389: in _create_connection
    return _ConnectionRecord(self)
           ^^^^^^^^^^^^^^^^^^^^^^^
C:\Users\balaj\AppData\Local\Programs\Python\Python312\Lib\site-packages\sqlalchemy\pool\base.py:674: in __init__
    self.__connect()
C:\Users\balaj\AppData\Local\Programs\Python\Python312\Lib\site-packages\sqlalchemy\pool\base.py:900: in __connect
    with util.safe_reraise():
C:\Users\balaj\AppData\Local\Programs\Python\Python312\Lib\site-packages\sqlalchemy\util\langhelpers.py:121: in __exit__
    raise exc_value.with_traceback(exc_tb)
C:\Users\balaj\AppData\Local\Programs\Python\Python312\Lib\site-packages\sqlalchemy\pool\base.py:896: in __connect
    self.dbapi_connection = connection = pool._invoke_creator(self)
                                         ^^^^^^^^^^^^^^^^^^^^^^^^^^
C:\Users\balaj\AppData\Local\Programs\Python\Python312\Lib\site-packages\sqlalchemy\engine\create.py:667: in connect
    return dialect.connect(*cargs_tup, **cparams)
           ^^^^^^^^^^^^^^^^^^^^^^^^^^^^^^^^^^^^^^
C:\Users\balaj\AppData\Local\Programs\Python\Python312\Lib\site-packages\sqlalchemy\engine\default.py:630: in connect
    return self.loaded_dbapi.connect(*cargs, **cparams)  # type: ignore[no-any-return]  # NOQA: E501
           ^^^^^^^^^^^^^^^^^^^^^^^^^^^^^^^^^^^^^^^^^^^^
C:\Users\balaj\AppData\Local\Programs\Python\Python312\Lib\site-packages\psycopg\connection.py:100: in connect
    attempts = conninfo_attempts(params)
               ^^^^^^^^^^^^^^^^^^^^^^^^^
_ _ _ _ _ _ _ _ _ _ _ _ _ _ _ _ _ _ _ _ _ _ _ _ _ _ _ _ _ _ _ _ _ _ _ _ _ _ _ _

params = {'host': 'example'}

    def conninfo_attempts(params: ConnMapping) -&gt; list[ConnDict]:
        """Split a set of connection params on the single attempts to perform.
    
        A connection param can perform more than one attempt more than one ``host``
        is provided.
    
        Also perform async resolution of the hostname into hostaddr. Because a host
        can resolve to more than one address, this can lead to yield more attempts
        too. Raise `OperationalError` if no host could be resolved.
    
        Because the libpq async function doesn't honour the timeout, we need to
        reimplement the repeated attempts.
        """
        last_exc = None
        attempts = []
        if prefer_standby := (
            get_param(params, "target_session_attrs") == "prefer-standby"
        ):
            params = {k: v for k, v in params.items() if k != "target_session_attrs"}
    
        for attempt in split_attempts(params):
            try:
                attempts.extend(_resolve_hostnames(attempt))
            except OSError as ex:
                last_exc = e.OperationalError(
                    f"failed to resolve host {attempt.get('host')!r}: {ex}"
                )
                logger.debug("%s", last_exc)
    
        if not attempts:
            assert last_exc
            # We couldn't resolve anything
&gt;           raise last_exc
E           sqlalchemy.exc.OperationalError: (psycopg.OperationalError) failed to resolve host 'example': [Errno 11001] getaddrinfo failed
E           (Background on this error at: https://sqlalche.me/e/20/e3q8)

C:\Users\balaj\AppData\Local\Programs\Python\Python312\Lib\site-packages\psycopg\_conninfo_attempts.py:55: OperationalError</error></testcase><testcase classname="tests.test_endpoints" name="test_get_donor_tasks" time="2.285"><error message="failed on setup with &quot;sqlalchemy.exc.OperationalError: (psycopg.OperationalError) failed to resolve host 'example': [Errno 11001] getaddrinfo failed&#10;(Background on this error at: https://sqlalche.me/e/20/e3q8)&quot;">self = &lt;sqlalchemy.engine.base.Connection object at 0x0000029435250560&gt;
engine = Engine(postgresql+psycopg://example), connection = None
_has_events = None, _allow_revalidate = True, _allow_autobegin = True

    def __init__(
        self,
        engine: Engine,
        connection: Optional[PoolProxiedConnection] = None,
        _has_events: Optional[bool] = None,
        _allow_revalidate: bool = True,
        _allow_autobegin: bool = True,
    ):
        """Construct a new Connection."""
        self.engine = engine
        self.dialect = dialect = engine.dialect
    
        if connection is None:
            try:
&gt;               self._dbapi_connection = engine.raw_connection()
                                         ^^^^^^^^^^^^^^^^^^^^^^^

C:\Users\balaj\AppData\Local\Programs\Python\Python312\Lib\site-packages\sqlalchemy\engine\base.py:143: 
_ _ _ _ _ _ _ _ _ _ _ _ _ _ _ _ _ _ _ _ _ _ _ _ _ _ _ _ _ _ _ _ _ _ _ _ _ _ _ _
C:\Users\balaj\AppData\Local\Programs\Python\Python312\Lib\site-packages\sqlalchemy\engine\base.py:3317: in raw_connection
    return self.pool.connect()
           ^^^^^^^^^^^^^^^^^^^
C:\Users\balaj\AppData\Local\Programs\Python\Python312\Lib\site-packages\sqlalchemy\pool\base.py:448: in connect
    return _ConnectionFairy._checkout(self)
           ^^^^^^^^^^^^^^^^^^^^^^^^^^^^^^^^
C:\Users\balaj\AppData\Local\Programs\Python\Python312\Lib\site-packages\sqlalchemy\pool\base.py:1272: in _checkout
    fairy = _ConnectionRecord.checkout(pool)
            ^^^^^^^^^^^^^^^^^^^^^^^^^^^^^^^^
C:\Users\balaj\AppData\Local\Programs\Python\Python312\Lib\site-packages\sqlalchemy\pool\base.py:712: in checkout
    rec = pool._do_get()
          ^^^^^^^^^^^^^^
C:\Users\balaj\AppData\Local\Programs\Python\Python312\Lib\site-packages\sqlalchemy\pool\impl.py:177: in _do_get
    with util.safe_reraise():
C:\Users\balaj\AppData\Local\Programs\Python\Python312\Lib\site-packages\sqlalchemy\util\langhelpers.py:121: in __exit__
    raise exc_value.with_traceback(exc_tb)
C:\Users\balaj\AppData\Local\Programs\Python\Python312\Lib\site-packages\sqlalchemy\pool\impl.py:175: in _do_get
    return self._create_connection()
           ^^^^^^^^^^^^^^^^^^^^^^^^^
C:\Users\balaj\AppData\Local\Programs\Python\Python312\Lib\site-packages\sqlalchemy\pool\base.py:389: in _create_connection
    return _ConnectionRecord(self)
           ^^^^^^^^^^^^^^^^^^^^^^^
C:\Users\balaj\AppData\Local\Programs\Python\Python312\Lib\site-packages\sqlalchemy\pool\base.py:674: in __init__
    self.__connect()
C:\Users\balaj\AppData\Local\Programs\Python\Python312\Lib\site-packages\sqlalchemy\pool\base.py:900: in __connect
    with util.safe_reraise():
C:\Users\balaj\AppData\Local\Programs\Python\Python312\Lib\site-packages\sqlalchemy\util\langhelpers.py:121: in __exit__
    raise exc_value.with_traceback(exc_tb)
C:\Users\balaj\AppData\Local\Programs\Python\Python312\Lib\site-packages\sqlalchemy\pool\base.py:896: in __connect
    self.dbapi_connection = connection = pool._invoke_creator(self)
                                         ^^^^^^^^^^^^^^^^^^^^^^^^^^
C:\Users\balaj\AppData\Local\Programs\Python\Python312\Lib\site-packages\sqlalchemy\engine\create.py:667: in connect
    return dialect.connect(*cargs_tup, **cparams)
           ^^^^^^^^^^^^^^^^^^^^^^^^^^^^^^^^^^^^^^
C:\Users\balaj\AppData\Local\Programs\Python\Python312\Lib\site-packages\sqlalchemy\engine\default.py:630: in connect
    return self.loaded_dbapi.connect(*cargs, **cparams)  # type: ignore[no-any-return]  # NOQA: E501
           ^^^^^^^^^^^^^^^^^^^^^^^^^^^^^^^^^^^^^^^^^^^^
C:\Users\balaj\AppData\Local\Programs\Python\Python312\Lib\site-packages\psycopg\connection.py:100: in connect
    attempts = conninfo_attempts(params)
               ^^^^^^^^^^^^^^^^^^^^^^^^^
_ _ _ _ _ _ _ _ _ _ _ _ _ _ _ _ _ _ _ _ _ _ _ _ _ _ _ _ _ _ _ _ _ _ _ _ _ _ _ _

params = {'host': 'example'}

    def conninfo_attempts(params: ConnMapping) -&gt; list[ConnDict]:
        """Split a set of connection params on the single attempts to perform.
    
        A connection param can perform more than one attempt more than one ``host``
        is provided.
    
        Also perform async resolution of the hostname into hostaddr. Because a host
        can resolve to more than one address, this can lead to yield more attempts
        too. Raise `OperationalError` if no host could be resolved.
    
        Because the libpq async function doesn't honour the timeout, we need to
        reimplement the repeated attempts.
        """
        last_exc = None
        attempts = []
        if prefer_standby := (
            get_param(params, "target_session_attrs") == "prefer-standby"
        ):
            params = {k: v for k, v in params.items() if k != "target_session_attrs"}
    
        for attempt in split_attempts(params):
            try:
                attempts.extend(_resolve_hostnames(attempt))
            except OSError as ex:
                last_exc = e.OperationalError(
                    f"failed to resolve host {attempt.get('host')!r}: {ex}"
                )
                logger.debug("%s", last_exc)
    
        if not attempts:
            assert last_exc
            # We couldn't resolve anything
&gt;           raise last_exc
E           psycopg.OperationalError: failed to resolve host 'example': [Errno 11001] getaddrinfo failed

C:\Users\balaj\AppData\Local\Programs\Python\Python312\Lib\site-packages\psycopg\_conninfo_attempts.py:55: OperationalError

The above exception was the direct cause of the following exception:

fixturedef = &lt;FixtureDef argname='db' scope='function' baseid='tests'&gt;
request = &lt;SubRequest 'db' for &lt;Function test_get_donor_tasks&gt;&gt;

    @pytest.hookimpl(wrapper=True)
    def pytest_fixture_setup(fixturedef: FixtureDef, request) -&gt; object | None:
        asyncio_mode = _get_asyncio_mode(request.config)
        if not _is_asyncio_fixture_function(fixturedef.func):
            if asyncio_mode == Mode.STRICT:
                # Ignore async fixtures without explicit asyncio mark in strict mode
                # This applies to pytest_trio fixtures, for example
&gt;               return (yield)
                        ^^^^^

C:\Users\balaj\AppData\Local\Programs\Python\Python312\Lib\site-packages\pytest_asyncio\plugin.py:728: 
_ _ _ _ _ _ _ _ _ _ _ _ _ _ _ _ _ _ _ _ _ _ _ _ _ _ _ _ _ _ _ _ _ _ _ _ _ _ _ _
tests\conftest.py:39: in db
    connection = engine.connect()
                 ^^^^^^^^^^^^^^^^
C:\Users\balaj\AppData\Local\Programs\Python\Python312\Lib\site-packages\sqlalchemy\engine\base.py:3293: in connect
    return self._connection_cls(self)
           ^^^^^^^^^^^^^^^^^^^^^^^^^^
C:\Users\balaj\AppData\Local\Programs\Python\Python312\Lib\site-packages\sqlalchemy\engine\base.py:145: in __init__
    Connection._handle_dbapi_exception_noconnection(
C:\Users\balaj\AppData\Local\Programs\Python\Python312\Lib\site-packages\sqlalchemy\engine\base.py:2448: in _handle_dbapi_exception_noconnection
    raise sqlalchemy_exception.with_traceback(exc_info[2]) from e
C:\Users\balaj\AppData\Local\Programs\Python\Python312\Lib\site-packages\sqlalchemy\engine\base.py:143: in __init__
    self._dbapi_connection = engine.raw_connection()
                             ^^^^^^^^^^^^^^^^^^^^^^^
C:\Users\balaj\AppData\Local\Programs\Python\Python312\Lib\site-packages\sqlalchemy\engine\base.py:3317: in raw_connection
    return self.pool.connect()
           ^^^^^^^^^^^^^^^^^^^
C:\Users\balaj\AppData\Local\Programs\Python\Python312\Lib\site-packages\sqlalchemy\pool\base.py:448: in connect
    return _ConnectionFairy._checkout(self)
           ^^^^^^^^^^^^^^^^^^^^^^^^^^^^^^^^
C:\Users\balaj\AppData\Local\Programs\Python\Python312\Lib\site-packages\sqlalchemy\pool\base.py:1272: in _checkout
    fairy = _ConnectionRecord.checkout(pool)
            ^^^^^^^^^^^^^^^^^^^^^^^^^^^^^^^^
C:\Users\balaj\AppData\Local\Programs\Python\Python312\Lib\site-packages\sqlalchemy\pool\base.py:712: in checkout
    rec = pool._do_get()
          ^^^^^^^^^^^^^^
C:\Users\balaj\AppData\Local\Programs\Python\Python312\Lib\site-packages\sqlalchemy\pool\impl.py:177: in _do_get
    with util.safe_reraise():
C:\Users\balaj\AppData\Local\Programs\Python\Python312\Lib\site-packages\sqlalchemy\util\langhelpers.py:121: in __exit__
    raise exc_value.with_traceback(exc_tb)
C:\Users\balaj\AppData\Local\Programs\Python\Python312\Lib\site-packages\sqlalchemy\pool\impl.py:175: in _do_get
    return self._create_connection()
           ^^^^^^^^^^^^^^^^^^^^^^^^^
C:\Users\balaj\AppData\Local\Programs\Python\Python312\Lib\site-packages\sqlalchemy\pool\base.py:389: in _create_connection
    return _ConnectionRecord(self)
           ^^^^^^^^^^^^^^^^^^^^^^^
C:\Users\balaj\AppData\Local\Programs\Python\Python312\Lib\site-packages\sqlalchemy\pool\base.py:674: in __init__
    self.__connect()
C:\Users\balaj\AppData\Local\Programs\Python\Python312\Lib\site-packages\sqlalchemy\pool\base.py:900: in __connect
    with util.safe_reraise():
C:\Users\balaj\AppData\Local\Programs\Python\Python312\Lib\site-packages\sqlalchemy\util\langhelpers.py:121: in __exit__
    raise exc_value.with_traceback(exc_tb)
C:\Users\balaj\AppData\Local\Programs\Python\Python312\Lib\site-packages\sqlalchemy\pool\base.py:896: in __connect
    self.dbapi_connection = connection = pool._invoke_creator(self)
                                         ^^^^^^^^^^^^^^^^^^^^^^^^^^
C:\Users\balaj\AppData\Local\Programs\Python\Python312\Lib\site-packages\sqlalchemy\engine\create.py:667: in connect
    return dialect.connect(*cargs_tup, **cparams)
           ^^^^^^^^^^^^^^^^^^^^^^^^^^^^^^^^^^^^^^
C:\Users\balaj\AppData\Local\Programs\Python\Python312\Lib\site-packages\sqlalchemy\engine\default.py:630: in connect
    return self.loaded_dbapi.connect(*cargs, **cparams)  # type: ignore[no-any-return]  # NOQA: E501
           ^^^^^^^^^^^^^^^^^^^^^^^^^^^^^^^^^^^^^^^^^^^^
C:\Users\balaj\AppData\Local\Programs\Python\Python312\Lib\site-packages\psycopg\connection.py:100: in connect
    attempts = conninfo_attempts(params)
               ^^^^^^^^^^^^^^^^^^^^^^^^^
_ _ _ _ _ _ _ _ _ _ _ _ _ _ _ _ _ _ _ _ _ _ _ _ _ _ _ _ _ _ _ _ _ _ _ _ _ _ _ _

params = {'host': 'example'}

    def conninfo_attempts(params: ConnMapping) -&gt; list[ConnDict]:
        """Split a set of connection params on the single attempts to perform.
    
        A connection param can perform more than one attempt more than one ``host``
        is provided.
    
        Also perform async resolution of the hostname into hostaddr. Because a host
        can resolve to more than one address, this can lead to yield more attempts
        too. Raise `OperationalError` if no host could be resolved.
    
        Because the libpq async function doesn't honour the timeout, we need to
        reimplement the repeated attempts.
        """
        last_exc = None
        attempts = []
        if prefer_standby := (
            get_param(params, "target_session_attrs") == "prefer-standby"
        ):
            params = {k: v for k, v in params.items() if k != "target_session_attrs"}
    
        for attempt in split_attempts(params):
            try:
                attempts.extend(_resolve_hostnames(attempt))
            except OSError as ex:
                last_exc = e.OperationalError(
                    f"failed to resolve host {attempt.get('host')!r}: {ex}"
                )
                logger.debug("%s", last_exc)
    
        if not attempts:
            assert last_exc
            # We couldn't resolve anything
&gt;           raise last_exc
E           sqlalchemy.exc.OperationalError: (psycopg.OperationalError) failed to resolve host 'example': [Errno 11001] getaddrinfo failed
E           (Background on this error at: https://sqlalche.me/e/20/e3q8)

C:\Users\balaj\AppData\Local\Programs\Python\Python312\Lib\site-packages\psycopg\_conninfo_attempts.py:55: OperationalError</error></testcase><testcase classname="tests.test_endpoints" name="test_get_all_ngos" time="2.270"><error message="failed on setup with &quot;sqlalchemy.exc.OperationalError: (psycopg.OperationalError) failed to resolve host 'example': [Errno 11001] getaddrinfo failed&#10;(Background on this error at: https://sqlalche.me/e/20/e3q8)&quot;">self = &lt;sqlalchemy.engine.base.Connection object at 0x00000294352527E0&gt;
engine = Engine(postgresql+psycopg://example), connection = None
_has_events = None, _allow_revalidate = True, _allow_autobegin = True

    def __init__(
        self,
        engine: Engine,
        connection: Optional[PoolProxiedConnection] = None,
        _has_events: Optional[bool] = None,
        _allow_revalidate: bool = True,
        _allow_autobegin: bool = True,
    ):
        """Construct a new Connection."""
        self.engine = engine
        self.dialect = dialect = engine.dialect
    
        if connection is None:
            try:
&gt;               self._dbapi_connection = engine.raw_connection()
                                         ^^^^^^^^^^^^^^^^^^^^^^^

C:\Users\balaj\AppData\Local\Programs\Python\Python312\Lib\site-packages\sqlalchemy\engine\base.py:143: 
_ _ _ _ _ _ _ _ _ _ _ _ _ _ _ _ _ _ _ _ _ _ _ _ _ _ _ _ _ _ _ _ _ _ _ _ _ _ _ _
C:\Users\balaj\AppData\Local\Programs\Python\Python312\Lib\site-packages\sqlalchemy\engine\base.py:3317: in raw_connection
    return self.pool.connect()
           ^^^^^^^^^^^^^^^^^^^
C:\Users\balaj\AppData\Local\Programs\Python\Python312\Lib\site-packages\sqlalchemy\pool\base.py:448: in connect
    return _ConnectionFairy._checkout(self)
           ^^^^^^^^^^^^^^^^^^^^^^^^^^^^^^^^
C:\Users\balaj\AppData\Local\Programs\Python\Python312\Lib\site-packages\sqlalchemy\pool\base.py:1272: in _checkout
    fairy = _ConnectionRecord.checkout(pool)
            ^^^^^^^^^^^^^^^^^^^^^^^^^^^^^^^^
C:\Users\balaj\AppData\Local\Programs\Python\Python312\Lib\site-packages\sqlalchemy\pool\base.py:712: in checkout
    rec = pool._do_get()
          ^^^^^^^^^^^^^^
C:\Users\balaj\AppData\Local\Programs\Python\Python312\Lib\site-packages\sqlalchemy\pool\impl.py:177: in _do_get
    with util.safe_reraise():
C:\Users\balaj\AppData\Local\Programs\Python\Python312\Lib\site-packages\sqlalchemy\util\langhelpers.py:121: in __exit__
    raise exc_value.with_traceback(exc_tb)
C:\Users\balaj\AppData\Local\Programs\Python\Python312\Lib\site-packages\sqlalchemy\pool\impl.py:175: in _do_get
    return self._create_connection()
           ^^^^^^^^^^^^^^^^^^^^^^^^^
C:\Users\balaj\AppData\Local\Programs\Python\Python312\Lib\site-packages\sqlalchemy\pool\base.py:389: in _create_connection
    return _ConnectionRecord(self)
           ^^^^^^^^^^^^^^^^^^^^^^^
C:\Users\balaj\AppData\Local\Programs\Python\Python312\Lib\site-packages\sqlalchemy\pool\base.py:674: in __init__
    self.__connect()
C:\Users\balaj\AppData\Local\Programs\Python\Python312\Lib\site-packages\sqlalchemy\pool\base.py:900: in __connect
    with util.safe_reraise():
C:\Users\balaj\AppData\Local\Programs\Python\Python312\Lib\site-packages\sqlalchemy\util\langhelpers.py:121: in __exit__
    raise exc_value.with_traceback(exc_tb)
C:\Users\balaj\AppData\Local\Programs\Python\Python312\Lib\site-packages\sqlalchemy\pool\base.py:896: in __connect
    self.dbapi_connection = connection = pool._invoke_creator(self)
                                         ^^^^^^^^^^^^^^^^^^^^^^^^^^
C:\Users\balaj\AppData\Local\Programs\Python\Python312\Lib\site-packages\sqlalchemy\engine\create.py:667: in connect
    return dialect.connect(*cargs_tup, **cparams)
           ^^^^^^^^^^^^^^^^^^^^^^^^^^^^^^^^^^^^^^
C:\Users\balaj\AppData\Local\Programs\Python\Python312\Lib\site-packages\sqlalchemy\engine\default.py:630: in connect
    return self.loaded_dbapi.connect(*cargs, **cparams)  # type: ignore[no-any-return]  # NOQA: E501
           ^^^^^^^^^^^^^^^^^^^^^^^^^^^^^^^^^^^^^^^^^^^^
C:\Users\balaj\AppData\Local\Programs\Python\Python312\Lib\site-packages\psycopg\connection.py:100: in connect
    attempts = conninfo_attempts(params)
               ^^^^^^^^^^^^^^^^^^^^^^^^^
_ _ _ _ _ _ _ _ _ _ _ _ _ _ _ _ _ _ _ _ _ _ _ _ _ _ _ _ _ _ _ _ _ _ _ _ _ _ _ _

params = {'host': 'example'}

    def conninfo_attempts(params: ConnMapping) -&gt; list[ConnDict]:
        """Split a set of connection params on the single attempts to perform.
    
        A connection param can perform more than one attempt more than one ``host``
        is provided.
    
        Also perform async resolution of the hostname into hostaddr. Because a host
        can resolve to more than one address, this can lead to yield more attempts
        too. Raise `OperationalError` if no host could be resolved.
    
        Because the libpq async function doesn't honour the timeout, we need to
        reimplement the repeated attempts.
        """
        last_exc = None
        attempts = []
        if prefer_standby := (
            get_param(params, "target_session_attrs") == "prefer-standby"
        ):
            params = {k: v for k, v in params.items() if k != "target_session_attrs"}
    
        for attempt in split_attempts(params):
            try:
                attempts.extend(_resolve_hostnames(attempt))
            except OSError as ex:
                last_exc = e.OperationalError(
                    f"failed to resolve host {attempt.get('host')!r}: {ex}"
                )
                logger.debug("%s", last_exc)
    
        if not attempts:
            assert last_exc
            # We couldn't resolve anything
&gt;           raise last_exc
E           psycopg.OperationalError: failed to resolve host 'example': [Errno 11001] getaddrinfo failed

C:\Users\balaj\AppData\Local\Programs\Python\Python312\Lib\site-packages\psycopg\_conninfo_attempts.py:55: OperationalError

The above exception was the direct cause of the following exception:

fixturedef = &lt;FixtureDef argname='db' scope='function' baseid='tests'&gt;
request = &lt;SubRequest 'db' for &lt;Function test_get_all_ngos&gt;&gt;

    @pytest.hookimpl(wrapper=True)
    def pytest_fixture_setup(fixturedef: FixtureDef, request) -&gt; object | None:
        asyncio_mode = _get_asyncio_mode(request.config)
        if not _is_asyncio_fixture_function(fixturedef.func):
            if asyncio_mode == Mode.STRICT:
                # Ignore async fixtures without explicit asyncio mark in strict mode
                # This applies to pytest_trio fixtures, for example
&gt;               return (yield)
                        ^^^^^

C:\Users\balaj\AppData\Local\Programs\Python\Python312\Lib\site-packages\pytest_asyncio\plugin.py:728: 
_ _ _ _ _ _ _ _ _ _ _ _ _ _ _ _ _ _ _ _ _ _ _ _ _ _ _ _ _ _ _ _ _ _ _ _ _ _ _ _
tests\conftest.py:39: in db
    connection = engine.connect()
                 ^^^^^^^^^^^^^^^^
C:\Users\balaj\AppData\Local\Programs\Python\Python312\Lib\site-packages\sqlalchemy\engine\base.py:3293: in connect
    return self._connection_cls(self)
           ^^^^^^^^^^^^^^^^^^^^^^^^^^
C:\Users\balaj\AppData\Local\Programs\Python\Python312\Lib\site-packages\sqlalchemy\engine\base.py:145: in __init__
    Connection._handle_dbapi_exception_noconnection(
C:\Users\balaj\AppData\Local\Programs\Python\Python312\Lib\site-packages\sqlalchemy\engine\base.py:2448: in _handle_dbapi_exception_noconnection
    raise sqlalchemy_exception.with_traceback(exc_info[2]) from e
C:\Users\balaj\AppData\Local\Programs\Python\Python312\Lib\site-packages\sqlalchemy\engine\base.py:143: in __init__
    self._dbapi_connection = engine.raw_connection()
                             ^^^^^^^^^^^^^^^^^^^^^^^
C:\Users\balaj\AppData\Local\Programs\Python\Python312\Lib\site-packages\sqlalchemy\engine\base.py:3317: in raw_connection
    return self.pool.connect()
           ^^^^^^^^^^^^^^^^^^^
C:\Users\balaj\AppData\Local\Programs\Python\Python312\Lib\site-packages\sqlalchemy\pool\base.py:448: in connect
    return _ConnectionFairy._checkout(self)
           ^^^^^^^^^^^^^^^^^^^^^^^^^^^^^^^^
C:\Users\balaj\AppData\Local\Programs\Python\Python312\Lib\site-packages\sqlalchemy\pool\base.py:1272: in _checkout
    fairy = _ConnectionRecord.checkout(pool)
            ^^^^^^^^^^^^^^^^^^^^^^^^^^^^^^^^
C:\Users\balaj\AppData\Local\Programs\Python\Python312\Lib\site-packages\sqlalchemy\pool\base.py:712: in checkout
    rec = pool._do_get()
          ^^^^^^^^^^^^^^
C:\Users\balaj\AppData\Local\Programs\Python\Python312\Lib\site-packages\sqlalchemy\pool\impl.py:177: in _do_get
    with util.safe_reraise():
C:\Users\balaj\AppData\Local\Programs\Python\Python312\Lib\site-packages\sqlalchemy\util\langhelpers.py:121: in __exit__
    raise exc_value.with_traceback(exc_tb)
C:\Users\balaj\AppData\Local\Programs\Python\Python312\Lib\site-packages\sqlalchemy\pool\impl.py:175: in _do_get
    return self._create_connection()
           ^^^^^^^^^^^^^^^^^^^^^^^^^
C:\Users\balaj\AppData\Local\Programs\Python\Python312\Lib\site-packages\sqlalchemy\pool\base.py:389: in _create_connection
    return _ConnectionRecord(self)
           ^^^^^^^^^^^^^^^^^^^^^^^
C:\Users\balaj\AppData\Local\Programs\Python\Python312\Lib\site-packages\sqlalchemy\pool\base.py:674: in __init__
    self.__connect()
C:\Users\balaj\AppData\Local\Programs\Python\Python312\Lib\site-packages\sqlalchemy\pool\base.py:900: in __connect
    with util.safe_reraise():
C:\Users\balaj\AppData\Local\Programs\Python\Python312\Lib\site-packages\sqlalchemy\util\langhelpers.py:121: in __exit__
    raise exc_value.with_traceback(exc_tb)
C:\Users\balaj\AppData\Local\Programs\Python\Python312\Lib\site-packages\sqlalchemy\pool\base.py:896: in __connect
    self.dbapi_connection = connection = pool._invoke_creator(self)
                                         ^^^^^^^^^^^^^^^^^^^^^^^^^^
C:\Users\balaj\AppData\Local\Programs\Python\Python312\Lib\site-packages\sqlalchemy\engine\create.py:667: in connect
    return dialect.connect(*cargs_tup, **cparams)
           ^^^^^^^^^^^^^^^^^^^^^^^^^^^^^^^^^^^^^^
C:\Users\balaj\AppData\Local\Programs\Python\Python312\Lib\site-packages\sqlalchemy\engine\default.py:630: in connect
    return self.loaded_dbapi.connect(*cargs, **cparams)  # type: ignore[no-any-return]  # NOQA: E501
           ^^^^^^^^^^^^^^^^^^^^^^^^^^^^^^^^^^^^^^^^^^^^
C:\Users\balaj\AppData\Local\Programs\Python\Python312\Lib\site-packages\psycopg\connection.py:100: in connect
    attempts = conninfo_attempts(params)
               ^^^^^^^^^^^^^^^^^^^^^^^^^
_ _ _ _ _ _ _ _ _ _ _ _ _ _ _ _ _ _ _ _ _ _ _ _ _ _ _ _ _ _ _ _ _ _ _ _ _ _ _ _

params = {'host': 'example'}

    def conninfo_attempts(params: ConnMapping) -&gt; list[ConnDict]:
        """Split a set of connection params on the single attempts to perform.
    
        A connection param can perform more than one attempt more than one ``host``
        is provided.
    
        Also perform async resolution of the hostname into hostaddr. Because a host
        can resolve to more than one address, this can lead to yield more attempts
        too. Raise `OperationalError` if no host could be resolved.
    
        Because the libpq async function doesn't honour the timeout, we need to
        reimplement the repeated attempts.
        """
        last_exc = None
        attempts = []
        if prefer_standby := (
            get_param(params, "target_session_attrs") == "prefer-standby"
        ):
            params = {k: v for k, v in params.items() if k != "target_session_attrs"}
    
        for attempt in split_attempts(params):
            try:
                attempts.extend(_resolve_hostnames(attempt))
            except OSError as ex:
                last_exc = e.OperationalError(
                    f"failed to resolve host {attempt.get('host')!r}: {ex}"
                )
                logger.debug("%s", last_exc)
    
        if not attempts:
            assert last_exc
            # We couldn't resolve anything
&gt;           raise last_exc
E           sqlalchemy.exc.OperationalError: (psycopg.OperationalError) failed to resolve host 'example': [Errno 11001] getaddrinfo failed
E           (Background on this error at: https://sqlalche.me/e/20/e3q8)

C:\Users\balaj\AppData\Local\Programs\Python\Python312\Lib\site-packages\psycopg\_conninfo_attempts.py:55: OperationalError</error></testcase><testcase classname="tests.test_endpoints" name="test_create_ngo" time="2.281"><error message="failed on setup with &quot;sqlalchemy.exc.OperationalError: (psycopg.OperationalError) failed to resolve host 'example': [Errno 11001] getaddrinfo failed&#10;(Background on this error at: https://sqlalche.me/e/20/e3q8)&quot;">self = &lt;sqlalchemy.engine.base.Connection object at 0x00000294352555E0&gt;
engine = Engine(postgresql+psycopg://example), connection = None
_has_events = None, _allow_revalidate = True, _allow_autobegin = True

    def __init__(
        self,
        engine: Engine,
        connection: Optional[PoolProxiedConnection] = None,
        _has_events: Optional[bool] = None,
        _allow_revalidate: bool = True,
        _allow_autobegin: bool = True,
    ):
        """Construct a new Connection."""
        self.engine = engine
        self.dialect = dialect = engine.dialect
    
        if connection is None:
            try:
&gt;               self._dbapi_connection = engine.raw_connection()
                                         ^^^^^^^^^^^^^^^^^^^^^^^

C:\Users\balaj\AppData\Local\Programs\Python\Python312\Lib\site-packages\sqlalchemy\engine\base.py:143: 
_ _ _ _ _ _ _ _ _ _ _ _ _ _ _ _ _ _ _ _ _ _ _ _ _ _ _ _ _ _ _ _ _ _ _ _ _ _ _ _
C:\Users\balaj\AppData\Local\Programs\Python\Python312\Lib\site-packages\sqlalchemy\engine\base.py:3317: in raw_connection
    return self.pool.connect()
           ^^^^^^^^^^^^^^^^^^^
C:\Users\balaj\AppData\Local\Programs\Python\Python312\Lib\site-packages\sqlalchemy\pool\base.py:448: in connect
    return _ConnectionFairy._checkout(self)
           ^^^^^^^^^^^^^^^^^^^^^^^^^^^^^^^^
C:\Users\balaj\AppData\Local\Programs\Python\Python312\Lib\site-packages\sqlalchemy\pool\base.py:1272: in _checkout
    fairy = _ConnectionRecord.checkout(pool)
            ^^^^^^^^^^^^^^^^^^^^^^^^^^^^^^^^
C:\Users\balaj\AppData\Local\Programs\Python\Python312\Lib\site-packages\sqlalchemy\pool\base.py:712: in checkout
    rec = pool._do_get()
          ^^^^^^^^^^^^^^
C:\Users\balaj\AppData\Local\Programs\Python\Python312\Lib\site-packages\sqlalchemy\pool\impl.py:177: in _do_get
    with util.safe_reraise():
C:\Users\balaj\AppData\Local\Programs\Python\Python312\Lib\site-packages\sqlalchemy\util\langhelpers.py:121: in __exit__
    raise exc_value.with_traceback(exc_tb)
C:\Users\balaj\AppData\Local\Programs\Python\Python312\Lib\site-packages\sqlalchemy\pool\impl.py:175: in _do_get
    return self._create_connection()
           ^^^^^^^^^^^^^^^^^^^^^^^^^
C:\Users\balaj\AppData\Local\Programs\Python\Python312\Lib\site-packages\sqlalchemy\pool\base.py:389: in _create_connection
    return _ConnectionRecord(self)
           ^^^^^^^^^^^^^^^^^^^^^^^
C:\Users\balaj\AppData\Local\Programs\Python\Python312\Lib\site-packages\sqlalchemy\pool\base.py:674: in __init__
    self.__connect()
C:\Users\balaj\AppData\Local\Programs\Python\Python312\Lib\site-packages\sqlalchemy\pool\base.py:900: in __connect
    with util.safe_reraise():
C:\Users\balaj\AppData\Local\Programs\Python\Python312\Lib\site-packages\sqlalchemy\util\langhelpers.py:121: in __exit__
    raise exc_value.with_traceback(exc_tb)
C:\Users\balaj\AppData\Local\Programs\Python\Python312\Lib\site-packages\sqlalchemy\pool\base.py:896: in __connect
    self.dbapi_connection = connection = pool._invoke_creator(self)
                                         ^^^^^^^^^^^^^^^^^^^^^^^^^^
C:\Users\balaj\AppData\Local\Programs\Python\Python312\Lib\site-packages\sqlalchemy\engine\create.py:667: in connect
    return dialect.connect(*cargs_tup, **cparams)
           ^^^^^^^^^^^^^^^^^^^^^^^^^^^^^^^^^^^^^^
C:\Users\balaj\AppData\Local\Programs\Python\Python312\Lib\site-packages\sqlalchemy\engine\default.py:630: in connect
    return self.loaded_dbapi.connect(*cargs, **cparams)  # type: ignore[no-any-return]  # NOQA: E501
           ^^^^^^^^^^^^^^^^^^^^^^^^^^^^^^^^^^^^^^^^^^^^
C:\Users\balaj\AppData\Local\Programs\Python\Python312\Lib\site-packages\psycopg\connection.py:100: in connect
    attempts = conninfo_attempts(params)
               ^^^^^^^^^^^^^^^^^^^^^^^^^
_ _ _ _ _ _ _ _ _ _ _ _ _ _ _ _ _ _ _ _ _ _ _ _ _ _ _ _ _ _ _ _ _ _ _ _ _ _ _ _

params = {'host': 'example'}

    def conninfo_attempts(params: ConnMapping) -&gt; list[ConnDict]:
        """Split a set of connection params on the single attempts to perform.
    
        A connection param can perform more than one attempt more than one ``host``
        is provided.
    
        Also perform async resolution of the hostname into hostaddr. Because a host
        can resolve to more than one address, this can lead to yield more attempts
        too. Raise `OperationalError` if no host could be resolved.
    
        Because the libpq async function doesn't honour the timeout, we need to
        reimplement the repeated attempts.
        """
        last_exc = None
        attempts = []
        if prefer_standby := (
            get_param(params, "target_session_attrs") == "prefer-standby"
        ):
            params = {k: v for k, v in params.items() if k != "target_session_attrs"}
    
        for attempt in split_attempts(params):
            try:
                attempts.extend(_resolve_hostnames(attempt))
            except OSError as ex:
                last_exc = e.OperationalError(
                    f"failed to resolve host {attempt.get('host')!r}: {ex}"
                )
                logger.debug("%s", last_exc)
    
        if not attempts:
            assert last_exc
            # We couldn't resolve anything
&gt;           raise last_exc
E           psycopg.OperationalError: failed to resolve host 'example': [Errno 11001] getaddrinfo failed

C:\Users\balaj\AppData\Local\Programs\Python\Python312\Lib\site-packages\psycopg\_conninfo_attempts.py:55: OperationalError

The above exception was the direct cause of the following exception:

fixturedef = &lt;FixtureDef argname='db' scope='function' baseid='tests'&gt;
request = &lt;SubRequest 'db' for &lt;Function test_create_ngo&gt;&gt;

    @pytest.hookimpl(wrapper=True)
    def pytest_fixture_setup(fixturedef: FixtureDef, request) -&gt; object | None:
        asyncio_mode = _get_asyncio_mode(request.config)
        if not _is_asyncio_fixture_function(fixturedef.func):
            if asyncio_mode == Mode.STRICT:
                # Ignore async fixtures without explicit asyncio mark in strict mode
                # This applies to pytest_trio fixtures, for example
&gt;               return (yield)
                        ^^^^^

C:\Users\balaj\AppData\Local\Programs\Python\Python312\Lib\site-packages\pytest_asyncio\plugin.py:728: 
_ _ _ _ _ _ _ _ _ _ _ _ _ _ _ _ _ _ _ _ _ _ _ _ _ _ _ _ _ _ _ _ _ _ _ _ _ _ _ _
tests\conftest.py:39: in db
    connection = engine.connect()
                 ^^^^^^^^^^^^^^^^
C:\Users\balaj\AppData\Local\Programs\Python\Python312\Lib\site-packages\sqlalchemy\engine\base.py:3293: in connect
    return self._connection_cls(self)
           ^^^^^^^^^^^^^^^^^^^^^^^^^^
C:\Users\balaj\AppData\Local\Programs\Python\Python312\Lib\site-packages\sqlalchemy\engine\base.py:145: in __init__
    Connection._handle_dbapi_exception_noconnection(
C:\Users\balaj\AppData\Local\Programs\Python\Python312\Lib\site-packages\sqlalchemy\engine\base.py:2448: in _handle_dbapi_exception_noconnection
    raise sqlalchemy_exception.with_traceback(exc_info[2]) from e
C:\Users\balaj\AppData\Local\Programs\Python\Python312\Lib\site-packages\sqlalchemy\engine\base.py:143: in __init__
    self._dbapi_connection = engine.raw_connection()
                             ^^^^^^^^^^^^^^^^^^^^^^^
C:\Users\balaj\AppData\Local\Programs\Python\Python312\Lib\site-packages\sqlalchemy\engine\base.py:3317: in raw_connection
    return self.pool.connect()
           ^^^^^^^^^^^^^^^^^^^
C:\Users\balaj\AppData\Local\Programs\Python\Python312\Lib\site-packages\sqlalchemy\pool\base.py:448: in connect
    return _ConnectionFairy._checkout(self)
           ^^^^^^^^^^^^^^^^^^^^^^^^^^^^^^^^
C:\Users\balaj\AppData\Local\Programs\Python\Python312\Lib\site-packages\sqlalchemy\pool\base.py:1272: in _checkout
    fairy = _ConnectionRecord.checkout(pool)
            ^^^^^^^^^^^^^^^^^^^^^^^^^^^^^^^^
C:\Users\balaj\AppData\Local\Programs\Python\Python312\Lib\site-packages\sqlalchemy\pool\base.py:712: in checkout
    rec = pool._do_get()
          ^^^^^^^^^^^^^^
C:\Users\balaj\AppData\Local\Programs\Python\Python312\Lib\site-packages\sqlalchemy\pool\impl.py:177: in _do_get
    with util.safe_reraise():
C:\Users\balaj\AppData\Local\Programs\Python\Python312\Lib\site-packages\sqlalchemy\util\langhelpers.py:121: in __exit__
    raise exc_value.with_traceback(exc_tb)
C:\Users\balaj\AppData\Local\Programs\Python\Python312\Lib\site-packages\sqlalchemy\pool\impl.py:175: in _do_get
    return self._create_connection()
           ^^^^^^^^^^^^^^^^^^^^^^^^^
C:\Users\balaj\AppData\Local\Programs\Python\Python312\Lib\site-packages\sqlalchemy\pool\base.py:389: in _create_connection
    return _ConnectionRecord(self)
           ^^^^^^^^^^^^^^^^^^^^^^^
C:\Users\balaj\AppData\Local\Programs\Python\Python312\Lib\site-packages\sqlalchemy\pool\base.py:674: in __init__
    self.__connect()
C:\Users\balaj\AppData\Local\Programs\Python\Python312\Lib\site-packages\sqlalchemy\pool\base.py:900: in __connect
    with util.safe_reraise():
C:\Users\balaj\AppData\Local\Programs\Python\Python312\Lib\site-packages\sqlalchemy\util\langhelpers.py:121: in __exit__
    raise exc_value.with_traceback(exc_tb)
C:\Users\balaj\AppData\Local\Programs\Python\Python312\Lib\site-packages\sqlalchemy\pool\base.py:896: in __connect
    self.dbapi_connection = connection = pool._invoke_creator(self)
                                         ^^^^^^^^^^^^^^^^^^^^^^^^^^
C:\Users\balaj\AppData\Local\Programs\Python\Python312\Lib\site-packages\sqlalchemy\engine\create.py:667: in connect
    return dialect.connect(*cargs_tup, **cparams)
           ^^^^^^^^^^^^^^^^^^^^^^^^^^^^^^^^^^^^^^
C:\Users\balaj\AppData\Local\Programs\Python\Python312\Lib\site-packages\sqlalchemy\engine\default.py:630: in connect
    return self.loaded_dbapi.connect(*cargs, **cparams)  # type: ignore[no-any-return]  # NOQA: E501
           ^^^^^^^^^^^^^^^^^^^^^^^^^^^^^^^^^^^^^^^^^^^^
C:\Users\balaj\AppData\Local\Programs\Python\Python312\Lib\site-packages\psycopg\connection.py:100: in connect
    attempts = conninfo_attempts(params)
               ^^^^^^^^^^^^^^^^^^^^^^^^^
_ _ _ _ _ _ _ _ _ _ _ _ _ _ _ _ _ _ _ _ _ _ _ _ _ _ _ _ _ _ _ _ _ _ _ _ _ _ _ _

params = {'host': 'example'}

    def conninfo_attempts(params: ConnMapping) -&gt; list[ConnDict]:
        """Split a set of connection params on the single attempts to perform.
    
        A connection param can perform more than one attempt more than one ``host``
        is provided.
    
        Also perform async resolution of the hostname into hostaddr. Because a host
        can resolve to more than one address, this can lead to yield more attempts
        too. Raise `OperationalError` if no host could be resolved.
    
        Because the libpq async function doesn't honour the timeout, we need to
        reimplement the repeated attempts.
        """
        last_exc = None
        attempts = []
        if prefer_standby := (
            get_param(params, "target_session_attrs") == "prefer-standby"
        ):
            params = {k: v for k, v in params.items() if k != "target_session_attrs"}
    
        for attempt in split_attempts(params):
            try:
                attempts.extend(_resolve_hostnames(attempt))
            except OSError as ex:
                last_exc = e.OperationalError(
                    f"failed to resolve host {attempt.get('host')!r}: {ex}"
                )
                logger.debug("%s", last_exc)
    
        if not attempts:
            assert last_exc
            # We couldn't resolve anything
&gt;           raise last_exc
E           sqlalchemy.exc.OperationalError: (psycopg.OperationalError) failed to resolve host 'example': [Errno 11001] getaddrinfo failed
E           (Background on this error at: https://sqlalche.me/e/20/e3q8)

C:\Users\balaj\AppData\Local\Programs\Python\Python312\Lib\site-packages\psycopg\_conninfo_attempts.py:55: OperationalError</error></testcase><testcase classname="tests.test_endpoints" name="test_get_my_ngo_profile" time="2.262"><error message="failed on setup with &quot;sqlalchemy.exc.OperationalError: (psycopg.OperationalError) failed to resolve host 'example': [Errno 11001] getaddrinfo failed&#10;(Background on this error at: https://sqlalche.me/e/20/e3q8)&quot;">self = &lt;sqlalchemy.engine.base.Connection object at 0x00000294352DA9F0&gt;
engine = Engine(postgresql+psycopg://example), connection = None
_has_events = None, _allow_revalidate = True, _allow_autobegin = True

    def __init__(
        self,
        engine: Engine,
        connection: Optional[PoolProxiedConnection] = None,
        _has_events: Optional[bool] = None,
        _allow_revalidate: bool = True,
        _allow_autobegin: bool = True,
    ):
        """Construct a new Connection."""
        self.engine = engine
        self.dialect = dialect = engine.dialect
    
        if connection is None:
            try:
&gt;               self._dbapi_connection = engine.raw_connection()
                                         ^^^^^^^^^^^^^^^^^^^^^^^

C:\Users\balaj\AppData\Local\Programs\Python\Python312\Lib\site-packages\sqlalchemy\engine\base.py:143: 
_ _ _ _ _ _ _ _ _ _ _ _ _ _ _ _ _ _ _ _ _ _ _ _ _ _ _ _ _ _ _ _ _ _ _ _ _ _ _ _
C:\Users\balaj\AppData\Local\Programs\Python\Python312\Lib\site-packages\sqlalchemy\engine\base.py:3317: in raw_connection
    return self.pool.connect()
           ^^^^^^^^^^^^^^^^^^^
C:\Users\balaj\AppData\Local\Programs\Python\Python312\Lib\site-packages\sqlalchemy\pool\base.py:448: in connect
    return _ConnectionFairy._checkout(self)
           ^^^^^^^^^^^^^^^^^^^^^^^^^^^^^^^^
C:\Users\balaj\AppData\Local\Programs\Python\Python312\Lib\site-packages\sqlalchemy\pool\base.py:1272: in _checkout
    fairy = _ConnectionRecord.checkout(pool)
            ^^^^^^^^^^^^^^^^^^^^^^^^^^^^^^^^
C:\Users\balaj\AppData\Local\Programs\Python\Python312\Lib\site-packages\sqlalchemy\pool\base.py:712: in checkout
    rec = pool._do_get()
          ^^^^^^^^^^^^^^
C:\Users\balaj\AppData\Local\Programs\Python\Python312\Lib\site-packages\sqlalchemy\pool\impl.py:177: in _do_get
    with util.safe_reraise():
C:\Users\balaj\AppData\Local\Programs\Python\Python312\Lib\site-packages\sqlalchemy\util\langhelpers.py:121: in __exit__
    raise exc_value.with_traceback(exc_tb)
C:\Users\balaj\AppData\Local\Programs\Python\Python312\Lib\site-packages\sqlalchemy\pool\impl.py:175: in _do_get
    return self._create_connection()
           ^^^^^^^^^^^^^^^^^^^^^^^^^
C:\Users\balaj\AppData\Local\Programs\Python\Python312\Lib\site-packages\sqlalchemy\pool\base.py:389: in _create_connection
    return _ConnectionRecord(self)
           ^^^^^^^^^^^^^^^^^^^^^^^
C:\Users\balaj\AppData\Local\Programs\Python\Python312\Lib\site-packages\sqlalchemy\pool\base.py:674: in __init__
    self.__connect()
C:\Users\balaj\AppData\Local\Programs\Python\Python312\Lib\site-packages\sqlalchemy\pool\base.py:900: in __connect
    with util.safe_reraise():
C:\Users\balaj\AppData\Local\Programs\Python\Python312\Lib\site-packages\sqlalchemy\util\langhelpers.py:121: in __exit__
    raise exc_value.with_traceback(exc_tb)
C:\Users\balaj\AppData\Local\Programs\Python\Python312\Lib\site-packages\sqlalchemy\pool\base.py:896: in __connect
    self.dbapi_connection = connection = pool._invoke_creator(self)
                                         ^^^^^^^^^^^^^^^^^^^^^^^^^^
C:\Users\balaj\AppData\Local\Programs\Python\Python312\Lib\site-packages\sqlalchemy\engine\create.py:667: in connect
    return dialect.connect(*cargs_tup, **cparams)
           ^^^^^^^^^^^^^^^^^^^^^^^^^^^^^^^^^^^^^^
C:\Users\balaj\AppData\Local\Programs\Python\Python312\Lib\site-packages\sqlalchemy\engine\default.py:630: in connect
    return self.loaded_dbapi.connect(*cargs, **cparams)  # type: ignore[no-any-return]  # NOQA: E501
           ^^^^^^^^^^^^^^^^^^^^^^^^^^^^^^^^^^^^^^^^^^^^
C:\Users\balaj\AppData\Local\Programs\Python\Python312\Lib\site-packages\psycopg\connection.py:100: in connect
    attempts = conninfo_attempts(params)
               ^^^^^^^^^^^^^^^^^^^^^^^^^
_ _ _ _ _ _ _ _ _ _ _ _ _ _ _ _ _ _ _ _ _ _ _ _ _ _ _ _ _ _ _ _ _ _ _ _ _ _ _ _

params = {'host': 'example'}

    def conninfo_attempts(params: ConnMapping) -&gt; list[ConnDict]:
        """Split a set of connection params on the single attempts to perform.
    
        A connection param can perform more than one attempt more than one ``host``
        is provided.
    
        Also perform async resolution of the hostname into hostaddr. Because a host
        can resolve to more than one address, this can lead to yield more attempts
        too. Raise `OperationalError` if no host could be resolved.
    
        Because the libpq async function doesn't honour the timeout, we need to
        reimplement the repeated attempts.
        """
        last_exc = None
        attempts = []
        if prefer_standby := (
            get_param(params, "target_session_attrs") == "prefer-standby"
        ):
            params = {k: v for k, v in params.items() if k != "target_session_attrs"}
    
        for attempt in split_attempts(params):
            try:
                attempts.extend(_resolve_hostnames(attempt))
            except OSError as ex:
                last_exc = e.OperationalError(
                    f"failed to resolve host {attempt.get('host')!r}: {ex}"
                )
                logger.debug("%s", last_exc)
    
        if not attempts:
            assert last_exc
            # We couldn't resolve anything
&gt;           raise last_exc
E           psycopg.OperationalError: failed to resolve host 'example': [Errno 11001] getaddrinfo failed

C:\Users\balaj\AppData\Local\Programs\Python\Python312\Lib\site-packages\psycopg\_conninfo_attempts.py:55: OperationalError

The above exception was the direct cause of the following exception:

fixturedef = &lt;FixtureDef argname='db' scope='function' baseid='tests'&gt;
request = &lt;SubRequest 'db' for &lt;Function test_get_my_ngo_profile&gt;&gt;

    @pytest.hookimpl(wrapper=True)
    def pytest_fixture_setup(fixturedef: FixtureDef, request) -&gt; object | None:
        asyncio_mode = _get_asyncio_mode(request.config)
        if not _is_asyncio_fixture_function(fixturedef.func):
            if asyncio_mode == Mode.STRICT:
                # Ignore async fixtures without explicit asyncio mark in strict mode
                # This applies to pytest_trio fixtures, for example
&gt;               return (yield)
                        ^^^^^

C:\Users\balaj\AppData\Local\Programs\Python\Python312\Lib\site-packages\pytest_asyncio\plugin.py:728: 
_ _ _ _ _ _ _ _ _ _ _ _ _ _ _ _ _ _ _ _ _ _ _ _ _ _ _ _ _ _ _ _ _ _ _ _ _ _ _ _
tests\conftest.py:39: in db
    connection = engine.connect()
                 ^^^^^^^^^^^^^^^^
C:\Users\balaj\AppData\Local\Programs\Python\Python312\Lib\site-packages\sqlalchemy\engine\base.py:3293: in connect
    return self._connection_cls(self)
           ^^^^^^^^^^^^^^^^^^^^^^^^^^
C:\Users\balaj\AppData\Local\Programs\Python\Python312\Lib\site-packages\sqlalchemy\engine\base.py:145: in __init__
    Connection._handle_dbapi_exception_noconnection(
C:\Users\balaj\AppData\Local\Programs\Python\Python312\Lib\site-packages\sqlalchemy\engine\base.py:2448: in _handle_dbapi_exception_noconnection
    raise sqlalchemy_exception.with_traceback(exc_info[2]) from e
C:\Users\balaj\AppData\Local\Programs\Python\Python312\Lib\site-packages\sqlalchemy\engine\base.py:143: in __init__
    self._dbapi_connection = engine.raw_connection()
                             ^^^^^^^^^^^^^^^^^^^^^^^
C:\Users\balaj\AppData\Local\Programs\Python\Python312\Lib\site-packages\sqlalchemy\engine\base.py:3317: in raw_connection
    return self.pool.connect()
           ^^^^^^^^^^^^^^^^^^^
C:\Users\balaj\AppData\Local\Programs\Python\Python312\Lib\site-packages\sqlalchemy\pool\base.py:448: in connect
    return _ConnectionFairy._checkout(self)
           ^^^^^^^^^^^^^^^^^^^^^^^^^^^^^^^^
C:\Users\balaj\AppData\Local\Programs\Python\Python312\Lib\site-packages\sqlalchemy\pool\base.py:1272: in _checkout
    fairy = _ConnectionRecord.checkout(pool)
            ^^^^^^^^^^^^^^^^^^^^^^^^^^^^^^^^
C:\Users\balaj\AppData\Local\Programs\Python\Python312\Lib\site-packages\sqlalchemy\pool\base.py:712: in checkout
    rec = pool._do_get()
          ^^^^^^^^^^^^^^
C:\Users\balaj\AppData\Local\Programs\Python\Python312\Lib\site-packages\sqlalchemy\pool\impl.py:177: in _do_get
    with util.safe_reraise():
C:\Users\balaj\AppData\Local\Programs\Python\Python312\Lib\site-packages\sqlalchemy\util\langhelpers.py:121: in __exit__
    raise exc_value.with_traceback(exc_tb)
C:\Users\balaj\AppData\Local\Programs\Python\Python312\Lib\site-packages\sqlalchemy\pool\impl.py:175: in _do_get
    return self._create_connection()
           ^^^^^^^^^^^^^^^^^^^^^^^^^
C:\Users\balaj\AppData\Local\Programs\Python\Python312\Lib\site-packages\sqlalchemy\pool\base.py:389: in _create_connection
    return _ConnectionRecord(self)
           ^^^^^^^^^^^^^^^^^^^^^^^
C:\Users\balaj\AppData\Local\Programs\Python\Python312\Lib\site-packages\sqlalchemy\pool\base.py:674: in __init__
    self.__connect()
C:\Users\balaj\AppData\Local\Programs\Python\Python312\Lib\site-packages\sqlalchemy\pool\base.py:900: in __connect
    with util.safe_reraise():
C:\Users\balaj\AppData\Local\Programs\Python\Python312\Lib\site-packages\sqlalchemy\util\langhelpers.py:121: in __exit__
    raise exc_value.with_traceback(exc_tb)
C:\Users\balaj\AppData\Local\Programs\Python\Python312\Lib\site-packages\sqlalchemy\pool\base.py:896: in __connect
    self.dbapi_connection = connection = pool._invoke_creator(self)
                                         ^^^^^^^^^^^^^^^^^^^^^^^^^^
C:\Users\balaj\AppData\Local\Programs\Python\Python312\Lib\site-packages\sqlalchemy\engine\create.py:667: in connect
    return dialect.connect(*cargs_tup, **cparams)
           ^^^^^^^^^^^^^^^^^^^^^^^^^^^^^^^^^^^^^^
C:\Users\balaj\AppData\Local\Programs\Python\Python312\Lib\site-packages\sqlalchemy\engine\default.py:630: in connect
    return self.loaded_dbapi.connect(*cargs, **cparams)  # type: ignore[no-any-return]  # NOQA: E501
           ^^^^^^^^^^^^^^^^^^^^^^^^^^^^^^^^^^^^^^^^^^^^
C:\Users\balaj\AppData\Local\Programs\Python\Python312\Lib\site-packages\psycopg\connection.py:100: in connect
    attempts = conninfo_attempts(params)
               ^^^^^^^^^^^^^^^^^^^^^^^^^
_ _ _ _ _ _ _ _ _ _ _ _ _ _ _ _ _ _ _ _ _ _ _ _ _ _ _ _ _ _ _ _ _ _ _ _ _ _ _ _

params = {'host': 'example'}

    def conninfo_attempts(params: ConnMapping) -&gt; list[ConnDict]:
        """Split a set of connection params on the single attempts to perform.
    
        A connection param can perform more than one attempt more than one ``host``
        is provided.
    
        Also perform async resolution of the hostname into hostaddr. Because a host
        can resolve to more than one address, this can lead to yield more attempts
        too. Raise `OperationalError` if no host could be resolved.
    
        Because the libpq async function doesn't honour the timeout, we need to
        reimplement the repeated attempts.
        """
        last_exc = None
        attempts = []
        if prefer_standby := (
            get_param(params, "target_session_attrs") == "prefer-standby"
        ):
            params = {k: v for k, v in params.items() if k != "target_session_attrs"}
    
        for attempt in split_attempts(params):
            try:
                attempts.extend(_resolve_hostnames(attempt))
            except OSError as ex:
                last_exc = e.OperationalError(
                    f"failed to resolve host {attempt.get('host')!r}: {ex}"
                )
                logger.debug("%s", last_exc)
    
        if not attempts:
            assert last_exc
            # We couldn't resolve anything
&gt;           raise last_exc
E           sqlalchemy.exc.OperationalError: (psycopg.OperationalError) failed to resolve host 'example': [Errno 11001] getaddrinfo failed
E           (Background on this error at: https://sqlalche.me/e/20/e3q8)

C:\Users\balaj\AppData\Local\Programs\Python\Python312\Lib\site-packages\psycopg\_conninfo_attempts.py:55: OperationalError</error></testcase><testcase classname="tests.test_endpoints" name="test_get_ngo_by_id" time="2.276"><error message="failed on setup with &quot;sqlalchemy.exc.OperationalError: (psycopg.OperationalError) failed to resolve host 'example': [Errno 11001] getaddrinfo failed&#10;(Background on this error at: https://sqlalche.me/e/20/e3q8)&quot;">self = &lt;sqlalchemy.engine.base.Connection object at 0x0000029435256E70&gt;
engine = Engine(postgresql+psycopg://example), connection = None
_has_events = None, _allow_revalidate = True, _allow_autobegin = True

    def __init__(
        self,
        engine: Engine,
        connection: Optional[PoolProxiedConnection] = None,
        _has_events: Optional[bool] = None,
        _allow_revalidate: bool = True,
        _allow_autobegin: bool = True,
    ):
        """Construct a new Connection."""
        self.engine = engine
        self.dialect = dialect = engine.dialect
    
        if connection is None:
            try:
&gt;               self._dbapi_connection = engine.raw_connection()
                                         ^^^^^^^^^^^^^^^^^^^^^^^

C:\Users\balaj\AppData\Local\Programs\Python\Python312\Lib\site-packages\sqlalchemy\engine\base.py:143: 
_ _ _ _ _ _ _ _ _ _ _ _ _ _ _ _ _ _ _ _ _ _ _ _ _ _ _ _ _ _ _ _ _ _ _ _ _ _ _ _
C:\Users\balaj\AppData\Local\Programs\Python\Python312\Lib\site-packages\sqlalchemy\engine\base.py:3317: in raw_connection
    return self.pool.connect()
           ^^^^^^^^^^^^^^^^^^^
C:\Users\balaj\AppData\Local\Programs\Python\Python312\Lib\site-packages\sqlalchemy\pool\base.py:448: in connect
    return _ConnectionFairy._checkout(self)
           ^^^^^^^^^^^^^^^^^^^^^^^^^^^^^^^^
C:\Users\balaj\AppData\Local\Programs\Python\Python312\Lib\site-packages\sqlalchemy\pool\base.py:1272: in _checkout
    fairy = _ConnectionRecord.checkout(pool)
            ^^^^^^^^^^^^^^^^^^^^^^^^^^^^^^^^
C:\Users\balaj\AppData\Local\Programs\Python\Python312\Lib\site-packages\sqlalchemy\pool\base.py:712: in checkout
    rec = pool._do_get()
          ^^^^^^^^^^^^^^
C:\Users\balaj\AppData\Local\Programs\Python\Python312\Lib\site-packages\sqlalchemy\pool\impl.py:177: in _do_get
    with util.safe_reraise():
C:\Users\balaj\AppData\Local\Programs\Python\Python312\Lib\site-packages\sqlalchemy\util\langhelpers.py:121: in __exit__
    raise exc_value.with_traceback(exc_tb)
C:\Users\balaj\AppData\Local\Programs\Python\Python312\Lib\site-packages\sqlalchemy\pool\impl.py:175: in _do_get
    return self._create_connection()
           ^^^^^^^^^^^^^^^^^^^^^^^^^
C:\Users\balaj\AppData\Local\Programs\Python\Python312\Lib\site-packages\sqlalchemy\pool\base.py:389: in _create_connection
    return _ConnectionRecord(self)
           ^^^^^^^^^^^^^^^^^^^^^^^
C:\Users\balaj\AppData\Local\Programs\Python\Python312\Lib\site-packages\sqlalchemy\pool\base.py:674: in __init__
    self.__connect()
C:\Users\balaj\AppData\Local\Programs\Python\Python312\Lib\site-packages\sqlalchemy\pool\base.py:900: in __connect
    with util.safe_reraise():
C:\Users\balaj\AppData\Local\Programs\Python\Python312\Lib\site-packages\sqlalchemy\util\langhelpers.py:121: in __exit__
    raise exc_value.with_traceback(exc_tb)
C:\Users\balaj\AppData\Local\Programs\Python\Python312\Lib\site-packages\sqlalchemy\pool\base.py:896: in __connect
    self.dbapi_connection = connection = pool._invoke_creator(self)
                                         ^^^^^^^^^^^^^^^^^^^^^^^^^^
C:\Users\balaj\AppData\Local\Programs\Python\Python312\Lib\site-packages\sqlalchemy\engine\create.py:667: in connect
    return dialect.connect(*cargs_tup, **cparams)
           ^^^^^^^^^^^^^^^^^^^^^^^^^^^^^^^^^^^^^^
C:\Users\balaj\AppData\Local\Programs\Python\Python312\Lib\site-packages\sqlalchemy\engine\default.py:630: in connect
    return self.loaded_dbapi.connect(*cargs, **cparams)  # type: ignore[no-any-return]  # NOQA: E501
           ^^^^^^^^^^^^^^^^^^^^^^^^^^^^^^^^^^^^^^^^^^^^
C:\Users\balaj\AppData\Local\Programs\Python\Python312\Lib\site-packages\psycopg\connection.py:100: in connect
    attempts = conninfo_attempts(params)
               ^^^^^^^^^^^^^^^^^^^^^^^^^
_ _ _ _ _ _ _ _ _ _ _ _ _ _ _ _ _ _ _ _ _ _ _ _ _ _ _ _ _ _ _ _ _ _ _ _ _ _ _ _

params = {'host': 'example'}

    def conninfo_attempts(params: ConnMapping) -&gt; list[ConnDict]:
        """Split a set of connection params on the single attempts to perform.
    
        A connection param can perform more than one attempt more than one ``host``
        is provided.
    
        Also perform async resolution of the hostname into hostaddr. Because a host
        can resolve to more than one address, this can lead to yield more attempts
        too. Raise `OperationalError` if no host could be resolved.
    
        Because the libpq async function doesn't honour the timeout, we need to
        reimplement the repeated attempts.
        """
        last_exc = None
        attempts = []
        if prefer_standby := (
            get_param(params, "target_session_attrs") == "prefer-standby"
        ):
            params = {k: v for k, v in params.items() if k != "target_session_attrs"}
    
        for attempt in split_attempts(params):
            try:
                attempts.extend(_resolve_hostnames(attempt))
            except OSError as ex:
                last_exc = e.OperationalError(
                    f"failed to resolve host {attempt.get('host')!r}: {ex}"
                )
                logger.debug("%s", last_exc)
    
        if not attempts:
            assert last_exc
            # We couldn't resolve anything
&gt;           raise last_exc
E           psycopg.OperationalError: failed to resolve host 'example': [Errno 11001] getaddrinfo failed

C:\Users\balaj\AppData\Local\Programs\Python\Python312\Lib\site-packages\psycopg\_conninfo_attempts.py:55: OperationalError

The above exception was the direct cause of the following exception:

fixturedef = &lt;FixtureDef argname='db' scope='function' baseid='tests'&gt;
request = &lt;SubRequest 'db' for &lt;Function test_get_ngo_by_id&gt;&gt;

    @pytest.hookimpl(wrapper=True)
    def pytest_fixture_setup(fixturedef: FixtureDef, request) -&gt; object | None:
        asyncio_mode = _get_asyncio_mode(request.config)
        if not _is_asyncio_fixture_function(fixturedef.func):
            if asyncio_mode == Mode.STRICT:
                # Ignore async fixtures without explicit asyncio mark in strict mode
                # This applies to pytest_trio fixtures, for example
&gt;               return (yield)
                        ^^^^^

C:\Users\balaj\AppData\Local\Programs\Python\Python312\Lib\site-packages\pytest_asyncio\plugin.py:728: 
_ _ _ _ _ _ _ _ _ _ _ _ _ _ _ _ _ _ _ _ _ _ _ _ _ _ _ _ _ _ _ _ _ _ _ _ _ _ _ _
tests\conftest.py:39: in db
    connection = engine.connect()
                 ^^^^^^^^^^^^^^^^
C:\Users\balaj\AppData\Local\Programs\Python\Python312\Lib\site-packages\sqlalchemy\engine\base.py:3293: in connect
    return self._connection_cls(self)
           ^^^^^^^^^^^^^^^^^^^^^^^^^^
C:\Users\balaj\AppData\Local\Programs\Python\Python312\Lib\site-packages\sqlalchemy\engine\base.py:145: in __init__
    Connection._handle_dbapi_exception_noconnection(
C:\Users\balaj\AppData\Local\Programs\Python\Python312\Lib\site-packages\sqlalchemy\engine\base.py:2448: in _handle_dbapi_exception_noconnection
    raise sqlalchemy_exception.with_traceback(exc_info[2]) from e
C:\Users\balaj\AppData\Local\Programs\Python\Python312\Lib\site-packages\sqlalchemy\engine\base.py:143: in __init__
    self._dbapi_connection = engine.raw_connection()
                             ^^^^^^^^^^^^^^^^^^^^^^^
C:\Users\balaj\AppData\Local\Programs\Python\Python312\Lib\site-packages\sqlalchemy\engine\base.py:3317: in raw_connection
    return self.pool.connect()
           ^^^^^^^^^^^^^^^^^^^
C:\Users\balaj\AppData\Local\Programs\Python\Python312\Lib\site-packages\sqlalchemy\pool\base.py:448: in connect
    return _ConnectionFairy._checkout(self)
           ^^^^^^^^^^^^^^^^^^^^^^^^^^^^^^^^
C:\Users\balaj\AppData\Local\Programs\Python\Python312\Lib\site-packages\sqlalchemy\pool\base.py:1272: in _checkout
    fairy = _ConnectionRecord.checkout(pool)
            ^^^^^^^^^^^^^^^^^^^^^^^^^^^^^^^^
C:\Users\balaj\AppData\Local\Programs\Python\Python312\Lib\site-packages\sqlalchemy\pool\base.py:712: in checkout
    rec = pool._do_get()
          ^^^^^^^^^^^^^^
C:\Users\balaj\AppData\Local\Programs\Python\Python312\Lib\site-packages\sqlalchemy\pool\impl.py:177: in _do_get
    with util.safe_reraise():
C:\Users\balaj\AppData\Local\Programs\Python\Python312\Lib\site-packages\sqlalchemy\util\langhelpers.py:121: in __exit__
    raise exc_value.with_traceback(exc_tb)
C:\Users\balaj\AppData\Local\Programs\Python\Python312\Lib\site-packages\sqlalchemy\pool\impl.py:175: in _do_get
    return self._create_connection()
           ^^^^^^^^^^^^^^^^^^^^^^^^^
C:\Users\balaj\AppData\Local\Programs\Python\Python312\Lib\site-packages\sqlalchemy\pool\base.py:389: in _create_connection
    return _ConnectionRecord(self)
           ^^^^^^^^^^^^^^^^^^^^^^^
C:\Users\balaj\AppData\Local\Programs\Python\Python312\Lib\site-packages\sqlalchemy\pool\base.py:674: in __init__
    self.__connect()
C:\Users\balaj\AppData\Local\Programs\Python\Python312\Lib\site-packages\sqlalchemy\pool\base.py:900: in __connect
    with util.safe_reraise():
C:\Users\balaj\AppData\Local\Programs\Python\Python312\Lib\site-packages\sqlalchemy\util\langhelpers.py:121: in __exit__
    raise exc_value.with_traceback(exc_tb)
C:\Users\balaj\AppData\Local\Programs\Python\Python312\Lib\site-packages\sqlalchemy\pool\base.py:896: in __connect
    self.dbapi_connection = connection = pool._invoke_creator(self)
                                         ^^^^^^^^^^^^^^^^^^^^^^^^^^
C:\Users\balaj\AppData\Local\Programs\Python\Python312\Lib\site-packages\sqlalchemy\engine\create.py:667: in connect
    return dialect.connect(*cargs_tup, **cparams)
           ^^^^^^^^^^^^^^^^^^^^^^^^^^^^^^^^^^^^^^
C:\Users\balaj\AppData\Local\Programs\Python\Python312\Lib\site-packages\sqlalchemy\engine\default.py:630: in connect
    return self.loaded_dbapi.connect(*cargs, **cparams)  # type: ignore[no-any-return]  # NOQA: E501
           ^^^^^^^^^^^^^^^^^^^^^^^^^^^^^^^^^^^^^^^^^^^^
C:\Users\balaj\AppData\Local\Programs\Python\Python312\Lib\site-packages\psycopg\connection.py:100: in connect
    attempts = conninfo_attempts(params)
               ^^^^^^^^^^^^^^^^^^^^^^^^^
_ _ _ _ _ _ _ _ _ _ _ _ _ _ _ _ _ _ _ _ _ _ _ _ _ _ _ _ _ _ _ _ _ _ _ _ _ _ _ _

params = {'host': 'example'}

    def conninfo_attempts(params: ConnMapping) -&gt; list[ConnDict]:
        """Split a set of connection params on the single attempts to perform.
    
        A connection param can perform more than one attempt more than one ``host``
        is provided.
    
        Also perform async resolution of the hostname into hostaddr. Because a host
        can resolve to more than one address, this can lead to yield more attempts
        too. Raise `OperationalError` if no host could be resolved.
    
        Because the libpq async function doesn't honour the timeout, we need to
        reimplement the repeated attempts.
        """
        last_exc = None
        attempts = []
        if prefer_standby := (
            get_param(params, "target_session_attrs") == "prefer-standby"
        ):
            params = {k: v for k, v in params.items() if k != "target_session_attrs"}
    
        for attempt in split_attempts(params):
            try:
                attempts.extend(_resolve_hostnames(attempt))
            except OSError as ex:
                last_exc = e.OperationalError(
                    f"failed to resolve host {attempt.get('host')!r}: {ex}"
                )
                logger.debug("%s", last_exc)
    
        if not attempts:
            assert last_exc
            # We couldn't resolve anything
&gt;           raise last_exc
E           sqlalchemy.exc.OperationalError: (psycopg.OperationalError) failed to resolve host 'example': [Errno 11001] getaddrinfo failed
E           (Background on this error at: https://sqlalche.me/e/20/e3q8)

C:\Users\balaj\AppData\Local\Programs\Python\Python312\Lib\site-packages\psycopg\_conninfo_attempts.py:55: OperationalError</error></testcase><testcase classname="tests.test_endpoints" name="test_verify_ngo" time="2.285"><error message="failed on setup with &quot;sqlalchemy.exc.OperationalError: (psycopg.OperationalError) failed to resolve host 'example': [Errno 11001] getaddrinfo failed&#10;(Background on this error at: https://sqlalche.me/e/20/e3q8)&quot;">self = &lt;sqlalchemy.engine.base.Connection object at 0x00000294352527E0&gt;
engine = Engine(postgresql+psycopg://example), connection = None
_has_events = None, _allow_revalidate = True, _allow_autobegin = True

    def __init__(
        self,
        engine: Engine,
        connection: Optional[PoolProxiedConnection] = None,
        _has_events: Optional[bool] = None,
        _allow_revalidate: bool = True,
        _allow_autobegin: bool = True,
    ):
        """Construct a new Connection."""
        self.engine = engine
        self.dialect = dialect = engine.dialect
    
        if connection is None:
            try:
&gt;               self._dbapi_connection = engine.raw_connection()
                                         ^^^^^^^^^^^^^^^^^^^^^^^

C:\Users\balaj\AppData\Local\Programs\Python\Python312\Lib\site-packages\sqlalchemy\engine\base.py:143: 
_ _ _ _ _ _ _ _ _ _ _ _ _ _ _ _ _ _ _ _ _ _ _ _ _ _ _ _ _ _ _ _ _ _ _ _ _ _ _ _
C:\Users\balaj\AppData\Local\Programs\Python\Python312\Lib\site-packages\sqlalchemy\engine\base.py:3317: in raw_connection
    return self.pool.connect()
           ^^^^^^^^^^^^^^^^^^^
C:\Users\balaj\AppData\Local\Programs\Python\Python312\Lib\site-packages\sqlalchemy\pool\base.py:448: in connect
    return _ConnectionFairy._checkout(self)
           ^^^^^^^^^^^^^^^^^^^^^^^^^^^^^^^^
C:\Users\balaj\AppData\Local\Programs\Python\Python312\Lib\site-packages\sqlalchemy\pool\base.py:1272: in _checkout
    fairy = _ConnectionRecord.checkout(pool)
            ^^^^^^^^^^^^^^^^^^^^^^^^^^^^^^^^
C:\Users\balaj\AppData\Local\Programs\Python\Python312\Lib\site-packages\sqlalchemy\pool\base.py:712: in checkout
    rec = pool._do_get()
          ^^^^^^^^^^^^^^
C:\Users\balaj\AppData\Local\Programs\Python\Python312\Lib\site-packages\sqlalchemy\pool\impl.py:177: in _do_get
    with util.safe_reraise():
C:\Users\balaj\AppData\Local\Programs\Python\Python312\Lib\site-packages\sqlalchemy\util\langhelpers.py:121: in __exit__
    raise exc_value.with_traceback(exc_tb)
C:\Users\balaj\AppData\Local\Programs\Python\Python312\Lib\site-packages\sqlalchemy\pool\impl.py:175: in _do_get
    return self._create_connection()
           ^^^^^^^^^^^^^^^^^^^^^^^^^
C:\Users\balaj\AppData\Local\Programs\Python\Python312\Lib\site-packages\sqlalchemy\pool\base.py:389: in _create_connection
    return _ConnectionRecord(self)
           ^^^^^^^^^^^^^^^^^^^^^^^
C:\Users\balaj\AppData\Local\Programs\Python\Python312\Lib\site-packages\sqlalchemy\pool\base.py:674: in __init__
    self.__connect()
C:\Users\balaj\AppData\Local\Programs\Python\Python312\Lib\site-packages\sqlalchemy\pool\base.py:900: in __connect
    with util.safe_reraise():
C:\Users\balaj\AppData\Local\Programs\Python\Python312\Lib\site-packages\sqlalchemy\util\langhelpers.py:121: in __exit__
    raise exc_value.with_traceback(exc_tb)
C:\Users\balaj\AppData\Local\Programs\Python\Python312\Lib\site-packages\sqlalchemy\pool\base.py:896: in __connect
    self.dbapi_connection = connection = pool._invoke_creator(self)
                                         ^^^^^^^^^^^^^^^^^^^^^^^^^^
C:\Users\balaj\AppData\Local\Programs\Python\Python312\Lib\site-packages\sqlalchemy\engine\create.py:667: in connect
    return dialect.connect(*cargs_tup, **cparams)
           ^^^^^^^^^^^^^^^^^^^^^^^^^^^^^^^^^^^^^^
C:\Users\balaj\AppData\Local\Programs\Python\Python312\Lib\site-packages\sqlalchemy\engine\default.py:630: in connect
    return self.loaded_dbapi.connect(*cargs, **cparams)  # type: ignore[no-any-return]  # NOQA: E501
           ^^^^^^^^^^^^^^^^^^^^^^^^^^^^^^^^^^^^^^^^^^^^
C:\Users\balaj\AppData\Local\Programs\Python\Python312\Lib\site-packages\psycopg\connection.py:100: in connect
    attempts = conninfo_attempts(params)
               ^^^^^^^^^^^^^^^^^^^^^^^^^
_ _ _ _ _ _ _ _ _ _ _ _ _ _ _ _ _ _ _ _ _ _ _ _ _ _ _ _ _ _ _ _ _ _ _ _ _ _ _ _

params = {'host': 'example'}

    def conninfo_attempts(params: ConnMapping) -&gt; list[ConnDict]:
        """Split a set of connection params on the single attempts to perform.
    
        A connection param can perform more than one attempt more than one ``host``
        is provided.
    
        Also perform async resolution of the hostname into hostaddr. Because a host
        can resolve to more than one address, this can lead to yield more attempts
        too. Raise `OperationalError` if no host could be resolved.
    
        Because the libpq async function doesn't honour the timeout, we need to
        reimplement the repeated attempts.
        """
        last_exc = None
        attempts = []
        if prefer_standby := (
            get_param(params, "target_session_attrs") == "prefer-standby"
        ):
            params = {k: v for k, v in params.items() if k != "target_session_attrs"}
    
        for attempt in split_attempts(params):
            try:
                attempts.extend(_resolve_hostnames(attempt))
            except OSError as ex:
                last_exc = e.OperationalError(
                    f"failed to resolve host {attempt.get('host')!r}: {ex}"
                )
                logger.debug("%s", last_exc)
    
        if not attempts:
            assert last_exc
            # We couldn't resolve anything
&gt;           raise last_exc
E           psycopg.OperationalError: failed to resolve host 'example': [Errno 11001] getaddrinfo failed

C:\Users\balaj\AppData\Local\Programs\Python\Python312\Lib\site-packages\psycopg\_conninfo_attempts.py:55: OperationalError

The above exception was the direct cause of the following exception:

fixturedef = &lt;FixtureDef argname='db' scope='function' baseid='tests'&gt;
request = &lt;SubRequest 'db' for &lt;Function test_verify_ngo&gt;&gt;

    @pytest.hookimpl(wrapper=True)
    def pytest_fixture_setup(fixturedef: FixtureDef, request) -&gt; object | None:
        asyncio_mode = _get_asyncio_mode(request.config)
        if not _is_asyncio_fixture_function(fixturedef.func):
            if asyncio_mode == Mode.STRICT:
                # Ignore async fixtures without explicit asyncio mark in strict mode
                # This applies to pytest_trio fixtures, for example
&gt;               return (yield)
                        ^^^^^

C:\Users\balaj\AppData\Local\Programs\Python\Python312\Lib\site-packages\pytest_asyncio\plugin.py:728: 
_ _ _ _ _ _ _ _ _ _ _ _ _ _ _ _ _ _ _ _ _ _ _ _ _ _ _ _ _ _ _ _ _ _ _ _ _ _ _ _
tests\conftest.py:39: in db
    connection = engine.connect()
                 ^^^^^^^^^^^^^^^^
C:\Users\balaj\AppData\Local\Programs\Python\Python312\Lib\site-packages\sqlalchemy\engine\base.py:3293: in connect
    return self._connection_cls(self)
           ^^^^^^^^^^^^^^^^^^^^^^^^^^
C:\Users\balaj\AppData\Local\Programs\Python\Python312\Lib\site-packages\sqlalchemy\engine\base.py:145: in __init__
    Connection._handle_dbapi_exception_noconnection(
C:\Users\balaj\AppData\Local\Programs\Python\Python312\Lib\site-packages\sqlalchemy\engine\base.py:2448: in _handle_dbapi_exception_noconnection
    raise sqlalchemy_exception.with_traceback(exc_info[2]) from e
C:\Users\balaj\AppData\Local\Programs\Python\Python312\Lib\site-packages\sqlalchemy\engine\base.py:143: in __init__
    self._dbapi_connection = engine.raw_connection()
                             ^^^^^^^^^^^^^^^^^^^^^^^
C:\Users\balaj\AppData\Local\Programs\Python\Python312\Lib\site-packages\sqlalchemy\engine\base.py:3317: in raw_connection
    return self.pool.connect()
           ^^^^^^^^^^^^^^^^^^^
C:\Users\balaj\AppData\Local\Programs\Python\Python312\Lib\site-packages\sqlalchemy\pool\base.py:448: in connect
    return _ConnectionFairy._checkout(self)
           ^^^^^^^^^^^^^^^^^^^^^^^^^^^^^^^^
C:\Users\balaj\AppData\Local\Programs\Python\Python312\Lib\site-packages\sqlalchemy\pool\base.py:1272: in _checkout
    fairy = _ConnectionRecord.checkout(pool)
            ^^^^^^^^^^^^^^^^^^^^^^^^^^^^^^^^
C:\Users\balaj\AppData\Local\Programs\Python\Python312\Lib\site-packages\sqlalchemy\pool\base.py:712: in checkout
    rec = pool._do_get()
          ^^^^^^^^^^^^^^
C:\Users\balaj\AppData\Local\Programs\Python\Python312\Lib\site-packages\sqlalchemy\pool\impl.py:177: in _do_get
    with util.safe_reraise():
C:\Users\balaj\AppData\Local\Programs\Python\Python312\Lib\site-packages\sqlalchemy\util\langhelpers.py:121: in __exit__
    raise exc_value.with_traceback(exc_tb)
C:\Users\balaj\AppData\Local\Programs\Python\Python312\Lib\site-packages\sqlalchemy\pool\impl.py:175: in _do_get
    return self._create_connection()
           ^^^^^^^^^^^^^^^^^^^^^^^^^
C:\Users\balaj\AppData\Local\Programs\Python\Python312\Lib\site-packages\sqlalchemy\pool\base.py:389: in _create_connection
    return _ConnectionRecord(self)
           ^^^^^^^^^^^^^^^^^^^^^^^
C:\Users\balaj\AppData\Local\Programs\Python\Python312\Lib\site-packages\sqlalchemy\pool\base.py:674: in __init__
    self.__connect()
C:\Users\balaj\AppData\Local\Programs\Python\Python312\Lib\site-packages\sqlalchemy\pool\base.py:900: in __connect
    with util.safe_reraise():
C:\Users\balaj\AppData\Local\Programs\Python\Python312\Lib\site-packages\sqlalchemy\util\langhelpers.py:121: in __exit__
    raise exc_value.with_traceback(exc_tb)
C:\Users\balaj\AppData\Local\Programs\Python\Python312\Lib\site-packages\sqlalchemy\pool\base.py:896: in __connect
    self.dbapi_connection = connection = pool._invoke_creator(self)
                                         ^^^^^^^^^^^^^^^^^^^^^^^^^^
C:\Users\balaj\AppData\Local\Programs\Python\Python312\Lib\site-packages\sqlalchemy\engine\create.py:667: in connect
    return dialect.connect(*cargs_tup, **cparams)
           ^^^^^^^^^^^^^^^^^^^^^^^^^^^^^^^^^^^^^^
C:\Users\balaj\AppData\Local\Programs\Python\Python312\Lib\site-packages\sqlalchemy\engine\default.py:630: in connect
    return self.loaded_dbapi.connect(*cargs, **cparams)  # type: ignore[no-any-return]  # NOQA: E501
           ^^^^^^^^^^^^^^^^^^^^^^^^^^^^^^^^^^^^^^^^^^^^
C:\Users\balaj\AppData\Local\Programs\Python\Python312\Lib\site-packages\psycopg\connection.py:100: in connect
    attempts = conninfo_attempts(params)
               ^^^^^^^^^^^^^^^^^^^^^^^^^
_ _ _ _ _ _ _ _ _ _ _ _ _ _ _ _ _ _ _ _ _ _ _ _ _ _ _ _ _ _ _ _ _ _ _ _ _ _ _ _

params = {'host': 'example'}

    def conninfo_attempts(params: ConnMapping) -&gt; list[ConnDict]:
        """Split a set of connection params on the single attempts to perform.
    
        A connection param can perform more than one attempt more than one ``host``
        is provided.
    
        Also perform async resolution of the hostname into hostaddr. Because a host
        can resolve to more than one address, this can lead to yield more attempts
        too. Raise `OperationalError` if no host could be resolved.
    
        Because the libpq async function doesn't honour the timeout, we need to
        reimplement the repeated attempts.
        """
        last_exc = None
        attempts = []
        if prefer_standby := (
            get_param(params, "target_session_attrs") == "prefer-standby"
        ):
            params = {k: v for k, v in params.items() if k != "target_session_attrs"}
    
        for attempt in split_attempts(params):
            try:
                attempts.extend(_resolve_hostnames(attempt))
            except OSError as ex:
                last_exc = e.OperationalError(
                    f"failed to resolve host {attempt.get('host')!r}: {ex}"
                )
                logger.debug("%s", last_exc)
    
        if not attempts:
            assert last_exc
            # We couldn't resolve anything
&gt;           raise last_exc
E           sqlalchemy.exc.OperationalError: (psycopg.OperationalError) failed to resolve host 'example': [Errno 11001] getaddrinfo failed
E           (Background on this error at: https://sqlalche.me/e/20/e3q8)

C:\Users\balaj\AppData\Local\Programs\Python\Python312\Lib\site-packages\psycopg\_conninfo_attempts.py:55: OperationalError</error></testcase><testcase classname="tests.test_endpoints" name="test_get_ngo_nearby_tasks" time="2.268"><error message="failed on setup with &quot;sqlalchemy.exc.OperationalError: (psycopg.OperationalError) failed to resolve host 'example': [Errno 11001] getaddrinfo failed&#10;(Background on this error at: https://sqlalche.me/e/20/e3q8)&quot;">self = &lt;sqlalchemy.engine.base.Connection object at 0x0000029435244050&gt;
engine = Engine(postgresql+psycopg://example), connection = None
_has_events = None, _allow_revalidate = True, _allow_autobegin = True

    def __init__(
        self,
        engine: Engine,
        connection: Optional[PoolProxiedConnection] = None,
        _has_events: Optional[bool] = None,
        _allow_revalidate: bool = True,
        _allow_autobegin: bool = True,
    ):
        """Construct a new Connection."""
        self.engine = engine
        self.dialect = dialect = engine.dialect
    
        if connection is None:
            try:
&gt;               self._dbapi_connection = engine.raw_connection()
                                         ^^^^^^^^^^^^^^^^^^^^^^^

C:\Users\balaj\AppData\Local\Programs\Python\Python312\Lib\site-packages\sqlalchemy\engine\base.py:143: 
_ _ _ _ _ _ _ _ _ _ _ _ _ _ _ _ _ _ _ _ _ _ _ _ _ _ _ _ _ _ _ _ _ _ _ _ _ _ _ _
C:\Users\balaj\AppData\Local\Programs\Python\Python312\Lib\site-packages\sqlalchemy\engine\base.py:3317: in raw_connection
    return self.pool.connect()
           ^^^^^^^^^^^^^^^^^^^
C:\Users\balaj\AppData\Local\Programs\Python\Python312\Lib\site-packages\sqlalchemy\pool\base.py:448: in connect
    return _ConnectionFairy._checkout(self)
           ^^^^^^^^^^^^^^^^^^^^^^^^^^^^^^^^
C:\Users\balaj\AppData\Local\Programs\Python\Python312\Lib\site-packages\sqlalchemy\pool\base.py:1272: in _checkout
    fairy = _ConnectionRecord.checkout(pool)
            ^^^^^^^^^^^^^^^^^^^^^^^^^^^^^^^^
C:\Users\balaj\AppData\Local\Programs\Python\Python312\Lib\site-packages\sqlalchemy\pool\base.py:712: in checkout
    rec = pool._do_get()
          ^^^^^^^^^^^^^^
C:\Users\balaj\AppData\Local\Programs\Python\Python312\Lib\site-packages\sqlalchemy\pool\impl.py:177: in _do_get
    with util.safe_reraise():
C:\Users\balaj\AppData\Local\Programs\Python\Python312\Lib\site-packages\sqlalchemy\util\langhelpers.py:121: in __exit__
    raise exc_value.with_traceback(exc_tb)
C:\Users\balaj\AppData\Local\Programs\Python\Python312\Lib\site-packages\sqlalchemy\pool\impl.py:175: in _do_get
    return self._create_connection()
           ^^^^^^^^^^^^^^^^^^^^^^^^^
C:\Users\balaj\AppData\Local\Programs\Python\Python312\Lib\site-packages\sqlalchemy\pool\base.py:389: in _create_connection
    return _ConnectionRecord(self)
           ^^^^^^^^^^^^^^^^^^^^^^^
C:\Users\balaj\AppData\Local\Programs\Python\Python312\Lib\site-packages\sqlalchemy\pool\base.py:674: in __init__
    self.__connect()
C:\Users\balaj\AppData\Local\Programs\Python\Python312\Lib\site-packages\sqlalchemy\pool\base.py:900: in __connect
    with util.safe_reraise():
C:\Users\balaj\AppData\Local\Programs\Python\Python312\Lib\site-packages\sqlalchemy\util\langhelpers.py:121: in __exit__
    raise exc_value.with_traceback(exc_tb)
C:\Users\balaj\AppData\Local\Programs\Python\Python312\Lib\site-packages\sqlalchemy\pool\base.py:896: in __connect
    self.dbapi_connection = connection = pool._invoke_creator(self)
                                         ^^^^^^^^^^^^^^^^^^^^^^^^^^
C:\Users\balaj\AppData\Local\Programs\Python\Python312\Lib\site-packages\sqlalchemy\engine\create.py:667: in connect
    return dialect.connect(*cargs_tup, **cparams)
           ^^^^^^^^^^^^^^^^^^^^^^^^^^^^^^^^^^^^^^
C:\Users\balaj\AppData\Local\Programs\Python\Python312\Lib\site-packages\sqlalchemy\engine\default.py:630: in connect
    return self.loaded_dbapi.connect(*cargs, **cparams)  # type: ignore[no-any-return]  # NOQA: E501
           ^^^^^^^^^^^^^^^^^^^^^^^^^^^^^^^^^^^^^^^^^^^^
C:\Users\balaj\AppData\Local\Programs\Python\Python312\Lib\site-packages\psycopg\connection.py:100: in connect
    attempts = conninfo_attempts(params)
               ^^^^^^^^^^^^^^^^^^^^^^^^^
_ _ _ _ _ _ _ _ _ _ _ _ _ _ _ _ _ _ _ _ _ _ _ _ _ _ _ _ _ _ _ _ _ _ _ _ _ _ _ _

params = {'host': 'example'}

    def conninfo_attempts(params: ConnMapping) -&gt; list[ConnDict]:
        """Split a set of connection params on the single attempts to perform.
    
        A connection param can perform more than one attempt more than one ``host``
        is provided.
    
        Also perform async resolution of the hostname into hostaddr. Because a host
        can resolve to more than one address, this can lead to yield more attempts
        too. Raise `OperationalError` if no host could be resolved.
    
        Because the libpq async function doesn't honour the timeout, we need to
        reimplement the repeated attempts.
        """
        last_exc = None
        attempts = []
        if prefer_standby := (
            get_param(params, "target_session_attrs") == "prefer-standby"
        ):
            params = {k: v for k, v in params.items() if k != "target_session_attrs"}
    
        for attempt in split_attempts(params):
            try:
                attempts.extend(_resolve_hostnames(attempt))
            except OSError as ex:
                last_exc = e.OperationalError(
                    f"failed to resolve host {attempt.get('host')!r}: {ex}"
                )
                logger.debug("%s", last_exc)
    
        if not attempts:
            assert last_exc
            # We couldn't resolve anything
&gt;           raise last_exc
E           psycopg.OperationalError: failed to resolve host 'example': [Errno 11001] getaddrinfo failed

C:\Users\balaj\AppData\Local\Programs\Python\Python312\Lib\site-packages\psycopg\_conninfo_attempts.py:55: OperationalError

The above exception was the direct cause of the following exception:

fixturedef = &lt;FixtureDef argname='db' scope='function' baseid='tests'&gt;
request = &lt;SubRequest 'db' for &lt;Function test_get_ngo_nearby_tasks&gt;&gt;

    @pytest.hookimpl(wrapper=True)
    def pytest_fixture_setup(fixturedef: FixtureDef, request) -&gt; object | None:
        asyncio_mode = _get_asyncio_mode(request.config)
        if not _is_asyncio_fixture_function(fixturedef.func):
            if asyncio_mode == Mode.STRICT:
                # Ignore async fixtures without explicit asyncio mark in strict mode
                # This applies to pytest_trio fixtures, for example
&gt;               return (yield)
                        ^^^^^

C:\Users\balaj\AppData\Local\Programs\Python\Python312\Lib\site-packages\pytest_asyncio\plugin.py:728: 
_ _ _ _ _ _ _ _ _ _ _ _ _ _ _ _ _ _ _ _ _ _ _ _ _ _ _ _ _ _ _ _ _ _ _ _ _ _ _ _
tests\conftest.py:39: in db
    connection = engine.connect()
                 ^^^^^^^^^^^^^^^^
C:\Users\balaj\AppData\Local\Programs\Python\Python312\Lib\site-packages\sqlalchemy\engine\base.py:3293: in connect
    return self._connection_cls(self)
           ^^^^^^^^^^^^^^^^^^^^^^^^^^
C:\Users\balaj\AppData\Local\Programs\Python\Python312\Lib\site-packages\sqlalchemy\engine\base.py:145: in __init__
    Connection._handle_dbapi_exception_noconnection(
C:\Users\balaj\AppData\Local\Programs\Python\Python312\Lib\site-packages\sqlalchemy\engine\base.py:2448: in _handle_dbapi_exception_noconnection
    raise sqlalchemy_exception.with_traceback(exc_info[2]) from e
C:\Users\balaj\AppData\Local\Programs\Python\Python312\Lib\site-packages\sqlalchemy\engine\base.py:143: in __init__
    self._dbapi_connection = engine.raw_connection()
                             ^^^^^^^^^^^^^^^^^^^^^^^
C:\Users\balaj\AppData\Local\Programs\Python\Python312\Lib\site-packages\sqlalchemy\engine\base.py:3317: in raw_connection
    return self.pool.connect()
           ^^^^^^^^^^^^^^^^^^^
C:\Users\balaj\AppData\Local\Programs\Python\Python312\Lib\site-packages\sqlalchemy\pool\base.py:448: in connect
    return _ConnectionFairy._checkout(self)
           ^^^^^^^^^^^^^^^^^^^^^^^^^^^^^^^^
C:\Users\balaj\AppData\Local\Programs\Python\Python312\Lib\site-packages\sqlalchemy\pool\base.py:1272: in _checkout
    fairy = _ConnectionRecord.checkout(pool)
            ^^^^^^^^^^^^^^^^^^^^^^^^^^^^^^^^
C:\Users\balaj\AppData\Local\Programs\Python\Python312\Lib\site-packages\sqlalchemy\pool\base.py:712: in checkout
    rec = pool._do_get()
          ^^^^^^^^^^^^^^
C:\Users\balaj\AppData\Local\Programs\Python\Python312\Lib\site-packages\sqlalchemy\pool\impl.py:177: in _do_get
    with util.safe_reraise():
C:\Users\balaj\AppData\Local\Programs\Python\Python312\Lib\site-packages\sqlalchemy\util\langhelpers.py:121: in __exit__
    raise exc_value.with_traceback(exc_tb)
C:\Users\balaj\AppData\Local\Programs\Python\Python312\Lib\site-packages\sqlalchemy\pool\impl.py:175: in _do_get
    return self._create_connection()
           ^^^^^^^^^^^^^^^^^^^^^^^^^
C:\Users\balaj\AppData\Local\Programs\Python\Python312\Lib\site-packages\sqlalchemy\pool\base.py:389: in _create_connection
    return _ConnectionRecord(self)
           ^^^^^^^^^^^^^^^^^^^^^^^
C:\Users\balaj\AppData\Local\Programs\Python\Python312\Lib\site-packages\sqlalchemy\pool\base.py:674: in __init__
    self.__connect()
C:\Users\balaj\AppData\Local\Programs\Python\Python312\Lib\site-packages\sqlalchemy\pool\base.py:900: in __connect
    with util.safe_reraise():
C:\Users\balaj\AppData\Local\Programs\Python\Python312\Lib\site-packages\sqlalchemy\util\langhelpers.py:121: in __exit__
    raise exc_value.with_traceback(exc_tb)
C:\Users\balaj\AppData\Local\Programs\Python\Python312\Lib\site-packages\sqlalchemy\pool\base.py:896: in __connect
    self.dbapi_connection = connection = pool._invoke_creator(self)
                                         ^^^^^^^^^^^^^^^^^^^^^^^^^^
C:\Users\balaj\AppData\Local\Programs\Python\Python312\Lib\site-packages\sqlalchemy\engine\create.py:667: in connect
    return dialect.connect(*cargs_tup, **cparams)
           ^^^^^^^^^^^^^^^^^^^^^^^^^^^^^^^^^^^^^^
C:\Users\balaj\AppData\Local\Programs\Python\Python312\Lib\site-packages\sqlalchemy\engine\default.py:630: in connect
    return self.loaded_dbapi.connect(*cargs, **cparams)  # type: ignore[no-any-return]  # NOQA: E501
           ^^^^^^^^^^^^^^^^^^^^^^^^^^^^^^^^^^^^^^^^^^^^
C:\Users\balaj\AppData\Local\Programs\Python\Python312\Lib\site-packages\psycopg\connection.py:100: in connect
    attempts = conninfo_attempts(params)
               ^^^^^^^^^^^^^^^^^^^^^^^^^
_ _ _ _ _ _ _ _ _ _ _ _ _ _ _ _ _ _ _ _ _ _ _ _ _ _ _ _ _ _ _ _ _ _ _ _ _ _ _ _

params = {'host': 'example'}

    def conninfo_attempts(params: ConnMapping) -&gt; list[ConnDict]:
        """Split a set of connection params on the single attempts to perform.
    
        A connection param can perform more than one attempt more than one ``host``
        is provided.
    
        Also perform async resolution of the hostname into hostaddr. Because a host
        can resolve to more than one address, this can lead to yield more attempts
        too. Raise `OperationalError` if no host could be resolved.
    
        Because the libpq async function doesn't honour the timeout, we need to
        reimplement the repeated attempts.
        """
        last_exc = None
        attempts = []
        if prefer_standby := (
            get_param(params, "target_session_attrs") == "prefer-standby"
        ):
            params = {k: v for k, v in params.items() if k != "target_session_attrs"}
    
        for attempt in split_attempts(params):
            try:
                attempts.extend(_resolve_hostnames(attempt))
            except OSError as ex:
                last_exc = e.OperationalError(
                    f"failed to resolve host {attempt.get('host')!r}: {ex}"
                )
                logger.debug("%s", last_exc)
    
        if not attempts:
            assert last_exc
            # We couldn't resolve anything
&gt;           raise last_exc
E           sqlalchemy.exc.OperationalError: (psycopg.OperationalError) failed to resolve host 'example': [Errno 11001] getaddrinfo failed
E           (Background on this error at: https://sqlalche.me/e/20/e3q8)

C:\Users\balaj\AppData\Local\Programs\Python\Python312\Lib\site-packages\psycopg\_conninfo_attempts.py:55: OperationalError</error></testcase><testcase classname="tests.test_endpoints" name="test_ngo_claim_task" time="2.265"><error message="failed on setup with &quot;sqlalchemy.exc.OperationalError: (psycopg.OperationalError) failed to resolve host 'example': [Errno 11001] getaddrinfo failed&#10;(Background on this error at: https://sqlalche.me/e/20/e3q8)&quot;">self = &lt;sqlalchemy.engine.base.Connection object at 0x00000294351FBAD0&gt;
engine = Engine(postgresql+psycopg://example), connection = None
_has_events = None, _allow_revalidate = True, _allow_autobegin = True

    def __init__(
        self,
        engine: Engine,
        connection: Optional[PoolProxiedConnection] = None,
        _has_events: Optional[bool] = None,
        _allow_revalidate: bool = True,
        _allow_autobegin: bool = True,
    ):
        """Construct a new Connection."""
        self.engine = engine
        self.dialect = dialect = engine.dialect
    
        if connection is None:
            try:
&gt;               self._dbapi_connection = engine.raw_connection()
                                         ^^^^^^^^^^^^^^^^^^^^^^^

C:\Users\balaj\AppData\Local\Programs\Python\Python312\Lib\site-packages\sqlalchemy\engine\base.py:143: 
_ _ _ _ _ _ _ _ _ _ _ _ _ _ _ _ _ _ _ _ _ _ _ _ _ _ _ _ _ _ _ _ _ _ _ _ _ _ _ _
C:\Users\balaj\AppData\Local\Programs\Python\Python312\Lib\site-packages\sqlalchemy\engine\base.py:3317: in raw_connection
    return self.pool.connect()
           ^^^^^^^^^^^^^^^^^^^
C:\Users\balaj\AppData\Local\Programs\Python\Python312\Lib\site-packages\sqlalchemy\pool\base.py:448: in connect
    return _ConnectionFairy._checkout(self)
           ^^^^^^^^^^^^^^^^^^^^^^^^^^^^^^^^
C:\Users\balaj\AppData\Local\Programs\Python\Python312\Lib\site-packages\sqlalchemy\pool\base.py:1272: in _checkout
    fairy = _ConnectionRecord.checkout(pool)
            ^^^^^^^^^^^^^^^^^^^^^^^^^^^^^^^^
C:\Users\balaj\AppData\Local\Programs\Python\Python312\Lib\site-packages\sqlalchemy\pool\base.py:712: in checkout
    rec = pool._do_get()
          ^^^^^^^^^^^^^^
C:\Users\balaj\AppData\Local\Programs\Python\Python312\Lib\site-packages\sqlalchemy\pool\impl.py:177: in _do_get
    with util.safe_reraise():
C:\Users\balaj\AppData\Local\Programs\Python\Python312\Lib\site-packages\sqlalchemy\util\langhelpers.py:121: in __exit__
    raise exc_value.with_traceback(exc_tb)
C:\Users\balaj\AppData\Local\Programs\Python\Python312\Lib\site-packages\sqlalchemy\pool\impl.py:175: in _do_get
    return self._create_connection()
           ^^^^^^^^^^^^^^^^^^^^^^^^^
C:\Users\balaj\AppData\Local\Programs\Python\Python312\Lib\site-packages\sqlalchemy\pool\base.py:389: in _create_connection
    return _ConnectionRecord(self)
           ^^^^^^^^^^^^^^^^^^^^^^^
C:\Users\balaj\AppData\Local\Programs\Python\Python312\Lib\site-packages\sqlalchemy\pool\base.py:674: in __init__
    self.__connect()
C:\Users\balaj\AppData\Local\Programs\Python\Python312\Lib\site-packages\sqlalchemy\pool\base.py:900: in __connect
    with util.safe_reraise():
C:\Users\balaj\AppData\Local\Programs\Python\Python312\Lib\site-packages\sqlalchemy\util\langhelpers.py:121: in __exit__
    raise exc_value.with_traceback(exc_tb)
C:\Users\balaj\AppData\Local\Programs\Python\Python312\Lib\site-packages\sqlalchemy\pool\base.py:896: in __connect
    self.dbapi_connection = connection = pool._invoke_creator(self)
                                         ^^^^^^^^^^^^^^^^^^^^^^^^^^
C:\Users\balaj\AppData\Local\Programs\Python\Python312\Lib\site-packages\sqlalchemy\engine\create.py:667: in connect
    return dialect.connect(*cargs_tup, **cparams)
           ^^^^^^^^^^^^^^^^^^^^^^^^^^^^^^^^^^^^^^
C:\Users\balaj\AppData\Local\Programs\Python\Python312\Lib\site-packages\sqlalchemy\engine\default.py:630: in connect
    return self.loaded_dbapi.connect(*cargs, **cparams)  # type: ignore[no-any-return]  # NOQA: E501
           ^^^^^^^^^^^^^^^^^^^^^^^^^^^^^^^^^^^^^^^^^^^^
C:\Users\balaj\AppData\Local\Programs\Python\Python312\Lib\site-packages\psycopg\connection.py:100: in connect
    attempts = conninfo_attempts(params)
               ^^^^^^^^^^^^^^^^^^^^^^^^^
_ _ _ _ _ _ _ _ _ _ _ _ _ _ _ _ _ _ _ _ _ _ _ _ _ _ _ _ _ _ _ _ _ _ _ _ _ _ _ _

params = {'host': 'example'}

    def conninfo_attempts(params: ConnMapping) -&gt; list[ConnDict]:
        """Split a set of connection params on the single attempts to perform.
    
        A connection param can perform more than one attempt more than one ``host``
        is provided.
    
        Also perform async resolution of the hostname into hostaddr. Because a host
        can resolve to more than one address, this can lead to yield more attempts
        too. Raise `OperationalError` if no host could be resolved.
    
        Because the libpq async function doesn't honour the timeout, we need to
        reimplement the repeated attempts.
        """
        last_exc = None
        attempts = []
        if prefer_standby := (
            get_param(params, "target_session_attrs") == "prefer-standby"
        ):
            params = {k: v for k, v in params.items() if k != "target_session_attrs"}
    
        for attempt in split_attempts(params):
            try:
                attempts.extend(_resolve_hostnames(attempt))
            except OSError as ex:
                last_exc = e.OperationalError(
                    f"failed to resolve host {attempt.get('host')!r}: {ex}"
                )
                logger.debug("%s", last_exc)
    
        if not attempts:
            assert last_exc
            # We couldn't resolve anything
&gt;           raise last_exc
E           psycopg.OperationalError: failed to resolve host 'example': [Errno 11001] getaddrinfo failed

C:\Users\balaj\AppData\Local\Programs\Python\Python312\Lib\site-packages\psycopg\_conninfo_attempts.py:55: OperationalError

The above exception was the direct cause of the following exception:

fixturedef = &lt;FixtureDef argname='db' scope='function' baseid='tests'&gt;
request = &lt;SubRequest 'db' for &lt;Function test_ngo_claim_task&gt;&gt;

    @pytest.hookimpl(wrapper=True)
    def pytest_fixture_setup(fixturedef: FixtureDef, request) -&gt; object | None:
        asyncio_mode = _get_asyncio_mode(request.config)
        if not _is_asyncio_fixture_function(fixturedef.func):
            if asyncio_mode == Mode.STRICT:
                # Ignore async fixtures without explicit asyncio mark in strict mode
                # This applies to pytest_trio fixtures, for example
&gt;               return (yield)
                        ^^^^^

C:\Users\balaj\AppData\Local\Programs\Python\Python312\Lib\site-packages\pytest_asyncio\plugin.py:728: 
_ _ _ _ _ _ _ _ _ _ _ _ _ _ _ _ _ _ _ _ _ _ _ _ _ _ _ _ _ _ _ _ _ _ _ _ _ _ _ _
tests\conftest.py:39: in db
    connection = engine.connect()
                 ^^^^^^^^^^^^^^^^
C:\Users\balaj\AppData\Local\Programs\Python\Python312\Lib\site-packages\sqlalchemy\engine\base.py:3293: in connect
    return self._connection_cls(self)
           ^^^^^^^^^^^^^^^^^^^^^^^^^^
C:\Users\balaj\AppData\Local\Programs\Python\Python312\Lib\site-packages\sqlalchemy\engine\base.py:145: in __init__
    Connection._handle_dbapi_exception_noconnection(
C:\Users\balaj\AppData\Local\Programs\Python\Python312\Lib\site-packages\sqlalchemy\engine\base.py:2448: in _handle_dbapi_exception_noconnection
    raise sqlalchemy_exception.with_traceback(exc_info[2]) from e
C:\Users\balaj\AppData\Local\Programs\Python\Python312\Lib\site-packages\sqlalchemy\engine\base.py:143: in __init__
    self._dbapi_connection = engine.raw_connection()
                             ^^^^^^^^^^^^^^^^^^^^^^^
C:\Users\balaj\AppData\Local\Programs\Python\Python312\Lib\site-packages\sqlalchemy\engine\base.py:3317: in raw_connection
    return self.pool.connect()
           ^^^^^^^^^^^^^^^^^^^
C:\Users\balaj\AppData\Local\Programs\Python\Python312\Lib\site-packages\sqlalchemy\pool\base.py:448: in connect
    return _ConnectionFairy._checkout(self)
           ^^^^^^^^^^^^^^^^^^^^^^^^^^^^^^^^
C:\Users\balaj\AppData\Local\Programs\Python\Python312\Lib\site-packages\sqlalchemy\pool\base.py:1272: in _checkout
    fairy = _ConnectionRecord.checkout(pool)
            ^^^^^^^^^^^^^^^^^^^^^^^^^^^^^^^^
C:\Users\balaj\AppData\Local\Programs\Python\Python312\Lib\site-packages\sqlalchemy\pool\base.py:712: in checkout
    rec = pool._do_get()
          ^^^^^^^^^^^^^^
C:\Users\balaj\AppData\Local\Programs\Python\Python312\Lib\site-packages\sqlalchemy\pool\impl.py:177: in _do_get
    with util.safe_reraise():
C:\Users\balaj\AppData\Local\Programs\Python\Python312\Lib\site-packages\sqlalchemy\util\langhelpers.py:121: in __exit__
    raise exc_value.with_traceback(exc_tb)
C:\Users\balaj\AppData\Local\Programs\Python\Python312\Lib\site-packages\sqlalchemy\pool\impl.py:175: in _do_get
    return self._create_connection()
           ^^^^^^^^^^^^^^^^^^^^^^^^^
C:\Users\balaj\AppData\Local\Programs\Python\Python312\Lib\site-packages\sqlalchemy\pool\base.py:389: in _create_connection
    return _ConnectionRecord(self)
           ^^^^^^^^^^^^^^^^^^^^^^^
C:\Users\balaj\AppData\Local\Programs\Python\Python312\Lib\site-packages\sqlalchemy\pool\base.py:674: in __init__
    self.__connect()
C:\Users\balaj\AppData\Local\Programs\Python\Python312\Lib\site-packages\sqlalchemy\pool\base.py:900: in __connect
    with util.safe_reraise():
C:\Users\balaj\AppData\Local\Programs\Python\Python312\Lib\site-packages\sqlalchemy\util\langhelpers.py:121: in __exit__
    raise exc_value.with_traceback(exc_tb)
C:\Users\balaj\AppData\Local\Programs\Python\Python312\Lib\site-packages\sqlalchemy\pool\base.py:896: in __connect
    self.dbapi_connection = connection = pool._invoke_creator(self)
                                         ^^^^^^^^^^^^^^^^^^^^^^^^^^
C:\Users\balaj\AppData\Local\Programs\Python\Python312\Lib\site-packages\sqlalchemy\engine\create.py:667: in connect
    return dialect.connect(*cargs_tup, **cparams)
           ^^^^^^^^^^^^^^^^^^^^^^^^^^^^^^^^^^^^^^
C:\Users\balaj\AppData\Local\Programs\Python\Python312\Lib\site-packages\sqlalchemy\engine\default.py:630: in connect
    return self.loaded_dbapi.connect(*cargs, **cparams)  # type: ignore[no-any-return]  # NOQA: E501
           ^^^^^^^^^^^^^^^^^^^^^^^^^^^^^^^^^^^^^^^^^^^^
C:\Users\balaj\AppData\Local\Programs\Python\Python312\Lib\site-packages\psycopg\connection.py:100: in connect
    attempts = conninfo_attempts(params)
               ^^^^^^^^^^^^^^^^^^^^^^^^^
_ _ _ _ _ _ _ _ _ _ _ _ _ _ _ _ _ _ _ _ _ _ _ _ _ _ _ _ _ _ _ _ _ _ _ _ _ _ _ _

params = {'host': 'example'}

    def conninfo_attempts(params: ConnMapping) -&gt; list[ConnDict]:
        """Split a set of connection params on the single attempts to perform.
    
        A connection param can perform more than one attempt more than one ``host``
        is provided.
    
        Also perform async resolution of the hostname into hostaddr. Because a host
        can resolve to more than one address, this can lead to yield more attempts
        too. Raise `OperationalError` if no host could be resolved.
    
        Because the libpq async function doesn't honour the timeout, we need to
        reimplement the repeated attempts.
        """
        last_exc = None
        attempts = []
        if prefer_standby := (
            get_param(params, "target_session_attrs") == "prefer-standby"
        ):
            params = {k: v for k, v in params.items() if k != "target_session_attrs"}
    
        for attempt in split_attempts(params):
            try:
                attempts.extend(_resolve_hostnames(attempt))
            except OSError as ex:
                last_exc = e.OperationalError(
                    f"failed to resolve host {attempt.get('host')!r}: {ex}"
                )
                logger.debug("%s", last_exc)
    
        if not attempts:
            assert last_exc
            # We couldn't resolve anything
&gt;           raise last_exc
E           sqlalchemy.exc.OperationalError: (psycopg.OperationalError) failed to resolve host 'example': [Errno 11001] getaddrinfo failed
E           (Background on this error at: https://sqlalche.me/e/20/e3q8)

C:\Users\balaj\AppData\Local\Programs\Python\Python312\Lib\site-packages\psycopg\_conninfo_attempts.py:55: OperationalError</error></testcase><testcase classname="tests.test_endpoints" name="test_get_ngo_tasks" time="2.269"><error message="failed on setup with &quot;sqlalchemy.exc.OperationalError: (psycopg.OperationalError) failed to resolve host 'example': [Errno 11001] getaddrinfo failed&#10;(Background on this error at: https://sqlalche.me/e/20/e3q8)&quot;">self = &lt;sqlalchemy.engine.base.Connection object at 0x00000294351B4D10&gt;
engine = Engine(postgresql+psycopg://example), connection = None
_has_events = None, _allow_revalidate = True, _allow_autobegin = True

    def __init__(
        self,
        engine: Engine,
        connection: Optional[PoolProxiedConnection] = None,
        _has_events: Optional[bool] = None,
        _allow_revalidate: bool = True,
        _allow_autobegin: bool = True,
    ):
        """Construct a new Connection."""
        self.engine = engine
        self.dialect = dialect = engine.dialect
    
        if connection is None:
            try:
&gt;               self._dbapi_connection = engine.raw_connection()
                                         ^^^^^^^^^^^^^^^^^^^^^^^

C:\Users\balaj\AppData\Local\Programs\Python\Python312\Lib\site-packages\sqlalchemy\engine\base.py:143: 
_ _ _ _ _ _ _ _ _ _ _ _ _ _ _ _ _ _ _ _ _ _ _ _ _ _ _ _ _ _ _ _ _ _ _ _ _ _ _ _
C:\Users\balaj\AppData\Local\Programs\Python\Python312\Lib\site-packages\sqlalchemy\engine\base.py:3317: in raw_connection
    return self.pool.connect()
           ^^^^^^^^^^^^^^^^^^^
C:\Users\balaj\AppData\Local\Programs\Python\Python312\Lib\site-packages\sqlalchemy\pool\base.py:448: in connect
    return _ConnectionFairy._checkout(self)
           ^^^^^^^^^^^^^^^^^^^^^^^^^^^^^^^^
C:\Users\balaj\AppData\Local\Programs\Python\Python312\Lib\site-packages\sqlalchemy\pool\base.py:1272: in _checkout
    fairy = _ConnectionRecord.checkout(pool)
            ^^^^^^^^^^^^^^^^^^^^^^^^^^^^^^^^
C:\Users\balaj\AppData\Local\Programs\Python\Python312\Lib\site-packages\sqlalchemy\pool\base.py:712: in checkout
    rec = pool._do_get()
          ^^^^^^^^^^^^^^
C:\Users\balaj\AppData\Local\Programs\Python\Python312\Lib\site-packages\sqlalchemy\pool\impl.py:177: in _do_get
    with util.safe_reraise():
C:\Users\balaj\AppData\Local\Programs\Python\Python312\Lib\site-packages\sqlalchemy\util\langhelpers.py:121: in __exit__
    raise exc_value.with_traceback(exc_tb)
C:\Users\balaj\AppData\Local\Programs\Python\Python312\Lib\site-packages\sqlalchemy\pool\impl.py:175: in _do_get
    return self._create_connection()
           ^^^^^^^^^^^^^^^^^^^^^^^^^
C:\Users\balaj\AppData\Local\Programs\Python\Python312\Lib\site-packages\sqlalchemy\pool\base.py:389: in _create_connection
    return _ConnectionRecord(self)
           ^^^^^^^^^^^^^^^^^^^^^^^
C:\Users\balaj\AppData\Local\Programs\Python\Python312\Lib\site-packages\sqlalchemy\pool\base.py:674: in __init__
    self.__connect()
C:\Users\balaj\AppData\Local\Programs\Python\Python312\Lib\site-packages\sqlalchemy\pool\base.py:900: in __connect
    with util.safe_reraise():
C:\Users\balaj\AppData\Local\Programs\Python\Python312\Lib\site-packages\sqlalchemy\util\langhelpers.py:121: in __exit__
    raise exc_value.with_traceback(exc_tb)
C:\Users\balaj\AppData\Local\Programs\Python\Python312\Lib\site-packages\sqlalchemy\pool\base.py:896: in __connect
    self.dbapi_connection = connection = pool._invoke_creator(self)
                                         ^^^^^^^^^^^^^^^^^^^^^^^^^^
C:\Users\balaj\AppData\Local\Programs\Python\Python312\Lib\site-packages\sqlalchemy\engine\create.py:667: in connect
    return dialect.connect(*cargs_tup, **cparams)
           ^^^^^^^^^^^^^^^^^^^^^^^^^^^^^^^^^^^^^^
C:\Users\balaj\AppData\Local\Programs\Python\Python312\Lib\site-packages\sqlalchemy\engine\default.py:630: in connect
    return self.loaded_dbapi.connect(*cargs, **cparams)  # type: ignore[no-any-return]  # NOQA: E501
           ^^^^^^^^^^^^^^^^^^^^^^^^^^^^^^^^^^^^^^^^^^^^
C:\Users\balaj\AppData\Local\Programs\Python\Python312\Lib\site-packages\psycopg\connection.py:100: in connect
    attempts = conninfo_attempts(params)
               ^^^^^^^^^^^^^^^^^^^^^^^^^
_ _ _ _ _ _ _ _ _ _ _ _ _ _ _ _ _ _ _ _ _ _ _ _ _ _ _ _ _ _ _ _ _ _ _ _ _ _ _ _

params = {'host': 'example'}

    def conninfo_attempts(params: ConnMapping) -&gt; list[ConnDict]:
        """Split a set of connection params on the single attempts to perform.
    
        A connection param can perform more than one attempt more than one ``host``
        is provided.
    
        Also perform async resolution of the hostname into hostaddr. Because a host
        can resolve to more than one address, this can lead to yield more attempts
        too. Raise `OperationalError` if no host could be resolved.
    
        Because the libpq async function doesn't honour the timeout, we need to
        reimplement the repeated attempts.
        """
        last_exc = None
        attempts = []
        if prefer_standby := (
            get_param(params, "target_session_attrs") == "prefer-standby"
        ):
            params = {k: v for k, v in params.items() if k != "target_session_attrs"}
    
        for attempt in split_attempts(params):
            try:
                attempts.extend(_resolve_hostnames(attempt))
            except OSError as ex:
                last_exc = e.OperationalError(
                    f"failed to resolve host {attempt.get('host')!r}: {ex}"
                )
                logger.debug("%s", last_exc)
    
        if not attempts:
            assert last_exc
            # We couldn't resolve anything
&gt;           raise last_exc
E           psycopg.OperationalError: failed to resolve host 'example': [Errno 11001] getaddrinfo failed

C:\Users\balaj\AppData\Local\Programs\Python\Python312\Lib\site-packages\psycopg\_conninfo_attempts.py:55: OperationalError

The above exception was the direct cause of the following exception:

fixturedef = &lt;FixtureDef argname='db' scope='function' baseid='tests'&gt;
request = &lt;SubRequest 'db' for &lt;Function test_get_ngo_tasks&gt;&gt;

    @pytest.hookimpl(wrapper=True)
    def pytest_fixture_setup(fixturedef: FixtureDef, request) -&gt; object | None:
        asyncio_mode = _get_asyncio_mode(request.config)
        if not _is_asyncio_fixture_function(fixturedef.func):
            if asyncio_mode == Mode.STRICT:
                # Ignore async fixtures without explicit asyncio mark in strict mode
                # This applies to pytest_trio fixtures, for example
&gt;               return (yield)
                        ^^^^^

C:\Users\balaj\AppData\Local\Programs\Python\Python312\Lib\site-packages\pytest_asyncio\plugin.py:728: 
_ _ _ _ _ _ _ _ _ _ _ _ _ _ _ _ _ _ _ _ _ _ _ _ _ _ _ _ _ _ _ _ _ _ _ _ _ _ _ _
tests\conftest.py:39: in db
    connection = engine.connect()
                 ^^^^^^^^^^^^^^^^
C:\Users\balaj\AppData\Local\Programs\Python\Python312\Lib\site-packages\sqlalchemy\engine\base.py:3293: in connect
    return self._connection_cls(self)
           ^^^^^^^^^^^^^^^^^^^^^^^^^^
C:\Users\balaj\AppData\Local\Programs\Python\Python312\Lib\site-packages\sqlalchemy\engine\base.py:145: in __init__
    Connection._handle_dbapi_exception_noconnection(
C:\Users\balaj\AppData\Local\Programs\Python\Python312\Lib\site-packages\sqlalchemy\engine\base.py:2448: in _handle_dbapi_exception_noconnection
    raise sqlalchemy_exception.with_traceback(exc_info[2]) from e
C:\Users\balaj\AppData\Local\Programs\Python\Python312\Lib\site-packages\sqlalchemy\engine\base.py:143: in __init__
    self._dbapi_connection = engine.raw_connection()
                             ^^^^^^^^^^^^^^^^^^^^^^^
C:\Users\balaj\AppData\Local\Programs\Python\Python312\Lib\site-packages\sqlalchemy\engine\base.py:3317: in raw_connection
    return self.pool.connect()
           ^^^^^^^^^^^^^^^^^^^
C:\Users\balaj\AppData\Local\Programs\Python\Python312\Lib\site-packages\sqlalchemy\pool\base.py:448: in connect
    return _ConnectionFairy._checkout(self)
           ^^^^^^^^^^^^^^^^^^^^^^^^^^^^^^^^
C:\Users\balaj\AppData\Local\Programs\Python\Python312\Lib\site-packages\sqlalchemy\pool\base.py:1272: in _checkout
    fairy = _ConnectionRecord.checkout(pool)
            ^^^^^^^^^^^^^^^^^^^^^^^^^^^^^^^^
C:\Users\balaj\AppData\Local\Programs\Python\Python312\Lib\site-packages\sqlalchemy\pool\base.py:712: in checkout
    rec = pool._do_get()
          ^^^^^^^^^^^^^^
C:\Users\balaj\AppData\Local\Programs\Python\Python312\Lib\site-packages\sqlalchemy\pool\impl.py:177: in _do_get
    with util.safe_reraise():
C:\Users\balaj\AppData\Local\Programs\Python\Python312\Lib\site-packages\sqlalchemy\util\langhelpers.py:121: in __exit__
    raise exc_value.with_traceback(exc_tb)
C:\Users\balaj\AppData\Local\Programs\Python\Python312\Lib\site-packages\sqlalchemy\pool\impl.py:175: in _do_get
    return self._create_connection()
           ^^^^^^^^^^^^^^^^^^^^^^^^^
C:\Users\balaj\AppData\Local\Programs\Python\Python312\Lib\site-packages\sqlalchemy\pool\base.py:389: in _create_connection
    return _ConnectionRecord(self)
           ^^^^^^^^^^^^^^^^^^^^^^^
C:\Users\balaj\AppData\Local\Programs\Python\Python312\Lib\site-packages\sqlalchemy\pool\base.py:674: in __init__
    self.__connect()
C:\Users\balaj\AppData\Local\Programs\Python\Python312\Lib\site-packages\sqlalchemy\pool\base.py:900: in __connect
    with util.safe_reraise():
C:\Users\balaj\AppData\Local\Programs\Python\Python312\Lib\site-packages\sqlalchemy\util\langhelpers.py:121: in __exit__
    raise exc_value.with_traceback(exc_tb)
C:\Users\balaj\AppData\Local\Programs\Python\Python312\Lib\site-packages\sqlalchemy\pool\base.py:896: in __connect
    self.dbapi_connection = connection = pool._invoke_creator(self)
                                         ^^^^^^^^^^^^^^^^^^^^^^^^^^
C:\Users\balaj\AppData\Local\Programs\Python\Python312\Lib\site-packages\sqlalchemy\engine\create.py:667: in connect
    return dialect.connect(*cargs_tup, **cparams)
           ^^^^^^^^^^^^^^^^^^^^^^^^^^^^^^^^^^^^^^
C:\Users\balaj\AppData\Local\Programs\Python\Python312\Lib\site-packages\sqlalchemy\engine\default.py:630: in connect
    return self.loaded_dbapi.connect(*cargs, **cparams)  # type: ignore[no-any-return]  # NOQA: E501
           ^^^^^^^^^^^^^^^^^^^^^^^^^^^^^^^^^^^^^^^^^^^^
C:\Users\balaj\AppData\Local\Programs\Python\Python312\Lib\site-packages\psycopg\connection.py:100: in connect
    attempts = conninfo_attempts(params)
               ^^^^^^^^^^^^^^^^^^^^^^^^^
_ _ _ _ _ _ _ _ _ _ _ _ _ _ _ _ _ _ _ _ _ _ _ _ _ _ _ _ _ _ _ _ _ _ _ _ _ _ _ _

params = {'host': 'example'}

    def conninfo_attempts(params: ConnMapping) -&gt; list[ConnDict]:
        """Split a set of connection params on the single attempts to perform.
    
        A connection param can perform more than one attempt more than one ``host``
        is provided.
    
        Also perform async resolution of the hostname into hostaddr. Because a host
        can resolve to more than one address, this can lead to yield more attempts
        too. Raise `OperationalError` if no host could be resolved.
    
        Because the libpq async function doesn't honour the timeout, we need to
        reimplement the repeated attempts.
        """
        last_exc = None
        attempts = []
        if prefer_standby := (
            get_param(params, "target_session_attrs") == "prefer-standby"
        ):
            params = {k: v for k, v in params.items() if k != "target_session_attrs"}
    
        for attempt in split_attempts(params):
            try:
                attempts.extend(_resolve_hostnames(attempt))
            except OSError as ex:
                last_exc = e.OperationalError(
                    f"failed to resolve host {attempt.get('host')!r}: {ex}"
                )
                logger.debug("%s", last_exc)
    
        if not attempts:
            assert last_exc
            # We couldn't resolve anything
&gt;           raise last_exc
E           sqlalchemy.exc.OperationalError: (psycopg.OperationalError) failed to resolve host 'example': [Errno 11001] getaddrinfo failed
E           (Background on this error at: https://sqlalche.me/e/20/e3q8)

C:\Users\balaj\AppData\Local\Programs\Python\Python312\Lib\site-packages\psycopg\_conninfo_attempts.py:55: OperationalError</error></testcase><testcase classname="tests.test_endpoints" name="test_get_all_volunteers" time="2.279"><error message="failed on setup with &quot;sqlalchemy.exc.OperationalError: (psycopg.OperationalError) failed to resolve host 'example': [Errno 11001] getaddrinfo failed&#10;(Background on this error at: https://sqlalche.me/e/20/e3q8)&quot;">self = &lt;sqlalchemy.engine.base.Connection object at 0x00000294352E2630&gt;
engine = Engine(postgresql+psycopg://example), connection = None
_has_events = None, _allow_revalidate = True, _allow_autobegin = True

    def __init__(
        self,
        engine: Engine,
        connection: Optional[PoolProxiedConnection] = None,
        _has_events: Optional[bool] = None,
        _allow_revalidate: bool = True,
        _allow_autobegin: bool = True,
    ):
        """Construct a new Connection."""
        self.engine = engine
        self.dialect = dialect = engine.dialect
    
        if connection is None:
            try:
&gt;               self._dbapi_connection = engine.raw_connection()
                                         ^^^^^^^^^^^^^^^^^^^^^^^

C:\Users\balaj\AppData\Local\Programs\Python\Python312\Lib\site-packages\sqlalchemy\engine\base.py:143: 
_ _ _ _ _ _ _ _ _ _ _ _ _ _ _ _ _ _ _ _ _ _ _ _ _ _ _ _ _ _ _ _ _ _ _ _ _ _ _ _
C:\Users\balaj\AppData\Local\Programs\Python\Python312\Lib\site-packages\sqlalchemy\engine\base.py:3317: in raw_connection
    return self.pool.connect()
           ^^^^^^^^^^^^^^^^^^^
C:\Users\balaj\AppData\Local\Programs\Python\Python312\Lib\site-packages\sqlalchemy\pool\base.py:448: in connect
    return _ConnectionFairy._checkout(self)
           ^^^^^^^^^^^^^^^^^^^^^^^^^^^^^^^^
C:\Users\balaj\AppData\Local\Programs\Python\Python312\Lib\site-packages\sqlalchemy\pool\base.py:1272: in _checkout
    fairy = _ConnectionRecord.checkout(pool)
            ^^^^^^^^^^^^^^^^^^^^^^^^^^^^^^^^
C:\Users\balaj\AppData\Local\Programs\Python\Python312\Lib\site-packages\sqlalchemy\pool\base.py:712: in checkout
    rec = pool._do_get()
          ^^^^^^^^^^^^^^
C:\Users\balaj\AppData\Local\Programs\Python\Python312\Lib\site-packages\sqlalchemy\pool\impl.py:177: in _do_get
    with util.safe_reraise():
C:\Users\balaj\AppData\Local\Programs\Python\Python312\Lib\site-packages\sqlalchemy\util\langhelpers.py:121: in __exit__
    raise exc_value.with_traceback(exc_tb)
C:\Users\balaj\AppData\Local\Programs\Python\Python312\Lib\site-packages\sqlalchemy\pool\impl.py:175: in _do_get
    return self._create_connection()
           ^^^^^^^^^^^^^^^^^^^^^^^^^
C:\Users\balaj\AppData\Local\Programs\Python\Python312\Lib\site-packages\sqlalchemy\pool\base.py:389: in _create_connection
    return _ConnectionRecord(self)
           ^^^^^^^^^^^^^^^^^^^^^^^
C:\Users\balaj\AppData\Local\Programs\Python\Python312\Lib\site-packages\sqlalchemy\pool\base.py:674: in __init__
    self.__connect()
C:\Users\balaj\AppData\Local\Programs\Python\Python312\Lib\site-packages\sqlalchemy\pool\base.py:900: in __connect
    with util.safe_reraise():
C:\Users\balaj\AppData\Local\Programs\Python\Python312\Lib\site-packages\sqlalchemy\util\langhelpers.py:121: in __exit__
    raise exc_value.with_traceback(exc_tb)
C:\Users\balaj\AppData\Local\Programs\Python\Python312\Lib\site-packages\sqlalchemy\pool\base.py:896: in __connect
    self.dbapi_connection = connection = pool._invoke_creator(self)
                                         ^^^^^^^^^^^^^^^^^^^^^^^^^^
C:\Users\balaj\AppData\Local\Programs\Python\Python312\Lib\site-packages\sqlalchemy\engine\create.py:667: in connect
    return dialect.connect(*cargs_tup, **cparams)
           ^^^^^^^^^^^^^^^^^^^^^^^^^^^^^^^^^^^^^^
C:\Users\balaj\AppData\Local\Programs\Python\Python312\Lib\site-packages\sqlalchemy\engine\default.py:630: in connect
    return self.loaded_dbapi.connect(*cargs, **cparams)  # type: ignore[no-any-return]  # NOQA: E501
           ^^^^^^^^^^^^^^^^^^^^^^^^^^^^^^^^^^^^^^^^^^^^
C:\Users\balaj\AppData\Local\Programs\Python\Python312\Lib\site-packages\psycopg\connection.py:100: in connect
    attempts = conninfo_attempts(params)
               ^^^^^^^^^^^^^^^^^^^^^^^^^
_ _ _ _ _ _ _ _ _ _ _ _ _ _ _ _ _ _ _ _ _ _ _ _ _ _ _ _ _ _ _ _ _ _ _ _ _ _ _ _

params = {'host': 'example'}

    def conninfo_attempts(params: ConnMapping) -&gt; list[ConnDict]:
        """Split a set of connection params on the single attempts to perform.
    
        A connection param can perform more than one attempt more than one ``host``
        is provided.
    
        Also perform async resolution of the hostname into hostaddr. Because a host
        can resolve to more than one address, this can lead to yield more attempts
        too. Raise `OperationalError` if no host could be resolved.
    
        Because the libpq async function doesn't honour the timeout, we need to
        reimplement the repeated attempts.
        """
        last_exc = None
        attempts = []
        if prefer_standby := (
            get_param(params, "target_session_attrs") == "prefer-standby"
        ):
            params = {k: v for k, v in params.items() if k != "target_session_attrs"}
    
        for attempt in split_attempts(params):
            try:
                attempts.extend(_resolve_hostnames(attempt))
            except OSError as ex:
                last_exc = e.OperationalError(
                    f"failed to resolve host {attempt.get('host')!r}: {ex}"
                )
                logger.debug("%s", last_exc)
    
        if not attempts:
            assert last_exc
            # We couldn't resolve anything
&gt;           raise last_exc
E           psycopg.OperationalError: failed to resolve host 'example': [Errno 11001] getaddrinfo failed

C:\Users\balaj\AppData\Local\Programs\Python\Python312\Lib\site-packages\psycopg\_conninfo_attempts.py:55: OperationalError

The above exception was the direct cause of the following exception:

fixturedef = &lt;FixtureDef argname='db' scope='function' baseid='tests'&gt;
request = &lt;SubRequest 'db' for &lt;Function test_get_all_volunteers&gt;&gt;

    @pytest.hookimpl(wrapper=True)
    def pytest_fixture_setup(fixturedef: FixtureDef, request) -&gt; object | None:
        asyncio_mode = _get_asyncio_mode(request.config)
        if not _is_asyncio_fixture_function(fixturedef.func):
            if asyncio_mode == Mode.STRICT:
                # Ignore async fixtures without explicit asyncio mark in strict mode
                # This applies to pytest_trio fixtures, for example
&gt;               return (yield)
                        ^^^^^

C:\Users\balaj\AppData\Local\Programs\Python\Python312\Lib\site-packages\pytest_asyncio\plugin.py:728: 
_ _ _ _ _ _ _ _ _ _ _ _ _ _ _ _ _ _ _ _ _ _ _ _ _ _ _ _ _ _ _ _ _ _ _ _ _ _ _ _
tests\conftest.py:39: in db
    connection = engine.connect()
                 ^^^^^^^^^^^^^^^^
C:\Users\balaj\AppData\Local\Programs\Python\Python312\Lib\site-packages\sqlalchemy\engine\base.py:3293: in connect
    return self._connection_cls(self)
           ^^^^^^^^^^^^^^^^^^^^^^^^^^
C:\Users\balaj\AppData\Local\Programs\Python\Python312\Lib\site-packages\sqlalchemy\engine\base.py:145: in __init__
    Connection._handle_dbapi_exception_noconnection(
C:\Users\balaj\AppData\Local\Programs\Python\Python312\Lib\site-packages\sqlalchemy\engine\base.py:2448: in _handle_dbapi_exception_noconnection
    raise sqlalchemy_exception.with_traceback(exc_info[2]) from e
C:\Users\balaj\AppData\Local\Programs\Python\Python312\Lib\site-packages\sqlalchemy\engine\base.py:143: in __init__
    self._dbapi_connection = engine.raw_connection()
                             ^^^^^^^^^^^^^^^^^^^^^^^
C:\Users\balaj\AppData\Local\Programs\Python\Python312\Lib\site-packages\sqlalchemy\engine\base.py:3317: in raw_connection
    return self.pool.connect()
           ^^^^^^^^^^^^^^^^^^^
C:\Users\balaj\AppData\Local\Programs\Python\Python312\Lib\site-packages\sqlalchemy\pool\base.py:448: in connect
    return _ConnectionFairy._checkout(self)
           ^^^^^^^^^^^^^^^^^^^^^^^^^^^^^^^^
C:\Users\balaj\AppData\Local\Programs\Python\Python312\Lib\site-packages\sqlalchemy\pool\base.py:1272: in _checkout
    fairy = _ConnectionRecord.checkout(pool)
            ^^^^^^^^^^^^^^^^^^^^^^^^^^^^^^^^
C:\Users\balaj\AppData\Local\Programs\Python\Python312\Lib\site-packages\sqlalchemy\pool\base.py:712: in checkout
    rec = pool._do_get()
          ^^^^^^^^^^^^^^
C:\Users\balaj\AppData\Local\Programs\Python\Python312\Lib\site-packages\sqlalchemy\pool\impl.py:177: in _do_get
    with util.safe_reraise():
C:\Users\balaj\AppData\Local\Programs\Python\Python312\Lib\site-packages\sqlalchemy\util\langhelpers.py:121: in __exit__
    raise exc_value.with_traceback(exc_tb)
C:\Users\balaj\AppData\Local\Programs\Python\Python312\Lib\site-packages\sqlalchemy\pool\impl.py:175: in _do_get
    return self._create_connection()
           ^^^^^^^^^^^^^^^^^^^^^^^^^
C:\Users\balaj\AppData\Local\Programs\Python\Python312\Lib\site-packages\sqlalchemy\pool\base.py:389: in _create_connection
    return _ConnectionRecord(self)
           ^^^^^^^^^^^^^^^^^^^^^^^
C:\Users\balaj\AppData\Local\Programs\Python\Python312\Lib\site-packages\sqlalchemy\pool\base.py:674: in __init__
    self.__connect()
C:\Users\balaj\AppData\Local\Programs\Python\Python312\Lib\site-packages\sqlalchemy\pool\base.py:900: in __connect
    with util.safe_reraise():
C:\Users\balaj\AppData\Local\Programs\Python\Python312\Lib\site-packages\sqlalchemy\util\langhelpers.py:121: in __exit__
    raise exc_value.with_traceback(exc_tb)
C:\Users\balaj\AppData\Local\Programs\Python\Python312\Lib\site-packages\sqlalchemy\pool\base.py:896: in __connect
    self.dbapi_connection = connection = pool._invoke_creator(self)
                                         ^^^^^^^^^^^^^^^^^^^^^^^^^^
C:\Users\balaj\AppData\Local\Programs\Python\Python312\Lib\site-packages\sqlalchemy\engine\create.py:667: in connect
    return dialect.connect(*cargs_tup, **cparams)
           ^^^^^^^^^^^^^^^^^^^^^^^^^^^^^^^^^^^^^^
C:\Users\balaj\AppData\Local\Programs\Python\Python312\Lib\site-packages\sqlalchemy\engine\default.py:630: in connect
    return self.loaded_dbapi.connect(*cargs, **cparams)  # type: ignore[no-any-return]  # NOQA: E501
           ^^^^^^^^^^^^^^^^^^^^^^^^^^^^^^^^^^^^^^^^^^^^
C:\Users\balaj\AppData\Local\Programs\Python\Python312\Lib\site-packages\psycopg\connection.py:100: in connect
    attempts = conninfo_attempts(params)
               ^^^^^^^^^^^^^^^^^^^^^^^^^
_ _ _ _ _ _ _ _ _ _ _ _ _ _ _ _ _ _ _ _ _ _ _ _ _ _ _ _ _ _ _ _ _ _ _ _ _ _ _ _

params = {'host': 'example'}

    def conninfo_attempts(params: ConnMapping) -&gt; list[ConnDict]:
        """Split a set of connection params on the single attempts to perform.
    
        A connection param can perform more than one attempt more than one ``host``
        is provided.
    
        Also perform async resolution of the hostname into hostaddr. Because a host
        can resolve to more than one address, this can lead to yield more attempts
        too. Raise `OperationalError` if no host could be resolved.
    
        Because the libpq async function doesn't honour the timeout, we need to
        reimplement the repeated attempts.
        """
        last_exc = None
        attempts = []
        if prefer_standby := (
            get_param(params, "target_session_attrs") == "prefer-standby"
        ):
            params = {k: v for k, v in params.items() if k != "target_session_attrs"}
    
        for attempt in split_attempts(params):
            try:
                attempts.extend(_resolve_hostnames(attempt))
            except OSError as ex:
                last_exc = e.OperationalError(
                    f"failed to resolve host {attempt.get('host')!r}: {ex}"
                )
                logger.debug("%s", last_exc)
    
        if not attempts:
            assert last_exc
            # We couldn't resolve anything
&gt;           raise last_exc
E           sqlalchemy.exc.OperationalError: (psycopg.OperationalError) failed to resolve host 'example': [Errno 11001] getaddrinfo failed
E           (Background on this error at: https://sqlalche.me/e/20/e3q8)

C:\Users\balaj\AppData\Local\Programs\Python\Python312\Lib\site-packages\psycopg\_conninfo_attempts.py:55: OperationalError</error></testcase><testcase classname="tests.test_endpoints" name="test_create_volunteer" time="2.295"><error message="failed on setup with &quot;sqlalchemy.exc.OperationalError: (psycopg.OperationalError) failed to resolve host 'example': [Errno 11001] getaddrinfo failed&#10;(Background on this error at: https://sqlalche.me/e/20/e3q8)&quot;">self = &lt;sqlalchemy.engine.base.Connection object at 0x00000294352EB710&gt;
engine = Engine(postgresql+psycopg://example), connection = None
_has_events = None, _allow_revalidate = True, _allow_autobegin = True

    def __init__(
        self,
        engine: Engine,
        connection: Optional[PoolProxiedConnection] = None,
        _has_events: Optional[bool] = None,
        _allow_revalidate: bool = True,
        _allow_autobegin: bool = True,
    ):
        """Construct a new Connection."""
        self.engine = engine
        self.dialect = dialect = engine.dialect
    
        if connection is None:
            try:
&gt;               self._dbapi_connection = engine.raw_connection()
                                         ^^^^^^^^^^^^^^^^^^^^^^^

C:\Users\balaj\AppData\Local\Programs\Python\Python312\Lib\site-packages\sqlalchemy\engine\base.py:143: 
_ _ _ _ _ _ _ _ _ _ _ _ _ _ _ _ _ _ _ _ _ _ _ _ _ _ _ _ _ _ _ _ _ _ _ _ _ _ _ _
C:\Users\balaj\AppData\Local\Programs\Python\Python312\Lib\site-packages\sqlalchemy\engine\base.py:3317: in raw_connection
    return self.pool.connect()
           ^^^^^^^^^^^^^^^^^^^
C:\Users\balaj\AppData\Local\Programs\Python\Python312\Lib\site-packages\sqlalchemy\pool\base.py:448: in connect
    return _ConnectionFairy._checkout(self)
           ^^^^^^^^^^^^^^^^^^^^^^^^^^^^^^^^
C:\Users\balaj\AppData\Local\Programs\Python\Python312\Lib\site-packages\sqlalchemy\pool\base.py:1272: in _checkout
    fairy = _ConnectionRecord.checkout(pool)
            ^^^^^^^^^^^^^^^^^^^^^^^^^^^^^^^^
C:\Users\balaj\AppData\Local\Programs\Python\Python312\Lib\site-packages\sqlalchemy\pool\base.py:712: in checkout
    rec = pool._do_get()
          ^^^^^^^^^^^^^^
C:\Users\balaj\AppData\Local\Programs\Python\Python312\Lib\site-packages\sqlalchemy\pool\impl.py:177: in _do_get
    with util.safe_reraise():
C:\Users\balaj\AppData\Local\Programs\Python\Python312\Lib\site-packages\sqlalchemy\util\langhelpers.py:121: in __exit__
    raise exc_value.with_traceback(exc_tb)
C:\Users\balaj\AppData\Local\Programs\Python\Python312\Lib\site-packages\sqlalchemy\pool\impl.py:175: in _do_get
    return self._create_connection()
           ^^^^^^^^^^^^^^^^^^^^^^^^^
C:\Users\balaj\AppData\Local\Programs\Python\Python312\Lib\site-packages\sqlalchemy\pool\base.py:389: in _create_connection
    return _ConnectionRecord(self)
           ^^^^^^^^^^^^^^^^^^^^^^^
C:\Users\balaj\AppData\Local\Programs\Python\Python312\Lib\site-packages\sqlalchemy\pool\base.py:674: in __init__
    self.__connect()
C:\Users\balaj\AppData\Local\Programs\Python\Python312\Lib\site-packages\sqlalchemy\pool\base.py:900: in __connect
    with util.safe_reraise():
C:\Users\balaj\AppData\Local\Programs\Python\Python312\Lib\site-packages\sqlalchemy\util\langhelpers.py:121: in __exit__
    raise exc_value.with_traceback(exc_tb)
C:\Users\balaj\AppData\Local\Programs\Python\Python312\Lib\site-packages\sqlalchemy\pool\base.py:896: in __connect
    self.dbapi_connection = connection = pool._invoke_creator(self)
                                         ^^^^^^^^^^^^^^^^^^^^^^^^^^
C:\Users\balaj\AppData\Local\Programs\Python\Python312\Lib\site-packages\sqlalchemy\engine\create.py:667: in connect
    return dialect.connect(*cargs_tup, **cparams)
           ^^^^^^^^^^^^^^^^^^^^^^^^^^^^^^^^^^^^^^
C:\Users\balaj\AppData\Local\Programs\Python\Python312\Lib\site-packages\sqlalchemy\engine\default.py:630: in connect
    return self.loaded_dbapi.connect(*cargs, **cparams)  # type: ignore[no-any-return]  # NOQA: E501
           ^^^^^^^^^^^^^^^^^^^^^^^^^^^^^^^^^^^^^^^^^^^^
C:\Users\balaj\AppData\Local\Programs\Python\Python312\Lib\site-packages\psycopg\connection.py:100: in connect
    attempts = conninfo_attempts(params)
               ^^^^^^^^^^^^^^^^^^^^^^^^^
_ _ _ _ _ _ _ _ _ _ _ _ _ _ _ _ _ _ _ _ _ _ _ _ _ _ _ _ _ _ _ _ _ _ _ _ _ _ _ _

params = {'host': 'example'}

    def conninfo_attempts(params: ConnMapping) -&gt; list[ConnDict]:
        """Split a set of connection params on the single attempts to perform.
    
        A connection param can perform more than one attempt more than one ``host``
        is provided.
    
        Also perform async resolution of the hostname into hostaddr. Because a host
        can resolve to more than one address, this can lead to yield more attempts
        too. Raise `OperationalError` if no host could be resolved.
    
        Because the libpq async function doesn't honour the timeout, we need to
        reimplement the repeated attempts.
        """
        last_exc = None
        attempts = []
        if prefer_standby := (
            get_param(params, "target_session_attrs") == "prefer-standby"
        ):
            params = {k: v for k, v in params.items() if k != "target_session_attrs"}
    
        for attempt in split_attempts(params):
            try:
                attempts.extend(_resolve_hostnames(attempt))
            except OSError as ex:
                last_exc = e.OperationalError(
                    f"failed to resolve host {attempt.get('host')!r}: {ex}"
                )
                logger.debug("%s", last_exc)
    
        if not attempts:
            assert last_exc
            # We couldn't resolve anything
&gt;           raise last_exc
E           psycopg.OperationalError: failed to resolve host 'example': [Errno 11001] getaddrinfo failed

C:\Users\balaj\AppData\Local\Programs\Python\Python312\Lib\site-packages\psycopg\_conninfo_attempts.py:55: OperationalError

The above exception was the direct cause of the following exception:

fixturedef = &lt;FixtureDef argname='db' scope='function' baseid='tests'&gt;
request = &lt;SubRequest 'db' for &lt;Function test_create_volunteer&gt;&gt;

    @pytest.hookimpl(wrapper=True)
    def pytest_fixture_setup(fixturedef: FixtureDef, request) -&gt; object | None:
        asyncio_mode = _get_asyncio_mode(request.config)
        if not _is_asyncio_fixture_function(fixturedef.func):
            if asyncio_mode == Mode.STRICT:
                # Ignore async fixtures without explicit asyncio mark in strict mode
                # This applies to pytest_trio fixtures, for example
&gt;               return (yield)
                        ^^^^^

C:\Users\balaj\AppData\Local\Programs\Python\Python312\Lib\site-packages\pytest_asyncio\plugin.py:728: 
_ _ _ _ _ _ _ _ _ _ _ _ _ _ _ _ _ _ _ _ _ _ _ _ _ _ _ _ _ _ _ _ _ _ _ _ _ _ _ _
tests\conftest.py:39: in db
    connection = engine.connect()
                 ^^^^^^^^^^^^^^^^
C:\Users\balaj\AppData\Local\Programs\Python\Python312\Lib\site-packages\sqlalchemy\engine\base.py:3293: in connect
    return self._connection_cls(self)
           ^^^^^^^^^^^^^^^^^^^^^^^^^^
C:\Users\balaj\AppData\Local\Programs\Python\Python312\Lib\site-packages\sqlalchemy\engine\base.py:145: in __init__
    Connection._handle_dbapi_exception_noconnection(
C:\Users\balaj\AppData\Local\Programs\Python\Python312\Lib\site-packages\sqlalchemy\engine\base.py:2448: in _handle_dbapi_exception_noconnection
    raise sqlalchemy_exception.with_traceback(exc_info[2]) from e
C:\Users\balaj\AppData\Local\Programs\Python\Python312\Lib\site-packages\sqlalchemy\engine\base.py:143: in __init__
    self._dbapi_connection = engine.raw_connection()
                             ^^^^^^^^^^^^^^^^^^^^^^^
C:\Users\balaj\AppData\Local\Programs\Python\Python312\Lib\site-packages\sqlalchemy\engine\base.py:3317: in raw_connection
    return self.pool.connect()
           ^^^^^^^^^^^^^^^^^^^
C:\Users\balaj\AppData\Local\Programs\Python\Python312\Lib\site-packages\sqlalchemy\pool\base.py:448: in connect
    return _ConnectionFairy._checkout(self)
           ^^^^^^^^^^^^^^^^^^^^^^^^^^^^^^^^
C:\Users\balaj\AppData\Local\Programs\Python\Python312\Lib\site-packages\sqlalchemy\pool\base.py:1272: in _checkout
    fairy = _ConnectionRecord.checkout(pool)
            ^^^^^^^^^^^^^^^^^^^^^^^^^^^^^^^^
C:\Users\balaj\AppData\Local\Programs\Python\Python312\Lib\site-packages\sqlalchemy\pool\base.py:712: in checkout
    rec = pool._do_get()
          ^^^^^^^^^^^^^^
C:\Users\balaj\AppData\Local\Programs\Python\Python312\Lib\site-packages\sqlalchemy\pool\impl.py:177: in _do_get
    with util.safe_reraise():
C:\Users\balaj\AppData\Local\Programs\Python\Python312\Lib\site-packages\sqlalchemy\util\langhelpers.py:121: in __exit__
    raise exc_value.with_traceback(exc_tb)
C:\Users\balaj\AppData\Local\Programs\Python\Python312\Lib\site-packages\sqlalchemy\pool\impl.py:175: in _do_get
    return self._create_connection()
           ^^^^^^^^^^^^^^^^^^^^^^^^^
C:\Users\balaj\AppData\Local\Programs\Python\Python312\Lib\site-packages\sqlalchemy\pool\base.py:389: in _create_connection
    return _ConnectionRecord(self)
           ^^^^^^^^^^^^^^^^^^^^^^^
C:\Users\balaj\AppData\Local\Programs\Python\Python312\Lib\site-packages\sqlalchemy\pool\base.py:674: in __init__
    self.__connect()
C:\Users\balaj\AppData\Local\Programs\Python\Python312\Lib\site-packages\sqlalchemy\pool\base.py:900: in __connect
    with util.safe_reraise():
C:\Users\balaj\AppData\Local\Programs\Python\Python312\Lib\site-packages\sqlalchemy\util\langhelpers.py:121: in __exit__
    raise exc_value.with_traceback(exc_tb)
C:\Users\balaj\AppData\Local\Programs\Python\Python312\Lib\site-packages\sqlalchemy\pool\base.py:896: in __connect
    self.dbapi_connection = connection = pool._invoke_creator(self)
                                         ^^^^^^^^^^^^^^^^^^^^^^^^^^
C:\Users\balaj\AppData\Local\Programs\Python\Python312\Lib\site-packages\sqlalchemy\engine\create.py:667: in connect
    return dialect.connect(*cargs_tup, **cparams)
           ^^^^^^^^^^^^^^^^^^^^^^^^^^^^^^^^^^^^^^
C:\Users\balaj\AppData\Local\Programs\Python\Python312\Lib\site-packages\sqlalchemy\engine\default.py:630: in connect
    return self.loaded_dbapi.connect(*cargs, **cparams)  # type: ignore[no-any-return]  # NOQA: E501
           ^^^^^^^^^^^^^^^^^^^^^^^^^^^^^^^^^^^^^^^^^^^^
C:\Users\balaj\AppData\Local\Programs\Python\Python312\Lib\site-packages\psycopg\connection.py:100: in connect
    attempts = conninfo_attempts(params)
               ^^^^^^^^^^^^^^^^^^^^^^^^^
_ _ _ _ _ _ _ _ _ _ _ _ _ _ _ _ _ _ _ _ _ _ _ _ _ _ _ _ _ _ _ _ _ _ _ _ _ _ _ _

params = {'host': 'example'}

    def conninfo_attempts(params: ConnMapping) -&gt; list[ConnDict]:
        """Split a set of connection params on the single attempts to perform.
    
        A connection param can perform more than one attempt more than one ``host``
        is provided.
    
        Also perform async resolution of the hostname into hostaddr. Because a host
        can resolve to more than one address, this can lead to yield more attempts
        too. Raise `OperationalError` if no host could be resolved.
    
        Because the libpq async function doesn't honour the timeout, we need to
        reimplement the repeated attempts.
        """
        last_exc = None
        attempts = []
        if prefer_standby := (
            get_param(params, "target_session_attrs") == "prefer-standby"
        ):
            params = {k: v for k, v in params.items() if k != "target_session_attrs"}
    
        for attempt in split_attempts(params):
            try:
                attempts.extend(_resolve_hostnames(attempt))
            except OSError as ex:
                last_exc = e.OperationalError(
                    f"failed to resolve host {attempt.get('host')!r}: {ex}"
                )
                logger.debug("%s", last_exc)
    
        if not attempts:
            assert last_exc
            # We couldn't resolve anything
&gt;           raise last_exc
E           sqlalchemy.exc.OperationalError: (psycopg.OperationalError) failed to resolve host 'example': [Errno 11001] getaddrinfo failed
E           (Background on this error at: https://sqlalche.me/e/20/e3q8)

C:\Users\balaj\AppData\Local\Programs\Python\Python312\Lib\site-packages\psycopg\_conninfo_attempts.py:55: OperationalError</error></testcase><testcase classname="tests.test_endpoints" name="test_get_my_volunteer_profile" time="2.272"><error message="failed on setup with &quot;sqlalchemy.exc.OperationalError: (psycopg.OperationalError) failed to resolve host 'example': [Errno 11001] getaddrinfo failed&#10;(Background on this error at: https://sqlalche.me/e/20/e3q8)&quot;">self = &lt;sqlalchemy.engine.base.Connection object at 0x00000294352C11F0&gt;
engine = Engine(postgresql+psycopg://example), connection = None
_has_events = None, _allow_revalidate = True, _allow_autobegin = True

    def __init__(
        self,
        engine: Engine,
        connection: Optional[PoolProxiedConnection] = None,
        _has_events: Optional[bool] = None,
        _allow_revalidate: bool = True,
        _allow_autobegin: bool = True,
    ):
        """Construct a new Connection."""
        self.engine = engine
        self.dialect = dialect = engine.dialect
    
        if connection is None:
            try:
&gt;               self._dbapi_connection = engine.raw_connection()
                                         ^^^^^^^^^^^^^^^^^^^^^^^

C:\Users\balaj\AppData\Local\Programs\Python\Python312\Lib\site-packages\sqlalchemy\engine\base.py:143: 
_ _ _ _ _ _ _ _ _ _ _ _ _ _ _ _ _ _ _ _ _ _ _ _ _ _ _ _ _ _ _ _ _ _ _ _ _ _ _ _
C:\Users\balaj\AppData\Local\Programs\Python\Python312\Lib\site-packages\sqlalchemy\engine\base.py:3317: in raw_connection
    return self.pool.connect()
           ^^^^^^^^^^^^^^^^^^^
C:\Users\balaj\AppData\Local\Programs\Python\Python312\Lib\site-packages\sqlalchemy\pool\base.py:448: in connect
    return _ConnectionFairy._checkout(self)
           ^^^^^^^^^^^^^^^^^^^^^^^^^^^^^^^^
C:\Users\balaj\AppData\Local\Programs\Python\Python312\Lib\site-packages\sqlalchemy\pool\base.py:1272: in _checkout
    fairy = _ConnectionRecord.checkout(pool)
            ^^^^^^^^^^^^^^^^^^^^^^^^^^^^^^^^
C:\Users\balaj\AppData\Local\Programs\Python\Python312\Lib\site-packages\sqlalchemy\pool\base.py:712: in checkout
    rec = pool._do_get()
          ^^^^^^^^^^^^^^
C:\Users\balaj\AppData\Local\Programs\Python\Python312\Lib\site-packages\sqlalchemy\pool\impl.py:177: in _do_get
    with util.safe_reraise():
C:\Users\balaj\AppData\Local\Programs\Python\Python312\Lib\site-packages\sqlalchemy\util\langhelpers.py:121: in __exit__
    raise exc_value.with_traceback(exc_tb)
C:\Users\balaj\AppData\Local\Programs\Python\Python312\Lib\site-packages\sqlalchemy\pool\impl.py:175: in _do_get
    return self._create_connection()
           ^^^^^^^^^^^^^^^^^^^^^^^^^
C:\Users\balaj\AppData\Local\Programs\Python\Python312\Lib\site-packages\sqlalchemy\pool\base.py:389: in _create_connection
    return _ConnectionRecord(self)
           ^^^^^^^^^^^^^^^^^^^^^^^
C:\Users\balaj\AppData\Local\Programs\Python\Python312\Lib\site-packages\sqlalchemy\pool\base.py:674: in __init__
    self.__connect()
C:\Users\balaj\AppData\Local\Programs\Python\Python312\Lib\site-packages\sqlalchemy\pool\base.py:900: in __connect
    with util.safe_reraise():
C:\Users\balaj\AppData\Local\Programs\Python\Python312\Lib\site-packages\sqlalchemy\util\langhelpers.py:121: in __exit__
    raise exc_value.with_traceback(exc_tb)
C:\Users\balaj\AppData\Local\Programs\Python\Python312\Lib\site-packages\sqlalchemy\pool\base.py:896: in __connect
    self.dbapi_connection = connection = pool._invoke_creator(self)
                                         ^^^^^^^^^^^^^^^^^^^^^^^^^^
C:\Users\balaj\AppData\Local\Programs\Python\Python312\Lib\site-packages\sqlalchemy\engine\create.py:667: in connect
    return dialect.connect(*cargs_tup, **cparams)
           ^^^^^^^^^^^^^^^^^^^^^^^^^^^^^^^^^^^^^^
C:\Users\balaj\AppData\Local\Programs\Python\Python312\Lib\site-packages\sqlalchemy\engine\default.py:630: in connect
    return self.loaded_dbapi.connect(*cargs, **cparams)  # type: ignore[no-any-return]  # NOQA: E501
           ^^^^^^^^^^^^^^^^^^^^^^^^^^^^^^^^^^^^^^^^^^^^
C:\Users\balaj\AppData\Local\Programs\Python\Python312\Lib\site-packages\psycopg\connection.py:100: in connect
    attempts = conninfo_attempts(params)
               ^^^^^^^^^^^^^^^^^^^^^^^^^
_ _ _ _ _ _ _ _ _ _ _ _ _ _ _ _ _ _ _ _ _ _ _ _ _ _ _ _ _ _ _ _ _ _ _ _ _ _ _ _

params = {'host': 'example'}

    def conninfo_attempts(params: ConnMapping) -&gt; list[ConnDict]:
        """Split a set of connection params on the single attempts to perform.
    
        A connection param can perform more than one attempt more than one ``host``
        is provided.
    
        Also perform async resolution of the hostname into hostaddr. Because a host
        can resolve to more than one address, this can lead to yield more attempts
        too. Raise `OperationalError` if no host could be resolved.
    
        Because the libpq async function doesn't honour the timeout, we need to
        reimplement the repeated attempts.
        """
        last_exc = None
        attempts = []
        if prefer_standby := (
            get_param(params, "target_session_attrs") == "prefer-standby"
        ):
            params = {k: v for k, v in params.items() if k != "target_session_attrs"}
    
        for attempt in split_attempts(params):
            try:
                attempts.extend(_resolve_hostnames(attempt))
            except OSError as ex:
                last_exc = e.OperationalError(
                    f"failed to resolve host {attempt.get('host')!r}: {ex}"
                )
                logger.debug("%s", last_exc)
    
        if not attempts:
            assert last_exc
            # We couldn't resolve anything
&gt;           raise last_exc
E           psycopg.OperationalError: failed to resolve host 'example': [Errno 11001] getaddrinfo failed

C:\Users\balaj\AppData\Local\Programs\Python\Python312\Lib\site-packages\psycopg\_conninfo_attempts.py:55: OperationalError

The above exception was the direct cause of the following exception:

fixturedef = &lt;FixtureDef argname='db' scope='function' baseid='tests'&gt;
request = &lt;SubRequest 'db' for &lt;Function test_get_my_volunteer_profile&gt;&gt;

    @pytest.hookimpl(wrapper=True)
    def pytest_fixture_setup(fixturedef: FixtureDef, request) -&gt; object | None:
        asyncio_mode = _get_asyncio_mode(request.config)
        if not _is_asyncio_fixture_function(fixturedef.func):
            if asyncio_mode == Mode.STRICT:
                # Ignore async fixtures without explicit asyncio mark in strict mode
                # This applies to pytest_trio fixtures, for example
&gt;               return (yield)
                        ^^^^^

C:\Users\balaj\AppData\Local\Programs\Python\Python312\Lib\site-packages\pytest_asyncio\plugin.py:728: 
_ _ _ _ _ _ _ _ _ _ _ _ _ _ _ _ _ _ _ _ _ _ _ _ _ _ _ _ _ _ _ _ _ _ _ _ _ _ _ _
tests\conftest.py:39: in db
    connection = engine.connect()
                 ^^^^^^^^^^^^^^^^
C:\Users\balaj\AppData\Local\Programs\Python\Python312\Lib\site-packages\sqlalchemy\engine\base.py:3293: in connect
    return self._connection_cls(self)
           ^^^^^^^^^^^^^^^^^^^^^^^^^^
C:\Users\balaj\AppData\Local\Programs\Python\Python312\Lib\site-packages\sqlalchemy\engine\base.py:145: in __init__
    Connection._handle_dbapi_exception_noconnection(
C:\Users\balaj\AppData\Local\Programs\Python\Python312\Lib\site-packages\sqlalchemy\engine\base.py:2448: in _handle_dbapi_exception_noconnection
    raise sqlalchemy_exception.with_traceback(exc_info[2]) from e
C:\Users\balaj\AppData\Local\Programs\Python\Python312\Lib\site-packages\sqlalchemy\engine\base.py:143: in __init__
    self._dbapi_connection = engine.raw_connection()
                             ^^^^^^^^^^^^^^^^^^^^^^^
C:\Users\balaj\AppData\Local\Programs\Python\Python312\Lib\site-packages\sqlalchemy\engine\base.py:3317: in raw_connection
    return self.pool.connect()
           ^^^^^^^^^^^^^^^^^^^
C:\Users\balaj\AppData\Local\Programs\Python\Python312\Lib\site-packages\sqlalchemy\pool\base.py:448: in connect
    return _ConnectionFairy._checkout(self)
           ^^^^^^^^^^^^^^^^^^^^^^^^^^^^^^^^
C:\Users\balaj\AppData\Local\Programs\Python\Python312\Lib\site-packages\sqlalchemy\pool\base.py:1272: in _checkout
    fairy = _ConnectionRecord.checkout(pool)
            ^^^^^^^^^^^^^^^^^^^^^^^^^^^^^^^^
C:\Users\balaj\AppData\Local\Programs\Python\Python312\Lib\site-packages\sqlalchemy\pool\base.py:712: in checkout
    rec = pool._do_get()
          ^^^^^^^^^^^^^^
C:\Users\balaj\AppData\Local\Programs\Python\Python312\Lib\site-packages\sqlalchemy\pool\impl.py:177: in _do_get
    with util.safe_reraise():
C:\Users\balaj\AppData\Local\Programs\Python\Python312\Lib\site-packages\sqlalchemy\util\langhelpers.py:121: in __exit__
    raise exc_value.with_traceback(exc_tb)
C:\Users\balaj\AppData\Local\Programs\Python\Python312\Lib\site-packages\sqlalchemy\pool\impl.py:175: in _do_get
    return self._create_connection()
           ^^^^^^^^^^^^^^^^^^^^^^^^^
C:\Users\balaj\AppData\Local\Programs\Python\Python312\Lib\site-packages\sqlalchemy\pool\base.py:389: in _create_connection
    return _ConnectionRecord(self)
           ^^^^^^^^^^^^^^^^^^^^^^^
C:\Users\balaj\AppData\Local\Programs\Python\Python312\Lib\site-packages\sqlalchemy\pool\base.py:674: in __init__
    self.__connect()
C:\Users\balaj\AppData\Local\Programs\Python\Python312\Lib\site-packages\sqlalchemy\pool\base.py:900: in __connect
    with util.safe_reraise():
C:\Users\balaj\AppData\Local\Programs\Python\Python312\Lib\site-packages\sqlalchemy\util\langhelpers.py:121: in __exit__
    raise exc_value.with_traceback(exc_tb)
C:\Users\balaj\AppData\Local\Programs\Python\Python312\Lib\site-packages\sqlalchemy\pool\base.py:896: in __connect
    self.dbapi_connection = connection = pool._invoke_creator(self)
                                         ^^^^^^^^^^^^^^^^^^^^^^^^^^
C:\Users\balaj\AppData\Local\Programs\Python\Python312\Lib\site-packages\sqlalchemy\engine\create.py:667: in connect
    return dialect.connect(*cargs_tup, **cparams)
           ^^^^^^^^^^^^^^^^^^^^^^^^^^^^^^^^^^^^^^
C:\Users\balaj\AppData\Local\Programs\Python\Python312\Lib\site-packages\sqlalchemy\engine\default.py:630: in connect
    return self.loaded_dbapi.connect(*cargs, **cparams)  # type: ignore[no-any-return]  # NOQA: E501
           ^^^^^^^^^^^^^^^^^^^^^^^^^^^^^^^^^^^^^^^^^^^^
C:\Users\balaj\AppData\Local\Programs\Python\Python312\Lib\site-packages\psycopg\connection.py:100: in connect
    attempts = conninfo_attempts(params)
               ^^^^^^^^^^^^^^^^^^^^^^^^^
_ _ _ _ _ _ _ _ _ _ _ _ _ _ _ _ _ _ _ _ _ _ _ _ _ _ _ _ _ _ _ _ _ _ _ _ _ _ _ _

params = {'host': 'example'}

    def conninfo_attempts(params: ConnMapping) -&gt; list[ConnDict]:
        """Split a set of connection params on the single attempts to perform.
    
        A connection param can perform more than one attempt more than one ``host``
        is provided.
    
        Also perform async resolution of the hostname into hostaddr. Because a host
        can resolve to more than one address, this can lead to yield more attempts
        too. Raise `OperationalError` if no host could be resolved.
    
        Because the libpq async function doesn't honour the timeout, we need to
        reimplement the repeated attempts.
        """
        last_exc = None
        attempts = []
        if prefer_standby := (
            get_param(params, "target_session_attrs") == "prefer-standby"
        ):
            params = {k: v for k, v in params.items() if k != "target_session_attrs"}
    
        for attempt in split_attempts(params):
            try:
                attempts.extend(_resolve_hostnames(attempt))
            except OSError as ex:
                last_exc = e.OperationalError(
                    f"failed to resolve host {attempt.get('host')!r}: {ex}"
                )
                logger.debug("%s", last_exc)
    
        if not attempts:
            assert last_exc
            # We couldn't resolve anything
&gt;           raise last_exc
E           sqlalchemy.exc.OperationalError: (psycopg.OperationalError) failed to resolve host 'example': [Errno 11001] getaddrinfo failed
E           (Background on this error at: https://sqlalche.me/e/20/e3q8)

C:\Users\balaj\AppData\Local\Programs\Python\Python312\Lib\site-packages\psycopg\_conninfo_attempts.py:55: OperationalError</error></testcase><testcase classname="tests.test_endpoints" name="test_get_volunteer_by_id" time="2.274"><error message="failed on setup with &quot;sqlalchemy.exc.OperationalError: (psycopg.OperationalError) failed to resolve host 'example': [Errno 11001] getaddrinfo failed&#10;(Background on this error at: https://sqlalche.me/e/20/e3q8)&quot;">self = &lt;sqlalchemy.engine.base.Connection object at 0x00000294352C2780&gt;
engine = Engine(postgresql+psycopg://example), connection = None
_has_events = None, _allow_revalidate = True, _allow_autobegin = True

    def __init__(
        self,
        engine: Engine,
        connection: Optional[PoolProxiedConnection] = None,
        _has_events: Optional[bool] = None,
        _allow_revalidate: bool = True,
        _allow_autobegin: bool = True,
    ):
        """Construct a new Connection."""
        self.engine = engine
        self.dialect = dialect = engine.dialect
    
        if connection is None:
            try:
&gt;               self._dbapi_connection = engine.raw_connection()
                                         ^^^^^^^^^^^^^^^^^^^^^^^

C:\Users\balaj\AppData\Local\Programs\Python\Python312\Lib\site-packages\sqlalchemy\engine\base.py:143: 
_ _ _ _ _ _ _ _ _ _ _ _ _ _ _ _ _ _ _ _ _ _ _ _ _ _ _ _ _ _ _ _ _ _ _ _ _ _ _ _
C:\Users\balaj\AppData\Local\Programs\Python\Python312\Lib\site-packages\sqlalchemy\engine\base.py:3317: in raw_connection
    return self.pool.connect()
           ^^^^^^^^^^^^^^^^^^^
C:\Users\balaj\AppData\Local\Programs\Python\Python312\Lib\site-packages\sqlalchemy\pool\base.py:448: in connect
    return _ConnectionFairy._checkout(self)
           ^^^^^^^^^^^^^^^^^^^^^^^^^^^^^^^^
C:\Users\balaj\AppData\Local\Programs\Python\Python312\Lib\site-packages\sqlalchemy\pool\base.py:1272: in _checkout
    fairy = _ConnectionRecord.checkout(pool)
            ^^^^^^^^^^^^^^^^^^^^^^^^^^^^^^^^
C:\Users\balaj\AppData\Local\Programs\Python\Python312\Lib\site-packages\sqlalchemy\pool\base.py:712: in checkout
    rec = pool._do_get()
          ^^^^^^^^^^^^^^
C:\Users\balaj\AppData\Local\Programs\Python\Python312\Lib\site-packages\sqlalchemy\pool\impl.py:177: in _do_get
    with util.safe_reraise():
C:\Users\balaj\AppData\Local\Programs\Python\Python312\Lib\site-packages\sqlalchemy\util\langhelpers.py:121: in __exit__
    raise exc_value.with_traceback(exc_tb)
C:\Users\balaj\AppData\Local\Programs\Python\Python312\Lib\site-packages\sqlalchemy\pool\impl.py:175: in _do_get
    return self._create_connection()
           ^^^^^^^^^^^^^^^^^^^^^^^^^
C:\Users\balaj\AppData\Local\Programs\Python\Python312\Lib\site-packages\sqlalchemy\pool\base.py:389: in _create_connection
    return _ConnectionRecord(self)
           ^^^^^^^^^^^^^^^^^^^^^^^
C:\Users\balaj\AppData\Local\Programs\Python\Python312\Lib\site-packages\sqlalchemy\pool\base.py:674: in __init__
    self.__connect()
C:\Users\balaj\AppData\Local\Programs\Python\Python312\Lib\site-packages\sqlalchemy\pool\base.py:900: in __connect
    with util.safe_reraise():
C:\Users\balaj\AppData\Local\Programs\Python\Python312\Lib\site-packages\sqlalchemy\util\langhelpers.py:121: in __exit__
    raise exc_value.with_traceback(exc_tb)
C:\Users\balaj\AppData\Local\Programs\Python\Python312\Lib\site-packages\sqlalchemy\pool\base.py:896: in __connect
    self.dbapi_connection = connection = pool._invoke_creator(self)
                                         ^^^^^^^^^^^^^^^^^^^^^^^^^^
C:\Users\balaj\AppData\Local\Programs\Python\Python312\Lib\site-packages\sqlalchemy\engine\create.py:667: in connect
    return dialect.connect(*cargs_tup, **cparams)
           ^^^^^^^^^^^^^^^^^^^^^^^^^^^^^^^^^^^^^^
C:\Users\balaj\AppData\Local\Programs\Python\Python312\Lib\site-packages\sqlalchemy\engine\default.py:630: in connect
    return self.loaded_dbapi.connect(*cargs, **cparams)  # type: ignore[no-any-return]  # NOQA: E501
           ^^^^^^^^^^^^^^^^^^^^^^^^^^^^^^^^^^^^^^^^^^^^
C:\Users\balaj\AppData\Local\Programs\Python\Python312\Lib\site-packages\psycopg\connection.py:100: in connect
    attempts = conninfo_attempts(params)
               ^^^^^^^^^^^^^^^^^^^^^^^^^
_ _ _ _ _ _ _ _ _ _ _ _ _ _ _ _ _ _ _ _ _ _ _ _ _ _ _ _ _ _ _ _ _ _ _ _ _ _ _ _

params = {'host': 'example'}

    def conninfo_attempts(params: ConnMapping) -&gt; list[ConnDict]:
        """Split a set of connection params on the single attempts to perform.
    
        A connection param can perform more than one attempt more than one ``host``
        is provided.
    
        Also perform async resolution of the hostname into hostaddr. Because a host
        can resolve to more than one address, this can lead to yield more attempts
        too. Raise `OperationalError` if no host could be resolved.
    
        Because the libpq async function doesn't honour the timeout, we need to
        reimplement the repeated attempts.
        """
        last_exc = None
        attempts = []
        if prefer_standby := (
            get_param(params, "target_session_attrs") == "prefer-standby"
        ):
            params = {k: v for k, v in params.items() if k != "target_session_attrs"}
    
        for attempt in split_attempts(params):
            try:
                attempts.extend(_resolve_hostnames(attempt))
            except OSError as ex:
                last_exc = e.OperationalError(
                    f"failed to resolve host {attempt.get('host')!r}: {ex}"
                )
                logger.debug("%s", last_exc)
    
        if not attempts:
            assert last_exc
            # We couldn't resolve anything
&gt;           raise last_exc
E           psycopg.OperationalError: failed to resolve host 'example': [Errno 11001] getaddrinfo failed

C:\Users\balaj\AppData\Local\Programs\Python\Python312\Lib\site-packages\psycopg\_conninfo_attempts.py:55: OperationalError

The above exception was the direct cause of the following exception:

fixturedef = &lt;FixtureDef argname='db' scope='function' baseid='tests'&gt;
request = &lt;SubRequest 'db' for &lt;Function test_get_volunteer_by_id&gt;&gt;

    @pytest.hookimpl(wrapper=True)
    def pytest_fixture_setup(fixturedef: FixtureDef, request) -&gt; object | None:
        asyncio_mode = _get_asyncio_mode(request.config)
        if not _is_asyncio_fixture_function(fixturedef.func):
            if asyncio_mode == Mode.STRICT:
                # Ignore async fixtures without explicit asyncio mark in strict mode
                # This applies to pytest_trio fixtures, for example
&gt;               return (yield)
                        ^^^^^

C:\Users\balaj\AppData\Local\Programs\Python\Python312\Lib\site-packages\pytest_asyncio\plugin.py:728: 
_ _ _ _ _ _ _ _ _ _ _ _ _ _ _ _ _ _ _ _ _ _ _ _ _ _ _ _ _ _ _ _ _ _ _ _ _ _ _ _
tests\conftest.py:39: in db
    connection = engine.connect()
                 ^^^^^^^^^^^^^^^^
C:\Users\balaj\AppData\Local\Programs\Python\Python312\Lib\site-packages\sqlalchemy\engine\base.py:3293: in connect
    return self._connection_cls(self)
           ^^^^^^^^^^^^^^^^^^^^^^^^^^
C:\Users\balaj\AppData\Local\Programs\Python\Python312\Lib\site-packages\sqlalchemy\engine\base.py:145: in __init__
    Connection._handle_dbapi_exception_noconnection(
C:\Users\balaj\AppData\Local\Programs\Python\Python312\Lib\site-packages\sqlalchemy\engine\base.py:2448: in _handle_dbapi_exception_noconnection
    raise sqlalchemy_exception.with_traceback(exc_info[2]) from e
C:\Users\balaj\AppData\Local\Programs\Python\Python312\Lib\site-packages\sqlalchemy\engine\base.py:143: in __init__
    self._dbapi_connection = engine.raw_connection()
                             ^^^^^^^^^^^^^^^^^^^^^^^
C:\Users\balaj\AppData\Local\Programs\Python\Python312\Lib\site-packages\sqlalchemy\engine\base.py:3317: in raw_connection
    return self.pool.connect()
           ^^^^^^^^^^^^^^^^^^^
C:\Users\balaj\AppData\Local\Programs\Python\Python312\Lib\site-packages\sqlalchemy\pool\base.py:448: in connect
    return _ConnectionFairy._checkout(self)
           ^^^^^^^^^^^^^^^^^^^^^^^^^^^^^^^^
C:\Users\balaj\AppData\Local\Programs\Python\Python312\Lib\site-packages\sqlalchemy\pool\base.py:1272: in _checkout
    fairy = _ConnectionRecord.checkout(pool)
            ^^^^^^^^^^^^^^^^^^^^^^^^^^^^^^^^
C:\Users\balaj\AppData\Local\Programs\Python\Python312\Lib\site-packages\sqlalchemy\pool\base.py:712: in checkout
    rec = pool._do_get()
          ^^^^^^^^^^^^^^
C:\Users\balaj\AppData\Local\Programs\Python\Python312\Lib\site-packages\sqlalchemy\pool\impl.py:177: in _do_get
    with util.safe_reraise():
C:\Users\balaj\AppData\Local\Programs\Python\Python312\Lib\site-packages\sqlalchemy\util\langhelpers.py:121: in __exit__
    raise exc_value.with_traceback(exc_tb)
C:\Users\balaj\AppData\Local\Programs\Python\Python312\Lib\site-packages\sqlalchemy\pool\impl.py:175: in _do_get
    return self._create_connection()
           ^^^^^^^^^^^^^^^^^^^^^^^^^
C:\Users\balaj\AppData\Local\Programs\Python\Python312\Lib\site-packages\sqlalchemy\pool\base.py:389: in _create_connection
    return _ConnectionRecord(self)
           ^^^^^^^^^^^^^^^^^^^^^^^
C:\Users\balaj\AppData\Local\Programs\Python\Python312\Lib\site-packages\sqlalchemy\pool\base.py:674: in __init__
    self.__connect()
C:\Users\balaj\AppData\Local\Programs\Python\Python312\Lib\site-packages\sqlalchemy\pool\base.py:900: in __connect
    with util.safe_reraise():
C:\Users\balaj\AppData\Local\Programs\Python\Python312\Lib\site-packages\sqlalchemy\util\langhelpers.py:121: in __exit__
    raise exc_value.with_traceback(exc_tb)
C:\Users\balaj\AppData\Local\Programs\Python\Python312\Lib\site-packages\sqlalchemy\pool\base.py:896: in __connect
    self.dbapi_connection = connection = pool._invoke_creator(self)
                                         ^^^^^^^^^^^^^^^^^^^^^^^^^^
C:\Users\balaj\AppData\Local\Programs\Python\Python312\Lib\site-packages\sqlalchemy\engine\create.py:667: in connect
    return dialect.connect(*cargs_tup, **cparams)
           ^^^^^^^^^^^^^^^^^^^^^^^^^^^^^^^^^^^^^^
C:\Users\balaj\AppData\Local\Programs\Python\Python312\Lib\site-packages\sqlalchemy\engine\default.py:630: in connect
    return self.loaded_dbapi.connect(*cargs, **cparams)  # type: ignore[no-any-return]  # NOQA: E501
           ^^^^^^^^^^^^^^^^^^^^^^^^^^^^^^^^^^^^^^^^^^^^
C:\Users\balaj\AppData\Local\Programs\Python\Python312\Lib\site-packages\psycopg\connection.py:100: in connect
    attempts = conninfo_attempts(params)
               ^^^^^^^^^^^^^^^^^^^^^^^^^
_ _ _ _ _ _ _ _ _ _ _ _ _ _ _ _ _ _ _ _ _ _ _ _ _ _ _ _ _ _ _ _ _ _ _ _ _ _ _ _

params = {'host': 'example'}

    def conninfo_attempts(params: ConnMapping) -&gt; list[ConnDict]:
        """Split a set of connection params on the single attempts to perform.
    
        A connection param can perform more than one attempt more than one ``host``
        is provided.
    
        Also perform async resolution of the hostname into hostaddr. Because a host
        can resolve to more than one address, this can lead to yield more attempts
        too. Raise `OperationalError` if no host could be resolved.
    
        Because the libpq async function doesn't honour the timeout, we need to
        reimplement the repeated attempts.
        """
        last_exc = None
        attempts = []
        if prefer_standby := (
            get_param(params, "target_session_attrs") == "prefer-standby"
        ):
            params = {k: v for k, v in params.items() if k != "target_session_attrs"}
    
        for attempt in split_attempts(params):
            try:
                attempts.extend(_resolve_hostnames(attempt))
            except OSError as ex:
                last_exc = e.OperationalError(
                    f"failed to resolve host {attempt.get('host')!r}: {ex}"
                )
                logger.debug("%s", last_exc)
    
        if not attempts:
            assert last_exc
            # We couldn't resolve anything
&gt;           raise last_exc
E           sqlalchemy.exc.OperationalError: (psycopg.OperationalError) failed to resolve host 'example': [Errno 11001] getaddrinfo failed
E           (Background on this error at: https://sqlalche.me/e/20/e3q8)

C:\Users\balaj\AppData\Local\Programs\Python\Python312\Lib\site-packages\psycopg\_conninfo_attempts.py:55: OperationalError</error></testcase><testcase classname="tests.test_endpoints" name="test_update_volunteer_location" time="2.276"><error message="failed on setup with &quot;sqlalchemy.exc.OperationalError: (psycopg.OperationalError) failed to resolve host 'example': [Errno 11001] getaddrinfo failed&#10;(Background on this error at: https://sqlalche.me/e/20/e3q8)&quot;">self = &lt;sqlalchemy.engine.base.Connection object at 0x000002943541DD90&gt;
engine = Engine(postgresql+psycopg://example), connection = None
_has_events = None, _allow_revalidate = True, _allow_autobegin = True

    def __init__(
        self,
        engine: Engine,
        connection: Optional[PoolProxiedConnection] = None,
        _has_events: Optional[bool] = None,
        _allow_revalidate: bool = True,
        _allow_autobegin: bool = True,
    ):
        """Construct a new Connection."""
        self.engine = engine
        self.dialect = dialect = engine.dialect
    
        if connection is None:
            try:
&gt;               self._dbapi_connection = engine.raw_connection()
                                         ^^^^^^^^^^^^^^^^^^^^^^^

C:\Users\balaj\AppData\Local\Programs\Python\Python312\Lib\site-packages\sqlalchemy\engine\base.py:143: 
_ _ _ _ _ _ _ _ _ _ _ _ _ _ _ _ _ _ _ _ _ _ _ _ _ _ _ _ _ _ _ _ _ _ _ _ _ _ _ _
C:\Users\balaj\AppData\Local\Programs\Python\Python312\Lib\site-packages\sqlalchemy\engine\base.py:3317: in raw_connection
    return self.pool.connect()
           ^^^^^^^^^^^^^^^^^^^
C:\Users\balaj\AppData\Local\Programs\Python\Python312\Lib\site-packages\sqlalchemy\pool\base.py:448: in connect
    return _ConnectionFairy._checkout(self)
           ^^^^^^^^^^^^^^^^^^^^^^^^^^^^^^^^
C:\Users\balaj\AppData\Local\Programs\Python\Python312\Lib\site-packages\sqlalchemy\pool\base.py:1272: in _checkout
    fairy = _ConnectionRecord.checkout(pool)
            ^^^^^^^^^^^^^^^^^^^^^^^^^^^^^^^^
C:\Users\balaj\AppData\Local\Programs\Python\Python312\Lib\site-packages\sqlalchemy\pool\base.py:712: in checkout
    rec = pool._do_get()
          ^^^^^^^^^^^^^^
C:\Users\balaj\AppData\Local\Programs\Python\Python312\Lib\site-packages\sqlalchemy\pool\impl.py:177: in _do_get
    with util.safe_reraise():
C:\Users\balaj\AppData\Local\Programs\Python\Python312\Lib\site-packages\sqlalchemy\util\langhelpers.py:121: in __exit__
    raise exc_value.with_traceback(exc_tb)
C:\Users\balaj\AppData\Local\Programs\Python\Python312\Lib\site-packages\sqlalchemy\pool\impl.py:175: in _do_get
    return self._create_connection()
           ^^^^^^^^^^^^^^^^^^^^^^^^^
C:\Users\balaj\AppData\Local\Programs\Python\Python312\Lib\site-packages\sqlalchemy\pool\base.py:389: in _create_connection
    return _ConnectionRecord(self)
           ^^^^^^^^^^^^^^^^^^^^^^^
C:\Users\balaj\AppData\Local\Programs\Python\Python312\Lib\site-packages\sqlalchemy\pool\base.py:674: in __init__
    self.__connect()
C:\Users\balaj\AppData\Local\Programs\Python\Python312\Lib\site-packages\sqlalchemy\pool\base.py:900: in __connect
    with util.safe_reraise():
C:\Users\balaj\AppData\Local\Programs\Python\Python312\Lib\site-packages\sqlalchemy\util\langhelpers.py:121: in __exit__
    raise exc_value.with_traceback(exc_tb)
C:\Users\balaj\AppData\Local\Programs\Python\Python312\Lib\site-packages\sqlalchemy\pool\base.py:896: in __connect
    self.dbapi_connection = connection = pool._invoke_creator(self)
                                         ^^^^^^^^^^^^^^^^^^^^^^^^^^
C:\Users\balaj\AppData\Local\Programs\Python\Python312\Lib\site-packages\sqlalchemy\engine\create.py:667: in connect
    return dialect.connect(*cargs_tup, **cparams)
           ^^^^^^^^^^^^^^^^^^^^^^^^^^^^^^^^^^^^^^
C:\Users\balaj\AppData\Local\Programs\Python\Python312\Lib\site-packages\sqlalchemy\engine\default.py:630: in connect
    return self.loaded_dbapi.connect(*cargs, **cparams)  # type: ignore[no-any-return]  # NOQA: E501
           ^^^^^^^^^^^^^^^^^^^^^^^^^^^^^^^^^^^^^^^^^^^^
C:\Users\balaj\AppData\Local\Programs\Python\Python312\Lib\site-packages\psycopg\connection.py:100: in connect
    attempts = conninfo_attempts(params)
               ^^^^^^^^^^^^^^^^^^^^^^^^^
_ _ _ _ _ _ _ _ _ _ _ _ _ _ _ _ _ _ _ _ _ _ _ _ _ _ _ _ _ _ _ _ _ _ _ _ _ _ _ _

params = {'host': 'example'}

    def conninfo_attempts(params: ConnMapping) -&gt; list[ConnDict]:
        """Split a set of connection params on the single attempts to perform.
    
        A connection param can perform more than one attempt more than one ``host``
        is provided.
    
        Also perform async resolution of the hostname into hostaddr. Because a host
        can resolve to more than one address, this can lead to yield more attempts
        too. Raise `OperationalError` if no host could be resolved.
    
        Because the libpq async function doesn't honour the timeout, we need to
        reimplement the repeated attempts.
        """
        last_exc = None
        attempts = []
        if prefer_standby := (
            get_param(params, "target_session_attrs") == "prefer-standby"
        ):
            params = {k: v for k, v in params.items() if k != "target_session_attrs"}
    
        for attempt in split_attempts(params):
            try:
                attempts.extend(_resolve_hostnames(attempt))
            except OSError as ex:
                last_exc = e.OperationalError(
                    f"failed to resolve host {attempt.get('host')!r}: {ex}"
                )
                logger.debug("%s", last_exc)
    
        if not attempts:
            assert last_exc
            # We couldn't resolve anything
&gt;           raise last_exc
E           psycopg.OperationalError: failed to resolve host 'example': [Errno 11001] getaddrinfo failed

C:\Users\balaj\AppData\Local\Programs\Python\Python312\Lib\site-packages\psycopg\_conninfo_attempts.py:55: OperationalError

The above exception was the direct cause of the following exception:

fixturedef = &lt;FixtureDef argname='db' scope='function' baseid='tests'&gt;
request = &lt;SubRequest 'db' for &lt;Function test_update_volunteer_location&gt;&gt;

    @pytest.hookimpl(wrapper=True)
    def pytest_fixture_setup(fixturedef: FixtureDef, request) -&gt; object | None:
        asyncio_mode = _get_asyncio_mode(request.config)
        if not _is_asyncio_fixture_function(fixturedef.func):
            if asyncio_mode == Mode.STRICT:
                # Ignore async fixtures without explicit asyncio mark in strict mode
                # This applies to pytest_trio fixtures, for example
&gt;               return (yield)
                        ^^^^^

C:\Users\balaj\AppData\Local\Programs\Python\Python312\Lib\site-packages\pytest_asyncio\plugin.py:728: 
_ _ _ _ _ _ _ _ _ _ _ _ _ _ _ _ _ _ _ _ _ _ _ _ _ _ _ _ _ _ _ _ _ _ _ _ _ _ _ _
tests\conftest.py:39: in db
    connection = engine.connect()
                 ^^^^^^^^^^^^^^^^
C:\Users\balaj\AppData\Local\Programs\Python\Python312\Lib\site-packages\sqlalchemy\engine\base.py:3293: in connect
    return self._connection_cls(self)
           ^^^^^^^^^^^^^^^^^^^^^^^^^^
C:\Users\balaj\AppData\Local\Programs\Python\Python312\Lib\site-packages\sqlalchemy\engine\base.py:145: in __init__
    Connection._handle_dbapi_exception_noconnection(
C:\Users\balaj\AppData\Local\Programs\Python\Python312\Lib\site-packages\sqlalchemy\engine\base.py:2448: in _handle_dbapi_exception_noconnection
    raise sqlalchemy_exception.with_traceback(exc_info[2]) from e
C:\Users\balaj\AppData\Local\Programs\Python\Python312\Lib\site-packages\sqlalchemy\engine\base.py:143: in __init__
    self._dbapi_connection = engine.raw_connection()
                             ^^^^^^^^^^^^^^^^^^^^^^^
C:\Users\balaj\AppData\Local\Programs\Python\Python312\Lib\site-packages\sqlalchemy\engine\base.py:3317: in raw_connection
    return self.pool.connect()
           ^^^^^^^^^^^^^^^^^^^
C:\Users\balaj\AppData\Local\Programs\Python\Python312\Lib\site-packages\sqlalchemy\pool\base.py:448: in connect
    return _ConnectionFairy._checkout(self)
           ^^^^^^^^^^^^^^^^^^^^^^^^^^^^^^^^
C:\Users\balaj\AppData\Local\Programs\Python\Python312\Lib\site-packages\sqlalchemy\pool\base.py:1272: in _checkout
    fairy = _ConnectionRecord.checkout(pool)
            ^^^^^^^^^^^^^^^^^^^^^^^^^^^^^^^^
C:\Users\balaj\AppData\Local\Programs\Python\Python312\Lib\site-packages\sqlalchemy\pool\base.py:712: in checkout
    rec = pool._do_get()
          ^^^^^^^^^^^^^^
C:\Users\balaj\AppData\Local\Programs\Python\Python312\Lib\site-packages\sqlalchemy\pool\impl.py:177: in _do_get
    with util.safe_reraise():
C:\Users\balaj\AppData\Local\Programs\Python\Python312\Lib\site-packages\sqlalchemy\util\langhelpers.py:121: in __exit__
    raise exc_value.with_traceback(exc_tb)
C:\Users\balaj\AppData\Local\Programs\Python\Python312\Lib\site-packages\sqlalchemy\pool\impl.py:175: in _do_get
    return self._create_connection()
           ^^^^^^^^^^^^^^^^^^^^^^^^^
C:\Users\balaj\AppData\Local\Programs\Python\Python312\Lib\site-packages\sqlalchemy\pool\base.py:389: in _create_connection
    return _ConnectionRecord(self)
           ^^^^^^^^^^^^^^^^^^^^^^^
C:\Users\balaj\AppData\Local\Programs\Python\Python312\Lib\site-packages\sqlalchemy\pool\base.py:674: in __init__
    self.__connect()
C:\Users\balaj\AppData\Local\Programs\Python\Python312\Lib\site-packages\sqlalchemy\pool\base.py:900: in __connect
    with util.safe_reraise():
C:\Users\balaj\AppData\Local\Programs\Python\Python312\Lib\site-packages\sqlalchemy\util\langhelpers.py:121: in __exit__
    raise exc_value.with_traceback(exc_tb)
C:\Users\balaj\AppData\Local\Programs\Python\Python312\Lib\site-packages\sqlalchemy\pool\base.py:896: in __connect
    self.dbapi_connection = connection = pool._invoke_creator(self)
                                         ^^^^^^^^^^^^^^^^^^^^^^^^^^
C:\Users\balaj\AppData\Local\Programs\Python\Python312\Lib\site-packages\sqlalchemy\engine\create.py:667: in connect
    return dialect.connect(*cargs_tup, **cparams)
           ^^^^^^^^^^^^^^^^^^^^^^^^^^^^^^^^^^^^^^
C:\Users\balaj\AppData\Local\Programs\Python\Python312\Lib\site-packages\sqlalchemy\engine\default.py:630: in connect
    return self.loaded_dbapi.connect(*cargs, **cparams)  # type: ignore[no-any-return]  # NOQA: E501
           ^^^^^^^^^^^^^^^^^^^^^^^^^^^^^^^^^^^^^^^^^^^^
C:\Users\balaj\AppData\Local\Programs\Python\Python312\Lib\site-packages\psycopg\connection.py:100: in connect
    attempts = conninfo_attempts(params)
               ^^^^^^^^^^^^^^^^^^^^^^^^^
_ _ _ _ _ _ _ _ _ _ _ _ _ _ _ _ _ _ _ _ _ _ _ _ _ _ _ _ _ _ _ _ _ _ _ _ _ _ _ _

params = {'host': 'example'}

    def conninfo_attempts(params: ConnMapping) -&gt; list[ConnDict]:
        """Split a set of connection params on the single attempts to perform.
    
        A connection param can perform more than one attempt more than one ``host``
        is provided.
    
        Also perform async resolution of the hostname into hostaddr. Because a host
        can resolve to more than one address, this can lead to yield more attempts
        too. Raise `OperationalError` if no host could be resolved.
    
        Because the libpq async function doesn't honour the timeout, we need to
        reimplement the repeated attempts.
        """
        last_exc = None
        attempts = []
        if prefer_standby := (
            get_param(params, "target_session_attrs") == "prefer-standby"
        ):
            params = {k: v for k, v in params.items() if k != "target_session_attrs"}
    
        for attempt in split_attempts(params):
            try:
                attempts.extend(_resolve_hostnames(attempt))
            except OSError as ex:
                last_exc = e.OperationalError(
                    f"failed to resolve host {attempt.get('host')!r}: {ex}"
                )
                logger.debug("%s", last_exc)
    
        if not attempts:
            assert last_exc
            # We couldn't resolve anything
&gt;           raise last_exc
E           sqlalchemy.exc.OperationalError: (psycopg.OperationalError) failed to resolve host 'example': [Errno 11001] getaddrinfo failed
E           (Background on this error at: https://sqlalche.me/e/20/e3q8)

C:\Users\balaj\AppData\Local\Programs\Python\Python312\Lib\site-packages\psycopg\_conninfo_attempts.py:55: OperationalError</error></testcase><testcase classname="tests.test_endpoints" name="test_update_volunteer_status" time="2.275"><error message="failed on setup with &quot;sqlalchemy.exc.OperationalError: (psycopg.OperationalError) failed to resolve host 'example': [Errno 11001] getaddrinfo failed&#10;(Background on this error at: https://sqlalche.me/e/20/e3q8)&quot;">self = &lt;sqlalchemy.engine.base.Connection object at 0x000002943541E120&gt;
engine = Engine(postgresql+psycopg://example), connection = None
_has_events = None, _allow_revalidate = True, _allow_autobegin = True

    def __init__(
        self,
        engine: Engine,
        connection: Optional[PoolProxiedConnection] = None,
        _has_events: Optional[bool] = None,
        _allow_revalidate: bool = True,
        _allow_autobegin: bool = True,
    ):
        """Construct a new Connection."""
        self.engine = engine
        self.dialect = dialect = engine.dialect
    
        if connection is None:
            try:
&gt;               self._dbapi_connection = engine.raw_connection()
                                         ^^^^^^^^^^^^^^^^^^^^^^^

C:\Users\balaj\AppData\Local\Programs\Python\Python312\Lib\site-packages\sqlalchemy\engine\base.py:143: 
_ _ _ _ _ _ _ _ _ _ _ _ _ _ _ _ _ _ _ _ _ _ _ _ _ _ _ _ _ _ _ _ _ _ _ _ _ _ _ _
C:\Users\balaj\AppData\Local\Programs\Python\Python312\Lib\site-packages\sqlalchemy\engine\base.py:3317: in raw_connection
    return self.pool.connect()
           ^^^^^^^^^^^^^^^^^^^
C:\Users\balaj\AppData\Local\Programs\Python\Python312\Lib\site-packages\sqlalchemy\pool\base.py:448: in connect
    return _ConnectionFairy._checkout(self)
           ^^^^^^^^^^^^^^^^^^^^^^^^^^^^^^^^
C:\Users\balaj\AppData\Local\Programs\Python\Python312\Lib\site-packages\sqlalchemy\pool\base.py:1272: in _checkout
    fairy = _ConnectionRecord.checkout(pool)
            ^^^^^^^^^^^^^^^^^^^^^^^^^^^^^^^^
C:\Users\balaj\AppData\Local\Programs\Python\Python312\Lib\site-packages\sqlalchemy\pool\base.py:712: in checkout
    rec = pool._do_get()
          ^^^^^^^^^^^^^^
C:\Users\balaj\AppData\Local\Programs\Python\Python312\Lib\site-packages\sqlalchemy\pool\impl.py:177: in _do_get
    with util.safe_reraise():
C:\Users\balaj\AppData\Local\Programs\Python\Python312\Lib\site-packages\sqlalchemy\util\langhelpers.py:121: in __exit__
    raise exc_value.with_traceback(exc_tb)
C:\Users\balaj\AppData\Local\Programs\Python\Python312\Lib\site-packages\sqlalchemy\pool\impl.py:175: in _do_get
    return self._create_connection()
           ^^^^^^^^^^^^^^^^^^^^^^^^^
C:\Users\balaj\AppData\Local\Programs\Python\Python312\Lib\site-packages\sqlalchemy\pool\base.py:389: in _create_connection
    return _ConnectionRecord(self)
           ^^^^^^^^^^^^^^^^^^^^^^^
C:\Users\balaj\AppData\Local\Programs\Python\Python312\Lib\site-packages\sqlalchemy\pool\base.py:674: in __init__
    self.__connect()
C:\Users\balaj\AppData\Local\Programs\Python\Python312\Lib\site-packages\sqlalchemy\pool\base.py:900: in __connect
    with util.safe_reraise():
C:\Users\balaj\AppData\Local\Programs\Python\Python312\Lib\site-packages\sqlalchemy\util\langhelpers.py:121: in __exit__
    raise exc_value.with_traceback(exc_tb)
C:\Users\balaj\AppData\Local\Programs\Python\Python312\Lib\site-packages\sqlalchemy\pool\base.py:896: in __connect
    self.dbapi_connection = connection = pool._invoke_creator(self)
                                         ^^^^^^^^^^^^^^^^^^^^^^^^^^
C:\Users\balaj\AppData\Local\Programs\Python\Python312\Lib\site-packages\sqlalchemy\engine\create.py:667: in connect
    return dialect.connect(*cargs_tup, **cparams)
           ^^^^^^^^^^^^^^^^^^^^^^^^^^^^^^^^^^^^^^
C:\Users\balaj\AppData\Local\Programs\Python\Python312\Lib\site-packages\sqlalchemy\engine\default.py:630: in connect
    return self.loaded_dbapi.connect(*cargs, **cparams)  # type: ignore[no-any-return]  # NOQA: E501
           ^^^^^^^^^^^^^^^^^^^^^^^^^^^^^^^^^^^^^^^^^^^^
C:\Users\balaj\AppData\Local\Programs\Python\Python312\Lib\site-packages\psycopg\connection.py:100: in connect
    attempts = conninfo_attempts(params)
               ^^^^^^^^^^^^^^^^^^^^^^^^^
_ _ _ _ _ _ _ _ _ _ _ _ _ _ _ _ _ _ _ _ _ _ _ _ _ _ _ _ _ _ _ _ _ _ _ _ _ _ _ _

params = {'host': 'example'}

    def conninfo_attempts(params: ConnMapping) -&gt; list[ConnDict]:
        """Split a set of connection params on the single attempts to perform.
    
        A connection param can perform more than one attempt more than one ``host``
        is provided.
    
        Also perform async resolution of the hostname into hostaddr. Because a host
        can resolve to more than one address, this can lead to yield more attempts
        too. Raise `OperationalError` if no host could be resolved.
    
        Because the libpq async function doesn't honour the timeout, we need to
        reimplement the repeated attempts.
        """
        last_exc = None
        attempts = []
        if prefer_standby := (
            get_param(params, "target_session_attrs") == "prefer-standby"
        ):
            params = {k: v for k, v in params.items() if k != "target_session_attrs"}
    
        for attempt in split_attempts(params):
            try:
                attempts.extend(_resolve_hostnames(attempt))
            except OSError as ex:
                last_exc = e.OperationalError(
                    f"failed to resolve host {attempt.get('host')!r}: {ex}"
                )
                logger.debug("%s", last_exc)
    
        if not attempts:
            assert last_exc
            # We couldn't resolve anything
&gt;           raise last_exc
E           psycopg.OperationalError: failed to resolve host 'example': [Errno 11001] getaddrinfo failed

C:\Users\balaj\AppData\Local\Programs\Python\Python312\Lib\site-packages\psycopg\_conninfo_attempts.py:55: OperationalError

The above exception was the direct cause of the following exception:

fixturedef = &lt;FixtureDef argname='db' scope='function' baseid='tests'&gt;
request = &lt;SubRequest 'db' for &lt;Function test_update_volunteer_status&gt;&gt;

    @pytest.hookimpl(wrapper=True)
    def pytest_fixture_setup(fixturedef: FixtureDef, request) -&gt; object | None:
        asyncio_mode = _get_asyncio_mode(request.config)
        if not _is_asyncio_fixture_function(fixturedef.func):
            if asyncio_mode == Mode.STRICT:
                # Ignore async fixtures without explicit asyncio mark in strict mode
                # This applies to pytest_trio fixtures, for example
&gt;               return (yield)
                        ^^^^^

C:\Users\balaj\AppData\Local\Programs\Python\Python312\Lib\site-packages\pytest_asyncio\plugin.py:728: 
_ _ _ _ _ _ _ _ _ _ _ _ _ _ _ _ _ _ _ _ _ _ _ _ _ _ _ _ _ _ _ _ _ _ _ _ _ _ _ _
tests\conftest.py:39: in db
    connection = engine.connect()
                 ^^^^^^^^^^^^^^^^
C:\Users\balaj\AppData\Local\Programs\Python\Python312\Lib\site-packages\sqlalchemy\engine\base.py:3293: in connect
    return self._connection_cls(self)
           ^^^^^^^^^^^^^^^^^^^^^^^^^^
C:\Users\balaj\AppData\Local\Programs\Python\Python312\Lib\site-packages\sqlalchemy\engine\base.py:145: in __init__
    Connection._handle_dbapi_exception_noconnection(
C:\Users\balaj\AppData\Local\Programs\Python\Python312\Lib\site-packages\sqlalchemy\engine\base.py:2448: in _handle_dbapi_exception_noconnection
    raise sqlalchemy_exception.with_traceback(exc_info[2]) from e
C:\Users\balaj\AppData\Local\Programs\Python\Python312\Lib\site-packages\sqlalchemy\engine\base.py:143: in __init__
    self._dbapi_connection = engine.raw_connection()
                             ^^^^^^^^^^^^^^^^^^^^^^^
C:\Users\balaj\AppData\Local\Programs\Python\Python312\Lib\site-packages\sqlalchemy\engine\base.py:3317: in raw_connection
    return self.pool.connect()
           ^^^^^^^^^^^^^^^^^^^
C:\Users\balaj\AppData\Local\Programs\Python\Python312\Lib\site-packages\sqlalchemy\pool\base.py:448: in connect
    return _ConnectionFairy._checkout(self)
           ^^^^^^^^^^^^^^^^^^^^^^^^^^^^^^^^
C:\Users\balaj\AppData\Local\Programs\Python\Python312\Lib\site-packages\sqlalchemy\pool\base.py:1272: in _checkout
    fairy = _ConnectionRecord.checkout(pool)
            ^^^^^^^^^^^^^^^^^^^^^^^^^^^^^^^^
C:\Users\balaj\AppData\Local\Programs\Python\Python312\Lib\site-packages\sqlalchemy\pool\base.py:712: in checkout
    rec = pool._do_get()
          ^^^^^^^^^^^^^^
C:\Users\balaj\AppData\Local\Programs\Python\Python312\Lib\site-packages\sqlalchemy\pool\impl.py:177: in _do_get
    with util.safe_reraise():
C:\Users\balaj\AppData\Local\Programs\Python\Python312\Lib\site-packages\sqlalchemy\util\langhelpers.py:121: in __exit__
    raise exc_value.with_traceback(exc_tb)
C:\Users\balaj\AppData\Local\Programs\Python\Python312\Lib\site-packages\sqlalchemy\pool\impl.py:175: in _do_get
    return self._create_connection()
           ^^^^^^^^^^^^^^^^^^^^^^^^^
C:\Users\balaj\AppData\Local\Programs\Python\Python312\Lib\site-packages\sqlalchemy\pool\base.py:389: in _create_connection
    return _ConnectionRecord(self)
           ^^^^^^^^^^^^^^^^^^^^^^^
C:\Users\balaj\AppData\Local\Programs\Python\Python312\Lib\site-packages\sqlalchemy\pool\base.py:674: in __init__
    self.__connect()
C:\Users\balaj\AppData\Local\Programs\Python\Python312\Lib\site-packages\sqlalchemy\pool\base.py:900: in __connect
    with util.safe_reraise():
C:\Users\balaj\AppData\Local\Programs\Python\Python312\Lib\site-packages\sqlalchemy\util\langhelpers.py:121: in __exit__
    raise exc_value.with_traceback(exc_tb)
C:\Users\balaj\AppData\Local\Programs\Python\Python312\Lib\site-packages\sqlalchemy\pool\base.py:896: in __connect
    self.dbapi_connection = connection = pool._invoke_creator(self)
                                         ^^^^^^^^^^^^^^^^^^^^^^^^^^
C:\Users\balaj\AppData\Local\Programs\Python\Python312\Lib\site-packages\sqlalchemy\engine\create.py:667: in connect
    return dialect.connect(*cargs_tup, **cparams)
           ^^^^^^^^^^^^^^^^^^^^^^^^^^^^^^^^^^^^^^
C:\Users\balaj\AppData\Local\Programs\Python\Python312\Lib\site-packages\sqlalchemy\engine\default.py:630: in connect
    return self.loaded_dbapi.connect(*cargs, **cparams)  # type: ignore[no-any-return]  # NOQA: E501
           ^^^^^^^^^^^^^^^^^^^^^^^^^^^^^^^^^^^^^^^^^^^^
C:\Users\balaj\AppData\Local\Programs\Python\Python312\Lib\site-packages\psycopg\connection.py:100: in connect
    attempts = conninfo_attempts(params)
               ^^^^^^^^^^^^^^^^^^^^^^^^^
_ _ _ _ _ _ _ _ _ _ _ _ _ _ _ _ _ _ _ _ _ _ _ _ _ _ _ _ _ _ _ _ _ _ _ _ _ _ _ _

params = {'host': 'example'}

    def conninfo_attempts(params: ConnMapping) -&gt; list[ConnDict]:
        """Split a set of connection params on the single attempts to perform.
    
        A connection param can perform more than one attempt more than one ``host``
        is provided.
    
        Also perform async resolution of the hostname into hostaddr. Because a host
        can resolve to more than one address, this can lead to yield more attempts
        too. Raise `OperationalError` if no host could be resolved.
    
        Because the libpq async function doesn't honour the timeout, we need to
        reimplement the repeated attempts.
        """
        last_exc = None
        attempts = []
        if prefer_standby := (
            get_param(params, "target_session_attrs") == "prefer-standby"
        ):
            params = {k: v for k, v in params.items() if k != "target_session_attrs"}
    
        for attempt in split_attempts(params):
            try:
                attempts.extend(_resolve_hostnames(attempt))
            except OSError as ex:
                last_exc = e.OperationalError(
                    f"failed to resolve host {attempt.get('host')!r}: {ex}"
                )
                logger.debug("%s", last_exc)
    
        if not attempts:
            assert last_exc
            # We couldn't resolve anything
&gt;           raise last_exc
E           sqlalchemy.exc.OperationalError: (psycopg.OperationalError) failed to resolve host 'example': [Errno 11001] getaddrinfo failed
E           (Background on this error at: https://sqlalche.me/e/20/e3q8)

C:\Users\balaj\AppData\Local\Programs\Python\Python312\Lib\site-packages\psycopg\_conninfo_attempts.py:55: OperationalError</error></testcase><testcase classname="tests.test_endpoints" name="test_get_volunteer_current_task" time="2.279"><error message="failed on setup with &quot;sqlalchemy.exc.OperationalError: (psycopg.OperationalError) failed to resolve host 'example': [Errno 11001] getaddrinfo failed&#10;(Background on this error at: https://sqlalche.me/e/20/e3q8)&quot;">self = &lt;sqlalchemy.engine.base.Connection object at 0x000002943547FFB0&gt;
engine = Engine(postgresql+psycopg://example), connection = None
_has_events = None, _allow_revalidate = True, _allow_autobegin = True

    def __init__(
        self,
        engine: Engine,
        connection: Optional[PoolProxiedConnection] = None,
        _has_events: Optional[bool] = None,
        _allow_revalidate: bool = True,
        _allow_autobegin: bool = True,
    ):
        """Construct a new Connection."""
        self.engine = engine
        self.dialect = dialect = engine.dialect
    
        if connection is None:
            try:
&gt;               self._dbapi_connection = engine.raw_connection()
                                         ^^^^^^^^^^^^^^^^^^^^^^^

C:\Users\balaj\AppData\Local\Programs\Python\Python312\Lib\site-packages\sqlalchemy\engine\base.py:143: 
_ _ _ _ _ _ _ _ _ _ _ _ _ _ _ _ _ _ _ _ _ _ _ _ _ _ _ _ _ _ _ _ _ _ _ _ _ _ _ _
C:\Users\balaj\AppData\Local\Programs\Python\Python312\Lib\site-packages\sqlalchemy\engine\base.py:3317: in raw_connection
    return self.pool.connect()
           ^^^^^^^^^^^^^^^^^^^
C:\Users\balaj\AppData\Local\Programs\Python\Python312\Lib\site-packages\sqlalchemy\pool\base.py:448: in connect
    return _ConnectionFairy._checkout(self)
           ^^^^^^^^^^^^^^^^^^^^^^^^^^^^^^^^
C:\Users\balaj\AppData\Local\Programs\Python\Python312\Lib\site-packages\sqlalchemy\pool\base.py:1272: in _checkout
    fairy = _ConnectionRecord.checkout(pool)
            ^^^^^^^^^^^^^^^^^^^^^^^^^^^^^^^^
C:\Users\balaj\AppData\Local\Programs\Python\Python312\Lib\site-packages\sqlalchemy\pool\base.py:712: in checkout
    rec = pool._do_get()
          ^^^^^^^^^^^^^^
C:\Users\balaj\AppData\Local\Programs\Python\Python312\Lib\site-packages\sqlalchemy\pool\impl.py:177: in _do_get
    with util.safe_reraise():
C:\Users\balaj\AppData\Local\Programs\Python\Python312\Lib\site-packages\sqlalchemy\util\langhelpers.py:121: in __exit__
    raise exc_value.with_traceback(exc_tb)
C:\Users\balaj\AppData\Local\Programs\Python\Python312\Lib\site-packages\sqlalchemy\pool\impl.py:175: in _do_get
    return self._create_connection()
           ^^^^^^^^^^^^^^^^^^^^^^^^^
C:\Users\balaj\AppData\Local\Programs\Python\Python312\Lib\site-packages\sqlalchemy\pool\base.py:389: in _create_connection
    return _ConnectionRecord(self)
           ^^^^^^^^^^^^^^^^^^^^^^^
C:\Users\balaj\AppData\Local\Programs\Python\Python312\Lib\site-packages\sqlalchemy\pool\base.py:674: in __init__
    self.__connect()
C:\Users\balaj\AppData\Local\Programs\Python\Python312\Lib\site-packages\sqlalchemy\pool\base.py:900: in __connect
    with util.safe_reraise():
C:\Users\balaj\AppData\Local\Programs\Python\Python312\Lib\site-packages\sqlalchemy\util\langhelpers.py:121: in __exit__
    raise exc_value.with_traceback(exc_tb)
C:\Users\balaj\AppData\Local\Programs\Python\Python312\Lib\site-packages\sqlalchemy\pool\base.py:896: in __connect
    self.dbapi_connection = connection = pool._invoke_creator(self)
                                         ^^^^^^^^^^^^^^^^^^^^^^^^^^
C:\Users\balaj\AppData\Local\Programs\Python\Python312\Lib\site-packages\sqlalchemy\engine\create.py:667: in connect
    return dialect.connect(*cargs_tup, **cparams)
           ^^^^^^^^^^^^^^^^^^^^^^^^^^^^^^^^^^^^^^
C:\Users\balaj\AppData\Local\Programs\Python\Python312\Lib\site-packages\sqlalchemy\engine\default.py:630: in connect
    return self.loaded_dbapi.connect(*cargs, **cparams)  # type: ignore[no-any-return]  # NOQA: E501
           ^^^^^^^^^^^^^^^^^^^^^^^^^^^^^^^^^^^^^^^^^^^^
C:\Users\balaj\AppData\Local\Programs\Python\Python312\Lib\site-packages\psycopg\connection.py:100: in connect
    attempts = conninfo_attempts(params)
               ^^^^^^^^^^^^^^^^^^^^^^^^^
_ _ _ _ _ _ _ _ _ _ _ _ _ _ _ _ _ _ _ _ _ _ _ _ _ _ _ _ _ _ _ _ _ _ _ _ _ _ _ _

params = {'host': 'example'}

    def conninfo_attempts(params: ConnMapping) -&gt; list[ConnDict]:
        """Split a set of connection params on the single attempts to perform.
    
        A connection param can perform more than one attempt more than one ``host``
        is provided.
    
        Also perform async resolution of the hostname into hostaddr. Because a host
        can resolve to more than one address, this can lead to yield more attempts
        too. Raise `OperationalError` if no host could be resolved.
    
        Because the libpq async function doesn't honour the timeout, we need to
        reimplement the repeated attempts.
        """
        last_exc = None
        attempts = []
        if prefer_standby := (
            get_param(params, "target_session_attrs") == "prefer-standby"
        ):
            params = {k: v for k, v in params.items() if k != "target_session_attrs"}
    
        for attempt in split_attempts(params):
            try:
                attempts.extend(_resolve_hostnames(attempt))
            except OSError as ex:
                last_exc = e.OperationalError(
                    f"failed to resolve host {attempt.get('host')!r}: {ex}"
                )
                logger.debug("%s", last_exc)
    
        if not attempts:
            assert last_exc
            # We couldn't resolve anything
&gt;           raise last_exc
E           psycopg.OperationalError: failed to resolve host 'example': [Errno 11001] getaddrinfo failed

C:\Users\balaj\AppData\Local\Programs\Python\Python312\Lib\site-packages\psycopg\_conninfo_attempts.py:55: OperationalError

The above exception was the direct cause of the following exception:

fixturedef = &lt;FixtureDef argname='db' scope='function' baseid='tests'&gt;
request = &lt;SubRequest 'db' for &lt;Function test_get_volunteer_current_task&gt;&gt;

    @pytest.hookimpl(wrapper=True)
    def pytest_fixture_setup(fixturedef: FixtureDef, request) -&gt; object | None:
        asyncio_mode = _get_asyncio_mode(request.config)
        if not _is_asyncio_fixture_function(fixturedef.func):
            if asyncio_mode == Mode.STRICT:
                # Ignore async fixtures without explicit asyncio mark in strict mode
                # This applies to pytest_trio fixtures, for example
&gt;               return (yield)
                        ^^^^^

C:\Users\balaj\AppData\Local\Programs\Python\Python312\Lib\site-packages\pytest_asyncio\plugin.py:728: 
_ _ _ _ _ _ _ _ _ _ _ _ _ _ _ _ _ _ _ _ _ _ _ _ _ _ _ _ _ _ _ _ _ _ _ _ _ _ _ _
tests\conftest.py:39: in db
    connection = engine.connect()
                 ^^^^^^^^^^^^^^^^
C:\Users\balaj\AppData\Local\Programs\Python\Python312\Lib\site-packages\sqlalchemy\engine\base.py:3293: in connect
    return self._connection_cls(self)
           ^^^^^^^^^^^^^^^^^^^^^^^^^^
C:\Users\balaj\AppData\Local\Programs\Python\Python312\Lib\site-packages\sqlalchemy\engine\base.py:145: in __init__
    Connection._handle_dbapi_exception_noconnection(
C:\Users\balaj\AppData\Local\Programs\Python\Python312\Lib\site-packages\sqlalchemy\engine\base.py:2448: in _handle_dbapi_exception_noconnection
    raise sqlalchemy_exception.with_traceback(exc_info[2]) from e
C:\Users\balaj\AppData\Local\Programs\Python\Python312\Lib\site-packages\sqlalchemy\engine\base.py:143: in __init__
    self._dbapi_connection = engine.raw_connection()
                             ^^^^^^^^^^^^^^^^^^^^^^^
C:\Users\balaj\AppData\Local\Programs\Python\Python312\Lib\site-packages\sqlalchemy\engine\base.py:3317: in raw_connection
    return self.pool.connect()
           ^^^^^^^^^^^^^^^^^^^
C:\Users\balaj\AppData\Local\Programs\Python\Python312\Lib\site-packages\sqlalchemy\pool\base.py:448: in connect
    return _ConnectionFairy._checkout(self)
           ^^^^^^^^^^^^^^^^^^^^^^^^^^^^^^^^
C:\Users\balaj\AppData\Local\Programs\Python\Python312\Lib\site-packages\sqlalchemy\pool\base.py:1272: in _checkout
    fairy = _ConnectionRecord.checkout(pool)
            ^^^^^^^^^^^^^^^^^^^^^^^^^^^^^^^^
C:\Users\balaj\AppData\Local\Programs\Python\Python312\Lib\site-packages\sqlalchemy\pool\base.py:712: in checkout
    rec = pool._do_get()
          ^^^^^^^^^^^^^^
C:\Users\balaj\AppData\Local\Programs\Python\Python312\Lib\site-packages\sqlalchemy\pool\impl.py:177: in _do_get
    with util.safe_reraise():
C:\Users\balaj\AppData\Local\Programs\Python\Python312\Lib\site-packages\sqlalchemy\util\langhelpers.py:121: in __exit__
    raise exc_value.with_traceback(exc_tb)
C:\Users\balaj\AppData\Local\Programs\Python\Python312\Lib\site-packages\sqlalchemy\pool\impl.py:175: in _do_get
    return self._create_connection()
           ^^^^^^^^^^^^^^^^^^^^^^^^^
C:\Users\balaj\AppData\Local\Programs\Python\Python312\Lib\site-packages\sqlalchemy\pool\base.py:389: in _create_connection
    return _ConnectionRecord(self)
           ^^^^^^^^^^^^^^^^^^^^^^^
C:\Users\balaj\AppData\Local\Programs\Python\Python312\Lib\site-packages\sqlalchemy\pool\base.py:674: in __init__
    self.__connect()
C:\Users\balaj\AppData\Local\Programs\Python\Python312\Lib\site-packages\sqlalchemy\pool\base.py:900: in __connect
    with util.safe_reraise():
C:\Users\balaj\AppData\Local\Programs\Python\Python312\Lib\site-packages\sqlalchemy\util\langhelpers.py:121: in __exit__
    raise exc_value.with_traceback(exc_tb)
C:\Users\balaj\AppData\Local\Programs\Python\Python312\Lib\site-packages\sqlalchemy\pool\base.py:896: in __connect
    self.dbapi_connection = connection = pool._invoke_creator(self)
                                         ^^^^^^^^^^^^^^^^^^^^^^^^^^
C:\Users\balaj\AppData\Local\Programs\Python\Python312\Lib\site-packages\sqlalchemy\engine\create.py:667: in connect
    return dialect.connect(*cargs_tup, **cparams)
           ^^^^^^^^^^^^^^^^^^^^^^^^^^^^^^^^^^^^^^
C:\Users\balaj\AppData\Local\Programs\Python\Python312\Lib\site-packages\sqlalchemy\engine\default.py:630: in connect
    return self.loaded_dbapi.connect(*cargs, **cparams)  # type: ignore[no-any-return]  # NOQA: E501
           ^^^^^^^^^^^^^^^^^^^^^^^^^^^^^^^^^^^^^^^^^^^^
C:\Users\balaj\AppData\Local\Programs\Python\Python312\Lib\site-packages\psycopg\connection.py:100: in connect
    attempts = conninfo_attempts(params)
               ^^^^^^^^^^^^^^^^^^^^^^^^^
_ _ _ _ _ _ _ _ _ _ _ _ _ _ _ _ _ _ _ _ _ _ _ _ _ _ _ _ _ _ _ _ _ _ _ _ _ _ _ _

params = {'host': 'example'}

    def conninfo_attempts(params: ConnMapping) -&gt; list[ConnDict]:
        """Split a set of connection params on the single attempts to perform.
    
        A connection param can perform more than one attempt more than one ``host``
        is provided.
    
        Also perform async resolution of the hostname into hostaddr. Because a host
        can resolve to more than one address, this can lead to yield more attempts
        too. Raise `OperationalError` if no host could be resolved.
    
        Because the libpq async function doesn't honour the timeout, we need to
        reimplement the repeated attempts.
        """
        last_exc = None
        attempts = []
        if prefer_standby := (
            get_param(params, "target_session_attrs") == "prefer-standby"
        ):
            params = {k: v for k, v in params.items() if k != "target_session_attrs"}
    
        for attempt in split_attempts(params):
            try:
                attempts.extend(_resolve_hostnames(attempt))
            except OSError as ex:
                last_exc = e.OperationalError(
                    f"failed to resolve host {attempt.get('host')!r}: {ex}"
                )
                logger.debug("%s", last_exc)
    
        if not attempts:
            assert last_exc
            # We couldn't resolve anything
&gt;           raise last_exc
E           sqlalchemy.exc.OperationalError: (psycopg.OperationalError) failed to resolve host 'example': [Errno 11001] getaddrinfo failed
E           (Background on this error at: https://sqlalche.me/e/20/e3q8)

C:\Users\balaj\AppData\Local\Programs\Python\Python312\Lib\site-packages\psycopg\_conninfo_attempts.py:55: OperationalError</error></testcase><testcase classname="tests.test_endpoints" name="test_get_volunteer_task_history" time="2.284"><error message="failed on setup with &quot;sqlalchemy.exc.OperationalError: (psycopg.OperationalError) failed to resolve host 'example': [Errno 11001] getaddrinfo failed&#10;(Background on this error at: https://sqlalche.me/e/20/e3q8)&quot;">self = &lt;sqlalchemy.engine.base.Connection object at 0x00000294353E0440&gt;
engine = Engine(postgresql+psycopg://example), connection = None
_has_events = None, _allow_revalidate = True, _allow_autobegin = True

    def __init__(
        self,
        engine: Engine,
        connection: Optional[PoolProxiedConnection] = None,
        _has_events: Optional[bool] = None,
        _allow_revalidate: bool = True,
        _allow_autobegin: bool = True,
    ):
        """Construct a new Connection."""
        self.engine = engine
        self.dialect = dialect = engine.dialect
    
        if connection is None:
            try:
&gt;               self._dbapi_connection = engine.raw_connection()
                                         ^^^^^^^^^^^^^^^^^^^^^^^

C:\Users\balaj\AppData\Local\Programs\Python\Python312\Lib\site-packages\sqlalchemy\engine\base.py:143: 
_ _ _ _ _ _ _ _ _ _ _ _ _ _ _ _ _ _ _ _ _ _ _ _ _ _ _ _ _ _ _ _ _ _ _ _ _ _ _ _
C:\Users\balaj\AppData\Local\Programs\Python\Python312\Lib\site-packages\sqlalchemy\engine\base.py:3317: in raw_connection
    return self.pool.connect()
           ^^^^^^^^^^^^^^^^^^^
C:\Users\balaj\AppData\Local\Programs\Python\Python312\Lib\site-packages\sqlalchemy\pool\base.py:448: in connect
    return _ConnectionFairy._checkout(self)
           ^^^^^^^^^^^^^^^^^^^^^^^^^^^^^^^^
C:\Users\balaj\AppData\Local\Programs\Python\Python312\Lib\site-packages\sqlalchemy\pool\base.py:1272: in _checkout
    fairy = _ConnectionRecord.checkout(pool)
            ^^^^^^^^^^^^^^^^^^^^^^^^^^^^^^^^
C:\Users\balaj\AppData\Local\Programs\Python\Python312\Lib\site-packages\sqlalchemy\pool\base.py:712: in checkout
    rec = pool._do_get()
          ^^^^^^^^^^^^^^
C:\Users\balaj\AppData\Local\Programs\Python\Python312\Lib\site-packages\sqlalchemy\pool\impl.py:177: in _do_get
    with util.safe_reraise():
C:\Users\balaj\AppData\Local\Programs\Python\Python312\Lib\site-packages\sqlalchemy\util\langhelpers.py:121: in __exit__
    raise exc_value.with_traceback(exc_tb)
C:\Users\balaj\AppData\Local\Programs\Python\Python312\Lib\site-packages\sqlalchemy\pool\impl.py:175: in _do_get
    return self._create_connection()
           ^^^^^^^^^^^^^^^^^^^^^^^^^
C:\Users\balaj\AppData\Local\Programs\Python\Python312\Lib\site-packages\sqlalchemy\pool\base.py:389: in _create_connection
    return _ConnectionRecord(self)
           ^^^^^^^^^^^^^^^^^^^^^^^
C:\Users\balaj\AppData\Local\Programs\Python\Python312\Lib\site-packages\sqlalchemy\pool\base.py:674: in __init__
    self.__connect()
C:\Users\balaj\AppData\Local\Programs\Python\Python312\Lib\site-packages\sqlalchemy\pool\base.py:900: in __connect
    with util.safe_reraise():
C:\Users\balaj\AppData\Local\Programs\Python\Python312\Lib\site-packages\sqlalchemy\util\langhelpers.py:121: in __exit__
    raise exc_value.with_traceback(exc_tb)
C:\Users\balaj\AppData\Local\Programs\Python\Python312\Lib\site-packages\sqlalchemy\pool\base.py:896: in __connect
    self.dbapi_connection = connection = pool._invoke_creator(self)
                                         ^^^^^^^^^^^^^^^^^^^^^^^^^^
C:\Users\balaj\AppData\Local\Programs\Python\Python312\Lib\site-packages\sqlalchemy\engine\create.py:667: in connect
    return dialect.connect(*cargs_tup, **cparams)
           ^^^^^^^^^^^^^^^^^^^^^^^^^^^^^^^^^^^^^^
C:\Users\balaj\AppData\Local\Programs\Python\Python312\Lib\site-packages\sqlalchemy\engine\default.py:630: in connect
    return self.loaded_dbapi.connect(*cargs, **cparams)  # type: ignore[no-any-return]  # NOQA: E501
           ^^^^^^^^^^^^^^^^^^^^^^^^^^^^^^^^^^^^^^^^^^^^
C:\Users\balaj\AppData\Local\Programs\Python\Python312\Lib\site-packages\psycopg\connection.py:100: in connect
    attempts = conninfo_attempts(params)
               ^^^^^^^^^^^^^^^^^^^^^^^^^
_ _ _ _ _ _ _ _ _ _ _ _ _ _ _ _ _ _ _ _ _ _ _ _ _ _ _ _ _ _ _ _ _ _ _ _ _ _ _ _

params = {'host': 'example'}

    def conninfo_attempts(params: ConnMapping) -&gt; list[ConnDict]:
        """Split a set of connection params on the single attempts to perform.
    
        A connection param can perform more than one attempt more than one ``host``
        is provided.
    
        Also perform async resolution of the hostname into hostaddr. Because a host
        can resolve to more than one address, this can lead to yield more attempts
        too. Raise `OperationalError` if no host could be resolved.
    
        Because the libpq async function doesn't honour the timeout, we need to
        reimplement the repeated attempts.
        """
        last_exc = None
        attempts = []
        if prefer_standby := (
            get_param(params, "target_session_attrs") == "prefer-standby"
        ):
            params = {k: v for k, v in params.items() if k != "target_session_attrs"}
    
        for attempt in split_attempts(params):
            try:
                attempts.extend(_resolve_hostnames(attempt))
            except OSError as ex:
                last_exc = e.OperationalError(
                    f"failed to resolve host {attempt.get('host')!r}: {ex}"
                )
                logger.debug("%s", last_exc)
    
        if not attempts:
            assert last_exc
            # We couldn't resolve anything
&gt;           raise last_exc
E           psycopg.OperationalError: failed to resolve host 'example': [Errno 11001] getaddrinfo failed

C:\Users\balaj\AppData\Local\Programs\Python\Python312\Lib\site-packages\psycopg\_conninfo_attempts.py:55: OperationalError

The above exception was the direct cause of the following exception:

fixturedef = &lt;FixtureDef argname='db' scope='function' baseid='tests'&gt;
request = &lt;SubRequest 'db' for &lt;Function test_get_volunteer_task_history&gt;&gt;

    @pytest.hookimpl(wrapper=True)
    def pytest_fixture_setup(fixturedef: FixtureDef, request) -&gt; object | None:
        asyncio_mode = _get_asyncio_mode(request.config)
        if not _is_asyncio_fixture_function(fixturedef.func):
            if asyncio_mode == Mode.STRICT:
                # Ignore async fixtures without explicit asyncio mark in strict mode
                # This applies to pytest_trio fixtures, for example
&gt;               return (yield)
                        ^^^^^

C:\Users\balaj\AppData\Local\Programs\Python\Python312\Lib\site-packages\pytest_asyncio\plugin.py:728: 
_ _ _ _ _ _ _ _ _ _ _ _ _ _ _ _ _ _ _ _ _ _ _ _ _ _ _ _ _ _ _ _ _ _ _ _ _ _ _ _
tests\conftest.py:39: in db
    connection = engine.connect()
                 ^^^^^^^^^^^^^^^^
C:\Users\balaj\AppData\Local\Programs\Python\Python312\Lib\site-packages\sqlalchemy\engine\base.py:3293: in connect
    return self._connection_cls(self)
           ^^^^^^^^^^^^^^^^^^^^^^^^^^
C:\Users\balaj\AppData\Local\Programs\Python\Python312\Lib\site-packages\sqlalchemy\engine\base.py:145: in __init__
    Connection._handle_dbapi_exception_noconnection(
C:\Users\balaj\AppData\Local\Programs\Python\Python312\Lib\site-packages\sqlalchemy\engine\base.py:2448: in _handle_dbapi_exception_noconnection
    raise sqlalchemy_exception.with_traceback(exc_info[2]) from e
C:\Users\balaj\AppData\Local\Programs\Python\Python312\Lib\site-packages\sqlalchemy\engine\base.py:143: in __init__
    self._dbapi_connection = engine.raw_connection()
                             ^^^^^^^^^^^^^^^^^^^^^^^
C:\Users\balaj\AppData\Local\Programs\Python\Python312\Lib\site-packages\sqlalchemy\engine\base.py:3317: in raw_connection
    return self.pool.connect()
           ^^^^^^^^^^^^^^^^^^^
C:\Users\balaj\AppData\Local\Programs\Python\Python312\Lib\site-packages\sqlalchemy\pool\base.py:448: in connect
    return _ConnectionFairy._checkout(self)
           ^^^^^^^^^^^^^^^^^^^^^^^^^^^^^^^^
C:\Users\balaj\AppData\Local\Programs\Python\Python312\Lib\site-packages\sqlalchemy\pool\base.py:1272: in _checkout
    fairy = _ConnectionRecord.checkout(pool)
            ^^^^^^^^^^^^^^^^^^^^^^^^^^^^^^^^
C:\Users\balaj\AppData\Local\Programs\Python\Python312\Lib\site-packages\sqlalchemy\pool\base.py:712: in checkout
    rec = pool._do_get()
          ^^^^^^^^^^^^^^
C:\Users\balaj\AppData\Local\Programs\Python\Python312\Lib\site-packages\sqlalchemy\pool\impl.py:177: in _do_get
    with util.safe_reraise():
C:\Users\balaj\AppData\Local\Programs\Python\Python312\Lib\site-packages\sqlalchemy\util\langhelpers.py:121: in __exit__
    raise exc_value.with_traceback(exc_tb)
C:\Users\balaj\AppData\Local\Programs\Python\Python312\Lib\site-packages\sqlalchemy\pool\impl.py:175: in _do_get
    return self._create_connection()
           ^^^^^^^^^^^^^^^^^^^^^^^^^
C:\Users\balaj\AppData\Local\Programs\Python\Python312\Lib\site-packages\sqlalchemy\pool\base.py:389: in _create_connection
    return _ConnectionRecord(self)
           ^^^^^^^^^^^^^^^^^^^^^^^
C:\Users\balaj\AppData\Local\Programs\Python\Python312\Lib\site-packages\sqlalchemy\pool\base.py:674: in __init__
    self.__connect()
C:\Users\balaj\AppData\Local\Programs\Python\Python312\Lib\site-packages\sqlalchemy\pool\base.py:900: in __connect
    with util.safe_reraise():
C:\Users\balaj\AppData\Local\Programs\Python\Python312\Lib\site-packages\sqlalchemy\util\langhelpers.py:121: in __exit__
    raise exc_value.with_traceback(exc_tb)
C:\Users\balaj\AppData\Local\Programs\Python\Python312\Lib\site-packages\sqlalchemy\pool\base.py:896: in __connect
    self.dbapi_connection = connection = pool._invoke_creator(self)
                                         ^^^^^^^^^^^^^^^^^^^^^^^^^^
C:\Users\balaj\AppData\Local\Programs\Python\Python312\Lib\site-packages\sqlalchemy\engine\create.py:667: in connect
    return dialect.connect(*cargs_tup, **cparams)
           ^^^^^^^^^^^^^^^^^^^^^^^^^^^^^^^^^^^^^^
C:\Users\balaj\AppData\Local\Programs\Python\Python312\Lib\site-packages\sqlalchemy\engine\default.py:630: in connect
    return self.loaded_dbapi.connect(*cargs, **cparams)  # type: ignore[no-any-return]  # NOQA: E501
           ^^^^^^^^^^^^^^^^^^^^^^^^^^^^^^^^^^^^^^^^^^^^
C:\Users\balaj\AppData\Local\Programs\Python\Python312\Lib\site-packages\psycopg\connection.py:100: in connect
    attempts = conninfo_attempts(params)
               ^^^^^^^^^^^^^^^^^^^^^^^^^
_ _ _ _ _ _ _ _ _ _ _ _ _ _ _ _ _ _ _ _ _ _ _ _ _ _ _ _ _ _ _ _ _ _ _ _ _ _ _ _

params = {'host': 'example'}

    def conninfo_attempts(params: ConnMapping) -&gt; list[ConnDict]:
        """Split a set of connection params on the single attempts to perform.
    
        A connection param can perform more than one attempt more than one ``host``
        is provided.
    
        Also perform async resolution of the hostname into hostaddr. Because a host
        can resolve to more than one address, this can lead to yield more attempts
        too. Raise `OperationalError` if no host could be resolved.
    
        Because the libpq async function doesn't honour the timeout, we need to
        reimplement the repeated attempts.
        """
        last_exc = None
        attempts = []
        if prefer_standby := (
            get_param(params, "target_session_attrs") == "prefer-standby"
        ):
            params = {k: v for k, v in params.items() if k != "target_session_attrs"}
    
        for attempt in split_attempts(params):
            try:
                attempts.extend(_resolve_hostnames(attempt))
            except OSError as ex:
                last_exc = e.OperationalError(
                    f"failed to resolve host {attempt.get('host')!r}: {ex}"
                )
                logger.debug("%s", last_exc)
    
        if not attempts:
            assert last_exc
            # We couldn't resolve anything
&gt;           raise last_exc
E           sqlalchemy.exc.OperationalError: (psycopg.OperationalError) failed to resolve host 'example': [Errno 11001] getaddrinfo failed
E           (Background on this error at: https://sqlalche.me/e/20/e3q8)

C:\Users\balaj\AppData\Local\Programs\Python\Python312\Lib\site-packages\psycopg\_conninfo_attempts.py:55: OperationalError</error></testcase><testcase classname="tests.test_endpoints" name="test_volunteer_go_online" time="2.285"><error message="failed on setup with &quot;sqlalchemy.exc.OperationalError: (psycopg.OperationalError) failed to resolve host 'example': [Errno 11001] getaddrinfo failed&#10;(Background on this error at: https://sqlalche.me/e/20/e3q8)&quot;">self = &lt;sqlalchemy.engine.base.Connection object at 0x00000294353E2120&gt;
engine = Engine(postgresql+psycopg://example), connection = None
_has_events = None, _allow_revalidate = True, _allow_autobegin = True

    def __init__(
        self,
        engine: Engine,
        connection: Optional[PoolProxiedConnection] = None,
        _has_events: Optional[bool] = None,
        _allow_revalidate: bool = True,
        _allow_autobegin: bool = True,
    ):
        """Construct a new Connection."""
        self.engine = engine
        self.dialect = dialect = engine.dialect
    
        if connection is None:
            try:
&gt;               self._dbapi_connection = engine.raw_connection()
                                         ^^^^^^^^^^^^^^^^^^^^^^^

C:\Users\balaj\AppData\Local\Programs\Python\Python312\Lib\site-packages\sqlalchemy\engine\base.py:143: 
_ _ _ _ _ _ _ _ _ _ _ _ _ _ _ _ _ _ _ _ _ _ _ _ _ _ _ _ _ _ _ _ _ _ _ _ _ _ _ _
C:\Users\balaj\AppData\Local\Programs\Python\Python312\Lib\site-packages\sqlalchemy\engine\base.py:3317: in raw_connection
    return self.pool.connect()
           ^^^^^^^^^^^^^^^^^^^
C:\Users\balaj\AppData\Local\Programs\Python\Python312\Lib\site-packages\sqlalchemy\pool\base.py:448: in connect
    return _ConnectionFairy._checkout(self)
           ^^^^^^^^^^^^^^^^^^^^^^^^^^^^^^^^
C:\Users\balaj\AppData\Local\Programs\Python\Python312\Lib\site-packages\sqlalchemy\pool\base.py:1272: in _checkout
    fairy = _ConnectionRecord.checkout(pool)
            ^^^^^^^^^^^^^^^^^^^^^^^^^^^^^^^^
C:\Users\balaj\AppData\Local\Programs\Python\Python312\Lib\site-packages\sqlalchemy\pool\base.py:712: in checkout
    rec = pool._do_get()
          ^^^^^^^^^^^^^^
C:\Users\balaj\AppData\Local\Programs\Python\Python312\Lib\site-packages\sqlalchemy\pool\impl.py:177: in _do_get
    with util.safe_reraise():
C:\Users\balaj\AppData\Local\Programs\Python\Python312\Lib\site-packages\sqlalchemy\util\langhelpers.py:121: in __exit__
    raise exc_value.with_traceback(exc_tb)
C:\Users\balaj\AppData\Local\Programs\Python\Python312\Lib\site-packages\sqlalchemy\pool\impl.py:175: in _do_get
    return self._create_connection()
           ^^^^^^^^^^^^^^^^^^^^^^^^^
C:\Users\balaj\AppData\Local\Programs\Python\Python312\Lib\site-packages\sqlalchemy\pool\base.py:389: in _create_connection
    return _ConnectionRecord(self)
           ^^^^^^^^^^^^^^^^^^^^^^^
C:\Users\balaj\AppData\Local\Programs\Python\Python312\Lib\site-packages\sqlalchemy\pool\base.py:674: in __init__
    self.__connect()
C:\Users\balaj\AppData\Local\Programs\Python\Python312\Lib\site-packages\sqlalchemy\pool\base.py:900: in __connect
    with util.safe_reraise():
C:\Users\balaj\AppData\Local\Programs\Python\Python312\Lib\site-packages\sqlalchemy\util\langhelpers.py:121: in __exit__
    raise exc_value.with_traceback(exc_tb)
C:\Users\balaj\AppData\Local\Programs\Python\Python312\Lib\site-packages\sqlalchemy\pool\base.py:896: in __connect
    self.dbapi_connection = connection = pool._invoke_creator(self)
                                         ^^^^^^^^^^^^^^^^^^^^^^^^^^
C:\Users\balaj\AppData\Local\Programs\Python\Python312\Lib\site-packages\sqlalchemy\engine\create.py:667: in connect
    return dialect.connect(*cargs_tup, **cparams)
           ^^^^^^^^^^^^^^^^^^^^^^^^^^^^^^^^^^^^^^
C:\Users\balaj\AppData\Local\Programs\Python\Python312\Lib\site-packages\sqlalchemy\engine\default.py:630: in connect
    return self.loaded_dbapi.connect(*cargs, **cparams)  # type: ignore[no-any-return]  # NOQA: E501
           ^^^^^^^^^^^^^^^^^^^^^^^^^^^^^^^^^^^^^^^^^^^^
C:\Users\balaj\AppData\Local\Programs\Python\Python312\Lib\site-packages\psycopg\connection.py:100: in connect
    attempts = conninfo_attempts(params)
               ^^^^^^^^^^^^^^^^^^^^^^^^^
_ _ _ _ _ _ _ _ _ _ _ _ _ _ _ _ _ _ _ _ _ _ _ _ _ _ _ _ _ _ _ _ _ _ _ _ _ _ _ _

params = {'host': 'example'}

    def conninfo_attempts(params: ConnMapping) -&gt; list[ConnDict]:
        """Split a set of connection params on the single attempts to perform.
    
        A connection param can perform more than one attempt more than one ``host``
        is provided.
    
        Also perform async resolution of the hostname into hostaddr. Because a host
        can resolve to more than one address, this can lead to yield more attempts
        too. Raise `OperationalError` if no host could be resolved.
    
        Because the libpq async function doesn't honour the timeout, we need to
        reimplement the repeated attempts.
        """
        last_exc = None
        attempts = []
        if prefer_standby := (
            get_param(params, "target_session_attrs") == "prefer-standby"
        ):
            params = {k: v for k, v in params.items() if k != "target_session_attrs"}
    
        for attempt in split_attempts(params):
            try:
                attempts.extend(_resolve_hostnames(attempt))
            except OSError as ex:
                last_exc = e.OperationalError(
                    f"failed to resolve host {attempt.get('host')!r}: {ex}"
                )
                logger.debug("%s", last_exc)
    
        if not attempts:
            assert last_exc
            # We couldn't resolve anything
&gt;           raise last_exc
E           psycopg.OperationalError: failed to resolve host 'example': [Errno 11001] getaddrinfo failed

C:\Users\balaj\AppData\Local\Programs\Python\Python312\Lib\site-packages\psycopg\_conninfo_attempts.py:55: OperationalError

The above exception was the direct cause of the following exception:

fixturedef = &lt;FixtureDef argname='db' scope='function' baseid='tests'&gt;
request = &lt;SubRequest 'db' for &lt;Function test_volunteer_go_online&gt;&gt;

    @pytest.hookimpl(wrapper=True)
    def pytest_fixture_setup(fixturedef: FixtureDef, request) -&gt; object | None:
        asyncio_mode = _get_asyncio_mode(request.config)
        if not _is_asyncio_fixture_function(fixturedef.func):
            if asyncio_mode == Mode.STRICT:
                # Ignore async fixtures without explicit asyncio mark in strict mode
                # This applies to pytest_trio fixtures, for example
&gt;               return (yield)
                        ^^^^^

C:\Users\balaj\AppData\Local\Programs\Python\Python312\Lib\site-packages\pytest_asyncio\plugin.py:728: 
_ _ _ _ _ _ _ _ _ _ _ _ _ _ _ _ _ _ _ _ _ _ _ _ _ _ _ _ _ _ _ _ _ _ _ _ _ _ _ _
tests\conftest.py:39: in db
    connection = engine.connect()
                 ^^^^^^^^^^^^^^^^
C:\Users\balaj\AppData\Local\Programs\Python\Python312\Lib\site-packages\sqlalchemy\engine\base.py:3293: in connect
    return self._connection_cls(self)
           ^^^^^^^^^^^^^^^^^^^^^^^^^^
C:\Users\balaj\AppData\Local\Programs\Python\Python312\Lib\site-packages\sqlalchemy\engine\base.py:145: in __init__
    Connection._handle_dbapi_exception_noconnection(
C:\Users\balaj\AppData\Local\Programs\Python\Python312\Lib\site-packages\sqlalchemy\engine\base.py:2448: in _handle_dbapi_exception_noconnection
    raise sqlalchemy_exception.with_traceback(exc_info[2]) from e
C:\Users\balaj\AppData\Local\Programs\Python\Python312\Lib\site-packages\sqlalchemy\engine\base.py:143: in __init__
    self._dbapi_connection = engine.raw_connection()
                             ^^^^^^^^^^^^^^^^^^^^^^^
C:\Users\balaj\AppData\Local\Programs\Python\Python312\Lib\site-packages\sqlalchemy\engine\base.py:3317: in raw_connection
    return self.pool.connect()
           ^^^^^^^^^^^^^^^^^^^
C:\Users\balaj\AppData\Local\Programs\Python\Python312\Lib\site-packages\sqlalchemy\pool\base.py:448: in connect
    return _ConnectionFairy._checkout(self)
           ^^^^^^^^^^^^^^^^^^^^^^^^^^^^^^^^
C:\Users\balaj\AppData\Local\Programs\Python\Python312\Lib\site-packages\sqlalchemy\pool\base.py:1272: in _checkout
    fairy = _ConnectionRecord.checkout(pool)
            ^^^^^^^^^^^^^^^^^^^^^^^^^^^^^^^^
C:\Users\balaj\AppData\Local\Programs\Python\Python312\Lib\site-packages\sqlalchemy\pool\base.py:712: in checkout
    rec = pool._do_get()
          ^^^^^^^^^^^^^^
C:\Users\balaj\AppData\Local\Programs\Python\Python312\Lib\site-packages\sqlalchemy\pool\impl.py:177: in _do_get
    with util.safe_reraise():
C:\Users\balaj\AppData\Local\Programs\Python\Python312\Lib\site-packages\sqlalchemy\util\langhelpers.py:121: in __exit__
    raise exc_value.with_traceback(exc_tb)
C:\Users\balaj\AppData\Local\Programs\Python\Python312\Lib\site-packages\sqlalchemy\pool\impl.py:175: in _do_get
    return self._create_connection()
           ^^^^^^^^^^^^^^^^^^^^^^^^^
C:\Users\balaj\AppData\Local\Programs\Python\Python312\Lib\site-packages\sqlalchemy\pool\base.py:389: in _create_connection
    return _ConnectionRecord(self)
           ^^^^^^^^^^^^^^^^^^^^^^^
C:\Users\balaj\AppData\Local\Programs\Python\Python312\Lib\site-packages\sqlalchemy\pool\base.py:674: in __init__
    self.__connect()
C:\Users\balaj\AppData\Local\Programs\Python\Python312\Lib\site-packages\sqlalchemy\pool\base.py:900: in __connect
    with util.safe_reraise():
C:\Users\balaj\AppData\Local\Programs\Python\Python312\Lib\site-packages\sqlalchemy\util\langhelpers.py:121: in __exit__
    raise exc_value.with_traceback(exc_tb)
C:\Users\balaj\AppData\Local\Programs\Python\Python312\Lib\site-packages\sqlalchemy\pool\base.py:896: in __connect
    self.dbapi_connection = connection = pool._invoke_creator(self)
                                         ^^^^^^^^^^^^^^^^^^^^^^^^^^
C:\Users\balaj\AppData\Local\Programs\Python\Python312\Lib\site-packages\sqlalchemy\engine\create.py:667: in connect
    return dialect.connect(*cargs_tup, **cparams)
           ^^^^^^^^^^^^^^^^^^^^^^^^^^^^^^^^^^^^^^
C:\Users\balaj\AppData\Local\Programs\Python\Python312\Lib\site-packages\sqlalchemy\engine\default.py:630: in connect
    return self.loaded_dbapi.connect(*cargs, **cparams)  # type: ignore[no-any-return]  # NOQA: E501
           ^^^^^^^^^^^^^^^^^^^^^^^^^^^^^^^^^^^^^^^^^^^^
C:\Users\balaj\AppData\Local\Programs\Python\Python312\Lib\site-packages\psycopg\connection.py:100: in connect
    attempts = conninfo_attempts(params)
               ^^^^^^^^^^^^^^^^^^^^^^^^^
_ _ _ _ _ _ _ _ _ _ _ _ _ _ _ _ _ _ _ _ _ _ _ _ _ _ _ _ _ _ _ _ _ _ _ _ _ _ _ _

params = {'host': 'example'}

    def conninfo_attempts(params: ConnMapping) -&gt; list[ConnDict]:
        """Split a set of connection params on the single attempts to perform.
    
        A connection param can perform more than one attempt more than one ``host``
        is provided.
    
        Also perform async resolution of the hostname into hostaddr. Because a host
        can resolve to more than one address, this can lead to yield more attempts
        too. Raise `OperationalError` if no host could be resolved.
    
        Because the libpq async function doesn't honour the timeout, we need to
        reimplement the repeated attempts.
        """
        last_exc = None
        attempts = []
        if prefer_standby := (
            get_param(params, "target_session_attrs") == "prefer-standby"
        ):
            params = {k: v for k, v in params.items() if k != "target_session_attrs"}
    
        for attempt in split_attempts(params):
            try:
                attempts.extend(_resolve_hostnames(attempt))
            except OSError as ex:
                last_exc = e.OperationalError(
                    f"failed to resolve host {attempt.get('host')!r}: {ex}"
                )
                logger.debug("%s", last_exc)
    
        if not attempts:
            assert last_exc
            # We couldn't resolve anything
&gt;           raise last_exc
E           sqlalchemy.exc.OperationalError: (psycopg.OperationalError) failed to resolve host 'example': [Errno 11001] getaddrinfo failed
E           (Background on this error at: https://sqlalche.me/e/20/e3q8)

C:\Users\balaj\AppData\Local\Programs\Python\Python312\Lib\site-packages\psycopg\_conninfo_attempts.py:55: OperationalError</error></testcase><testcase classname="tests.test_endpoints" name="test_volunteer_go_offline" time="2.273"><error message="failed on setup with &quot;sqlalchemy.exc.OperationalError: (psycopg.OperationalError) failed to resolve host 'example': [Errno 11001] getaddrinfo failed&#10;(Background on this error at: https://sqlalche.me/e/20/e3q8)&quot;">self = &lt;sqlalchemy.engine.base.Connection object at 0x000002943547D7F0&gt;
engine = Engine(postgresql+psycopg://example), connection = None
_has_events = None, _allow_revalidate = True, _allow_autobegin = True

    def __init__(
        self,
        engine: Engine,
        connection: Optional[PoolProxiedConnection] = None,
        _has_events: Optional[bool] = None,
        _allow_revalidate: bool = True,
        _allow_autobegin: bool = True,
    ):
        """Construct a new Connection."""
        self.engine = engine
        self.dialect = dialect = engine.dialect
    
        if connection is None:
            try:
&gt;               self._dbapi_connection = engine.raw_connection()
                                         ^^^^^^^^^^^^^^^^^^^^^^^

C:\Users\balaj\AppData\Local\Programs\Python\Python312\Lib\site-packages\sqlalchemy\engine\base.py:143: 
_ _ _ _ _ _ _ _ _ _ _ _ _ _ _ _ _ _ _ _ _ _ _ _ _ _ _ _ _ _ _ _ _ _ _ _ _ _ _ _
C:\Users\balaj\AppData\Local\Programs\Python\Python312\Lib\site-packages\sqlalchemy\engine\base.py:3317: in raw_connection
    return self.pool.connect()
           ^^^^^^^^^^^^^^^^^^^
C:\Users\balaj\AppData\Local\Programs\Python\Python312\Lib\site-packages\sqlalchemy\pool\base.py:448: in connect
    return _ConnectionFairy._checkout(self)
           ^^^^^^^^^^^^^^^^^^^^^^^^^^^^^^^^
C:\Users\balaj\AppData\Local\Programs\Python\Python312\Lib\site-packages\sqlalchemy\pool\base.py:1272: in _checkout
    fairy = _ConnectionRecord.checkout(pool)
            ^^^^^^^^^^^^^^^^^^^^^^^^^^^^^^^^
C:\Users\balaj\AppData\Local\Programs\Python\Python312\Lib\site-packages\sqlalchemy\pool\base.py:712: in checkout
    rec = pool._do_get()
          ^^^^^^^^^^^^^^
C:\Users\balaj\AppData\Local\Programs\Python\Python312\Lib\site-packages\sqlalchemy\pool\impl.py:177: in _do_get
    with util.safe_reraise():
C:\Users\balaj\AppData\Local\Programs\Python\Python312\Lib\site-packages\sqlalchemy\util\langhelpers.py:121: in __exit__
    raise exc_value.with_traceback(exc_tb)
C:\Users\balaj\AppData\Local\Programs\Python\Python312\Lib\site-packages\sqlalchemy\pool\impl.py:175: in _do_get
    return self._create_connection()
           ^^^^^^^^^^^^^^^^^^^^^^^^^
C:\Users\balaj\AppData\Local\Programs\Python\Python312\Lib\site-packages\sqlalchemy\pool\base.py:389: in _create_connection
    return _ConnectionRecord(self)
           ^^^^^^^^^^^^^^^^^^^^^^^
C:\Users\balaj\AppData\Local\Programs\Python\Python312\Lib\site-packages\sqlalchemy\pool\base.py:674: in __init__
    self.__connect()
C:\Users\balaj\AppData\Local\Programs\Python\Python312\Lib\site-packages\sqlalchemy\pool\base.py:900: in __connect
    with util.safe_reraise():
C:\Users\balaj\AppData\Local\Programs\Python\Python312\Lib\site-packages\sqlalchemy\util\langhelpers.py:121: in __exit__
    raise exc_value.with_traceback(exc_tb)
C:\Users\balaj\AppData\Local\Programs\Python\Python312\Lib\site-packages\sqlalchemy\pool\base.py:896: in __connect
    self.dbapi_connection = connection = pool._invoke_creator(self)
                                         ^^^^^^^^^^^^^^^^^^^^^^^^^^
C:\Users\balaj\AppData\Local\Programs\Python\Python312\Lib\site-packages\sqlalchemy\engine\create.py:667: in connect
    return dialect.connect(*cargs_tup, **cparams)
           ^^^^^^^^^^^^^^^^^^^^^^^^^^^^^^^^^^^^^^
C:\Users\balaj\AppData\Local\Programs\Python\Python312\Lib\site-packages\sqlalchemy\engine\default.py:630: in connect
    return self.loaded_dbapi.connect(*cargs, **cparams)  # type: ignore[no-any-return]  # NOQA: E501
           ^^^^^^^^^^^^^^^^^^^^^^^^^^^^^^^^^^^^^^^^^^^^
C:\Users\balaj\AppData\Local\Programs\Python\Python312\Lib\site-packages\psycopg\connection.py:100: in connect
    attempts = conninfo_attempts(params)
               ^^^^^^^^^^^^^^^^^^^^^^^^^
_ _ _ _ _ _ _ _ _ _ _ _ _ _ _ _ _ _ _ _ _ _ _ _ _ _ _ _ _ _ _ _ _ _ _ _ _ _ _ _

params = {'host': 'example'}

    def conninfo_attempts(params: ConnMapping) -&gt; list[ConnDict]:
        """Split a set of connection params on the single attempts to perform.
    
        A connection param can perform more than one attempt more than one ``host``
        is provided.
    
        Also perform async resolution of the hostname into hostaddr. Because a host
        can resolve to more than one address, this can lead to yield more attempts
        too. Raise `OperationalError` if no host could be resolved.
    
        Because the libpq async function doesn't honour the timeout, we need to
        reimplement the repeated attempts.
        """
        last_exc = None
        attempts = []
        if prefer_standby := (
            get_param(params, "target_session_attrs") == "prefer-standby"
        ):
            params = {k: v for k, v in params.items() if k != "target_session_attrs"}
    
        for attempt in split_attempts(params):
            try:
                attempts.extend(_resolve_hostnames(attempt))
            except OSError as ex:
                last_exc = e.OperationalError(
                    f"failed to resolve host {attempt.get('host')!r}: {ex}"
                )
                logger.debug("%s", last_exc)
    
        if not attempts:
            assert last_exc
            # We couldn't resolve anything
&gt;           raise last_exc
E           psycopg.OperationalError: failed to resolve host 'example': [Errno 11001] getaddrinfo failed

C:\Users\balaj\AppData\Local\Programs\Python\Python312\Lib\site-packages\psycopg\_conninfo_attempts.py:55: OperationalError

The above exception was the direct cause of the following exception:

fixturedef = &lt;FixtureDef argname='db' scope='function' baseid='tests'&gt;
request = &lt;SubRequest 'db' for &lt;Function test_volunteer_go_offline&gt;&gt;

    @pytest.hookimpl(wrapper=True)
    def pytest_fixture_setup(fixturedef: FixtureDef, request) -&gt; object | None:
        asyncio_mode = _get_asyncio_mode(request.config)
        if not _is_asyncio_fixture_function(fixturedef.func):
            if asyncio_mode == Mode.STRICT:
                # Ignore async fixtures without explicit asyncio mark in strict mode
                # This applies to pytest_trio fixtures, for example
&gt;               return (yield)
                        ^^^^^

C:\Users\balaj\AppData\Local\Programs\Python\Python312\Lib\site-packages\pytest_asyncio\plugin.py:728: 
_ _ _ _ _ _ _ _ _ _ _ _ _ _ _ _ _ _ _ _ _ _ _ _ _ _ _ _ _ _ _ _ _ _ _ _ _ _ _ _
tests\conftest.py:39: in db
    connection = engine.connect()
                 ^^^^^^^^^^^^^^^^
C:\Users\balaj\AppData\Local\Programs\Python\Python312\Lib\site-packages\sqlalchemy\engine\base.py:3293: in connect
    return self._connection_cls(self)
           ^^^^^^^^^^^^^^^^^^^^^^^^^^
C:\Users\balaj\AppData\Local\Programs\Python\Python312\Lib\site-packages\sqlalchemy\engine\base.py:145: in __init__
    Connection._handle_dbapi_exception_noconnection(
C:\Users\balaj\AppData\Local\Programs\Python\Python312\Lib\site-packages\sqlalchemy\engine\base.py:2448: in _handle_dbapi_exception_noconnection
    raise sqlalchemy_exception.with_traceback(exc_info[2]) from e
C:\Users\balaj\AppData\Local\Programs\Python\Python312\Lib\site-packages\sqlalchemy\engine\base.py:143: in __init__
    self._dbapi_connection = engine.raw_connection()
                             ^^^^^^^^^^^^^^^^^^^^^^^
C:\Users\balaj\AppData\Local\Programs\Python\Python312\Lib\site-packages\sqlalchemy\engine\base.py:3317: in raw_connection
    return self.pool.connect()
           ^^^^^^^^^^^^^^^^^^^
C:\Users\balaj\AppData\Local\Programs\Python\Python312\Lib\site-packages\sqlalchemy\pool\base.py:448: in connect
    return _ConnectionFairy._checkout(self)
           ^^^^^^^^^^^^^^^^^^^^^^^^^^^^^^^^
C:\Users\balaj\AppData\Local\Programs\Python\Python312\Lib\site-packages\sqlalchemy\pool\base.py:1272: in _checkout
    fairy = _ConnectionRecord.checkout(pool)
            ^^^^^^^^^^^^^^^^^^^^^^^^^^^^^^^^
C:\Users\balaj\AppData\Local\Programs\Python\Python312\Lib\site-packages\sqlalchemy\pool\base.py:712: in checkout
    rec = pool._do_get()
          ^^^^^^^^^^^^^^
C:\Users\balaj\AppData\Local\Programs\Python\Python312\Lib\site-packages\sqlalchemy\pool\impl.py:177: in _do_get
    with util.safe_reraise():
C:\Users\balaj\AppData\Local\Programs\Python\Python312\Lib\site-packages\sqlalchemy\util\langhelpers.py:121: in __exit__
    raise exc_value.with_traceback(exc_tb)
C:\Users\balaj\AppData\Local\Programs\Python\Python312\Lib\site-packages\sqlalchemy\pool\impl.py:175: in _do_get
    return self._create_connection()
           ^^^^^^^^^^^^^^^^^^^^^^^^^
C:\Users\balaj\AppData\Local\Programs\Python\Python312\Lib\site-packages\sqlalchemy\pool\base.py:389: in _create_connection
    return _ConnectionRecord(self)
           ^^^^^^^^^^^^^^^^^^^^^^^
C:\Users\balaj\AppData\Local\Programs\Python\Python312\Lib\site-packages\sqlalchemy\pool\base.py:674: in __init__
    self.__connect()
C:\Users\balaj\AppData\Local\Programs\Python\Python312\Lib\site-packages\sqlalchemy\pool\base.py:900: in __connect
    with util.safe_reraise():
C:\Users\balaj\AppData\Local\Programs\Python\Python312\Lib\site-packages\sqlalchemy\util\langhelpers.py:121: in __exit__
    raise exc_value.with_traceback(exc_tb)
C:\Users\balaj\AppData\Local\Programs\Python\Python312\Lib\site-packages\sqlalchemy\pool\base.py:896: in __connect
    self.dbapi_connection = connection = pool._invoke_creator(self)
                                         ^^^^^^^^^^^^^^^^^^^^^^^^^^
C:\Users\balaj\AppData\Local\Programs\Python\Python312\Lib\site-packages\sqlalchemy\engine\create.py:667: in connect
    return dialect.connect(*cargs_tup, **cparams)
           ^^^^^^^^^^^^^^^^^^^^^^^^^^^^^^^^^^^^^^
C:\Users\balaj\AppData\Local\Programs\Python\Python312\Lib\site-packages\sqlalchemy\engine\default.py:630: in connect
    return self.loaded_dbapi.connect(*cargs, **cparams)  # type: ignore[no-any-return]  # NOQA: E501
           ^^^^^^^^^^^^^^^^^^^^^^^^^^^^^^^^^^^^^^^^^^^^
C:\Users\balaj\AppData\Local\Programs\Python\Python312\Lib\site-packages\psycopg\connection.py:100: in connect
    attempts = conninfo_attempts(params)
               ^^^^^^^^^^^^^^^^^^^^^^^^^
_ _ _ _ _ _ _ _ _ _ _ _ _ _ _ _ _ _ _ _ _ _ _ _ _ _ _ _ _ _ _ _ _ _ _ _ _ _ _ _

params = {'host': 'example'}

    def conninfo_attempts(params: ConnMapping) -&gt; list[ConnDict]:
        """Split a set of connection params on the single attempts to perform.
    
        A connection param can perform more than one attempt more than one ``host``
        is provided.
    
        Also perform async resolution of the hostname into hostaddr. Because a host
        can resolve to more than one address, this can lead to yield more attempts
        too. Raise `OperationalError` if no host could be resolved.
    
        Because the libpq async function doesn't honour the timeout, we need to
        reimplement the repeated attempts.
        """
        last_exc = None
        attempts = []
        if prefer_standby := (
            get_param(params, "target_session_attrs") == "prefer-standby"
        ):
            params = {k: v for k, v in params.items() if k != "target_session_attrs"}
    
        for attempt in split_attempts(params):
            try:
                attempts.extend(_resolve_hostnames(attempt))
            except OSError as ex:
                last_exc = e.OperationalError(
                    f"failed to resolve host {attempt.get('host')!r}: {ex}"
                )
                logger.debug("%s", last_exc)
    
        if not attempts:
            assert last_exc
            # We couldn't resolve anything
&gt;           raise last_exc
E           sqlalchemy.exc.OperationalError: (psycopg.OperationalError) failed to resolve host 'example': [Errno 11001] getaddrinfo failed
E           (Background on this error at: https://sqlalche.me/e/20/e3q8)

C:\Users\balaj\AppData\Local\Programs\Python\Python312\Lib\site-packages\psycopg\_conninfo_attempts.py:55: OperationalError</error></testcase><testcase classname="tests.test_endpoints" name="test_get_all_tasks" time="2.290"><error message="failed on setup with &quot;sqlalchemy.exc.OperationalError: (psycopg.OperationalError) failed to resolve host 'example': [Errno 11001] getaddrinfo failed&#10;(Background on this error at: https://sqlalche.me/e/20/e3q8)&quot;">self = &lt;sqlalchemy.engine.base.Connection object at 0x00000294352C1730&gt;
engine = Engine(postgresql+psycopg://example), connection = None
_has_events = None, _allow_revalidate = True, _allow_autobegin = True

    def __init__(
        self,
        engine: Engine,
        connection: Optional[PoolProxiedConnection] = None,
        _has_events: Optional[bool] = None,
        _allow_revalidate: bool = True,
        _allow_autobegin: bool = True,
    ):
        """Construct a new Connection."""
        self.engine = engine
        self.dialect = dialect = engine.dialect
    
        if connection is None:
            try:
&gt;               self._dbapi_connection = engine.raw_connection()
                                         ^^^^^^^^^^^^^^^^^^^^^^^

C:\Users\balaj\AppData\Local\Programs\Python\Python312\Lib\site-packages\sqlalchemy\engine\base.py:143: 
_ _ _ _ _ _ _ _ _ _ _ _ _ _ _ _ _ _ _ _ _ _ _ _ _ _ _ _ _ _ _ _ _ _ _ _ _ _ _ _
C:\Users\balaj\AppData\Local\Programs\Python\Python312\Lib\site-packages\sqlalchemy\engine\base.py:3317: in raw_connection
    return self.pool.connect()
           ^^^^^^^^^^^^^^^^^^^
C:\Users\balaj\AppData\Local\Programs\Python\Python312\Lib\site-packages\sqlalchemy\pool\base.py:448: in connect
    return _ConnectionFairy._checkout(self)
           ^^^^^^^^^^^^^^^^^^^^^^^^^^^^^^^^
C:\Users\balaj\AppData\Local\Programs\Python\Python312\Lib\site-packages\sqlalchemy\pool\base.py:1272: in _checkout
    fairy = _ConnectionRecord.checkout(pool)
            ^^^^^^^^^^^^^^^^^^^^^^^^^^^^^^^^
C:\Users\balaj\AppData\Local\Programs\Python\Python312\Lib\site-packages\sqlalchemy\pool\base.py:712: in checkout
    rec = pool._do_get()
          ^^^^^^^^^^^^^^
C:\Users\balaj\AppData\Local\Programs\Python\Python312\Lib\site-packages\sqlalchemy\pool\impl.py:177: in _do_get
    with util.safe_reraise():
C:\Users\balaj\AppData\Local\Programs\Python\Python312\Lib\site-packages\sqlalchemy\util\langhelpers.py:121: in __exit__
    raise exc_value.with_traceback(exc_tb)
C:\Users\balaj\AppData\Local\Programs\Python\Python312\Lib\site-packages\sqlalchemy\pool\impl.py:175: in _do_get
    return self._create_connection()
           ^^^^^^^^^^^^^^^^^^^^^^^^^
C:\Users\balaj\AppData\Local\Programs\Python\Python312\Lib\site-packages\sqlalchemy\pool\base.py:389: in _create_connection
    return _ConnectionRecord(self)
           ^^^^^^^^^^^^^^^^^^^^^^^
C:\Users\balaj\AppData\Local\Programs\Python\Python312\Lib\site-packages\sqlalchemy\pool\base.py:674: in __init__
    self.__connect()
C:\Users\balaj\AppData\Local\Programs\Python\Python312\Lib\site-packages\sqlalchemy\pool\base.py:900: in __connect
    with util.safe_reraise():
C:\Users\balaj\AppData\Local\Programs\Python\Python312\Lib\site-packages\sqlalchemy\util\langhelpers.py:121: in __exit__
    raise exc_value.with_traceback(exc_tb)
C:\Users\balaj\AppData\Local\Programs\Python\Python312\Lib\site-packages\sqlalchemy\pool\base.py:896: in __connect
    self.dbapi_connection = connection = pool._invoke_creator(self)
                                         ^^^^^^^^^^^^^^^^^^^^^^^^^^
C:\Users\balaj\AppData\Local\Programs\Python\Python312\Lib\site-packages\sqlalchemy\engine\create.py:667: in connect
    return dialect.connect(*cargs_tup, **cparams)
           ^^^^^^^^^^^^^^^^^^^^^^^^^^^^^^^^^^^^^^
C:\Users\balaj\AppData\Local\Programs\Python\Python312\Lib\site-packages\sqlalchemy\engine\default.py:630: in connect
    return self.loaded_dbapi.connect(*cargs, **cparams)  # type: ignore[no-any-return]  # NOQA: E501
           ^^^^^^^^^^^^^^^^^^^^^^^^^^^^^^^^^^^^^^^^^^^^
C:\Users\balaj\AppData\Local\Programs\Python\Python312\Lib\site-packages\psycopg\connection.py:100: in connect
    attempts = conninfo_attempts(params)
               ^^^^^^^^^^^^^^^^^^^^^^^^^
_ _ _ _ _ _ _ _ _ _ _ _ _ _ _ _ _ _ _ _ _ _ _ _ _ _ _ _ _ _ _ _ _ _ _ _ _ _ _ _

params = {'host': 'example'}

    def conninfo_attempts(params: ConnMapping) -&gt; list[ConnDict]:
        """Split a set of connection params on the single attempts to perform.
    
        A connection param can perform more than one attempt more than one ``host``
        is provided.
    
        Also perform async resolution of the hostname into hostaddr. Because a host
        can resolve to more than one address, this can lead to yield more attempts
        too. Raise `OperationalError` if no host could be resolved.
    
        Because the libpq async function doesn't honour the timeout, we need to
        reimplement the repeated attempts.
        """
        last_exc = None
        attempts = []
        if prefer_standby := (
            get_param(params, "target_session_attrs") == "prefer-standby"
        ):
            params = {k: v for k, v in params.items() if k != "target_session_attrs"}
    
        for attempt in split_attempts(params):
            try:
                attempts.extend(_resolve_hostnames(attempt))
            except OSError as ex:
                last_exc = e.OperationalError(
                    f"failed to resolve host {attempt.get('host')!r}: {ex}"
                )
                logger.debug("%s", last_exc)
    
        if not attempts:
            assert last_exc
            # We couldn't resolve anything
&gt;           raise last_exc
E           psycopg.OperationalError: failed to resolve host 'example': [Errno 11001] getaddrinfo failed

C:\Users\balaj\AppData\Local\Programs\Python\Python312\Lib\site-packages\psycopg\_conninfo_attempts.py:55: OperationalError

The above exception was the direct cause of the following exception:

fixturedef = &lt;FixtureDef argname='db' scope='function' baseid='tests'&gt;
request = &lt;SubRequest 'db' for &lt;Function test_get_all_tasks&gt;&gt;

    @pytest.hookimpl(wrapper=True)
    def pytest_fixture_setup(fixturedef: FixtureDef, request) -&gt; object | None:
        asyncio_mode = _get_asyncio_mode(request.config)
        if not _is_asyncio_fixture_function(fixturedef.func):
            if asyncio_mode == Mode.STRICT:
                # Ignore async fixtures without explicit asyncio mark in strict mode
                # This applies to pytest_trio fixtures, for example
&gt;               return (yield)
                        ^^^^^

C:\Users\balaj\AppData\Local\Programs\Python\Python312\Lib\site-packages\pytest_asyncio\plugin.py:728: 
_ _ _ _ _ _ _ _ _ _ _ _ _ _ _ _ _ _ _ _ _ _ _ _ _ _ _ _ _ _ _ _ _ _ _ _ _ _ _ _
tests\conftest.py:39: in db
    connection = engine.connect()
                 ^^^^^^^^^^^^^^^^
C:\Users\balaj\AppData\Local\Programs\Python\Python312\Lib\site-packages\sqlalchemy\engine\base.py:3293: in connect
    return self._connection_cls(self)
           ^^^^^^^^^^^^^^^^^^^^^^^^^^
C:\Users\balaj\AppData\Local\Programs\Python\Python312\Lib\site-packages\sqlalchemy\engine\base.py:145: in __init__
    Connection._handle_dbapi_exception_noconnection(
C:\Users\balaj\AppData\Local\Programs\Python\Python312\Lib\site-packages\sqlalchemy\engine\base.py:2448: in _handle_dbapi_exception_noconnection
    raise sqlalchemy_exception.with_traceback(exc_info[2]) from e
C:\Users\balaj\AppData\Local\Programs\Python\Python312\Lib\site-packages\sqlalchemy\engine\base.py:143: in __init__
    self._dbapi_connection = engine.raw_connection()
                             ^^^^^^^^^^^^^^^^^^^^^^^
C:\Users\balaj\AppData\Local\Programs\Python\Python312\Lib\site-packages\sqlalchemy\engine\base.py:3317: in raw_connection
    return self.pool.connect()
           ^^^^^^^^^^^^^^^^^^^
C:\Users\balaj\AppData\Local\Programs\Python\Python312\Lib\site-packages\sqlalchemy\pool\base.py:448: in connect
    return _ConnectionFairy._checkout(self)
           ^^^^^^^^^^^^^^^^^^^^^^^^^^^^^^^^
C:\Users\balaj\AppData\Local\Programs\Python\Python312\Lib\site-packages\sqlalchemy\pool\base.py:1272: in _checkout
    fairy = _ConnectionRecord.checkout(pool)
            ^^^^^^^^^^^^^^^^^^^^^^^^^^^^^^^^
C:\Users\balaj\AppData\Local\Programs\Python\Python312\Lib\site-packages\sqlalchemy\pool\base.py:712: in checkout
    rec = pool._do_get()
          ^^^^^^^^^^^^^^
C:\Users\balaj\AppData\Local\Programs\Python\Python312\Lib\site-packages\sqlalchemy\pool\impl.py:177: in _do_get
    with util.safe_reraise():
C:\Users\balaj\AppData\Local\Programs\Python\Python312\Lib\site-packages\sqlalchemy\util\langhelpers.py:121: in __exit__
    raise exc_value.with_traceback(exc_tb)
C:\Users\balaj\AppData\Local\Programs\Python\Python312\Lib\site-packages\sqlalchemy\pool\impl.py:175: in _do_get
    return self._create_connection()
           ^^^^^^^^^^^^^^^^^^^^^^^^^
C:\Users\balaj\AppData\Local\Programs\Python\Python312\Lib\site-packages\sqlalchemy\pool\base.py:389: in _create_connection
    return _ConnectionRecord(self)
           ^^^^^^^^^^^^^^^^^^^^^^^
C:\Users\balaj\AppData\Local\Programs\Python\Python312\Lib\site-packages\sqlalchemy\pool\base.py:674: in __init__
    self.__connect()
C:\Users\balaj\AppData\Local\Programs\Python\Python312\Lib\site-packages\sqlalchemy\pool\base.py:900: in __connect
    with util.safe_reraise():
C:\Users\balaj\AppData\Local\Programs\Python\Python312\Lib\site-packages\sqlalchemy\util\langhelpers.py:121: in __exit__
    raise exc_value.with_traceback(exc_tb)
C:\Users\balaj\AppData\Local\Programs\Python\Python312\Lib\site-packages\sqlalchemy\pool\base.py:896: in __connect
    self.dbapi_connection = connection = pool._invoke_creator(self)
                                         ^^^^^^^^^^^^^^^^^^^^^^^^^^
C:\Users\balaj\AppData\Local\Programs\Python\Python312\Lib\site-packages\sqlalchemy\engine\create.py:667: in connect
    return dialect.connect(*cargs_tup, **cparams)
           ^^^^^^^^^^^^^^^^^^^^^^^^^^^^^^^^^^^^^^
C:\Users\balaj\AppData\Local\Programs\Python\Python312\Lib\site-packages\sqlalchemy\engine\default.py:630: in connect
    return self.loaded_dbapi.connect(*cargs, **cparams)  # type: ignore[no-any-return]  # NOQA: E501
           ^^^^^^^^^^^^^^^^^^^^^^^^^^^^^^^^^^^^^^^^^^^^
C:\Users\balaj\AppData\Local\Programs\Python\Python312\Lib\site-packages\psycopg\connection.py:100: in connect
    attempts = conninfo_attempts(params)
               ^^^^^^^^^^^^^^^^^^^^^^^^^
_ _ _ _ _ _ _ _ _ _ _ _ _ _ _ _ _ _ _ _ _ _ _ _ _ _ _ _ _ _ _ _ _ _ _ _ _ _ _ _

params = {'host': 'example'}

    def conninfo_attempts(params: ConnMapping) -&gt; list[ConnDict]:
        """Split a set of connection params on the single attempts to perform.
    
        A connection param can perform more than one attempt more than one ``host``
        is provided.
    
        Also perform async resolution of the hostname into hostaddr. Because a host
        can resolve to more than one address, this can lead to yield more attempts
        too. Raise `OperationalError` if no host could be resolved.
    
        Because the libpq async function doesn't honour the timeout, we need to
        reimplement the repeated attempts.
        """
        last_exc = None
        attempts = []
        if prefer_standby := (
            get_param(params, "target_session_attrs") == "prefer-standby"
        ):
            params = {k: v for k, v in params.items() if k != "target_session_attrs"}
    
        for attempt in split_attempts(params):
            try:
                attempts.extend(_resolve_hostnames(attempt))
            except OSError as ex:
                last_exc = e.OperationalError(
                    f"failed to resolve host {attempt.get('host')!r}: {ex}"
                )
                logger.debug("%s", last_exc)
    
        if not attempts:
            assert last_exc
            # We couldn't resolve anything
&gt;           raise last_exc
E           sqlalchemy.exc.OperationalError: (psycopg.OperationalError) failed to resolve host 'example': [Errno 11001] getaddrinfo failed
E           (Background on this error at: https://sqlalche.me/e/20/e3q8)

C:\Users\balaj\AppData\Local\Programs\Python\Python312\Lib\site-packages\psycopg\_conninfo_attempts.py:55: OperationalError</error></testcase><testcase classname="tests.test_endpoints" name="test_get_task_by_id" time="2.281"><error message="failed on setup with &quot;sqlalchemy.exc.OperationalError: (psycopg.OperationalError) failed to resolve host 'example': [Errno 11001] getaddrinfo failed&#10;(Background on this error at: https://sqlalche.me/e/20/e3q8)&quot;">self = &lt;sqlalchemy.engine.base.Connection object at 0x00000294352E2F60&gt;
engine = Engine(postgresql+psycopg://example), connection = None
_has_events = None, _allow_revalidate = True, _allow_autobegin = True

    def __init__(
        self,
        engine: Engine,
        connection: Optional[PoolProxiedConnection] = None,
        _has_events: Optional[bool] = None,
        _allow_revalidate: bool = True,
        _allow_autobegin: bool = True,
    ):
        """Construct a new Connection."""
        self.engine = engine
        self.dialect = dialect = engine.dialect
    
        if connection is None:
            try:
&gt;               self._dbapi_connection = engine.raw_connection()
                                         ^^^^^^^^^^^^^^^^^^^^^^^

C:\Users\balaj\AppData\Local\Programs\Python\Python312\Lib\site-packages\sqlalchemy\engine\base.py:143: 
_ _ _ _ _ _ _ _ _ _ _ _ _ _ _ _ _ _ _ _ _ _ _ _ _ _ _ _ _ _ _ _ _ _ _ _ _ _ _ _
C:\Users\balaj\AppData\Local\Programs\Python\Python312\Lib\site-packages\sqlalchemy\engine\base.py:3317: in raw_connection
    return self.pool.connect()
           ^^^^^^^^^^^^^^^^^^^
C:\Users\balaj\AppData\Local\Programs\Python\Python312\Lib\site-packages\sqlalchemy\pool\base.py:448: in connect
    return _ConnectionFairy._checkout(self)
           ^^^^^^^^^^^^^^^^^^^^^^^^^^^^^^^^
C:\Users\balaj\AppData\Local\Programs\Python\Python312\Lib\site-packages\sqlalchemy\pool\base.py:1272: in _checkout
    fairy = _ConnectionRecord.checkout(pool)
            ^^^^^^^^^^^^^^^^^^^^^^^^^^^^^^^^
C:\Users\balaj\AppData\Local\Programs\Python\Python312\Lib\site-packages\sqlalchemy\pool\base.py:712: in checkout
    rec = pool._do_get()
          ^^^^^^^^^^^^^^
C:\Users\balaj\AppData\Local\Programs\Python\Python312\Lib\site-packages\sqlalchemy\pool\impl.py:177: in _do_get
    with util.safe_reraise():
C:\Users\balaj\AppData\Local\Programs\Python\Python312\Lib\site-packages\sqlalchemy\util\langhelpers.py:121: in __exit__
    raise exc_value.with_traceback(exc_tb)
C:\Users\balaj\AppData\Local\Programs\Python\Python312\Lib\site-packages\sqlalchemy\pool\impl.py:175: in _do_get
    return self._create_connection()
           ^^^^^^^^^^^^^^^^^^^^^^^^^
C:\Users\balaj\AppData\Local\Programs\Python\Python312\Lib\site-packages\sqlalchemy\pool\base.py:389: in _create_connection
    return _ConnectionRecord(self)
           ^^^^^^^^^^^^^^^^^^^^^^^
C:\Users\balaj\AppData\Local\Programs\Python\Python312\Lib\site-packages\sqlalchemy\pool\base.py:674: in __init__
    self.__connect()
C:\Users\balaj\AppData\Local\Programs\Python\Python312\Lib\site-packages\sqlalchemy\pool\base.py:900: in __connect
    with util.safe_reraise():
C:\Users\balaj\AppData\Local\Programs\Python\Python312\Lib\site-packages\sqlalchemy\util\langhelpers.py:121: in __exit__
    raise exc_value.with_traceback(exc_tb)
C:\Users\balaj\AppData\Local\Programs\Python\Python312\Lib\site-packages\sqlalchemy\pool\base.py:896: in __connect
    self.dbapi_connection = connection = pool._invoke_creator(self)
                                         ^^^^^^^^^^^^^^^^^^^^^^^^^^
C:\Users\balaj\AppData\Local\Programs\Python\Python312\Lib\site-packages\sqlalchemy\engine\create.py:667: in connect
    return dialect.connect(*cargs_tup, **cparams)
           ^^^^^^^^^^^^^^^^^^^^^^^^^^^^^^^^^^^^^^
C:\Users\balaj\AppData\Local\Programs\Python\Python312\Lib\site-packages\sqlalchemy\engine\default.py:630: in connect
    return self.loaded_dbapi.connect(*cargs, **cparams)  # type: ignore[no-any-return]  # NOQA: E501
           ^^^^^^^^^^^^^^^^^^^^^^^^^^^^^^^^^^^^^^^^^^^^
C:\Users\balaj\AppData\Local\Programs\Python\Python312\Lib\site-packages\psycopg\connection.py:100: in connect
    attempts = conninfo_attempts(params)
               ^^^^^^^^^^^^^^^^^^^^^^^^^
_ _ _ _ _ _ _ _ _ _ _ _ _ _ _ _ _ _ _ _ _ _ _ _ _ _ _ _ _ _ _ _ _ _ _ _ _ _ _ _

params = {'host': 'example'}

    def conninfo_attempts(params: ConnMapping) -&gt; list[ConnDict]:
        """Split a set of connection params on the single attempts to perform.
    
        A connection param can perform more than one attempt more than one ``host``
        is provided.
    
        Also perform async resolution of the hostname into hostaddr. Because a host
        can resolve to more than one address, this can lead to yield more attempts
        too. Raise `OperationalError` if no host could be resolved.
    
        Because the libpq async function doesn't honour the timeout, we need to
        reimplement the repeated attempts.
        """
        last_exc = None
        attempts = []
        if prefer_standby := (
            get_param(params, "target_session_attrs") == "prefer-standby"
        ):
            params = {k: v for k, v in params.items() if k != "target_session_attrs"}
    
        for attempt in split_attempts(params):
            try:
                attempts.extend(_resolve_hostnames(attempt))
            except OSError as ex:
                last_exc = e.OperationalError(
                    f"failed to resolve host {attempt.get('host')!r}: {ex}"
                )
                logger.debug("%s", last_exc)
    
        if not attempts:
            assert last_exc
            # We couldn't resolve anything
&gt;           raise last_exc
E           psycopg.OperationalError: failed to resolve host 'example': [Errno 11001] getaddrinfo failed

C:\Users\balaj\AppData\Local\Programs\Python\Python312\Lib\site-packages\psycopg\_conninfo_attempts.py:55: OperationalError

The above exception was the direct cause of the following exception:

fixturedef = &lt;FixtureDef argname='db' scope='function' baseid='tests'&gt;
request = &lt;SubRequest 'db' for &lt;Function test_get_task_by_id&gt;&gt;

    @pytest.hookimpl(wrapper=True)
    def pytest_fixture_setup(fixturedef: FixtureDef, request) -&gt; object | None:
        asyncio_mode = _get_asyncio_mode(request.config)
        if not _is_asyncio_fixture_function(fixturedef.func):
            if asyncio_mode == Mode.STRICT:
                # Ignore async fixtures without explicit asyncio mark in strict mode
                # This applies to pytest_trio fixtures, for example
&gt;               return (yield)
                        ^^^^^

C:\Users\balaj\AppData\Local\Programs\Python\Python312\Lib\site-packages\pytest_asyncio\plugin.py:728: 
_ _ _ _ _ _ _ _ _ _ _ _ _ _ _ _ _ _ _ _ _ _ _ _ _ _ _ _ _ _ _ _ _ _ _ _ _ _ _ _
tests\conftest.py:39: in db
    connection = engine.connect()
                 ^^^^^^^^^^^^^^^^
C:\Users\balaj\AppData\Local\Programs\Python\Python312\Lib\site-packages\sqlalchemy\engine\base.py:3293: in connect
    return self._connection_cls(self)
           ^^^^^^^^^^^^^^^^^^^^^^^^^^
C:\Users\balaj\AppData\Local\Programs\Python\Python312\Lib\site-packages\sqlalchemy\engine\base.py:145: in __init__
    Connection._handle_dbapi_exception_noconnection(
C:\Users\balaj\AppData\Local\Programs\Python\Python312\Lib\site-packages\sqlalchemy\engine\base.py:2448: in _handle_dbapi_exception_noconnection
    raise sqlalchemy_exception.with_traceback(exc_info[2]) from e
C:\Users\balaj\AppData\Local\Programs\Python\Python312\Lib\site-packages\sqlalchemy\engine\base.py:143: in __init__
    self._dbapi_connection = engine.raw_connection()
                             ^^^^^^^^^^^^^^^^^^^^^^^
C:\Users\balaj\AppData\Local\Programs\Python\Python312\Lib\site-packages\sqlalchemy\engine\base.py:3317: in raw_connection
    return self.pool.connect()
           ^^^^^^^^^^^^^^^^^^^
C:\Users\balaj\AppData\Local\Programs\Python\Python312\Lib\site-packages\sqlalchemy\pool\base.py:448: in connect
    return _ConnectionFairy._checkout(self)
           ^^^^^^^^^^^^^^^^^^^^^^^^^^^^^^^^
C:\Users\balaj\AppData\Local\Programs\Python\Python312\Lib\site-packages\sqlalchemy\pool\base.py:1272: in _checkout
    fairy = _ConnectionRecord.checkout(pool)
            ^^^^^^^^^^^^^^^^^^^^^^^^^^^^^^^^
C:\Users\balaj\AppData\Local\Programs\Python\Python312\Lib\site-packages\sqlalchemy\pool\base.py:712: in checkout
    rec = pool._do_get()
          ^^^^^^^^^^^^^^
C:\Users\balaj\AppData\Local\Programs\Python\Python312\Lib\site-packages\sqlalchemy\pool\impl.py:177: in _do_get
    with util.safe_reraise():
C:\Users\balaj\AppData\Local\Programs\Python\Python312\Lib\site-packages\sqlalchemy\util\langhelpers.py:121: in __exit__
    raise exc_value.with_traceback(exc_tb)
C:\Users\balaj\AppData\Local\Programs\Python\Python312\Lib\site-packages\sqlalchemy\pool\impl.py:175: in _do_get
    return self._create_connection()
           ^^^^^^^^^^^^^^^^^^^^^^^^^
C:\Users\balaj\AppData\Local\Programs\Python\Python312\Lib\site-packages\sqlalchemy\pool\base.py:389: in _create_connection
    return _ConnectionRecord(self)
           ^^^^^^^^^^^^^^^^^^^^^^^
C:\Users\balaj\AppData\Local\Programs\Python\Python312\Lib\site-packages\sqlalchemy\pool\base.py:674: in __init__
    self.__connect()
C:\Users\balaj\AppData\Local\Programs\Python\Python312\Lib\site-packages\sqlalchemy\pool\base.py:900: in __connect
    with util.safe_reraise():
C:\Users\balaj\AppData\Local\Programs\Python\Python312\Lib\site-packages\sqlalchemy\util\langhelpers.py:121: in __exit__
    raise exc_value.with_traceback(exc_tb)
C:\Users\balaj\AppData\Local\Programs\Python\Python312\Lib\site-packages\sqlalchemy\pool\base.py:896: in __connect
    self.dbapi_connection = connection = pool._invoke_creator(self)
                                         ^^^^^^^^^^^^^^^^^^^^^^^^^^
C:\Users\balaj\AppData\Local\Programs\Python\Python312\Lib\site-packages\sqlalchemy\engine\create.py:667: in connect
    return dialect.connect(*cargs_tup, **cparams)
           ^^^^^^^^^^^^^^^^^^^^^^^^^^^^^^^^^^^^^^
C:\Users\balaj\AppData\Local\Programs\Python\Python312\Lib\site-packages\sqlalchemy\engine\default.py:630: in connect
    return self.loaded_dbapi.connect(*cargs, **cparams)  # type: ignore[no-any-return]  # NOQA: E501
           ^^^^^^^^^^^^^^^^^^^^^^^^^^^^^^^^^^^^^^^^^^^^
C:\Users\balaj\AppData\Local\Programs\Python\Python312\Lib\site-packages\psycopg\connection.py:100: in connect
    attempts = conninfo_attempts(params)
               ^^^^^^^^^^^^^^^^^^^^^^^^^
_ _ _ _ _ _ _ _ _ _ _ _ _ _ _ _ _ _ _ _ _ _ _ _ _ _ _ _ _ _ _ _ _ _ _ _ _ _ _ _

params = {'host': 'example'}

    def conninfo_attempts(params: ConnMapping) -&gt; list[ConnDict]:
        """Split a set of connection params on the single attempts to perform.
    
        A connection param can perform more than one attempt more than one ``host``
        is provided.
    
        Also perform async resolution of the hostname into hostaddr. Because a host
        can resolve to more than one address, this can lead to yield more attempts
        too. Raise `OperationalError` if no host could be resolved.
    
        Because the libpq async function doesn't honour the timeout, we need to
        reimplement the repeated attempts.
        """
        last_exc = None
        attempts = []
        if prefer_standby := (
            get_param(params, "target_session_attrs") == "prefer-standby"
        ):
            params = {k: v for k, v in params.items() if k != "target_session_attrs"}
    
        for attempt in split_attempts(params):
            try:
                attempts.extend(_resolve_hostnames(attempt))
            except OSError as ex:
                last_exc = e.OperationalError(
                    f"failed to resolve host {attempt.get('host')!r}: {ex}"
                )
                logger.debug("%s", last_exc)
    
        if not attempts:
            assert last_exc
            # We couldn't resolve anything
&gt;           raise last_exc
E           sqlalchemy.exc.OperationalError: (psycopg.OperationalError) failed to resolve host 'example': [Errno 11001] getaddrinfo failed
E           (Background on this error at: https://sqlalche.me/e/20/e3q8)

C:\Users\balaj\AppData\Local\Programs\Python\Python312\Lib\site-packages\psycopg\_conninfo_attempts.py:55: OperationalError</error></testcase><testcase classname="tests.test_endpoints" name="test_assign_task" time="2.276"><error message="failed on setup with &quot;sqlalchemy.exc.OperationalError: (psycopg.OperationalError) failed to resolve host 'example': [Errno 11001] getaddrinfo failed&#10;(Background on this error at: https://sqlalche.me/e/20/e3q8)&quot;">self = &lt;sqlalchemy.engine.base.Connection object at 0x00000294352D8890&gt;
engine = Engine(postgresql+psycopg://example), connection = None
_has_events = None, _allow_revalidate = True, _allow_autobegin = True

    def __init__(
        self,
        engine: Engine,
        connection: Optional[PoolProxiedConnection] = None,
        _has_events: Optional[bool] = None,
        _allow_revalidate: bool = True,
        _allow_autobegin: bool = True,
    ):
        """Construct a new Connection."""
        self.engine = engine
        self.dialect = dialect = engine.dialect
    
        if connection is None:
            try:
&gt;               self._dbapi_connection = engine.raw_connection()
                                         ^^^^^^^^^^^^^^^^^^^^^^^

C:\Users\balaj\AppData\Local\Programs\Python\Python312\Lib\site-packages\sqlalchemy\engine\base.py:143: 
_ _ _ _ _ _ _ _ _ _ _ _ _ _ _ _ _ _ _ _ _ _ _ _ _ _ _ _ _ _ _ _ _ _ _ _ _ _ _ _
C:\Users\balaj\AppData\Local\Programs\Python\Python312\Lib\site-packages\sqlalchemy\engine\base.py:3317: in raw_connection
    return self.pool.connect()
           ^^^^^^^^^^^^^^^^^^^
C:\Users\balaj\AppData\Local\Programs\Python\Python312\Lib\site-packages\sqlalchemy\pool\base.py:448: in connect
    return _ConnectionFairy._checkout(self)
           ^^^^^^^^^^^^^^^^^^^^^^^^^^^^^^^^
C:\Users\balaj\AppData\Local\Programs\Python\Python312\Lib\site-packages\sqlalchemy\pool\base.py:1272: in _checkout
    fairy = _ConnectionRecord.checkout(pool)
            ^^^^^^^^^^^^^^^^^^^^^^^^^^^^^^^^
C:\Users\balaj\AppData\Local\Programs\Python\Python312\Lib\site-packages\sqlalchemy\pool\base.py:712: in checkout
    rec = pool._do_get()
          ^^^^^^^^^^^^^^
C:\Users\balaj\AppData\Local\Programs\Python\Python312\Lib\site-packages\sqlalchemy\pool\impl.py:177: in _do_get
    with util.safe_reraise():
C:\Users\balaj\AppData\Local\Programs\Python\Python312\Lib\site-packages\sqlalchemy\util\langhelpers.py:121: in __exit__
    raise exc_value.with_traceback(exc_tb)
C:\Users\balaj\AppData\Local\Programs\Python\Python312\Lib\site-packages\sqlalchemy\pool\impl.py:175: in _do_get
    return self._create_connection()
           ^^^^^^^^^^^^^^^^^^^^^^^^^
C:\Users\balaj\AppData\Local\Programs\Python\Python312\Lib\site-packages\sqlalchemy\pool\base.py:389: in _create_connection
    return _ConnectionRecord(self)
           ^^^^^^^^^^^^^^^^^^^^^^^
C:\Users\balaj\AppData\Local\Programs\Python\Python312\Lib\site-packages\sqlalchemy\pool\base.py:674: in __init__
    self.__connect()
C:\Users\balaj\AppData\Local\Programs\Python\Python312\Lib\site-packages\sqlalchemy\pool\base.py:900: in __connect
    with util.safe_reraise():
C:\Users\balaj\AppData\Local\Programs\Python\Python312\Lib\site-packages\sqlalchemy\util\langhelpers.py:121: in __exit__
    raise exc_value.with_traceback(exc_tb)
C:\Users\balaj\AppData\Local\Programs\Python\Python312\Lib\site-packages\sqlalchemy\pool\base.py:896: in __connect
    self.dbapi_connection = connection = pool._invoke_creator(self)
                                         ^^^^^^^^^^^^^^^^^^^^^^^^^^
C:\Users\balaj\AppData\Local\Programs\Python\Python312\Lib\site-packages\sqlalchemy\engine\create.py:667: in connect
    return dialect.connect(*cargs_tup, **cparams)
           ^^^^^^^^^^^^^^^^^^^^^^^^^^^^^^^^^^^^^^
C:\Users\balaj\AppData\Local\Programs\Python\Python312\Lib\site-packages\sqlalchemy\engine\default.py:630: in connect
    return self.loaded_dbapi.connect(*cargs, **cparams)  # type: ignore[no-any-return]  # NOQA: E501
           ^^^^^^^^^^^^^^^^^^^^^^^^^^^^^^^^^^^^^^^^^^^^
C:\Users\balaj\AppData\Local\Programs\Python\Python312\Lib\site-packages\psycopg\connection.py:100: in connect
    attempts = conninfo_attempts(params)
               ^^^^^^^^^^^^^^^^^^^^^^^^^
_ _ _ _ _ _ _ _ _ _ _ _ _ _ _ _ _ _ _ _ _ _ _ _ _ _ _ _ _ _ _ _ _ _ _ _ _ _ _ _

params = {'host': 'example'}

    def conninfo_attempts(params: ConnMapping) -&gt; list[ConnDict]:
        """Split a set of connection params on the single attempts to perform.
    
        A connection param can perform more than one attempt more than one ``host``
        is provided.
    
        Also perform async resolution of the hostname into hostaddr. Because a host
        can resolve to more than one address, this can lead to yield more attempts
        too. Raise `OperationalError` if no host could be resolved.
    
        Because the libpq async function doesn't honour the timeout, we need to
        reimplement the repeated attempts.
        """
        last_exc = None
        attempts = []
        if prefer_standby := (
            get_param(params, "target_session_attrs") == "prefer-standby"
        ):
            params = {k: v for k, v in params.items() if k != "target_session_attrs"}
    
        for attempt in split_attempts(params):
            try:
                attempts.extend(_resolve_hostnames(attempt))
            except OSError as ex:
                last_exc = e.OperationalError(
                    f"failed to resolve host {attempt.get('host')!r}: {ex}"
                )
                logger.debug("%s", last_exc)
    
        if not attempts:
            assert last_exc
            # We couldn't resolve anything
&gt;           raise last_exc
E           psycopg.OperationalError: failed to resolve host 'example': [Errno 11001] getaddrinfo failed

C:\Users\balaj\AppData\Local\Programs\Python\Python312\Lib\site-packages\psycopg\_conninfo_attempts.py:55: OperationalError

The above exception was the direct cause of the following exception:

fixturedef = &lt;FixtureDef argname='db' scope='function' baseid='tests'&gt;
request = &lt;SubRequest 'db' for &lt;Function test_assign_task&gt;&gt;

    @pytest.hookimpl(wrapper=True)
    def pytest_fixture_setup(fixturedef: FixtureDef, request) -&gt; object | None:
        asyncio_mode = _get_asyncio_mode(request.config)
        if not _is_asyncio_fixture_function(fixturedef.func):
            if asyncio_mode == Mode.STRICT:
                # Ignore async fixtures without explicit asyncio mark in strict mode
                # This applies to pytest_trio fixtures, for example
&gt;               return (yield)
                        ^^^^^

C:\Users\balaj\AppData\Local\Programs\Python\Python312\Lib\site-packages\pytest_asyncio\plugin.py:728: 
_ _ _ _ _ _ _ _ _ _ _ _ _ _ _ _ _ _ _ _ _ _ _ _ _ _ _ _ _ _ _ _ _ _ _ _ _ _ _ _
tests\conftest.py:39: in db
    connection = engine.connect()
                 ^^^^^^^^^^^^^^^^
C:\Users\balaj\AppData\Local\Programs\Python\Python312\Lib\site-packages\sqlalchemy\engine\base.py:3293: in connect
    return self._connection_cls(self)
           ^^^^^^^^^^^^^^^^^^^^^^^^^^
C:\Users\balaj\AppData\Local\Programs\Python\Python312\Lib\site-packages\sqlalchemy\engine\base.py:145: in __init__
    Connection._handle_dbapi_exception_noconnection(
C:\Users\balaj\AppData\Local\Programs\Python\Python312\Lib\site-packages\sqlalchemy\engine\base.py:2448: in _handle_dbapi_exception_noconnection
    raise sqlalchemy_exception.with_traceback(exc_info[2]) from e
C:\Users\balaj\AppData\Local\Programs\Python\Python312\Lib\site-packages\sqlalchemy\engine\base.py:143: in __init__
    self._dbapi_connection = engine.raw_connection()
                             ^^^^^^^^^^^^^^^^^^^^^^^
C:\Users\balaj\AppData\Local\Programs\Python\Python312\Lib\site-packages\sqlalchemy\engine\base.py:3317: in raw_connection
    return self.pool.connect()
           ^^^^^^^^^^^^^^^^^^^
C:\Users\balaj\AppData\Local\Programs\Python\Python312\Lib\site-packages\sqlalchemy\pool\base.py:448: in connect
    return _ConnectionFairy._checkout(self)
           ^^^^^^^^^^^^^^^^^^^^^^^^^^^^^^^^
C:\Users\balaj\AppData\Local\Programs\Python\Python312\Lib\site-packages\sqlalchemy\pool\base.py:1272: in _checkout
    fairy = _ConnectionRecord.checkout(pool)
            ^^^^^^^^^^^^^^^^^^^^^^^^^^^^^^^^
C:\Users\balaj\AppData\Local\Programs\Python\Python312\Lib\site-packages\sqlalchemy\pool\base.py:712: in checkout
    rec = pool._do_get()
          ^^^^^^^^^^^^^^
C:\Users\balaj\AppData\Local\Programs\Python\Python312\Lib\site-packages\sqlalchemy\pool\impl.py:177: in _do_get
    with util.safe_reraise():
C:\Users\balaj\AppData\Local\Programs\Python\Python312\Lib\site-packages\sqlalchemy\util\langhelpers.py:121: in __exit__
    raise exc_value.with_traceback(exc_tb)
C:\Users\balaj\AppData\Local\Programs\Python\Python312\Lib\site-packages\sqlalchemy\pool\impl.py:175: in _do_get
    return self._create_connection()
           ^^^^^^^^^^^^^^^^^^^^^^^^^
C:\Users\balaj\AppData\Local\Programs\Python\Python312\Lib\site-packages\sqlalchemy\pool\base.py:389: in _create_connection
    return _ConnectionRecord(self)
           ^^^^^^^^^^^^^^^^^^^^^^^
C:\Users\balaj\AppData\Local\Programs\Python\Python312\Lib\site-packages\sqlalchemy\pool\base.py:674: in __init__
    self.__connect()
C:\Users\balaj\AppData\Local\Programs\Python\Python312\Lib\site-packages\sqlalchemy\pool\base.py:900: in __connect
    with util.safe_reraise():
C:\Users\balaj\AppData\Local\Programs\Python\Python312\Lib\site-packages\sqlalchemy\util\langhelpers.py:121: in __exit__
    raise exc_value.with_traceback(exc_tb)
C:\Users\balaj\AppData\Local\Programs\Python\Python312\Lib\site-packages\sqlalchemy\pool\base.py:896: in __connect
    self.dbapi_connection = connection = pool._invoke_creator(self)
                                         ^^^^^^^^^^^^^^^^^^^^^^^^^^
C:\Users\balaj\AppData\Local\Programs\Python\Python312\Lib\site-packages\sqlalchemy\engine\create.py:667: in connect
    return dialect.connect(*cargs_tup, **cparams)
           ^^^^^^^^^^^^^^^^^^^^^^^^^^^^^^^^^^^^^^
C:\Users\balaj\AppData\Local\Programs\Python\Python312\Lib\site-packages\sqlalchemy\engine\default.py:630: in connect
    return self.loaded_dbapi.connect(*cargs, **cparams)  # type: ignore[no-any-return]  # NOQA: E501
           ^^^^^^^^^^^^^^^^^^^^^^^^^^^^^^^^^^^^^^^^^^^^
C:\Users\balaj\AppData\Local\Programs\Python\Python312\Lib\site-packages\psycopg\connection.py:100: in connect
    attempts = conninfo_attempts(params)
               ^^^^^^^^^^^^^^^^^^^^^^^^^
_ _ _ _ _ _ _ _ _ _ _ _ _ _ _ _ _ _ _ _ _ _ _ _ _ _ _ _ _ _ _ _ _ _ _ _ _ _ _ _

params = {'host': 'example'}

    def conninfo_attempts(params: ConnMapping) -&gt; list[ConnDict]:
        """Split a set of connection params on the single attempts to perform.
    
        A connection param can perform more than one attempt more than one ``host``
        is provided.
    
        Also perform async resolution of the hostname into hostaddr. Because a host
        can resolve to more than one address, this can lead to yield more attempts
        too. Raise `OperationalError` if no host could be resolved.
    
        Because the libpq async function doesn't honour the timeout, we need to
        reimplement the repeated attempts.
        """
        last_exc = None
        attempts = []
        if prefer_standby := (
            get_param(params, "target_session_attrs") == "prefer-standby"
        ):
            params = {k: v for k, v in params.items() if k != "target_session_attrs"}
    
        for attempt in split_attempts(params):
            try:
                attempts.extend(_resolve_hostnames(attempt))
            except OSError as ex:
                last_exc = e.OperationalError(
                    f"failed to resolve host {attempt.get('host')!r}: {ex}"
                )
                logger.debug("%s", last_exc)
    
        if not attempts:
            assert last_exc
            # We couldn't resolve anything
&gt;           raise last_exc
E           sqlalchemy.exc.OperationalError: (psycopg.OperationalError) failed to resolve host 'example': [Errno 11001] getaddrinfo failed
E           (Background on this error at: https://sqlalche.me/e/20/e3q8)

C:\Users\balaj\AppData\Local\Programs\Python\Python312\Lib\site-packages\psycopg\_conninfo_attempts.py:55: OperationalError</error></testcase><testcase classname="tests.test_endpoints" name="test_accept_task" time="2.270"><error message="failed on setup with &quot;sqlalchemy.exc.OperationalError: (psycopg.OperationalError) failed to resolve host 'example': [Errno 11001] getaddrinfo failed&#10;(Background on this error at: https://sqlalche.me/e/20/e3q8)&quot;">self = &lt;sqlalchemy.engine.base.Connection object at 0x00000294353E0680&gt;
engine = Engine(postgresql+psycopg://example), connection = None
_has_events = None, _allow_revalidate = True, _allow_autobegin = True

    def __init__(
        self,
        engine: Engine,
        connection: Optional[PoolProxiedConnection] = None,
        _has_events: Optional[bool] = None,
        _allow_revalidate: bool = True,
        _allow_autobegin: bool = True,
    ):
        """Construct a new Connection."""
        self.engine = engine
        self.dialect = dialect = engine.dialect
    
        if connection is None:
            try:
&gt;               self._dbapi_connection = engine.raw_connection()
                                         ^^^^^^^^^^^^^^^^^^^^^^^

C:\Users\balaj\AppData\Local\Programs\Python\Python312\Lib\site-packages\sqlalchemy\engine\base.py:143: 
_ _ _ _ _ _ _ _ _ _ _ _ _ _ _ _ _ _ _ _ _ _ _ _ _ _ _ _ _ _ _ _ _ _ _ _ _ _ _ _
C:\Users\balaj\AppData\Local\Programs\Python\Python312\Lib\site-packages\sqlalchemy\engine\base.py:3317: in raw_connection
    return self.pool.connect()
           ^^^^^^^^^^^^^^^^^^^
C:\Users\balaj\AppData\Local\Programs\Python\Python312\Lib\site-packages\sqlalchemy\pool\base.py:448: in connect
    return _ConnectionFairy._checkout(self)
           ^^^^^^^^^^^^^^^^^^^^^^^^^^^^^^^^
C:\Users\balaj\AppData\Local\Programs\Python\Python312\Lib\site-packages\sqlalchemy\pool\base.py:1272: in _checkout
    fairy = _ConnectionRecord.checkout(pool)
            ^^^^^^^^^^^^^^^^^^^^^^^^^^^^^^^^
C:\Users\balaj\AppData\Local\Programs\Python\Python312\Lib\site-packages\sqlalchemy\pool\base.py:712: in checkout
    rec = pool._do_get()
          ^^^^^^^^^^^^^^
C:\Users\balaj\AppData\Local\Programs\Python\Python312\Lib\site-packages\sqlalchemy\pool\impl.py:177: in _do_get
    with util.safe_reraise():
C:\Users\balaj\AppData\Local\Programs\Python\Python312\Lib\site-packages\sqlalchemy\util\langhelpers.py:121: in __exit__
    raise exc_value.with_traceback(exc_tb)
C:\Users\balaj\AppData\Local\Programs\Python\Python312\Lib\site-packages\sqlalchemy\pool\impl.py:175: in _do_get
    return self._create_connection()
           ^^^^^^^^^^^^^^^^^^^^^^^^^
C:\Users\balaj\AppData\Local\Programs\Python\Python312\Lib\site-packages\sqlalchemy\pool\base.py:389: in _create_connection
    return _ConnectionRecord(self)
           ^^^^^^^^^^^^^^^^^^^^^^^
C:\Users\balaj\AppData\Local\Programs\Python\Python312\Lib\site-packages\sqlalchemy\pool\base.py:674: in __init__
    self.__connect()
C:\Users\balaj\AppData\Local\Programs\Python\Python312\Lib\site-packages\sqlalchemy\pool\base.py:900: in __connect
    with util.safe_reraise():
C:\Users\balaj\AppData\Local\Programs\Python\Python312\Lib\site-packages\sqlalchemy\util\langhelpers.py:121: in __exit__
    raise exc_value.with_traceback(exc_tb)
C:\Users\balaj\AppData\Local\Programs\Python\Python312\Lib\site-packages\sqlalchemy\pool\base.py:896: in __connect
    self.dbapi_connection = connection = pool._invoke_creator(self)
                                         ^^^^^^^^^^^^^^^^^^^^^^^^^^
C:\Users\balaj\AppData\Local\Programs\Python\Python312\Lib\site-packages\sqlalchemy\engine\create.py:667: in connect
    return dialect.connect(*cargs_tup, **cparams)
           ^^^^^^^^^^^^^^^^^^^^^^^^^^^^^^^^^^^^^^
C:\Users\balaj\AppData\Local\Programs\Python\Python312\Lib\site-packages\sqlalchemy\engine\default.py:630: in connect
    return self.loaded_dbapi.connect(*cargs, **cparams)  # type: ignore[no-any-return]  # NOQA: E501
           ^^^^^^^^^^^^^^^^^^^^^^^^^^^^^^^^^^^^^^^^^^^^
C:\Users\balaj\AppData\Local\Programs\Python\Python312\Lib\site-packages\psycopg\connection.py:100: in connect
    attempts = conninfo_attempts(params)
               ^^^^^^^^^^^^^^^^^^^^^^^^^
_ _ _ _ _ _ _ _ _ _ _ _ _ _ _ _ _ _ _ _ _ _ _ _ _ _ _ _ _ _ _ _ _ _ _ _ _ _ _ _

params = {'host': 'example'}

    def conninfo_attempts(params: ConnMapping) -&gt; list[ConnDict]:
        """Split a set of connection params on the single attempts to perform.
    
        A connection param can perform more than one attempt more than one ``host``
        is provided.
    
        Also perform async resolution of the hostname into hostaddr. Because a host
        can resolve to more than one address, this can lead to yield more attempts
        too. Raise `OperationalError` if no host could be resolved.
    
        Because the libpq async function doesn't honour the timeout, we need to
        reimplement the repeated attempts.
        """
        last_exc = None
        attempts = []
        if prefer_standby := (
            get_param(params, "target_session_attrs") == "prefer-standby"
        ):
            params = {k: v for k, v in params.items() if k != "target_session_attrs"}
    
        for attempt in split_attempts(params):
            try:
                attempts.extend(_resolve_hostnames(attempt))
            except OSError as ex:
                last_exc = e.OperationalError(
                    f"failed to resolve host {attempt.get('host')!r}: {ex}"
                )
                logger.debug("%s", last_exc)
    
        if not attempts:
            assert last_exc
            # We couldn't resolve anything
&gt;           raise last_exc
E           psycopg.OperationalError: failed to resolve host 'example': [Errno 11001] getaddrinfo failed

C:\Users\balaj\AppData\Local\Programs\Python\Python312\Lib\site-packages\psycopg\_conninfo_attempts.py:55: OperationalError

The above exception was the direct cause of the following exception:

fixturedef = &lt;FixtureDef argname='db' scope='function' baseid='tests'&gt;
request = &lt;SubRequest 'db' for &lt;Function test_accept_task&gt;&gt;

    @pytest.hookimpl(wrapper=True)
    def pytest_fixture_setup(fixturedef: FixtureDef, request) -&gt; object | None:
        asyncio_mode = _get_asyncio_mode(request.config)
        if not _is_asyncio_fixture_function(fixturedef.func):
            if asyncio_mode == Mode.STRICT:
                # Ignore async fixtures without explicit asyncio mark in strict mode
                # This applies to pytest_trio fixtures, for example
&gt;               return (yield)
                        ^^^^^

C:\Users\balaj\AppData\Local\Programs\Python\Python312\Lib\site-packages\pytest_asyncio\plugin.py:728: 
_ _ _ _ _ _ _ _ _ _ _ _ _ _ _ _ _ _ _ _ _ _ _ _ _ _ _ _ _ _ _ _ _ _ _ _ _ _ _ _
tests\conftest.py:39: in db
    connection = engine.connect()
                 ^^^^^^^^^^^^^^^^
C:\Users\balaj\AppData\Local\Programs\Python\Python312\Lib\site-packages\sqlalchemy\engine\base.py:3293: in connect
    return self._connection_cls(self)
           ^^^^^^^^^^^^^^^^^^^^^^^^^^
C:\Users\balaj\AppData\Local\Programs\Python\Python312\Lib\site-packages\sqlalchemy\engine\base.py:145: in __init__
    Connection._handle_dbapi_exception_noconnection(
C:\Users\balaj\AppData\Local\Programs\Python\Python312\Lib\site-packages\sqlalchemy\engine\base.py:2448: in _handle_dbapi_exception_noconnection
    raise sqlalchemy_exception.with_traceback(exc_info[2]) from e
C:\Users\balaj\AppData\Local\Programs\Python\Python312\Lib\site-packages\sqlalchemy\engine\base.py:143: in __init__
    self._dbapi_connection = engine.raw_connection()
                             ^^^^^^^^^^^^^^^^^^^^^^^
C:\Users\balaj\AppData\Local\Programs\Python\Python312\Lib\site-packages\sqlalchemy\engine\base.py:3317: in raw_connection
    return self.pool.connect()
           ^^^^^^^^^^^^^^^^^^^
C:\Users\balaj\AppData\Local\Programs\Python\Python312\Lib\site-packages\sqlalchemy\pool\base.py:448: in connect
    return _ConnectionFairy._checkout(self)
           ^^^^^^^^^^^^^^^^^^^^^^^^^^^^^^^^
C:\Users\balaj\AppData\Local\Programs\Python\Python312\Lib\site-packages\sqlalchemy\pool\base.py:1272: in _checkout
    fairy = _ConnectionRecord.checkout(pool)
            ^^^^^^^^^^^^^^^^^^^^^^^^^^^^^^^^
C:\Users\balaj\AppData\Local\Programs\Python\Python312\Lib\site-packages\sqlalchemy\pool\base.py:712: in checkout
    rec = pool._do_get()
          ^^^^^^^^^^^^^^
C:\Users\balaj\AppData\Local\Programs\Python\Python312\Lib\site-packages\sqlalchemy\pool\impl.py:177: in _do_get
    with util.safe_reraise():
C:\Users\balaj\AppData\Local\Programs\Python\Python312\Lib\site-packages\sqlalchemy\util\langhelpers.py:121: in __exit__
    raise exc_value.with_traceback(exc_tb)
C:\Users\balaj\AppData\Local\Programs\Python\Python312\Lib\site-packages\sqlalchemy\pool\impl.py:175: in _do_get
    return self._create_connection()
           ^^^^^^^^^^^^^^^^^^^^^^^^^
C:\Users\balaj\AppData\Local\Programs\Python\Python312\Lib\site-packages\sqlalchemy\pool\base.py:389: in _create_connection
    return _ConnectionRecord(self)
           ^^^^^^^^^^^^^^^^^^^^^^^
C:\Users\balaj\AppData\Local\Programs\Python\Python312\Lib\site-packages\sqlalchemy\pool\base.py:674: in __init__
    self.__connect()
C:\Users\balaj\AppData\Local\Programs\Python\Python312\Lib\site-packages\sqlalchemy\pool\base.py:900: in __connect
    with util.safe_reraise():
C:\Users\balaj\AppData\Local\Programs\Python\Python312\Lib\site-packages\sqlalchemy\util\langhelpers.py:121: in __exit__
    raise exc_value.with_traceback(exc_tb)
C:\Users\balaj\AppData\Local\Programs\Python\Python312\Lib\site-packages\sqlalchemy\pool\base.py:896: in __connect
    self.dbapi_connection = connection = pool._invoke_creator(self)
                                         ^^^^^^^^^^^^^^^^^^^^^^^^^^
C:\Users\balaj\AppData\Local\Programs\Python\Python312\Lib\site-packages\sqlalchemy\engine\create.py:667: in connect
    return dialect.connect(*cargs_tup, **cparams)
           ^^^^^^^^^^^^^^^^^^^^^^^^^^^^^^^^^^^^^^
C:\Users\balaj\AppData\Local\Programs\Python\Python312\Lib\site-packages\sqlalchemy\engine\default.py:630: in connect
    return self.loaded_dbapi.connect(*cargs, **cparams)  # type: ignore[no-any-return]  # NOQA: E501
           ^^^^^^^^^^^^^^^^^^^^^^^^^^^^^^^^^^^^^^^^^^^^
C:\Users\balaj\AppData\Local\Programs\Python\Python312\Lib\site-packages\psycopg\connection.py:100: in connect
    attempts = conninfo_attempts(params)
               ^^^^^^^^^^^^^^^^^^^^^^^^^
_ _ _ _ _ _ _ _ _ _ _ _ _ _ _ _ _ _ _ _ _ _ _ _ _ _ _ _ _ _ _ _ _ _ _ _ _ _ _ _

params = {'host': 'example'}

    def conninfo_attempts(params: ConnMapping) -&gt; list[ConnDict]:
        """Split a set of connection params on the single attempts to perform.
    
        A connection param can perform more than one attempt more than one ``host``
        is provided.
    
        Also perform async resolution of the hostname into hostaddr. Because a host
        can resolve to more than one address, this can lead to yield more attempts
        too. Raise `OperationalError` if no host could be resolved.
    
        Because the libpq async function doesn't honour the timeout, we need to
        reimplement the repeated attempts.
        """
        last_exc = None
        attempts = []
        if prefer_standby := (
            get_param(params, "target_session_attrs") == "prefer-standby"
        ):
            params = {k: v for k, v in params.items() if k != "target_session_attrs"}
    
        for attempt in split_attempts(params):
            try:
                attempts.extend(_resolve_hostnames(attempt))
            except OSError as ex:
                last_exc = e.OperationalError(
                    f"failed to resolve host {attempt.get('host')!r}: {ex}"
                )
                logger.debug("%s", last_exc)
    
        if not attempts:
            assert last_exc
            # We couldn't resolve anything
&gt;           raise last_exc
E           sqlalchemy.exc.OperationalError: (psycopg.OperationalError) failed to resolve host 'example': [Errno 11001] getaddrinfo failed
E           (Background on this error at: https://sqlalche.me/e/20/e3q8)

C:\Users\balaj\AppData\Local\Programs\Python\Python312\Lib\site-packages\psycopg\_conninfo_attempts.py:55: OperationalError</error></testcase><testcase classname="tests.test_endpoints" name="test_verify_pickup" time="2.277"><error message="failed on setup with &quot;sqlalchemy.exc.OperationalError: (psycopg.OperationalError) failed to resolve host 'example': [Errno 11001] getaddrinfo failed&#10;(Background on this error at: https://sqlalche.me/e/20/e3q8)&quot;">self = &lt;sqlalchemy.engine.base.Connection object at 0x0000029435417E60&gt;
engine = Engine(postgresql+psycopg://example), connection = None
_has_events = None, _allow_revalidate = True, _allow_autobegin = True

    def __init__(
        self,
        engine: Engine,
        connection: Optional[PoolProxiedConnection] = None,
        _has_events: Optional[bool] = None,
        _allow_revalidate: bool = True,
        _allow_autobegin: bool = True,
    ):
        """Construct a new Connection."""
        self.engine = engine
        self.dialect = dialect = engine.dialect
    
        if connection is None:
            try:
&gt;               self._dbapi_connection = engine.raw_connection()
                                         ^^^^^^^^^^^^^^^^^^^^^^^

C:\Users\balaj\AppData\Local\Programs\Python\Python312\Lib\site-packages\sqlalchemy\engine\base.py:143: 
_ _ _ _ _ _ _ _ _ _ _ _ _ _ _ _ _ _ _ _ _ _ _ _ _ _ _ _ _ _ _ _ _ _ _ _ _ _ _ _
C:\Users\balaj\AppData\Local\Programs\Python\Python312\Lib\site-packages\sqlalchemy\engine\base.py:3317: in raw_connection
    return self.pool.connect()
           ^^^^^^^^^^^^^^^^^^^
C:\Users\balaj\AppData\Local\Programs\Python\Python312\Lib\site-packages\sqlalchemy\pool\base.py:448: in connect
    return _ConnectionFairy._checkout(self)
           ^^^^^^^^^^^^^^^^^^^^^^^^^^^^^^^^
C:\Users\balaj\AppData\Local\Programs\Python\Python312\Lib\site-packages\sqlalchemy\pool\base.py:1272: in _checkout
    fairy = _ConnectionRecord.checkout(pool)
            ^^^^^^^^^^^^^^^^^^^^^^^^^^^^^^^^
C:\Users\balaj\AppData\Local\Programs\Python\Python312\Lib\site-packages\sqlalchemy\pool\base.py:712: in checkout
    rec = pool._do_get()
          ^^^^^^^^^^^^^^
C:\Users\balaj\AppData\Local\Programs\Python\Python312\Lib\site-packages\sqlalchemy\pool\impl.py:177: in _do_get
    with util.safe_reraise():
C:\Users\balaj\AppData\Local\Programs\Python\Python312\Lib\site-packages\sqlalchemy\util\langhelpers.py:121: in __exit__
    raise exc_value.with_traceback(exc_tb)
C:\Users\balaj\AppData\Local\Programs\Python\Python312\Lib\site-packages\sqlalchemy\pool\impl.py:175: in _do_get
    return self._create_connection()
           ^^^^^^^^^^^^^^^^^^^^^^^^^
C:\Users\balaj\AppData\Local\Programs\Python\Python312\Lib\site-packages\sqlalchemy\pool\base.py:389: in _create_connection
    return _ConnectionRecord(self)
           ^^^^^^^^^^^^^^^^^^^^^^^
C:\Users\balaj\AppData\Local\Programs\Python\Python312\Lib\site-packages\sqlalchemy\pool\base.py:674: in __init__
    self.__connect()
C:\Users\balaj\AppData\Local\Programs\Python\Python312\Lib\site-packages\sqlalchemy\pool\base.py:900: in __connect
    with util.safe_reraise():
C:\Users\balaj\AppData\Local\Programs\Python\Python312\Lib\site-packages\sqlalchemy\util\langhelpers.py:121: in __exit__
    raise exc_value.with_traceback(exc_tb)
C:\Users\balaj\AppData\Local\Programs\Python\Python312\Lib\site-packages\sqlalchemy\pool\base.py:896: in __connect
    self.dbapi_connection = connection = pool._invoke_creator(self)
                                         ^^^^^^^^^^^^^^^^^^^^^^^^^^
C:\Users\balaj\AppData\Local\Programs\Python\Python312\Lib\site-packages\sqlalchemy\engine\create.py:667: in connect
    return dialect.connect(*cargs_tup, **cparams)
           ^^^^^^^^^^^^^^^^^^^^^^^^^^^^^^^^^^^^^^
C:\Users\balaj\AppData\Local\Programs\Python\Python312\Lib\site-packages\sqlalchemy\engine\default.py:630: in connect
    return self.loaded_dbapi.connect(*cargs, **cparams)  # type: ignore[no-any-return]  # NOQA: E501
           ^^^^^^^^^^^^^^^^^^^^^^^^^^^^^^^^^^^^^^^^^^^^
C:\Users\balaj\AppData\Local\Programs\Python\Python312\Lib\site-packages\psycopg\connection.py:100: in connect
    attempts = conninfo_attempts(params)
               ^^^^^^^^^^^^^^^^^^^^^^^^^
_ _ _ _ _ _ _ _ _ _ _ _ _ _ _ _ _ _ _ _ _ _ _ _ _ _ _ _ _ _ _ _ _ _ _ _ _ _ _ _

params = {'host': 'example'}

    def conninfo_attempts(params: ConnMapping) -&gt; list[ConnDict]:
        """Split a set of connection params on the single attempts to perform.
    
        A connection param can perform more than one attempt more than one ``host``
        is provided.
    
        Also perform async resolution of the hostname into hostaddr. Because a host
        can resolve to more than one address, this can lead to yield more attempts
        too. Raise `OperationalError` if no host could be resolved.
    
        Because the libpq async function doesn't honour the timeout, we need to
        reimplement the repeated attempts.
        """
        last_exc = None
        attempts = []
        if prefer_standby := (
            get_param(params, "target_session_attrs") == "prefer-standby"
        ):
            params = {k: v for k, v in params.items() if k != "target_session_attrs"}
    
        for attempt in split_attempts(params):
            try:
                attempts.extend(_resolve_hostnames(attempt))
            except OSError as ex:
                last_exc = e.OperationalError(
                    f"failed to resolve host {attempt.get('host')!r}: {ex}"
                )
                logger.debug("%s", last_exc)
    
        if not attempts:
            assert last_exc
            # We couldn't resolve anything
&gt;           raise last_exc
E           psycopg.OperationalError: failed to resolve host 'example': [Errno 11001] getaddrinfo failed

C:\Users\balaj\AppData\Local\Programs\Python\Python312\Lib\site-packages\psycopg\_conninfo_attempts.py:55: OperationalError

The above exception was the direct cause of the following exception:

fixturedef = &lt;FixtureDef argname='db' scope='function' baseid='tests'&gt;
request = &lt;SubRequest 'db' for &lt;Function test_verify_pickup&gt;&gt;

    @pytest.hookimpl(wrapper=True)
    def pytest_fixture_setup(fixturedef: FixtureDef, request) -&gt; object | None:
        asyncio_mode = _get_asyncio_mode(request.config)
        if not _is_asyncio_fixture_function(fixturedef.func):
            if asyncio_mode == Mode.STRICT:
                # Ignore async fixtures without explicit asyncio mark in strict mode
                # This applies to pytest_trio fixtures, for example
&gt;               return (yield)
                        ^^^^^

C:\Users\balaj\AppData\Local\Programs\Python\Python312\Lib\site-packages\pytest_asyncio\plugin.py:728: 
_ _ _ _ _ _ _ _ _ _ _ _ _ _ _ _ _ _ _ _ _ _ _ _ _ _ _ _ _ _ _ _ _ _ _ _ _ _ _ _
tests\conftest.py:39: in db
    connection = engine.connect()
                 ^^^^^^^^^^^^^^^^
C:\Users\balaj\AppData\Local\Programs\Python\Python312\Lib\site-packages\sqlalchemy\engine\base.py:3293: in connect
    return self._connection_cls(self)
           ^^^^^^^^^^^^^^^^^^^^^^^^^^
C:\Users\balaj\AppData\Local\Programs\Python\Python312\Lib\site-packages\sqlalchemy\engine\base.py:145: in __init__
    Connection._handle_dbapi_exception_noconnection(
C:\Users\balaj\AppData\Local\Programs\Python\Python312\Lib\site-packages\sqlalchemy\engine\base.py:2448: in _handle_dbapi_exception_noconnection
    raise sqlalchemy_exception.with_traceback(exc_info[2]) from e
C:\Users\balaj\AppData\Local\Programs\Python\Python312\Lib\site-packages\sqlalchemy\engine\base.py:143: in __init__
    self._dbapi_connection = engine.raw_connection()
                             ^^^^^^^^^^^^^^^^^^^^^^^
C:\Users\balaj\AppData\Local\Programs\Python\Python312\Lib\site-packages\sqlalchemy\engine\base.py:3317: in raw_connection
    return self.pool.connect()
           ^^^^^^^^^^^^^^^^^^^
C:\Users\balaj\AppData\Local\Programs\Python\Python312\Lib\site-packages\sqlalchemy\pool\base.py:448: in connect
    return _ConnectionFairy._checkout(self)
           ^^^^^^^^^^^^^^^^^^^^^^^^^^^^^^^^
C:\Users\balaj\AppData\Local\Programs\Python\Python312\Lib\site-packages\sqlalchemy\pool\base.py:1272: in _checkout
    fairy = _ConnectionRecord.checkout(pool)
            ^^^^^^^^^^^^^^^^^^^^^^^^^^^^^^^^
C:\Users\balaj\AppData\Local\Programs\Python\Python312\Lib\site-packages\sqlalchemy\pool\base.py:712: in checkout
    rec = pool._do_get()
          ^^^^^^^^^^^^^^
C:\Users\balaj\AppData\Local\Programs\Python\Python312\Lib\site-packages\sqlalchemy\pool\impl.py:177: in _do_get
    with util.safe_reraise():
C:\Users\balaj\AppData\Local\Programs\Python\Python312\Lib\site-packages\sqlalchemy\util\langhelpers.py:121: in __exit__
    raise exc_value.with_traceback(exc_tb)
C:\Users\balaj\AppData\Local\Programs\Python\Python312\Lib\site-packages\sqlalchemy\pool\impl.py:175: in _do_get
    return self._create_connection()
           ^^^^^^^^^^^^^^^^^^^^^^^^^
C:\Users\balaj\AppData\Local\Programs\Python\Python312\Lib\site-packages\sqlalchemy\pool\base.py:389: in _create_connection
    return _ConnectionRecord(self)
           ^^^^^^^^^^^^^^^^^^^^^^^
C:\Users\balaj\AppData\Local\Programs\Python\Python312\Lib\site-packages\sqlalchemy\pool\base.py:674: in __init__
    self.__connect()
C:\Users\balaj\AppData\Local\Programs\Python\Python312\Lib\site-packages\sqlalchemy\pool\base.py:900: in __connect
    with util.safe_reraise():
C:\Users\balaj\AppData\Local\Programs\Python\Python312\Lib\site-packages\sqlalchemy\util\langhelpers.py:121: in __exit__
    raise exc_value.with_traceback(exc_tb)
C:\Users\balaj\AppData\Local\Programs\Python\Python312\Lib\site-packages\sqlalchemy\pool\base.py:896: in __connect
    self.dbapi_connection = connection = pool._invoke_creator(self)
                                         ^^^^^^^^^^^^^^^^^^^^^^^^^^
C:\Users\balaj\AppData\Local\Programs\Python\Python312\Lib\site-packages\sqlalchemy\engine\create.py:667: in connect
    return dialect.connect(*cargs_tup, **cparams)
           ^^^^^^^^^^^^^^^^^^^^^^^^^^^^^^^^^^^^^^
C:\Users\balaj\AppData\Local\Programs\Python\Python312\Lib\site-packages\sqlalchemy\engine\default.py:630: in connect
    return self.loaded_dbapi.connect(*cargs, **cparams)  # type: ignore[no-any-return]  # NOQA: E501
           ^^^^^^^^^^^^^^^^^^^^^^^^^^^^^^^^^^^^^^^^^^^^
C:\Users\balaj\AppData\Local\Programs\Python\Python312\Lib\site-packages\psycopg\connection.py:100: in connect
    attempts = conninfo_attempts(params)
               ^^^^^^^^^^^^^^^^^^^^^^^^^
_ _ _ _ _ _ _ _ _ _ _ _ _ _ _ _ _ _ _ _ _ _ _ _ _ _ _ _ _ _ _ _ _ _ _ _ _ _ _ _

params = {'host': 'example'}

    def conninfo_attempts(params: ConnMapping) -&gt; list[ConnDict]:
        """Split a set of connection params on the single attempts to perform.
    
        A connection param can perform more than one attempt more than one ``host``
        is provided.
    
        Also perform async resolution of the hostname into hostaddr. Because a host
        can resolve to more than one address, this can lead to yield more attempts
        too. Raise `OperationalError` if no host could be resolved.
    
        Because the libpq async function doesn't honour the timeout, we need to
        reimplement the repeated attempts.
        """
        last_exc = None
        attempts = []
        if prefer_standby := (
            get_param(params, "target_session_attrs") == "prefer-standby"
        ):
            params = {k: v for k, v in params.items() if k != "target_session_attrs"}
    
        for attempt in split_attempts(params):
            try:
                attempts.extend(_resolve_hostnames(attempt))
            except OSError as ex:
                last_exc = e.OperationalError(
                    f"failed to resolve host {attempt.get('host')!r}: {ex}"
                )
                logger.debug("%s", last_exc)
    
        if not attempts:
            assert last_exc
            # We couldn't resolve anything
&gt;           raise last_exc
E           sqlalchemy.exc.OperationalError: (psycopg.OperationalError) failed to resolve host 'example': [Errno 11001] getaddrinfo failed
E           (Background on this error at: https://sqlalche.me/e/20/e3q8)

C:\Users\balaj\AppData\Local\Programs\Python\Python312\Lib\site-packages\psycopg\_conninfo_attempts.py:55: OperationalError</error></testcase><testcase classname="tests.test_endpoints" name="test_verify_delivery" time="2.277"><error message="failed on setup with &quot;sqlalchemy.exc.OperationalError: (psycopg.OperationalError) failed to resolve host 'example': [Errno 11001] getaddrinfo failed&#10;(Background on this error at: https://sqlalche.me/e/20/e3q8)&quot;">self = &lt;sqlalchemy.engine.base.Connection object at 0x000002943542D310&gt;
engine = Engine(postgresql+psycopg://example), connection = None
_has_events = None, _allow_revalidate = True, _allow_autobegin = True

    def __init__(
        self,
        engine: Engine,
        connection: Optional[PoolProxiedConnection] = None,
        _has_events: Optional[bool] = None,
        _allow_revalidate: bool = True,
        _allow_autobegin: bool = True,
    ):
        """Construct a new Connection."""
        self.engine = engine
        self.dialect = dialect = engine.dialect
    
        if connection is None:
            try:
&gt;               self._dbapi_connection = engine.raw_connection()
                                         ^^^^^^^^^^^^^^^^^^^^^^^

C:\Users\balaj\AppData\Local\Programs\Python\Python312\Lib\site-packages\sqlalchemy\engine\base.py:143: 
_ _ _ _ _ _ _ _ _ _ _ _ _ _ _ _ _ _ _ _ _ _ _ _ _ _ _ _ _ _ _ _ _ _ _ _ _ _ _ _
C:\Users\balaj\AppData\Local\Programs\Python\Python312\Lib\site-packages\sqlalchemy\engine\base.py:3317: in raw_connection
    return self.pool.connect()
           ^^^^^^^^^^^^^^^^^^^
C:\Users\balaj\AppData\Local\Programs\Python\Python312\Lib\site-packages\sqlalchemy\pool\base.py:448: in connect
    return _ConnectionFairy._checkout(self)
           ^^^^^^^^^^^^^^^^^^^^^^^^^^^^^^^^
C:\Users\balaj\AppData\Local\Programs\Python\Python312\Lib\site-packages\sqlalchemy\pool\base.py:1272: in _checkout
    fairy = _ConnectionRecord.checkout(pool)
            ^^^^^^^^^^^^^^^^^^^^^^^^^^^^^^^^
C:\Users\balaj\AppData\Local\Programs\Python\Python312\Lib\site-packages\sqlalchemy\pool\base.py:712: in checkout
    rec = pool._do_get()
          ^^^^^^^^^^^^^^
C:\Users\balaj\AppData\Local\Programs\Python\Python312\Lib\site-packages\sqlalchemy\pool\impl.py:177: in _do_get
    with util.safe_reraise():
C:\Users\balaj\AppData\Local\Programs\Python\Python312\Lib\site-packages\sqlalchemy\util\langhelpers.py:121: in __exit__
    raise exc_value.with_traceback(exc_tb)
C:\Users\balaj\AppData\Local\Programs\Python\Python312\Lib\site-packages\sqlalchemy\pool\impl.py:175: in _do_get
    return self._create_connection()
           ^^^^^^^^^^^^^^^^^^^^^^^^^
C:\Users\balaj\AppData\Local\Programs\Python\Python312\Lib\site-packages\sqlalchemy\pool\base.py:389: in _create_connection
    return _ConnectionRecord(self)
           ^^^^^^^^^^^^^^^^^^^^^^^
C:\Users\balaj\AppData\Local\Programs\Python\Python312\Lib\site-packages\sqlalchemy\pool\base.py:674: in __init__
    self.__connect()
C:\Users\balaj\AppData\Local\Programs\Python\Python312\Lib\site-packages\sqlalchemy\pool\base.py:900: in __connect
    with util.safe_reraise():
C:\Users\balaj\AppData\Local\Programs\Python\Python312\Lib\site-packages\sqlalchemy\util\langhelpers.py:121: in __exit__
    raise exc_value.with_traceback(exc_tb)
C:\Users\balaj\AppData\Local\Programs\Python\Python312\Lib\site-packages\sqlalchemy\pool\base.py:896: in __connect
    self.dbapi_connection = connection = pool._invoke_creator(self)
                                         ^^^^^^^^^^^^^^^^^^^^^^^^^^
C:\Users\balaj\AppData\Local\Programs\Python\Python312\Lib\site-packages\sqlalchemy\engine\create.py:667: in connect
    return dialect.connect(*cargs_tup, **cparams)
           ^^^^^^^^^^^^^^^^^^^^^^^^^^^^^^^^^^^^^^
C:\Users\balaj\AppData\Local\Programs\Python\Python312\Lib\site-packages\sqlalchemy\engine\default.py:630: in connect
    return self.loaded_dbapi.connect(*cargs, **cparams)  # type: ignore[no-any-return]  # NOQA: E501
           ^^^^^^^^^^^^^^^^^^^^^^^^^^^^^^^^^^^^^^^^^^^^
C:\Users\balaj\AppData\Local\Programs\Python\Python312\Lib\site-packages\psycopg\connection.py:100: in connect
    attempts = conninfo_attempts(params)
               ^^^^^^^^^^^^^^^^^^^^^^^^^
_ _ _ _ _ _ _ _ _ _ _ _ _ _ _ _ _ _ _ _ _ _ _ _ _ _ _ _ _ _ _ _ _ _ _ _ _ _ _ _

params = {'host': 'example'}

    def conninfo_attempts(params: ConnMapping) -&gt; list[ConnDict]:
        """Split a set of connection params on the single attempts to perform.
    
        A connection param can perform more than one attempt more than one ``host``
        is provided.
    
        Also perform async resolution of the hostname into hostaddr. Because a host
        can resolve to more than one address, this can lead to yield more attempts
        too. Raise `OperationalError` if no host could be resolved.
    
        Because the libpq async function doesn't honour the timeout, we need to
        reimplement the repeated attempts.
        """
        last_exc = None
        attempts = []
        if prefer_standby := (
            get_param(params, "target_session_attrs") == "prefer-standby"
        ):
            params = {k: v for k, v in params.items() if k != "target_session_attrs"}
    
        for attempt in split_attempts(params):
            try:
                attempts.extend(_resolve_hostnames(attempt))
            except OSError as ex:
                last_exc = e.OperationalError(
                    f"failed to resolve host {attempt.get('host')!r}: {ex}"
                )
                logger.debug("%s", last_exc)
    
        if not attempts:
            assert last_exc
            # We couldn't resolve anything
&gt;           raise last_exc
E           psycopg.OperationalError: failed to resolve host 'example': [Errno 11001] getaddrinfo failed

C:\Users\balaj\AppData\Local\Programs\Python\Python312\Lib\site-packages\psycopg\_conninfo_attempts.py:55: OperationalError

The above exception was the direct cause of the following exception:

fixturedef = &lt;FixtureDef argname='db' scope='function' baseid='tests'&gt;
request = &lt;SubRequest 'db' for &lt;Function test_verify_delivery&gt;&gt;

    @pytest.hookimpl(wrapper=True)
    def pytest_fixture_setup(fixturedef: FixtureDef, request) -&gt; object | None:
        asyncio_mode = _get_asyncio_mode(request.config)
        if not _is_asyncio_fixture_function(fixturedef.func):
            if asyncio_mode == Mode.STRICT:
                # Ignore async fixtures without explicit asyncio mark in strict mode
                # This applies to pytest_trio fixtures, for example
&gt;               return (yield)
                        ^^^^^

C:\Users\balaj\AppData\Local\Programs\Python\Python312\Lib\site-packages\pytest_asyncio\plugin.py:728: 
_ _ _ _ _ _ _ _ _ _ _ _ _ _ _ _ _ _ _ _ _ _ _ _ _ _ _ _ _ _ _ _ _ _ _ _ _ _ _ _
tests\conftest.py:39: in db
    connection = engine.connect()
                 ^^^^^^^^^^^^^^^^
C:\Users\balaj\AppData\Local\Programs\Python\Python312\Lib\site-packages\sqlalchemy\engine\base.py:3293: in connect
    return self._connection_cls(self)
           ^^^^^^^^^^^^^^^^^^^^^^^^^^
C:\Users\balaj\AppData\Local\Programs\Python\Python312\Lib\site-packages\sqlalchemy\engine\base.py:145: in __init__
    Connection._handle_dbapi_exception_noconnection(
C:\Users\balaj\AppData\Local\Programs\Python\Python312\Lib\site-packages\sqlalchemy\engine\base.py:2448: in _handle_dbapi_exception_noconnection
    raise sqlalchemy_exception.with_traceback(exc_info[2]) from e
C:\Users\balaj\AppData\Local\Programs\Python\Python312\Lib\site-packages\sqlalchemy\engine\base.py:143: in __init__
    self._dbapi_connection = engine.raw_connection()
                             ^^^^^^^^^^^^^^^^^^^^^^^
C:\Users\balaj\AppData\Local\Programs\Python\Python312\Lib\site-packages\sqlalchemy\engine\base.py:3317: in raw_connection
    return self.pool.connect()
           ^^^^^^^^^^^^^^^^^^^
C:\Users\balaj\AppData\Local\Programs\Python\Python312\Lib\site-packages\sqlalchemy\pool\base.py:448: in connect
    return _ConnectionFairy._checkout(self)
           ^^^^^^^^^^^^^^^^^^^^^^^^^^^^^^^^
C:\Users\balaj\AppData\Local\Programs\Python\Python312\Lib\site-packages\sqlalchemy\pool\base.py:1272: in _checkout
    fairy = _ConnectionRecord.checkout(pool)
            ^^^^^^^^^^^^^^^^^^^^^^^^^^^^^^^^
C:\Users\balaj\AppData\Local\Programs\Python\Python312\Lib\site-packages\sqlalchemy\pool\base.py:712: in checkout
    rec = pool._do_get()
          ^^^^^^^^^^^^^^
C:\Users\balaj\AppData\Local\Programs\Python\Python312\Lib\site-packages\sqlalchemy\pool\impl.py:177: in _do_get
    with util.safe_reraise():
C:\Users\balaj\AppData\Local\Programs\Python\Python312\Lib\site-packages\sqlalchemy\util\langhelpers.py:121: in __exit__
    raise exc_value.with_traceback(exc_tb)
C:\Users\balaj\AppData\Local\Programs\Python\Python312\Lib\site-packages\sqlalchemy\pool\impl.py:175: in _do_get
    return self._create_connection()
           ^^^^^^^^^^^^^^^^^^^^^^^^^
C:\Users\balaj\AppData\Local\Programs\Python\Python312\Lib\site-packages\sqlalchemy\pool\base.py:389: in _create_connection
    return _ConnectionRecord(self)
           ^^^^^^^^^^^^^^^^^^^^^^^
C:\Users\balaj\AppData\Local\Programs\Python\Python312\Lib\site-packages\sqlalchemy\pool\base.py:674: in __init__
    self.__connect()
C:\Users\balaj\AppData\Local\Programs\Python\Python312\Lib\site-packages\sqlalchemy\pool\base.py:900: in __connect
    with util.safe_reraise():
C:\Users\balaj\AppData\Local\Programs\Python\Python312\Lib\site-packages\sqlalchemy\util\langhelpers.py:121: in __exit__
    raise exc_value.with_traceback(exc_tb)
C:\Users\balaj\AppData\Local\Programs\Python\Python312\Lib\site-packages\sqlalchemy\pool\base.py:896: in __connect
    self.dbapi_connection = connection = pool._invoke_creator(self)
                                         ^^^^^^^^^^^^^^^^^^^^^^^^^^
C:\Users\balaj\AppData\Local\Programs\Python\Python312\Lib\site-packages\sqlalchemy\engine\create.py:667: in connect
    return dialect.connect(*cargs_tup, **cparams)
           ^^^^^^^^^^^^^^^^^^^^^^^^^^^^^^^^^^^^^^
C:\Users\balaj\AppData\Local\Programs\Python\Python312\Lib\site-packages\sqlalchemy\engine\default.py:630: in connect
    return self.loaded_dbapi.connect(*cargs, **cparams)  # type: ignore[no-any-return]  # NOQA: E501
           ^^^^^^^^^^^^^^^^^^^^^^^^^^^^^^^^^^^^^^^^^^^^
C:\Users\balaj\AppData\Local\Programs\Python\Python312\Lib\site-packages\psycopg\connection.py:100: in connect
    attempts = conninfo_attempts(params)
               ^^^^^^^^^^^^^^^^^^^^^^^^^
_ _ _ _ _ _ _ _ _ _ _ _ _ _ _ _ _ _ _ _ _ _ _ _ _ _ _ _ _ _ _ _ _ _ _ _ _ _ _ _

params = {'host': 'example'}

    def conninfo_attempts(params: ConnMapping) -&gt; list[ConnDict]:
        """Split a set of connection params on the single attempts to perform.
    
        A connection param can perform more than one attempt more than one ``host``
        is provided.
    
        Also perform async resolution of the hostname into hostaddr. Because a host
        can resolve to more than one address, this can lead to yield more attempts
        too. Raise `OperationalError` if no host could be resolved.
    
        Because the libpq async function doesn't honour the timeout, we need to
        reimplement the repeated attempts.
        """
        last_exc = None
        attempts = []
        if prefer_standby := (
            get_param(params, "target_session_attrs") == "prefer-standby"
        ):
            params = {k: v for k, v in params.items() if k != "target_session_attrs"}
    
        for attempt in split_attempts(params):
            try:
                attempts.extend(_resolve_hostnames(attempt))
            except OSError as ex:
                last_exc = e.OperationalError(
                    f"failed to resolve host {attempt.get('host')!r}: {ex}"
                )
                logger.debug("%s", last_exc)
    
        if not attempts:
            assert last_exc
            # We couldn't resolve anything
&gt;           raise last_exc
E           sqlalchemy.exc.OperationalError: (psycopg.OperationalError) failed to resolve host 'example': [Errno 11001] getaddrinfo failed
E           (Background on this error at: https://sqlalche.me/e/20/e3q8)

C:\Users\balaj\AppData\Local\Programs\Python\Python312\Lib\site-packages\psycopg\_conninfo_attempts.py:55: OperationalError</error></testcase><testcase classname="tests.test_endpoints" name="test_complete_task" time="2.290"><error message="failed on setup with &quot;sqlalchemy.exc.OperationalError: (psycopg.OperationalError) failed to resolve host 'example': [Errno 11001] getaddrinfo failed&#10;(Background on this error at: https://sqlalche.me/e/20/e3q8)&quot;">self = &lt;sqlalchemy.engine.base.Connection object at 0x000002943542E270&gt;
engine = Engine(postgresql+psycopg://example), connection = None
_has_events = None, _allow_revalidate = True, _allow_autobegin = True

    def __init__(
        self,
        engine: Engine,
        connection: Optional[PoolProxiedConnection] = None,
        _has_events: Optional[bool] = None,
        _allow_revalidate: bool = True,
        _allow_autobegin: bool = True,
    ):
        """Construct a new Connection."""
        self.engine = engine
        self.dialect = dialect = engine.dialect
    
        if connection is None:
            try:
&gt;               self._dbapi_connection = engine.raw_connection()
                                         ^^^^^^^^^^^^^^^^^^^^^^^

C:\Users\balaj\AppData\Local\Programs\Python\Python312\Lib\site-packages\sqlalchemy\engine\base.py:143: 
_ _ _ _ _ _ _ _ _ _ _ _ _ _ _ _ _ _ _ _ _ _ _ _ _ _ _ _ _ _ _ _ _ _ _ _ _ _ _ _
C:\Users\balaj\AppData\Local\Programs\Python\Python312\Lib\site-packages\sqlalchemy\engine\base.py:3317: in raw_connection
    return self.pool.connect()
           ^^^^^^^^^^^^^^^^^^^
C:\Users\balaj\AppData\Local\Programs\Python\Python312\Lib\site-packages\sqlalchemy\pool\base.py:448: in connect
    return _ConnectionFairy._checkout(self)
           ^^^^^^^^^^^^^^^^^^^^^^^^^^^^^^^^
C:\Users\balaj\AppData\Local\Programs\Python\Python312\Lib\site-packages\sqlalchemy\pool\base.py:1272: in _checkout
    fairy = _ConnectionRecord.checkout(pool)
            ^^^^^^^^^^^^^^^^^^^^^^^^^^^^^^^^
C:\Users\balaj\AppData\Local\Programs\Python\Python312\Lib\site-packages\sqlalchemy\pool\base.py:712: in checkout
    rec = pool._do_get()
          ^^^^^^^^^^^^^^
C:\Users\balaj\AppData\Local\Programs\Python\Python312\Lib\site-packages\sqlalchemy\pool\impl.py:177: in _do_get
    with util.safe_reraise():
C:\Users\balaj\AppData\Local\Programs\Python\Python312\Lib\site-packages\sqlalchemy\util\langhelpers.py:121: in __exit__
    raise exc_value.with_traceback(exc_tb)
C:\Users\balaj\AppData\Local\Programs\Python\Python312\Lib\site-packages\sqlalchemy\pool\impl.py:175: in _do_get
    return self._create_connection()
           ^^^^^^^^^^^^^^^^^^^^^^^^^
C:\Users\balaj\AppData\Local\Programs\Python\Python312\Lib\site-packages\sqlalchemy\pool\base.py:389: in _create_connection
    return _ConnectionRecord(self)
           ^^^^^^^^^^^^^^^^^^^^^^^
C:\Users\balaj\AppData\Local\Programs\Python\Python312\Lib\site-packages\sqlalchemy\pool\base.py:674: in __init__
    self.__connect()
C:\Users\balaj\AppData\Local\Programs\Python\Python312\Lib\site-packages\sqlalchemy\pool\base.py:900: in __connect
    with util.safe_reraise():
C:\Users\balaj\AppData\Local\Programs\Python\Python312\Lib\site-packages\sqlalchemy\util\langhelpers.py:121: in __exit__
    raise exc_value.with_traceback(exc_tb)
C:\Users\balaj\AppData\Local\Programs\Python\Python312\Lib\site-packages\sqlalchemy\pool\base.py:896: in __connect
    self.dbapi_connection = connection = pool._invoke_creator(self)
                                         ^^^^^^^^^^^^^^^^^^^^^^^^^^
C:\Users\balaj\AppData\Local\Programs\Python\Python312\Lib\site-packages\sqlalchemy\engine\create.py:667: in connect
    return dialect.connect(*cargs_tup, **cparams)
           ^^^^^^^^^^^^^^^^^^^^^^^^^^^^^^^^^^^^^^
C:\Users\balaj\AppData\Local\Programs\Python\Python312\Lib\site-packages\sqlalchemy\engine\default.py:630: in connect
    return self.loaded_dbapi.connect(*cargs, **cparams)  # type: ignore[no-any-return]  # NOQA: E501
           ^^^^^^^^^^^^^^^^^^^^^^^^^^^^^^^^^^^^^^^^^^^^
C:\Users\balaj\AppData\Local\Programs\Python\Python312\Lib\site-packages\psycopg\connection.py:100: in connect
    attempts = conninfo_attempts(params)
               ^^^^^^^^^^^^^^^^^^^^^^^^^
_ _ _ _ _ _ _ _ _ _ _ _ _ _ _ _ _ _ _ _ _ _ _ _ _ _ _ _ _ _ _ _ _ _ _ _ _ _ _ _

params = {'host': 'example'}

    def conninfo_attempts(params: ConnMapping) -&gt; list[ConnDict]:
        """Split a set of connection params on the single attempts to perform.
    
        A connection param can perform more than one attempt more than one ``host``
        is provided.
    
        Also perform async resolution of the hostname into hostaddr. Because a host
        can resolve to more than one address, this can lead to yield more attempts
        too. Raise `OperationalError` if no host could be resolved.
    
        Because the libpq async function doesn't honour the timeout, we need to
        reimplement the repeated attempts.
        """
        last_exc = None
        attempts = []
        if prefer_standby := (
            get_param(params, "target_session_attrs") == "prefer-standby"
        ):
            params = {k: v for k, v in params.items() if k != "target_session_attrs"}
    
        for attempt in split_attempts(params):
            try:
                attempts.extend(_resolve_hostnames(attempt))
            except OSError as ex:
                last_exc = e.OperationalError(
                    f"failed to resolve host {attempt.get('host')!r}: {ex}"
                )
                logger.debug("%s", last_exc)
    
        if not attempts:
            assert last_exc
            # We couldn't resolve anything
&gt;           raise last_exc
E           psycopg.OperationalError: failed to resolve host 'example': [Errno 11001] getaddrinfo failed

C:\Users\balaj\AppData\Local\Programs\Python\Python312\Lib\site-packages\psycopg\_conninfo_attempts.py:55: OperationalError

The above exception was the direct cause of the following exception:

fixturedef = &lt;FixtureDef argname='db' scope='function' baseid='tests'&gt;
request = &lt;SubRequest 'db' for &lt;Function test_complete_task&gt;&gt;

    @pytest.hookimpl(wrapper=True)
    def pytest_fixture_setup(fixturedef: FixtureDef, request) -&gt; object | None:
        asyncio_mode = _get_asyncio_mode(request.config)
        if not _is_asyncio_fixture_function(fixturedef.func):
            if asyncio_mode == Mode.STRICT:
                # Ignore async fixtures without explicit asyncio mark in strict mode
                # This applies to pytest_trio fixtures, for example
&gt;               return (yield)
                        ^^^^^

C:\Users\balaj\AppData\Local\Programs\Python\Python312\Lib\site-packages\pytest_asyncio\plugin.py:728: 
_ _ _ _ _ _ _ _ _ _ _ _ _ _ _ _ _ _ _ _ _ _ _ _ _ _ _ _ _ _ _ _ _ _ _ _ _ _ _ _
tests\conftest.py:39: in db
    connection = engine.connect()
                 ^^^^^^^^^^^^^^^^
C:\Users\balaj\AppData\Local\Programs\Python\Python312\Lib\site-packages\sqlalchemy\engine\base.py:3293: in connect
    return self._connection_cls(self)
           ^^^^^^^^^^^^^^^^^^^^^^^^^^
C:\Users\balaj\AppData\Local\Programs\Python\Python312\Lib\site-packages\sqlalchemy\engine\base.py:145: in __init__
    Connection._handle_dbapi_exception_noconnection(
C:\Users\balaj\AppData\Local\Programs\Python\Python312\Lib\site-packages\sqlalchemy\engine\base.py:2448: in _handle_dbapi_exception_noconnection
    raise sqlalchemy_exception.with_traceback(exc_info[2]) from e
C:\Users\balaj\AppData\Local\Programs\Python\Python312\Lib\site-packages\sqlalchemy\engine\base.py:143: in __init__
    self._dbapi_connection = engine.raw_connection()
                             ^^^^^^^^^^^^^^^^^^^^^^^
C:\Users\balaj\AppData\Local\Programs\Python\Python312\Lib\site-packages\sqlalchemy\engine\base.py:3317: in raw_connection
    return self.pool.connect()
           ^^^^^^^^^^^^^^^^^^^
C:\Users\balaj\AppData\Local\Programs\Python\Python312\Lib\site-packages\sqlalchemy\pool\base.py:448: in connect
    return _ConnectionFairy._checkout(self)
           ^^^^^^^^^^^^^^^^^^^^^^^^^^^^^^^^
C:\Users\balaj\AppData\Local\Programs\Python\Python312\Lib\site-packages\sqlalchemy\pool\base.py:1272: in _checkout
    fairy = _ConnectionRecord.checkout(pool)
            ^^^^^^^^^^^^^^^^^^^^^^^^^^^^^^^^
C:\Users\balaj\AppData\Local\Programs\Python\Python312\Lib\site-packages\sqlalchemy\pool\base.py:712: in checkout
    rec = pool._do_get()
          ^^^^^^^^^^^^^^
C:\Users\balaj\AppData\Local\Programs\Python\Python312\Lib\site-packages\sqlalchemy\pool\impl.py:177: in _do_get
    with util.safe_reraise():
C:\Users\balaj\AppData\Local\Programs\Python\Python312\Lib\site-packages\sqlalchemy\util\langhelpers.py:121: in __exit__
    raise exc_value.with_traceback(exc_tb)
C:\Users\balaj\AppData\Local\Programs\Python\Python312\Lib\site-packages\sqlalchemy\pool\impl.py:175: in _do_get
    return self._create_connection()
           ^^^^^^^^^^^^^^^^^^^^^^^^^
C:\Users\balaj\AppData\Local\Programs\Python\Python312\Lib\site-packages\sqlalchemy\pool\base.py:389: in _create_connection
    return _ConnectionRecord(self)
           ^^^^^^^^^^^^^^^^^^^^^^^
C:\Users\balaj\AppData\Local\Programs\Python\Python312\Lib\site-packages\sqlalchemy\pool\base.py:674: in __init__
    self.__connect()
C:\Users\balaj\AppData\Local\Programs\Python\Python312\Lib\site-packages\sqlalchemy\pool\base.py:900: in __connect
    with util.safe_reraise():
C:\Users\balaj\AppData\Local\Programs\Python\Python312\Lib\site-packages\sqlalchemy\util\langhelpers.py:121: in __exit__
    raise exc_value.with_traceback(exc_tb)
C:\Users\balaj\AppData\Local\Programs\Python\Python312\Lib\site-packages\sqlalchemy\pool\base.py:896: in __connect
    self.dbapi_connection = connection = pool._invoke_creator(self)
                                         ^^^^^^^^^^^^^^^^^^^^^^^^^^
C:\Users\balaj\AppData\Local\Programs\Python\Python312\Lib\site-packages\sqlalchemy\engine\create.py:667: in connect
    return dialect.connect(*cargs_tup, **cparams)
           ^^^^^^^^^^^^^^^^^^^^^^^^^^^^^^^^^^^^^^
C:\Users\balaj\AppData\Local\Programs\Python\Python312\Lib\site-packages\sqlalchemy\engine\default.py:630: in connect
    return self.loaded_dbapi.connect(*cargs, **cparams)  # type: ignore[no-any-return]  # NOQA: E501
           ^^^^^^^^^^^^^^^^^^^^^^^^^^^^^^^^^^^^^^^^^^^^
C:\Users\balaj\AppData\Local\Programs\Python\Python312\Lib\site-packages\psycopg\connection.py:100: in connect
    attempts = conninfo_attempts(params)
               ^^^^^^^^^^^^^^^^^^^^^^^^^
_ _ _ _ _ _ _ _ _ _ _ _ _ _ _ _ _ _ _ _ _ _ _ _ _ _ _ _ _ _ _ _ _ _ _ _ _ _ _ _

params = {'host': 'example'}

    def conninfo_attempts(params: ConnMapping) -&gt; list[ConnDict]:
        """Split a set of connection params on the single attempts to perform.
    
        A connection param can perform more than one attempt more than one ``host``
        is provided.
    
        Also perform async resolution of the hostname into hostaddr. Because a host
        can resolve to more than one address, this can lead to yield more attempts
        too. Raise `OperationalError` if no host could be resolved.
    
        Because the libpq async function doesn't honour the timeout, we need to
        reimplement the repeated attempts.
        """
        last_exc = None
        attempts = []
        if prefer_standby := (
            get_param(params, "target_session_attrs") == "prefer-standby"
        ):
            params = {k: v for k, v in params.items() if k != "target_session_attrs"}
    
        for attempt in split_attempts(params):
            try:
                attempts.extend(_resolve_hostnames(attempt))
            except OSError as ex:
                last_exc = e.OperationalError(
                    f"failed to resolve host {attempt.get('host')!r}: {ex}"
                )
                logger.debug("%s", last_exc)
    
        if not attempts:
            assert last_exc
            # We couldn't resolve anything
&gt;           raise last_exc
E           sqlalchemy.exc.OperationalError: (psycopg.OperationalError) failed to resolve host 'example': [Errno 11001] getaddrinfo failed
E           (Background on this error at: https://sqlalche.me/e/20/e3q8)

C:\Users\balaj\AppData\Local\Programs\Python\Python312\Lib\site-packages\psycopg\_conninfo_attempts.py:55: OperationalError</error></testcase><testcase classname="tests.test_endpoints" name="test_cancel_task" time="2.279"><error message="failed on setup with &quot;sqlalchemy.exc.OperationalError: (psycopg.OperationalError) failed to resolve host 'example': [Errno 11001] getaddrinfo failed&#10;(Background on this error at: https://sqlalche.me/e/20/e3q8)&quot;">self = &lt;sqlalchemy.engine.base.Connection object at 0x00000294353A4260&gt;
engine = Engine(postgresql+psycopg://example), connection = None
_has_events = None, _allow_revalidate = True, _allow_autobegin = True

    def __init__(
        self,
        engine: Engine,
        connection: Optional[PoolProxiedConnection] = None,
        _has_events: Optional[bool] = None,
        _allow_revalidate: bool = True,
        _allow_autobegin: bool = True,
    ):
        """Construct a new Connection."""
        self.engine = engine
        self.dialect = dialect = engine.dialect
    
        if connection is None:
            try:
&gt;               self._dbapi_connection = engine.raw_connection()
                                         ^^^^^^^^^^^^^^^^^^^^^^^

C:\Users\balaj\AppData\Local\Programs\Python\Python312\Lib\site-packages\sqlalchemy\engine\base.py:143: 
_ _ _ _ _ _ _ _ _ _ _ _ _ _ _ _ _ _ _ _ _ _ _ _ _ _ _ _ _ _ _ _ _ _ _ _ _ _ _ _
C:\Users\balaj\AppData\Local\Programs\Python\Python312\Lib\site-packages\sqlalchemy\engine\base.py:3317: in raw_connection
    return self.pool.connect()
           ^^^^^^^^^^^^^^^^^^^
C:\Users\balaj\AppData\Local\Programs\Python\Python312\Lib\site-packages\sqlalchemy\pool\base.py:448: in connect
    return _ConnectionFairy._checkout(self)
           ^^^^^^^^^^^^^^^^^^^^^^^^^^^^^^^^
C:\Users\balaj\AppData\Local\Programs\Python\Python312\Lib\site-packages\sqlalchemy\pool\base.py:1272: in _checkout
    fairy = _ConnectionRecord.checkout(pool)
            ^^^^^^^^^^^^^^^^^^^^^^^^^^^^^^^^
C:\Users\balaj\AppData\Local\Programs\Python\Python312\Lib\site-packages\sqlalchemy\pool\base.py:712: in checkout
    rec = pool._do_get()
          ^^^^^^^^^^^^^^
C:\Users\balaj\AppData\Local\Programs\Python\Python312\Lib\site-packages\sqlalchemy\pool\impl.py:177: in _do_get
    with util.safe_reraise():
C:\Users\balaj\AppData\Local\Programs\Python\Python312\Lib\site-packages\sqlalchemy\util\langhelpers.py:121: in __exit__
    raise exc_value.with_traceback(exc_tb)
C:\Users\balaj\AppData\Local\Programs\Python\Python312\Lib\site-packages\sqlalchemy\pool\impl.py:175: in _do_get
    return self._create_connection()
           ^^^^^^^^^^^^^^^^^^^^^^^^^
C:\Users\balaj\AppData\Local\Programs\Python\Python312\Lib\site-packages\sqlalchemy\pool\base.py:389: in _create_connection
    return _ConnectionRecord(self)
           ^^^^^^^^^^^^^^^^^^^^^^^
C:\Users\balaj\AppData\Local\Programs\Python\Python312\Lib\site-packages\sqlalchemy\pool\base.py:674: in __init__
    self.__connect()
C:\Users\balaj\AppData\Local\Programs\Python\Python312\Lib\site-packages\sqlalchemy\pool\base.py:900: in __connect
    with util.safe_reraise():
C:\Users\balaj\AppData\Local\Programs\Python\Python312\Lib\site-packages\sqlalchemy\util\langhelpers.py:121: in __exit__
    raise exc_value.with_traceback(exc_tb)
C:\Users\balaj\AppData\Local\Programs\Python\Python312\Lib\site-packages\sqlalchemy\pool\base.py:896: in __connect
    self.dbapi_connection = connection = pool._invoke_creator(self)
                                         ^^^^^^^^^^^^^^^^^^^^^^^^^^
C:\Users\balaj\AppData\Local\Programs\Python\Python312\Lib\site-packages\sqlalchemy\engine\create.py:667: in connect
    return dialect.connect(*cargs_tup, **cparams)
           ^^^^^^^^^^^^^^^^^^^^^^^^^^^^^^^^^^^^^^
C:\Users\balaj\AppData\Local\Programs\Python\Python312\Lib\site-packages\sqlalchemy\engine\default.py:630: in connect
    return self.loaded_dbapi.connect(*cargs, **cparams)  # type: ignore[no-any-return]  # NOQA: E501
           ^^^^^^^^^^^^^^^^^^^^^^^^^^^^^^^^^^^^^^^^^^^^
C:\Users\balaj\AppData\Local\Programs\Python\Python312\Lib\site-packages\psycopg\connection.py:100: in connect
    attempts = conninfo_attempts(params)
               ^^^^^^^^^^^^^^^^^^^^^^^^^
_ _ _ _ _ _ _ _ _ _ _ _ _ _ _ _ _ _ _ _ _ _ _ _ _ _ _ _ _ _ _ _ _ _ _ _ _ _ _ _

params = {'host': 'example'}

    def conninfo_attempts(params: ConnMapping) -&gt; list[ConnDict]:
        """Split a set of connection params on the single attempts to perform.
    
        A connection param can perform more than one attempt more than one ``host``
        is provided.
    
        Also perform async resolution of the hostname into hostaddr. Because a host
        can resolve to more than one address, this can lead to yield more attempts
        too. Raise `OperationalError` if no host could be resolved.
    
        Because the libpq async function doesn't honour the timeout, we need to
        reimplement the repeated attempts.
        """
        last_exc = None
        attempts = []
        if prefer_standby := (
            get_param(params, "target_session_attrs") == "prefer-standby"
        ):
            params = {k: v for k, v in params.items() if k != "target_session_attrs"}
    
        for attempt in split_attempts(params):
            try:
                attempts.extend(_resolve_hostnames(attempt))
            except OSError as ex:
                last_exc = e.OperationalError(
                    f"failed to resolve host {attempt.get('host')!r}: {ex}"
                )
                logger.debug("%s", last_exc)
    
        if not attempts:
            assert last_exc
            # We couldn't resolve anything
&gt;           raise last_exc
E           psycopg.OperationalError: failed to resolve host 'example': [Errno 11001] getaddrinfo failed

C:\Users\balaj\AppData\Local\Programs\Python\Python312\Lib\site-packages\psycopg\_conninfo_attempts.py:55: OperationalError

The above exception was the direct cause of the following exception:

fixturedef = &lt;FixtureDef argname='db' scope='function' baseid='tests'&gt;
request = &lt;SubRequest 'db' for &lt;Function test_cancel_task&gt;&gt;

    @pytest.hookimpl(wrapper=True)
    def pytest_fixture_setup(fixturedef: FixtureDef, request) -&gt; object | None:
        asyncio_mode = _get_asyncio_mode(request.config)
        if not _is_asyncio_fixture_function(fixturedef.func):
            if asyncio_mode == Mode.STRICT:
                # Ignore async fixtures without explicit asyncio mark in strict mode
                # This applies to pytest_trio fixtures, for example
&gt;               return (yield)
                        ^^^^^

C:\Users\balaj\AppData\Local\Programs\Python\Python312\Lib\site-packages\pytest_asyncio\plugin.py:728: 
_ _ _ _ _ _ _ _ _ _ _ _ _ _ _ _ _ _ _ _ _ _ _ _ _ _ _ _ _ _ _ _ _ _ _ _ _ _ _ _
tests\conftest.py:39: in db
    connection = engine.connect()
                 ^^^^^^^^^^^^^^^^
C:\Users\balaj\AppData\Local\Programs\Python\Python312\Lib\site-packages\sqlalchemy\engine\base.py:3293: in connect
    return self._connection_cls(self)
           ^^^^^^^^^^^^^^^^^^^^^^^^^^
C:\Users\balaj\AppData\Local\Programs\Python\Python312\Lib\site-packages\sqlalchemy\engine\base.py:145: in __init__
    Connection._handle_dbapi_exception_noconnection(
C:\Users\balaj\AppData\Local\Programs\Python\Python312\Lib\site-packages\sqlalchemy\engine\base.py:2448: in _handle_dbapi_exception_noconnection
    raise sqlalchemy_exception.with_traceback(exc_info[2]) from e
C:\Users\balaj\AppData\Local\Programs\Python\Python312\Lib\site-packages\sqlalchemy\engine\base.py:143: in __init__
    self._dbapi_connection = engine.raw_connection()
                             ^^^^^^^^^^^^^^^^^^^^^^^
C:\Users\balaj\AppData\Local\Programs\Python\Python312\Lib\site-packages\sqlalchemy\engine\base.py:3317: in raw_connection
    return self.pool.connect()
           ^^^^^^^^^^^^^^^^^^^
C:\Users\balaj\AppData\Local\Programs\Python\Python312\Lib\site-packages\sqlalchemy\pool\base.py:448: in connect
    return _ConnectionFairy._checkout(self)
           ^^^^^^^^^^^^^^^^^^^^^^^^^^^^^^^^
C:\Users\balaj\AppData\Local\Programs\Python\Python312\Lib\site-packages\sqlalchemy\pool\base.py:1272: in _checkout
    fairy = _ConnectionRecord.checkout(pool)
            ^^^^^^^^^^^^^^^^^^^^^^^^^^^^^^^^
C:\Users\balaj\AppData\Local\Programs\Python\Python312\Lib\site-packages\sqlalchemy\pool\base.py:712: in checkout
    rec = pool._do_get()
          ^^^^^^^^^^^^^^
C:\Users\balaj\AppData\Local\Programs\Python\Python312\Lib\site-packages\sqlalchemy\pool\impl.py:177: in _do_get
    with util.safe_reraise():
C:\Users\balaj\AppData\Local\Programs\Python\Python312\Lib\site-packages\sqlalchemy\util\langhelpers.py:121: in __exit__
    raise exc_value.with_traceback(exc_tb)
C:\Users\balaj\AppData\Local\Programs\Python\Python312\Lib\site-packages\sqlalchemy\pool\impl.py:175: in _do_get
    return self._create_connection()
           ^^^^^^^^^^^^^^^^^^^^^^^^^
C:\Users\balaj\AppData\Local\Programs\Python\Python312\Lib\site-packages\sqlalchemy\pool\base.py:389: in _create_connection
    return _ConnectionRecord(self)
           ^^^^^^^^^^^^^^^^^^^^^^^
C:\Users\balaj\AppData\Local\Programs\Python\Python312\Lib\site-packages\sqlalchemy\pool\base.py:674: in __init__
    self.__connect()
C:\Users\balaj\AppData\Local\Programs\Python\Python312\Lib\site-packages\sqlalchemy\pool\base.py:900: in __connect
    with util.safe_reraise():
C:\Users\balaj\AppData\Local\Programs\Python\Python312\Lib\site-packages\sqlalchemy\util\langhelpers.py:121: in __exit__
    raise exc_value.with_traceback(exc_tb)
C:\Users\balaj\AppData\Local\Programs\Python\Python312\Lib\site-packages\sqlalchemy\pool\base.py:896: in __connect
    self.dbapi_connection = connection = pool._invoke_creator(self)
                                         ^^^^^^^^^^^^^^^^^^^^^^^^^^
C:\Users\balaj\AppData\Local\Programs\Python\Python312\Lib\site-packages\sqlalchemy\engine\create.py:667: in connect
    return dialect.connect(*cargs_tup, **cparams)
           ^^^^^^^^^^^^^^^^^^^^^^^^^^^^^^^^^^^^^^
C:\Users\balaj\AppData\Local\Programs\Python\Python312\Lib\site-packages\sqlalchemy\engine\default.py:630: in connect
    return self.loaded_dbapi.connect(*cargs, **cparams)  # type: ignore[no-any-return]  # NOQA: E501
           ^^^^^^^^^^^^^^^^^^^^^^^^^^^^^^^^^^^^^^^^^^^^
C:\Users\balaj\AppData\Local\Programs\Python\Python312\Lib\site-packages\psycopg\connection.py:100: in connect
    attempts = conninfo_attempts(params)
               ^^^^^^^^^^^^^^^^^^^^^^^^^
_ _ _ _ _ _ _ _ _ _ _ _ _ _ _ _ _ _ _ _ _ _ _ _ _ _ _ _ _ _ _ _ _ _ _ _ _ _ _ _

params = {'host': 'example'}

    def conninfo_attempts(params: ConnMapping) -&gt; list[ConnDict]:
        """Split a set of connection params on the single attempts to perform.
    
        A connection param can perform more than one attempt more than one ``host``
        is provided.
    
        Also perform async resolution of the hostname into hostaddr. Because a host
        can resolve to more than one address, this can lead to yield more attempts
        too. Raise `OperationalError` if no host could be resolved.
    
        Because the libpq async function doesn't honour the timeout, we need to
        reimplement the repeated attempts.
        """
        last_exc = None
        attempts = []
        if prefer_standby := (
            get_param(params, "target_session_attrs") == "prefer-standby"
        ):
            params = {k: v for k, v in params.items() if k != "target_session_attrs"}
    
        for attempt in split_attempts(params):
            try:
                attempts.extend(_resolve_hostnames(attempt))
            except OSError as ex:
                last_exc = e.OperationalError(
                    f"failed to resolve host {attempt.get('host')!r}: {ex}"
                )
                logger.debug("%s", last_exc)
    
        if not attempts:
            assert last_exc
            # We couldn't resolve anything
&gt;           raise last_exc
E           sqlalchemy.exc.OperationalError: (psycopg.OperationalError) failed to resolve host 'example': [Errno 11001] getaddrinfo failed
E           (Background on this error at: https://sqlalche.me/e/20/e3q8)

C:\Users\balaj\AppData\Local\Programs\Python\Python312\Lib\site-packages\psycopg\_conninfo_attempts.py:55: OperationalError</error></testcase><testcase classname="tests.test_endpoints" name="test_auto_assign" time="2.272"><error message="failed on setup with &quot;sqlalchemy.exc.OperationalError: (psycopg.OperationalError) failed to resolve host 'example': [Errno 11001] getaddrinfo failed&#10;(Background on this error at: https://sqlalche.me/e/20/e3q8)&quot;">self = &lt;sqlalchemy.engine.base.Connection object at 0x00000294353C6570&gt;
engine = Engine(postgresql+psycopg://example), connection = None
_has_events = None, _allow_revalidate = True, _allow_autobegin = True

    def __init__(
        self,
        engine: Engine,
        connection: Optional[PoolProxiedConnection] = None,
        _has_events: Optional[bool] = None,
        _allow_revalidate: bool = True,
        _allow_autobegin: bool = True,
    ):
        """Construct a new Connection."""
        self.engine = engine
        self.dialect = dialect = engine.dialect
    
        if connection is None:
            try:
&gt;               self._dbapi_connection = engine.raw_connection()
                                         ^^^^^^^^^^^^^^^^^^^^^^^

C:\Users\balaj\AppData\Local\Programs\Python\Python312\Lib\site-packages\sqlalchemy\engine\base.py:143: 
_ _ _ _ _ _ _ _ _ _ _ _ _ _ _ _ _ _ _ _ _ _ _ _ _ _ _ _ _ _ _ _ _ _ _ _ _ _ _ _
C:\Users\balaj\AppData\Local\Programs\Python\Python312\Lib\site-packages\sqlalchemy\engine\base.py:3317: in raw_connection
    return self.pool.connect()
           ^^^^^^^^^^^^^^^^^^^
C:\Users\balaj\AppData\Local\Programs\Python\Python312\Lib\site-packages\sqlalchemy\pool\base.py:448: in connect
    return _ConnectionFairy._checkout(self)
           ^^^^^^^^^^^^^^^^^^^^^^^^^^^^^^^^
C:\Users\balaj\AppData\Local\Programs\Python\Python312\Lib\site-packages\sqlalchemy\pool\base.py:1272: in _checkout
    fairy = _ConnectionRecord.checkout(pool)
            ^^^^^^^^^^^^^^^^^^^^^^^^^^^^^^^^
C:\Users\balaj\AppData\Local\Programs\Python\Python312\Lib\site-packages\sqlalchemy\pool\base.py:712: in checkout
    rec = pool._do_get()
          ^^^^^^^^^^^^^^
C:\Users\balaj\AppData\Local\Programs\Python\Python312\Lib\site-packages\sqlalchemy\pool\impl.py:177: in _do_get
    with util.safe_reraise():
C:\Users\balaj\AppData\Local\Programs\Python\Python312\Lib\site-packages\sqlalchemy\util\langhelpers.py:121: in __exit__
    raise exc_value.with_traceback(exc_tb)
C:\Users\balaj\AppData\Local\Programs\Python\Python312\Lib\site-packages\sqlalchemy\pool\impl.py:175: in _do_get
    return self._create_connection()
           ^^^^^^^^^^^^^^^^^^^^^^^^^
C:\Users\balaj\AppData\Local\Programs\Python\Python312\Lib\site-packages\sqlalchemy\pool\base.py:389: in _create_connection
    return _ConnectionRecord(self)
           ^^^^^^^^^^^^^^^^^^^^^^^
C:\Users\balaj\AppData\Local\Programs\Python\Python312\Lib\site-packages\sqlalchemy\pool\base.py:674: in __init__
    self.__connect()
C:\Users\balaj\AppData\Local\Programs\Python\Python312\Lib\site-packages\sqlalchemy\pool\base.py:900: in __connect
    with util.safe_reraise():
C:\Users\balaj\AppData\Local\Programs\Python\Python312\Lib\site-packages\sqlalchemy\util\langhelpers.py:121: in __exit__
    raise exc_value.with_traceback(exc_tb)
C:\Users\balaj\AppData\Local\Programs\Python\Python312\Lib\site-packages\sqlalchemy\pool\base.py:896: in __connect
    self.dbapi_connection = connection = pool._invoke_creator(self)
                                         ^^^^^^^^^^^^^^^^^^^^^^^^^^
C:\Users\balaj\AppData\Local\Programs\Python\Python312\Lib\site-packages\sqlalchemy\engine\create.py:667: in connect
    return dialect.connect(*cargs_tup, **cparams)
           ^^^^^^^^^^^^^^^^^^^^^^^^^^^^^^^^^^^^^^
C:\Users\balaj\AppData\Local\Programs\Python\Python312\Lib\site-packages\sqlalchemy\engine\default.py:630: in connect
    return self.loaded_dbapi.connect(*cargs, **cparams)  # type: ignore[no-any-return]  # NOQA: E501
           ^^^^^^^^^^^^^^^^^^^^^^^^^^^^^^^^^^^^^^^^^^^^
C:\Users\balaj\AppData\Local\Programs\Python\Python312\Lib\site-packages\psycopg\connection.py:100: in connect
    attempts = conninfo_attempts(params)
               ^^^^^^^^^^^^^^^^^^^^^^^^^
_ _ _ _ _ _ _ _ _ _ _ _ _ _ _ _ _ _ _ _ _ _ _ _ _ _ _ _ _ _ _ _ _ _ _ _ _ _ _ _

params = {'host': 'example'}

    def conninfo_attempts(params: ConnMapping) -&gt; list[ConnDict]:
        """Split a set of connection params on the single attempts to perform.
    
        A connection param can perform more than one attempt more than one ``host``
        is provided.
    
        Also perform async resolution of the hostname into hostaddr. Because a host
        can resolve to more than one address, this can lead to yield more attempts
        too. Raise `OperationalError` if no host could be resolved.
    
        Because the libpq async function doesn't honour the timeout, we need to
        reimplement the repeated attempts.
        """
        last_exc = None
        attempts = []
        if prefer_standby := (
            get_param(params, "target_session_attrs") == "prefer-standby"
        ):
            params = {k: v for k, v in params.items() if k != "target_session_attrs"}
    
        for attempt in split_attempts(params):
            try:
                attempts.extend(_resolve_hostnames(attempt))
            except OSError as ex:
                last_exc = e.OperationalError(
                    f"failed to resolve host {attempt.get('host')!r}: {ex}"
                )
                logger.debug("%s", last_exc)
    
        if not attempts:
            assert last_exc
            # We couldn't resolve anything
&gt;           raise last_exc
E           psycopg.OperationalError: failed to resolve host 'example': [Errno 11001] getaddrinfo failed

C:\Users\balaj\AppData\Local\Programs\Python\Python312\Lib\site-packages\psycopg\_conninfo_attempts.py:55: OperationalError

The above exception was the direct cause of the following exception:

fixturedef = &lt;FixtureDef argname='db' scope='function' baseid='tests'&gt;
request = &lt;SubRequest 'db' for &lt;Function test_auto_assign&gt;&gt;

    @pytest.hookimpl(wrapper=True)
    def pytest_fixture_setup(fixturedef: FixtureDef, request) -&gt; object | None:
        asyncio_mode = _get_asyncio_mode(request.config)
        if not _is_asyncio_fixture_function(fixturedef.func):
            if asyncio_mode == Mode.STRICT:
                # Ignore async fixtures without explicit asyncio mark in strict mode
                # This applies to pytest_trio fixtures, for example
&gt;               return (yield)
                        ^^^^^

C:\Users\balaj\AppData\Local\Programs\Python\Python312\Lib\site-packages\pytest_asyncio\plugin.py:728: 
_ _ _ _ _ _ _ _ _ _ _ _ _ _ _ _ _ _ _ _ _ _ _ _ _ _ _ _ _ _ _ _ _ _ _ _ _ _ _ _
tests\conftest.py:39: in db
    connection = engine.connect()
                 ^^^^^^^^^^^^^^^^
C:\Users\balaj\AppData\Local\Programs\Python\Python312\Lib\site-packages\sqlalchemy\engine\base.py:3293: in connect
    return self._connection_cls(self)
           ^^^^^^^^^^^^^^^^^^^^^^^^^^
C:\Users\balaj\AppData\Local\Programs\Python\Python312\Lib\site-packages\sqlalchemy\engine\base.py:145: in __init__
    Connection._handle_dbapi_exception_noconnection(
C:\Users\balaj\AppData\Local\Programs\Python\Python312\Lib\site-packages\sqlalchemy\engine\base.py:2448: in _handle_dbapi_exception_noconnection
    raise sqlalchemy_exception.with_traceback(exc_info[2]) from e
C:\Users\balaj\AppData\Local\Programs\Python\Python312\Lib\site-packages\sqlalchemy\engine\base.py:143: in __init__
    self._dbapi_connection = engine.raw_connection()
                             ^^^^^^^^^^^^^^^^^^^^^^^
C:\Users\balaj\AppData\Local\Programs\Python\Python312\Lib\site-packages\sqlalchemy\engine\base.py:3317: in raw_connection
    return self.pool.connect()
           ^^^^^^^^^^^^^^^^^^^
C:\Users\balaj\AppData\Local\Programs\Python\Python312\Lib\site-packages\sqlalchemy\pool\base.py:448: in connect
    return _ConnectionFairy._checkout(self)
           ^^^^^^^^^^^^^^^^^^^^^^^^^^^^^^^^
C:\Users\balaj\AppData\Local\Programs\Python\Python312\Lib\site-packages\sqlalchemy\pool\base.py:1272: in _checkout
    fairy = _ConnectionRecord.checkout(pool)
            ^^^^^^^^^^^^^^^^^^^^^^^^^^^^^^^^
C:\Users\balaj\AppData\Local\Programs\Python\Python312\Lib\site-packages\sqlalchemy\pool\base.py:712: in checkout
    rec = pool._do_get()
          ^^^^^^^^^^^^^^
C:\Users\balaj\AppData\Local\Programs\Python\Python312\Lib\site-packages\sqlalchemy\pool\impl.py:177: in _do_get
    with util.safe_reraise():
C:\Users\balaj\AppData\Local\Programs\Python\Python312\Lib\site-packages\sqlalchemy\util\langhelpers.py:121: in __exit__
    raise exc_value.with_traceback(exc_tb)
C:\Users\balaj\AppData\Local\Programs\Python\Python312\Lib\site-packages\sqlalchemy\pool\impl.py:175: in _do_get
    return self._create_connection()
           ^^^^^^^^^^^^^^^^^^^^^^^^^
C:\Users\balaj\AppData\Local\Programs\Python\Python312\Lib\site-packages\sqlalchemy\pool\base.py:389: in _create_connection
    return _ConnectionRecord(self)
           ^^^^^^^^^^^^^^^^^^^^^^^
C:\Users\balaj\AppData\Local\Programs\Python\Python312\Lib\site-packages\sqlalchemy\pool\base.py:674: in __init__
    self.__connect()
C:\Users\balaj\AppData\Local\Programs\Python\Python312\Lib\site-packages\sqlalchemy\pool\base.py:900: in __connect
    with util.safe_reraise():
C:\Users\balaj\AppData\Local\Programs\Python\Python312\Lib\site-packages\sqlalchemy\util\langhelpers.py:121: in __exit__
    raise exc_value.with_traceback(exc_tb)
C:\Users\balaj\AppData\Local\Programs\Python\Python312\Lib\site-packages\sqlalchemy\pool\base.py:896: in __connect
    self.dbapi_connection = connection = pool._invoke_creator(self)
                                         ^^^^^^^^^^^^^^^^^^^^^^^^^^
C:\Users\balaj\AppData\Local\Programs\Python\Python312\Lib\site-packages\sqlalchemy\engine\create.py:667: in connect
    return dialect.connect(*cargs_tup, **cparams)
           ^^^^^^^^^^^^^^^^^^^^^^^^^^^^^^^^^^^^^^
C:\Users\balaj\AppData\Local\Programs\Python\Python312\Lib\site-packages\sqlalchemy\engine\default.py:630: in connect
    return self.loaded_dbapi.connect(*cargs, **cparams)  # type: ignore[no-any-return]  # NOQA: E501
           ^^^^^^^^^^^^^^^^^^^^^^^^^^^^^^^^^^^^^^^^^^^^
C:\Users\balaj\AppData\Local\Programs\Python\Python312\Lib\site-packages\psycopg\connection.py:100: in connect
    attempts = conninfo_attempts(params)
               ^^^^^^^^^^^^^^^^^^^^^^^^^
_ _ _ _ _ _ _ _ _ _ _ _ _ _ _ _ _ _ _ _ _ _ _ _ _ _ _ _ _ _ _ _ _ _ _ _ _ _ _ _

params = {'host': 'example'}

    def conninfo_attempts(params: ConnMapping) -&gt; list[ConnDict]:
        """Split a set of connection params on the single attempts to perform.
    
        A connection param can perform more than one attempt more than one ``host``
        is provided.
    
        Also perform async resolution of the hostname into hostaddr. Because a host
        can resolve to more than one address, this can lead to yield more attempts
        too. Raise `OperationalError` if no host could be resolved.
    
        Because the libpq async function doesn't honour the timeout, we need to
        reimplement the repeated attempts.
        """
        last_exc = None
        attempts = []
        if prefer_standby := (
            get_param(params, "target_session_attrs") == "prefer-standby"
        ):
            params = {k: v for k, v in params.items() if k != "target_session_attrs"}
    
        for attempt in split_attempts(params):
            try:
                attempts.extend(_resolve_hostnames(attempt))
            except OSError as ex:
                last_exc = e.OperationalError(
                    f"failed to resolve host {attempt.get('host')!r}: {ex}"
                )
                logger.debug("%s", last_exc)
    
        if not attempts:
            assert last_exc
            # We couldn't resolve anything
&gt;           raise last_exc
E           sqlalchemy.exc.OperationalError: (psycopg.OperationalError) failed to resolve host 'example': [Errno 11001] getaddrinfo failed
E           (Background on this error at: https://sqlalche.me/e/20/e3q8)

C:\Users\balaj\AppData\Local\Programs\Python\Python312\Lib\site-packages\psycopg\_conninfo_attempts.py:55: OperationalError</error></testcase><testcase classname="tests.test_endpoints" name="test_reassign_task" time="2.284"><error message="failed on setup with &quot;sqlalchemy.exc.OperationalError: (psycopg.OperationalError) failed to resolve host 'example': [Errno 11001] getaddrinfo failed&#10;(Background on this error at: https://sqlalche.me/e/20/e3q8)&quot;">self = &lt;sqlalchemy.engine.base.Connection object at 0x00000294353C5760&gt;
engine = Engine(postgresql+psycopg://example), connection = None
_has_events = None, _allow_revalidate = True, _allow_autobegin = True

    def __init__(
        self,
        engine: Engine,
        connection: Optional[PoolProxiedConnection] = None,
        _has_events: Optional[bool] = None,
        _allow_revalidate: bool = True,
        _allow_autobegin: bool = True,
    ):
        """Construct a new Connection."""
        self.engine = engine
        self.dialect = dialect = engine.dialect
    
        if connection is None:
            try:
&gt;               self._dbapi_connection = engine.raw_connection()
                                         ^^^^^^^^^^^^^^^^^^^^^^^

C:\Users\balaj\AppData\Local\Programs\Python\Python312\Lib\site-packages\sqlalchemy\engine\base.py:143: 
_ _ _ _ _ _ _ _ _ _ _ _ _ _ _ _ _ _ _ _ _ _ _ _ _ _ _ _ _ _ _ _ _ _ _ _ _ _ _ _
C:\Users\balaj\AppData\Local\Programs\Python\Python312\Lib\site-packages\sqlalchemy\engine\base.py:3317: in raw_connection
    return self.pool.connect()
           ^^^^^^^^^^^^^^^^^^^
C:\Users\balaj\AppData\Local\Programs\Python\Python312\Lib\site-packages\sqlalchemy\pool\base.py:448: in connect
    return _ConnectionFairy._checkout(self)
           ^^^^^^^^^^^^^^^^^^^^^^^^^^^^^^^^
C:\Users\balaj\AppData\Local\Programs\Python\Python312\Lib\site-packages\sqlalchemy\pool\base.py:1272: in _checkout
    fairy = _ConnectionRecord.checkout(pool)
            ^^^^^^^^^^^^^^^^^^^^^^^^^^^^^^^^
C:\Users\balaj\AppData\Local\Programs\Python\Python312\Lib\site-packages\sqlalchemy\pool\base.py:712: in checkout
    rec = pool._do_get()
          ^^^^^^^^^^^^^^
C:\Users\balaj\AppData\Local\Programs\Python\Python312\Lib\site-packages\sqlalchemy\pool\impl.py:177: in _do_get
    with util.safe_reraise():
C:\Users\balaj\AppData\Local\Programs\Python\Python312\Lib\site-packages\sqlalchemy\util\langhelpers.py:121: in __exit__
    raise exc_value.with_traceback(exc_tb)
C:\Users\balaj\AppData\Local\Programs\Python\Python312\Lib\site-packages\sqlalchemy\pool\impl.py:175: in _do_get
    return self._create_connection()
           ^^^^^^^^^^^^^^^^^^^^^^^^^
C:\Users\balaj\AppData\Local\Programs\Python\Python312\Lib\site-packages\sqlalchemy\pool\base.py:389: in _create_connection
    return _ConnectionRecord(self)
           ^^^^^^^^^^^^^^^^^^^^^^^
C:\Users\balaj\AppData\Local\Programs\Python\Python312\Lib\site-packages\sqlalchemy\pool\base.py:674: in __init__
    self.__connect()
C:\Users\balaj\AppData\Local\Programs\Python\Python312\Lib\site-packages\sqlalchemy\pool\base.py:900: in __connect
    with util.safe_reraise():
C:\Users\balaj\AppData\Local\Programs\Python\Python312\Lib\site-packages\sqlalchemy\util\langhelpers.py:121: in __exit__
    raise exc_value.with_traceback(exc_tb)
C:\Users\balaj\AppData\Local\Programs\Python\Python312\Lib\site-packages\sqlalchemy\pool\base.py:896: in __connect
    self.dbapi_connection = connection = pool._invoke_creator(self)
                                         ^^^^^^^^^^^^^^^^^^^^^^^^^^
C:\Users\balaj\AppData\Local\Programs\Python\Python312\Lib\site-packages\sqlalchemy\engine\create.py:667: in connect
    return dialect.connect(*cargs_tup, **cparams)
           ^^^^^^^^^^^^^^^^^^^^^^^^^^^^^^^^^^^^^^
C:\Users\balaj\AppData\Local\Programs\Python\Python312\Lib\site-packages\sqlalchemy\engine\default.py:630: in connect
    return self.loaded_dbapi.connect(*cargs, **cparams)  # type: ignore[no-any-return]  # NOQA: E501
           ^^^^^^^^^^^^^^^^^^^^^^^^^^^^^^^^^^^^^^^^^^^^
C:\Users\balaj\AppData\Local\Programs\Python\Python312\Lib\site-packages\psycopg\connection.py:100: in connect
    attempts = conninfo_attempts(params)
               ^^^^^^^^^^^^^^^^^^^^^^^^^
_ _ _ _ _ _ _ _ _ _ _ _ _ _ _ _ _ _ _ _ _ _ _ _ _ _ _ _ _ _ _ _ _ _ _ _ _ _ _ _

params = {'host': 'example'}

    def conninfo_attempts(params: ConnMapping) -&gt; list[ConnDict]:
        """Split a set of connection params on the single attempts to perform.
    
        A connection param can perform more than one attempt more than one ``host``
        is provided.
    
        Also perform async resolution of the hostname into hostaddr. Because a host
        can resolve to more than one address, this can lead to yield more attempts
        too. Raise `OperationalError` if no host could be resolved.
    
        Because the libpq async function doesn't honour the timeout, we need to
        reimplement the repeated attempts.
        """
        last_exc = None
        attempts = []
        if prefer_standby := (
            get_param(params, "target_session_attrs") == "prefer-standby"
        ):
            params = {k: v for k, v in params.items() if k != "target_session_attrs"}
    
        for attempt in split_attempts(params):
            try:
                attempts.extend(_resolve_hostnames(attempt))
            except OSError as ex:
                last_exc = e.OperationalError(
                    f"failed to resolve host {attempt.get('host')!r}: {ex}"
                )
                logger.debug("%s", last_exc)
    
        if not attempts:
            assert last_exc
            # We couldn't resolve anything
&gt;           raise last_exc
E           psycopg.OperationalError: failed to resolve host 'example': [Errno 11001] getaddrinfo failed

C:\Users\balaj\AppData\Local\Programs\Python\Python312\Lib\site-packages\psycopg\_conninfo_attempts.py:55: OperationalError

The above exception was the direct cause of the following exception:

fixturedef = &lt;FixtureDef argname='db' scope='function' baseid='tests'&gt;
request = &lt;SubRequest 'db' for &lt;Function test_reassign_task&gt;&gt;

    @pytest.hookimpl(wrapper=True)
    def pytest_fixture_setup(fixturedef: FixtureDef, request) -&gt; object | None:
        asyncio_mode = _get_asyncio_mode(request.config)
        if not _is_asyncio_fixture_function(fixturedef.func):
            if asyncio_mode == Mode.STRICT:
                # Ignore async fixtures without explicit asyncio mark in strict mode
                # This applies to pytest_trio fixtures, for example
&gt;               return (yield)
                        ^^^^^

C:\Users\balaj\AppData\Local\Programs\Python\Python312\Lib\site-packages\pytest_asyncio\plugin.py:728: 
_ _ _ _ _ _ _ _ _ _ _ _ _ _ _ _ _ _ _ _ _ _ _ _ _ _ _ _ _ _ _ _ _ _ _ _ _ _ _ _
tests\conftest.py:39: in db
    connection = engine.connect()
                 ^^^^^^^^^^^^^^^^
C:\Users\balaj\AppData\Local\Programs\Python\Python312\Lib\site-packages\sqlalchemy\engine\base.py:3293: in connect
    return self._connection_cls(self)
           ^^^^^^^^^^^^^^^^^^^^^^^^^^
C:\Users\balaj\AppData\Local\Programs\Python\Python312\Lib\site-packages\sqlalchemy\engine\base.py:145: in __init__
    Connection._handle_dbapi_exception_noconnection(
C:\Users\balaj\AppData\Local\Programs\Python\Python312\Lib\site-packages\sqlalchemy\engine\base.py:2448: in _handle_dbapi_exception_noconnection
    raise sqlalchemy_exception.with_traceback(exc_info[2]) from e
C:\Users\balaj\AppData\Local\Programs\Python\Python312\Lib\site-packages\sqlalchemy\engine\base.py:143: in __init__
    self._dbapi_connection = engine.raw_connection()
                             ^^^^^^^^^^^^^^^^^^^^^^^
C:\Users\balaj\AppData\Local\Programs\Python\Python312\Lib\site-packages\sqlalchemy\engine\base.py:3317: in raw_connection
    return self.pool.connect()
           ^^^^^^^^^^^^^^^^^^^
C:\Users\balaj\AppData\Local\Programs\Python\Python312\Lib\site-packages\sqlalchemy\pool\base.py:448: in connect
    return _ConnectionFairy._checkout(self)
           ^^^^^^^^^^^^^^^^^^^^^^^^^^^^^^^^
C:\Users\balaj\AppData\Local\Programs\Python\Python312\Lib\site-packages\sqlalchemy\pool\base.py:1272: in _checkout
    fairy = _ConnectionRecord.checkout(pool)
            ^^^^^^^^^^^^^^^^^^^^^^^^^^^^^^^^
C:\Users\balaj\AppData\Local\Programs\Python\Python312\Lib\site-packages\sqlalchemy\pool\base.py:712: in checkout
    rec = pool._do_get()
          ^^^^^^^^^^^^^^
C:\Users\balaj\AppData\Local\Programs\Python\Python312\Lib\site-packages\sqlalchemy\pool\impl.py:177: in _do_get
    with util.safe_reraise():
C:\Users\balaj\AppData\Local\Programs\Python\Python312\Lib\site-packages\sqlalchemy\util\langhelpers.py:121: in __exit__
    raise exc_value.with_traceback(exc_tb)
C:\Users\balaj\AppData\Local\Programs\Python\Python312\Lib\site-packages\sqlalchemy\pool\impl.py:175: in _do_get
    return self._create_connection()
           ^^^^^^^^^^^^^^^^^^^^^^^^^
C:\Users\balaj\AppData\Local\Programs\Python\Python312\Lib\site-packages\sqlalchemy\pool\base.py:389: in _create_connection
    return _ConnectionRecord(self)
           ^^^^^^^^^^^^^^^^^^^^^^^
C:\Users\balaj\AppData\Local\Programs\Python\Python312\Lib\site-packages\sqlalchemy\pool\base.py:674: in __init__
    self.__connect()
C:\Users\balaj\AppData\Local\Programs\Python\Python312\Lib\site-packages\sqlalchemy\pool\base.py:900: in __connect
    with util.safe_reraise():
C:\Users\balaj\AppData\Local\Programs\Python\Python312\Lib\site-packages\sqlalchemy\util\langhelpers.py:121: in __exit__
    raise exc_value.with_traceback(exc_tb)
C:\Users\balaj\AppData\Local\Programs\Python\Python312\Lib\site-packages\sqlalchemy\pool\base.py:896: in __connect
    self.dbapi_connection = connection = pool._invoke_creator(self)
                                         ^^^^^^^^^^^^^^^^^^^^^^^^^^
C:\Users\balaj\AppData\Local\Programs\Python\Python312\Lib\site-packages\sqlalchemy\engine\create.py:667: in connect
    return dialect.connect(*cargs_tup, **cparams)
           ^^^^^^^^^^^^^^^^^^^^^^^^^^^^^^^^^^^^^^
C:\Users\balaj\AppData\Local\Programs\Python\Python312\Lib\site-packages\sqlalchemy\engine\default.py:630: in connect
    return self.loaded_dbapi.connect(*cargs, **cparams)  # type: ignore[no-any-return]  # NOQA: E501
           ^^^^^^^^^^^^^^^^^^^^^^^^^^^^^^^^^^^^^^^^^^^^
C:\Users\balaj\AppData\Local\Programs\Python\Python312\Lib\site-packages\psycopg\connection.py:100: in connect
    attempts = conninfo_attempts(params)
               ^^^^^^^^^^^^^^^^^^^^^^^^^
_ _ _ _ _ _ _ _ _ _ _ _ _ _ _ _ _ _ _ _ _ _ _ _ _ _ _ _ _ _ _ _ _ _ _ _ _ _ _ _

params = {'host': 'example'}

    def conninfo_attempts(params: ConnMapping) -&gt; list[ConnDict]:
        """Split a set of connection params on the single attempts to perform.
    
        A connection param can perform more than one attempt more than one ``host``
        is provided.
    
        Also perform async resolution of the hostname into hostaddr. Because a host
        can resolve to more than one address, this can lead to yield more attempts
        too. Raise `OperationalError` if no host could be resolved.
    
        Because the libpq async function doesn't honour the timeout, we need to
        reimplement the repeated attempts.
        """
        last_exc = None
        attempts = []
        if prefer_standby := (
            get_param(params, "target_session_attrs") == "prefer-standby"
        ):
            params = {k: v for k, v in params.items() if k != "target_session_attrs"}
    
        for attempt in split_attempts(params):
            try:
                attempts.extend(_resolve_hostnames(attempt))
            except OSError as ex:
                last_exc = e.OperationalError(
                    f"failed to resolve host {attempt.get('host')!r}: {ex}"
                )
                logger.debug("%s", last_exc)
    
        if not attempts:
            assert last_exc
            # We couldn't resolve anything
&gt;           raise last_exc
E           sqlalchemy.exc.OperationalError: (psycopg.OperationalError) failed to resolve host 'example': [Errno 11001] getaddrinfo failed
E           (Background on this error at: https://sqlalche.me/e/20/e3q8)

C:\Users\balaj\AppData\Local\Programs\Python\Python312\Lib\site-packages\psycopg\_conninfo_attempts.py:55: OperationalError</error></testcase><testcase classname="tests.test_endpoints" name="test_admin_stats_overview" time="2.272"><error message="failed on setup with &quot;sqlalchemy.exc.OperationalError: (psycopg.OperationalError) failed to resolve host 'example': [Errno 11001] getaddrinfo failed&#10;(Background on this error at: https://sqlalche.me/e/20/e3q8)&quot;">self = &lt;sqlalchemy.engine.base.Connection object at 0x00000294353BAB10&gt;
engine = Engine(postgresql+psycopg://example), connection = None
_has_events = None, _allow_revalidate = True, _allow_autobegin = True

    def __init__(
        self,
        engine: Engine,
        connection: Optional[PoolProxiedConnection] = None,
        _has_events: Optional[bool] = None,
        _allow_revalidate: bool = True,
        _allow_autobegin: bool = True,
    ):
        """Construct a new Connection."""
        self.engine = engine
        self.dialect = dialect = engine.dialect
    
        if connection is None:
            try:
&gt;               self._dbapi_connection = engine.raw_connection()
                                         ^^^^^^^^^^^^^^^^^^^^^^^

C:\Users\balaj\AppData\Local\Programs\Python\Python312\Lib\site-packages\sqlalchemy\engine\base.py:143: 
_ _ _ _ _ _ _ _ _ _ _ _ _ _ _ _ _ _ _ _ _ _ _ _ _ _ _ _ _ _ _ _ _ _ _ _ _ _ _ _
C:\Users\balaj\AppData\Local\Programs\Python\Python312\Lib\site-packages\sqlalchemy\engine\base.py:3317: in raw_connection
    return self.pool.connect()
           ^^^^^^^^^^^^^^^^^^^
C:\Users\balaj\AppData\Local\Programs\Python\Python312\Lib\site-packages\sqlalchemy\pool\base.py:448: in connect
    return _ConnectionFairy._checkout(self)
           ^^^^^^^^^^^^^^^^^^^^^^^^^^^^^^^^
C:\Users\balaj\AppData\Local\Programs\Python\Python312\Lib\site-packages\sqlalchemy\pool\base.py:1272: in _checkout
    fairy = _ConnectionRecord.checkout(pool)
            ^^^^^^^^^^^^^^^^^^^^^^^^^^^^^^^^
C:\Users\balaj\AppData\Local\Programs\Python\Python312\Lib\site-packages\sqlalchemy\pool\base.py:712: in checkout
    rec = pool._do_get()
          ^^^^^^^^^^^^^^
C:\Users\balaj\AppData\Local\Programs\Python\Python312\Lib\site-packages\sqlalchemy\pool\impl.py:177: in _do_get
    with util.safe_reraise():
C:\Users\balaj\AppData\Local\Programs\Python\Python312\Lib\site-packages\sqlalchemy\util\langhelpers.py:121: in __exit__
    raise exc_value.with_traceback(exc_tb)
C:\Users\balaj\AppData\Local\Programs\Python\Python312\Lib\site-packages\sqlalchemy\pool\impl.py:175: in _do_get
    return self._create_connection()
           ^^^^^^^^^^^^^^^^^^^^^^^^^
C:\Users\balaj\AppData\Local\Programs\Python\Python312\Lib\site-packages\sqlalchemy\pool\base.py:389: in _create_connection
    return _ConnectionRecord(self)
           ^^^^^^^^^^^^^^^^^^^^^^^
C:\Users\balaj\AppData\Local\Programs\Python\Python312\Lib\site-packages\sqlalchemy\pool\base.py:674: in __init__
    self.__connect()
C:\Users\balaj\AppData\Local\Programs\Python\Python312\Lib\site-packages\sqlalchemy\pool\base.py:900: in __connect
    with util.safe_reraise():
C:\Users\balaj\AppData\Local\Programs\Python\Python312\Lib\site-packages\sqlalchemy\util\langhelpers.py:121: in __exit__
    raise exc_value.with_traceback(exc_tb)
C:\Users\balaj\AppData\Local\Programs\Python\Python312\Lib\site-packages\sqlalchemy\pool\base.py:896: in __connect
    self.dbapi_connection = connection = pool._invoke_creator(self)
                                         ^^^^^^^^^^^^^^^^^^^^^^^^^^
C:\Users\balaj\AppData\Local\Programs\Python\Python312\Lib\site-packages\sqlalchemy\engine\create.py:667: in connect
    return dialect.connect(*cargs_tup, **cparams)
           ^^^^^^^^^^^^^^^^^^^^^^^^^^^^^^^^^^^^^^
C:\Users\balaj\AppData\Local\Programs\Python\Python312\Lib\site-packages\sqlalchemy\engine\default.py:630: in connect
    return self.loaded_dbapi.connect(*cargs, **cparams)  # type: ignore[no-any-return]  # NOQA: E501
           ^^^^^^^^^^^^^^^^^^^^^^^^^^^^^^^^^^^^^^^^^^^^
C:\Users\balaj\AppData\Local\Programs\Python\Python312\Lib\site-packages\psycopg\connection.py:100: in connect
    attempts = conninfo_attempts(params)
               ^^^^^^^^^^^^^^^^^^^^^^^^^
_ _ _ _ _ _ _ _ _ _ _ _ _ _ _ _ _ _ _ _ _ _ _ _ _ _ _ _ _ _ _ _ _ _ _ _ _ _ _ _

params = {'host': 'example'}

    def conninfo_attempts(params: ConnMapping) -&gt; list[ConnDict]:
        """Split a set of connection params on the single attempts to perform.
    
        A connection param can perform more than one attempt more than one ``host``
        is provided.
    
        Also perform async resolution of the hostname into hostaddr. Because a host
        can resolve to more than one address, this can lead to yield more attempts
        too. Raise `OperationalError` if no host could be resolved.
    
        Because the libpq async function doesn't honour the timeout, we need to
        reimplement the repeated attempts.
        """
        last_exc = None
        attempts = []
        if prefer_standby := (
            get_param(params, "target_session_attrs") == "prefer-standby"
        ):
            params = {k: v for k, v in params.items() if k != "target_session_attrs"}
    
        for attempt in split_attempts(params):
            try:
                attempts.extend(_resolve_hostnames(attempt))
            except OSError as ex:
                last_exc = e.OperationalError(
                    f"failed to resolve host {attempt.get('host')!r}: {ex}"
                )
                logger.debug("%s", last_exc)
    
        if not attempts:
            assert last_exc
            # We couldn't resolve anything
&gt;           raise last_exc
E           psycopg.OperationalError: failed to resolve host 'example': [Errno 11001] getaddrinfo failed

C:\Users\balaj\AppData\Local\Programs\Python\Python312\Lib\site-packages\psycopg\_conninfo_attempts.py:55: OperationalError

The above exception was the direct cause of the following exception:

fixturedef = &lt;FixtureDef argname='db' scope='function' baseid='tests'&gt;
request = &lt;SubRequest 'db' for &lt;Function test_admin_stats_overview&gt;&gt;

    @pytest.hookimpl(wrapper=True)
    def pytest_fixture_setup(fixturedef: FixtureDef, request) -&gt; object | None:
        asyncio_mode = _get_asyncio_mode(request.config)
        if not _is_asyncio_fixture_function(fixturedef.func):
            if asyncio_mode == Mode.STRICT:
                # Ignore async fixtures without explicit asyncio mark in strict mode
                # This applies to pytest_trio fixtures, for example
&gt;               return (yield)
                        ^^^^^

C:\Users\balaj\AppData\Local\Programs\Python\Python312\Lib\site-packages\pytest_asyncio\plugin.py:728: 
_ _ _ _ _ _ _ _ _ _ _ _ _ _ _ _ _ _ _ _ _ _ _ _ _ _ _ _ _ _ _ _ _ _ _ _ _ _ _ _
tests\conftest.py:39: in db
    connection = engine.connect()
                 ^^^^^^^^^^^^^^^^
C:\Users\balaj\AppData\Local\Programs\Python\Python312\Lib\site-packages\sqlalchemy\engine\base.py:3293: in connect
    return self._connection_cls(self)
           ^^^^^^^^^^^^^^^^^^^^^^^^^^
C:\Users\balaj\AppData\Local\Programs\Python\Python312\Lib\site-packages\sqlalchemy\engine\base.py:145: in __init__
    Connection._handle_dbapi_exception_noconnection(
C:\Users\balaj\AppData\Local\Programs\Python\Python312\Lib\site-packages\sqlalchemy\engine\base.py:2448: in _handle_dbapi_exception_noconnection
    raise sqlalchemy_exception.with_traceback(exc_info[2]) from e
C:\Users\balaj\AppData\Local\Programs\Python\Python312\Lib\site-packages\sqlalchemy\engine\base.py:143: in __init__
    self._dbapi_connection = engine.raw_connection()
                             ^^^^^^^^^^^^^^^^^^^^^^^
C:\Users\balaj\AppData\Local\Programs\Python\Python312\Lib\site-packages\sqlalchemy\engine\base.py:3317: in raw_connection
    return self.pool.connect()
           ^^^^^^^^^^^^^^^^^^^
C:\Users\balaj\AppData\Local\Programs\Python\Python312\Lib\site-packages\sqlalchemy\pool\base.py:448: in connect
    return _ConnectionFairy._checkout(self)
           ^^^^^^^^^^^^^^^^^^^^^^^^^^^^^^^^
C:\Users\balaj\AppData\Local\Programs\Python\Python312\Lib\site-packages\sqlalchemy\pool\base.py:1272: in _checkout
    fairy = _ConnectionRecord.checkout(pool)
            ^^^^^^^^^^^^^^^^^^^^^^^^^^^^^^^^
C:\Users\balaj\AppData\Local\Programs\Python\Python312\Lib\site-packages\sqlalchemy\pool\base.py:712: in checkout
    rec = pool._do_get()
          ^^^^^^^^^^^^^^
C:\Users\balaj\AppData\Local\Programs\Python\Python312\Lib\site-packages\sqlalchemy\pool\impl.py:177: in _do_get
    with util.safe_reraise():
C:\Users\balaj\AppData\Local\Programs\Python\Python312\Lib\site-packages\sqlalchemy\util\langhelpers.py:121: in __exit__
    raise exc_value.with_traceback(exc_tb)
C:\Users\balaj\AppData\Local\Programs\Python\Python312\Lib\site-packages\sqlalchemy\pool\impl.py:175: in _do_get
    return self._create_connection()
           ^^^^^^^^^^^^^^^^^^^^^^^^^
C:\Users\balaj\AppData\Local\Programs\Python\Python312\Lib\site-packages\sqlalchemy\pool\base.py:389: in _create_connection
    return _ConnectionRecord(self)
           ^^^^^^^^^^^^^^^^^^^^^^^
C:\Users\balaj\AppData\Local\Programs\Python\Python312\Lib\site-packages\sqlalchemy\pool\base.py:674: in __init__
    self.__connect()
C:\Users\balaj\AppData\Local\Programs\Python\Python312\Lib\site-packages\sqlalchemy\pool\base.py:900: in __connect
    with util.safe_reraise():
C:\Users\balaj\AppData\Local\Programs\Python\Python312\Lib\site-packages\sqlalchemy\util\langhelpers.py:121: in __exit__
    raise exc_value.with_traceback(exc_tb)
C:\Users\balaj\AppData\Local\Programs\Python\Python312\Lib\site-packages\sqlalchemy\pool\base.py:896: in __connect
    self.dbapi_connection = connection = pool._invoke_creator(self)
                                         ^^^^^^^^^^^^^^^^^^^^^^^^^^
C:\Users\balaj\AppData\Local\Programs\Python\Python312\Lib\site-packages\sqlalchemy\engine\create.py:667: in connect
    return dialect.connect(*cargs_tup, **cparams)
           ^^^^^^^^^^^^^^^^^^^^^^^^^^^^^^^^^^^^^^
C:\Users\balaj\AppData\Local\Programs\Python\Python312\Lib\site-packages\sqlalchemy\engine\default.py:630: in connect
    return self.loaded_dbapi.connect(*cargs, **cparams)  # type: ignore[no-any-return]  # NOQA: E501
           ^^^^^^^^^^^^^^^^^^^^^^^^^^^^^^^^^^^^^^^^^^^^
C:\Users\balaj\AppData\Local\Programs\Python\Python312\Lib\site-packages\psycopg\connection.py:100: in connect
    attempts = conninfo_attempts(params)
               ^^^^^^^^^^^^^^^^^^^^^^^^^
_ _ _ _ _ _ _ _ _ _ _ _ _ _ _ _ _ _ _ _ _ _ _ _ _ _ _ _ _ _ _ _ _ _ _ _ _ _ _ _

params = {'host': 'example'}

    def conninfo_attempts(params: ConnMapping) -&gt; list[ConnDict]:
        """Split a set of connection params on the single attempts to perform.
    
        A connection param can perform more than one attempt more than one ``host``
        is provided.
    
        Also perform async resolution of the hostname into hostaddr. Because a host
        can resolve to more than one address, this can lead to yield more attempts
        too. Raise `OperationalError` if no host could be resolved.
    
        Because the libpq async function doesn't honour the timeout, we need to
        reimplement the repeated attempts.
        """
        last_exc = None
        attempts = []
        if prefer_standby := (
            get_param(params, "target_session_attrs") == "prefer-standby"
        ):
            params = {k: v for k, v in params.items() if k != "target_session_attrs"}
    
        for attempt in split_attempts(params):
            try:
                attempts.extend(_resolve_hostnames(attempt))
            except OSError as ex:
                last_exc = e.OperationalError(
                    f"failed to resolve host {attempt.get('host')!r}: {ex}"
                )
                logger.debug("%s", last_exc)
    
        if not attempts:
            assert last_exc
            # We couldn't resolve anything
&gt;           raise last_exc
E           sqlalchemy.exc.OperationalError: (psycopg.OperationalError) failed to resolve host 'example': [Errno 11001] getaddrinfo failed
E           (Background on this error at: https://sqlalche.me/e/20/e3q8)

C:\Users\balaj\AppData\Local\Programs\Python\Python312\Lib\site-packages\psycopg\_conninfo_attempts.py:55: OperationalError</error></testcase><testcase classname="tests.test_endpoints" name="test_admin_volunteer_stats" time="2.290"><error message="failed on setup with &quot;sqlalchemy.exc.OperationalError: (psycopg.OperationalError) failed to resolve host 'example': [Errno 11001] getaddrinfo failed&#10;(Background on this error at: https://sqlalche.me/e/20/e3q8)&quot;">self = &lt;sqlalchemy.engine.base.Connection object at 0x00000294353BAFF0&gt;
engine = Engine(postgresql+psycopg://example), connection = None
_has_events = None, _allow_revalidate = True, _allow_autobegin = True

    def __init__(
        self,
        engine: Engine,
        connection: Optional[PoolProxiedConnection] = None,
        _has_events: Optional[bool] = None,
        _allow_revalidate: bool = True,
        _allow_autobegin: bool = True,
    ):
        """Construct a new Connection."""
        self.engine = engine
        self.dialect = dialect = engine.dialect
    
        if connection is None:
            try:
&gt;               self._dbapi_connection = engine.raw_connection()
                                         ^^^^^^^^^^^^^^^^^^^^^^^

C:\Users\balaj\AppData\Local\Programs\Python\Python312\Lib\site-packages\sqlalchemy\engine\base.py:143: 
_ _ _ _ _ _ _ _ _ _ _ _ _ _ _ _ _ _ _ _ _ _ _ _ _ _ _ _ _ _ _ _ _ _ _ _ _ _ _ _
C:\Users\balaj\AppData\Local\Programs\Python\Python312\Lib\site-packages\sqlalchemy\engine\base.py:3317: in raw_connection
    return self.pool.connect()
           ^^^^^^^^^^^^^^^^^^^
C:\Users\balaj\AppData\Local\Programs\Python\Python312\Lib\site-packages\sqlalchemy\pool\base.py:448: in connect
    return _ConnectionFairy._checkout(self)
           ^^^^^^^^^^^^^^^^^^^^^^^^^^^^^^^^
C:\Users\balaj\AppData\Local\Programs\Python\Python312\Lib\site-packages\sqlalchemy\pool\base.py:1272: in _checkout
    fairy = _ConnectionRecord.checkout(pool)
            ^^^^^^^^^^^^^^^^^^^^^^^^^^^^^^^^
C:\Users\balaj\AppData\Local\Programs\Python\Python312\Lib\site-packages\sqlalchemy\pool\base.py:712: in checkout
    rec = pool._do_get()
          ^^^^^^^^^^^^^^
C:\Users\balaj\AppData\Local\Programs\Python\Python312\Lib\site-packages\sqlalchemy\pool\impl.py:177: in _do_get
    with util.safe_reraise():
C:\Users\balaj\AppData\Local\Programs\Python\Python312\Lib\site-packages\sqlalchemy\util\langhelpers.py:121: in __exit__
    raise exc_value.with_traceback(exc_tb)
C:\Users\balaj\AppData\Local\Programs\Python\Python312\Lib\site-packages\sqlalchemy\pool\impl.py:175: in _do_get
    return self._create_connection()
           ^^^^^^^^^^^^^^^^^^^^^^^^^
C:\Users\balaj\AppData\Local\Programs\Python\Python312\Lib\site-packages\sqlalchemy\pool\base.py:389: in _create_connection
    return _ConnectionRecord(self)
           ^^^^^^^^^^^^^^^^^^^^^^^
C:\Users\balaj\AppData\Local\Programs\Python\Python312\Lib\site-packages\sqlalchemy\pool\base.py:674: in __init__
    self.__connect()
C:\Users\balaj\AppData\Local\Programs\Python\Python312\Lib\site-packages\sqlalchemy\pool\base.py:900: in __connect
    with util.safe_reraise():
C:\Users\balaj\AppData\Local\Programs\Python\Python312\Lib\site-packages\sqlalchemy\util\langhelpers.py:121: in __exit__
    raise exc_value.with_traceback(exc_tb)
C:\Users\balaj\AppData\Local\Programs\Python\Python312\Lib\site-packages\sqlalchemy\pool\base.py:896: in __connect
    self.dbapi_connection = connection = pool._invoke_creator(self)
                                         ^^^^^^^^^^^^^^^^^^^^^^^^^^
C:\Users\balaj\AppData\Local\Programs\Python\Python312\Lib\site-packages\sqlalchemy\engine\create.py:667: in connect
    return dialect.connect(*cargs_tup, **cparams)
           ^^^^^^^^^^^^^^^^^^^^^^^^^^^^^^^^^^^^^^
C:\Users\balaj\AppData\Local\Programs\Python\Python312\Lib\site-packages\sqlalchemy\engine\default.py:630: in connect
    return self.loaded_dbapi.connect(*cargs, **cparams)  # type: ignore[no-any-return]  # NOQA: E501
           ^^^^^^^^^^^^^^^^^^^^^^^^^^^^^^^^^^^^^^^^^^^^
C:\Users\balaj\AppData\Local\Programs\Python\Python312\Lib\site-packages\psycopg\connection.py:100: in connect
    attempts = conninfo_attempts(params)
               ^^^^^^^^^^^^^^^^^^^^^^^^^
_ _ _ _ _ _ _ _ _ _ _ _ _ _ _ _ _ _ _ _ _ _ _ _ _ _ _ _ _ _ _ _ _ _ _ _ _ _ _ _

params = {'host': 'example'}

    def conninfo_attempts(params: ConnMapping) -&gt; list[ConnDict]:
        """Split a set of connection params on the single attempts to perform.
    
        A connection param can perform more than one attempt more than one ``host``
        is provided.
    
        Also perform async resolution of the hostname into hostaddr. Because a host
        can resolve to more than one address, this can lead to yield more attempts
        too. Raise `OperationalError` if no host could be resolved.
    
        Because the libpq async function doesn't honour the timeout, we need to
        reimplement the repeated attempts.
        """
        last_exc = None
        attempts = []
        if prefer_standby := (
            get_param(params, "target_session_attrs") == "prefer-standby"
        ):
            params = {k: v for k, v in params.items() if k != "target_session_attrs"}
    
        for attempt in split_attempts(params):
            try:
                attempts.extend(_resolve_hostnames(attempt))
            except OSError as ex:
                last_exc = e.OperationalError(
                    f"failed to resolve host {attempt.get('host')!r}: {ex}"
                )
                logger.debug("%s", last_exc)
    
        if not attempts:
            assert last_exc
            # We couldn't resolve anything
&gt;           raise last_exc
E           psycopg.OperationalError: failed to resolve host 'example': [Errno 11001] getaddrinfo failed

C:\Users\balaj\AppData\Local\Programs\Python\Python312\Lib\site-packages\psycopg\_conninfo_attempts.py:55: OperationalError

The above exception was the direct cause of the following exception:

fixturedef = &lt;FixtureDef argname='db' scope='function' baseid='tests'&gt;
request = &lt;SubRequest 'db' for &lt;Function test_admin_volunteer_stats&gt;&gt;

    @pytest.hookimpl(wrapper=True)
    def pytest_fixture_setup(fixturedef: FixtureDef, request) -&gt; object | None:
        asyncio_mode = _get_asyncio_mode(request.config)
        if not _is_asyncio_fixture_function(fixturedef.func):
            if asyncio_mode == Mode.STRICT:
                # Ignore async fixtures without explicit asyncio mark in strict mode
                # This applies to pytest_trio fixtures, for example
&gt;               return (yield)
                        ^^^^^

C:\Users\balaj\AppData\Local\Programs\Python\Python312\Lib\site-packages\pytest_asyncio\plugin.py:728: 
_ _ _ _ _ _ _ _ _ _ _ _ _ _ _ _ _ _ _ _ _ _ _ _ _ _ _ _ _ _ _ _ _ _ _ _ _ _ _ _
tests\conftest.py:39: in db
    connection = engine.connect()
                 ^^^^^^^^^^^^^^^^
C:\Users\balaj\AppData\Local\Programs\Python\Python312\Lib\site-packages\sqlalchemy\engine\base.py:3293: in connect
    return self._connection_cls(self)
           ^^^^^^^^^^^^^^^^^^^^^^^^^^
C:\Users\balaj\AppData\Local\Programs\Python\Python312\Lib\site-packages\sqlalchemy\engine\base.py:145: in __init__
    Connection._handle_dbapi_exception_noconnection(
C:\Users\balaj\AppData\Local\Programs\Python\Python312\Lib\site-packages\sqlalchemy\engine\base.py:2448: in _handle_dbapi_exception_noconnection
    raise sqlalchemy_exception.with_traceback(exc_info[2]) from e
C:\Users\balaj\AppData\Local\Programs\Python\Python312\Lib\site-packages\sqlalchemy\engine\base.py:143: in __init__
    self._dbapi_connection = engine.raw_connection()
                             ^^^^^^^^^^^^^^^^^^^^^^^
C:\Users\balaj\AppData\Local\Programs\Python\Python312\Lib\site-packages\sqlalchemy\engine\base.py:3317: in raw_connection
    return self.pool.connect()
           ^^^^^^^^^^^^^^^^^^^
C:\Users\balaj\AppData\Local\Programs\Python\Python312\Lib\site-packages\sqlalchemy\pool\base.py:448: in connect
    return _ConnectionFairy._checkout(self)
           ^^^^^^^^^^^^^^^^^^^^^^^^^^^^^^^^
C:\Users\balaj\AppData\Local\Programs\Python\Python312\Lib\site-packages\sqlalchemy\pool\base.py:1272: in _checkout
    fairy = _ConnectionRecord.checkout(pool)
            ^^^^^^^^^^^^^^^^^^^^^^^^^^^^^^^^
C:\Users\balaj\AppData\Local\Programs\Python\Python312\Lib\site-packages\sqlalchemy\pool\base.py:712: in checkout
    rec = pool._do_get()
          ^^^^^^^^^^^^^^
C:\Users\balaj\AppData\Local\Programs\Python\Python312\Lib\site-packages\sqlalchemy\pool\impl.py:177: in _do_get
    with util.safe_reraise():
C:\Users\balaj\AppData\Local\Programs\Python\Python312\Lib\site-packages\sqlalchemy\util\langhelpers.py:121: in __exit__
    raise exc_value.with_traceback(exc_tb)
C:\Users\balaj\AppData\Local\Programs\Python\Python312\Lib\site-packages\sqlalchemy\pool\impl.py:175: in _do_get
    return self._create_connection()
           ^^^^^^^^^^^^^^^^^^^^^^^^^
C:\Users\balaj\AppData\Local\Programs\Python\Python312\Lib\site-packages\sqlalchemy\pool\base.py:389: in _create_connection
    return _ConnectionRecord(self)
           ^^^^^^^^^^^^^^^^^^^^^^^
C:\Users\balaj\AppData\Local\Programs\Python\Python312\Lib\site-packages\sqlalchemy\pool\base.py:674: in __init__
    self.__connect()
C:\Users\balaj\AppData\Local\Programs\Python\Python312\Lib\site-packages\sqlalchemy\pool\base.py:900: in __connect
    with util.safe_reraise():
C:\Users\balaj\AppData\Local\Programs\Python\Python312\Lib\site-packages\sqlalchemy\util\langhelpers.py:121: in __exit__
    raise exc_value.with_traceback(exc_tb)
C:\Users\balaj\AppData\Local\Programs\Python\Python312\Lib\site-packages\sqlalchemy\pool\base.py:896: in __connect
    self.dbapi_connection = connection = pool._invoke_creator(self)
                                         ^^^^^^^^^^^^^^^^^^^^^^^^^^
C:\Users\balaj\AppData\Local\Programs\Python\Python312\Lib\site-packages\sqlalchemy\engine\create.py:667: in connect
    return dialect.connect(*cargs_tup, **cparams)
           ^^^^^^^^^^^^^^^^^^^^^^^^^^^^^^^^^^^^^^
C:\Users\balaj\AppData\Local\Programs\Python\Python312\Lib\site-packages\sqlalchemy\engine\default.py:630: in connect
    return self.loaded_dbapi.connect(*cargs, **cparams)  # type: ignore[no-any-return]  # NOQA: E501
           ^^^^^^^^^^^^^^^^^^^^^^^^^^^^^^^^^^^^^^^^^^^^
C:\Users\balaj\AppData\Local\Programs\Python\Python312\Lib\site-packages\psycopg\connection.py:100: in connect
    attempts = conninfo_attempts(params)
               ^^^^^^^^^^^^^^^^^^^^^^^^^
_ _ _ _ _ _ _ _ _ _ _ _ _ _ _ _ _ _ _ _ _ _ _ _ _ _ _ _ _ _ _ _ _ _ _ _ _ _ _ _

params = {'host': 'example'}

    def conninfo_attempts(params: ConnMapping) -&gt; list[ConnDict]:
        """Split a set of connection params on the single attempts to perform.
    
        A connection param can perform more than one attempt more than one ``host``
        is provided.
    
        Also perform async resolution of the hostname into hostaddr. Because a host
        can resolve to more than one address, this can lead to yield more attempts
        too. Raise `OperationalError` if no host could be resolved.
    
        Because the libpq async function doesn't honour the timeout, we need to
        reimplement the repeated attempts.
        """
        last_exc = None
        attempts = []
        if prefer_standby := (
            get_param(params, "target_session_attrs") == "prefer-standby"
        ):
            params = {k: v for k, v in params.items() if k != "target_session_attrs"}
    
        for attempt in split_attempts(params):
            try:
                attempts.extend(_resolve_hostnames(attempt))
            except OSError as ex:
                last_exc = e.OperationalError(
                    f"failed to resolve host {attempt.get('host')!r}: {ex}"
                )
                logger.debug("%s", last_exc)
    
        if not attempts:
            assert last_exc
            # We couldn't resolve anything
&gt;           raise last_exc
E           sqlalchemy.exc.OperationalError: (psycopg.OperationalError) failed to resolve host 'example': [Errno 11001] getaddrinfo failed
E           (Background on this error at: https://sqlalche.me/e/20/e3q8)

C:\Users\balaj\AppData\Local\Programs\Python\Python312\Lib\site-packages\psycopg\_conninfo_attempts.py:55: OperationalError</error></testcase><testcase classname="tests.test_endpoints" name="test_rate_task" time="2.267"><error message="failed on setup with &quot;sqlalchemy.exc.OperationalError: (psycopg.OperationalError) failed to resolve host 'example': [Errno 11001] getaddrinfo failed&#10;(Background on this error at: https://sqlalche.me/e/20/e3q8)&quot;">self = &lt;sqlalchemy.engine.base.Connection object at 0x00000294353B8C50&gt;
engine = Engine(postgresql+psycopg://example), connection = None
_has_events = None, _allow_revalidate = True, _allow_autobegin = True

    def __init__(
        self,
        engine: Engine,
        connection: Optional[PoolProxiedConnection] = None,
        _has_events: Optional[bool] = None,
        _allow_revalidate: bool = True,
        _allow_autobegin: bool = True,
    ):
        """Construct a new Connection."""
        self.engine = engine
        self.dialect = dialect = engine.dialect
    
        if connection is None:
            try:
&gt;               self._dbapi_connection = engine.raw_connection()
                                         ^^^^^^^^^^^^^^^^^^^^^^^

C:\Users\balaj\AppData\Local\Programs\Python\Python312\Lib\site-packages\sqlalchemy\engine\base.py:143: 
_ _ _ _ _ _ _ _ _ _ _ _ _ _ _ _ _ _ _ _ _ _ _ _ _ _ _ _ _ _ _ _ _ _ _ _ _ _ _ _
C:\Users\balaj\AppData\Local\Programs\Python\Python312\Lib\site-packages\sqlalchemy\engine\base.py:3317: in raw_connection
    return self.pool.connect()
           ^^^^^^^^^^^^^^^^^^^
C:\Users\balaj\AppData\Local\Programs\Python\Python312\Lib\site-packages\sqlalchemy\pool\base.py:448: in connect
    return _ConnectionFairy._checkout(self)
           ^^^^^^^^^^^^^^^^^^^^^^^^^^^^^^^^
C:\Users\balaj\AppData\Local\Programs\Python\Python312\Lib\site-packages\sqlalchemy\pool\base.py:1272: in _checkout
    fairy = _ConnectionRecord.checkout(pool)
            ^^^^^^^^^^^^^^^^^^^^^^^^^^^^^^^^
C:\Users\balaj\AppData\Local\Programs\Python\Python312\Lib\site-packages\sqlalchemy\pool\base.py:712: in checkout
    rec = pool._do_get()
          ^^^^^^^^^^^^^^
C:\Users\balaj\AppData\Local\Programs\Python\Python312\Lib\site-packages\sqlalchemy\pool\impl.py:177: in _do_get
    with util.safe_reraise():
C:\Users\balaj\AppData\Local\Programs\Python\Python312\Lib\site-packages\sqlalchemy\util\langhelpers.py:121: in __exit__
    raise exc_value.with_traceback(exc_tb)
C:\Users\balaj\AppData\Local\Programs\Python\Python312\Lib\site-packages\sqlalchemy\pool\impl.py:175: in _do_get
    return self._create_connection()
           ^^^^^^^^^^^^^^^^^^^^^^^^^
C:\Users\balaj\AppData\Local\Programs\Python\Python312\Lib\site-packages\sqlalchemy\pool\base.py:389: in _create_connection
    return _ConnectionRecord(self)
           ^^^^^^^^^^^^^^^^^^^^^^^
C:\Users\balaj\AppData\Local\Programs\Python\Python312\Lib\site-packages\sqlalchemy\pool\base.py:674: in __init__
    self.__connect()
C:\Users\balaj\AppData\Local\Programs\Python\Python312\Lib\site-packages\sqlalchemy\pool\base.py:900: in __connect
    with util.safe_reraise():
C:\Users\balaj\AppData\Local\Programs\Python\Python312\Lib\site-packages\sqlalchemy\util\langhelpers.py:121: in __exit__
    raise exc_value.with_traceback(exc_tb)
C:\Users\balaj\AppData\Local\Programs\Python\Python312\Lib\site-packages\sqlalchemy\pool\base.py:896: in __connect
    self.dbapi_connection = connection = pool._invoke_creator(self)
                                         ^^^^^^^^^^^^^^^^^^^^^^^^^^
C:\Users\balaj\AppData\Local\Programs\Python\Python312\Lib\site-packages\sqlalchemy\engine\create.py:667: in connect
    return dialect.connect(*cargs_tup, **cparams)
           ^^^^^^^^^^^^^^^^^^^^^^^^^^^^^^^^^^^^^^
C:\Users\balaj\AppData\Local\Programs\Python\Python312\Lib\site-packages\sqlalchemy\engine\default.py:630: in connect
    return self.loaded_dbapi.connect(*cargs, **cparams)  # type: ignore[no-any-return]  # NOQA: E501
           ^^^^^^^^^^^^^^^^^^^^^^^^^^^^^^^^^^^^^^^^^^^^
C:\Users\balaj\AppData\Local\Programs\Python\Python312\Lib\site-packages\psycopg\connection.py:100: in connect
    attempts = conninfo_attempts(params)
               ^^^^^^^^^^^^^^^^^^^^^^^^^
_ _ _ _ _ _ _ _ _ _ _ _ _ _ _ _ _ _ _ _ _ _ _ _ _ _ _ _ _ _ _ _ _ _ _ _ _ _ _ _

params = {'host': 'example'}

    def conninfo_attempts(params: ConnMapping) -&gt; list[ConnDict]:
        """Split a set of connection params on the single attempts to perform.
    
        A connection param can perform more than one attempt more than one ``host``
        is provided.
    
        Also perform async resolution of the hostname into hostaddr. Because a host
        can resolve to more than one address, this can lead to yield more attempts
        too. Raise `OperationalError` if no host could be resolved.
    
        Because the libpq async function doesn't honour the timeout, we need to
        reimplement the repeated attempts.
        """
        last_exc = None
        attempts = []
        if prefer_standby := (
            get_param(params, "target_session_attrs") == "prefer-standby"
        ):
            params = {k: v for k, v in params.items() if k != "target_session_attrs"}
    
        for attempt in split_attempts(params):
            try:
                attempts.extend(_resolve_hostnames(attempt))
            except OSError as ex:
                last_exc = e.OperationalError(
                    f"failed to resolve host {attempt.get('host')!r}: {ex}"
                )
                logger.debug("%s", last_exc)
    
        if not attempts:
            assert last_exc
            # We couldn't resolve anything
&gt;           raise last_exc
E           psycopg.OperationalError: failed to resolve host 'example': [Errno 11001] getaddrinfo failed

C:\Users\balaj\AppData\Local\Programs\Python\Python312\Lib\site-packages\psycopg\_conninfo_attempts.py:55: OperationalError

The above exception was the direct cause of the following exception:

fixturedef = &lt;FixtureDef argname='db' scope='function' baseid='tests'&gt;
request = &lt;SubRequest 'db' for &lt;Function test_rate_task&gt;&gt;

    @pytest.hookimpl(wrapper=True)
    def pytest_fixture_setup(fixturedef: FixtureDef, request) -&gt; object | None:
        asyncio_mode = _get_asyncio_mode(request.config)
        if not _is_asyncio_fixture_function(fixturedef.func):
            if asyncio_mode == Mode.STRICT:
                # Ignore async fixtures without explicit asyncio mark in strict mode
                # This applies to pytest_trio fixtures, for example
&gt;               return (yield)
                        ^^^^^

C:\Users\balaj\AppData\Local\Programs\Python\Python312\Lib\site-packages\pytest_asyncio\plugin.py:728: 
_ _ _ _ _ _ _ _ _ _ _ _ _ _ _ _ _ _ _ _ _ _ _ _ _ _ _ _ _ _ _ _ _ _ _ _ _ _ _ _
tests\conftest.py:39: in db
    connection = engine.connect()
                 ^^^^^^^^^^^^^^^^
C:\Users\balaj\AppData\Local\Programs\Python\Python312\Lib\site-packages\sqlalchemy\engine\base.py:3293: in connect
    return self._connection_cls(self)
           ^^^^^^^^^^^^^^^^^^^^^^^^^^
C:\Users\balaj\AppData\Local\Programs\Python\Python312\Lib\site-packages\sqlalchemy\engine\base.py:145: in __init__
    Connection._handle_dbapi_exception_noconnection(
C:\Users\balaj\AppData\Local\Programs\Python\Python312\Lib\site-packages\sqlalchemy\engine\base.py:2448: in _handle_dbapi_exception_noconnection
    raise sqlalchemy_exception.with_traceback(exc_info[2]) from e
C:\Users\balaj\AppData\Local\Programs\Python\Python312\Lib\site-packages\sqlalchemy\engine\base.py:143: in __init__
    self._dbapi_connection = engine.raw_connection()
                             ^^^^^^^^^^^^^^^^^^^^^^^
C:\Users\balaj\AppData\Local\Programs\Python\Python312\Lib\site-packages\sqlalchemy\engine\base.py:3317: in raw_connection
    return self.pool.connect()
           ^^^^^^^^^^^^^^^^^^^
C:\Users\balaj\AppData\Local\Programs\Python\Python312\Lib\site-packages\sqlalchemy\pool\base.py:448: in connect
    return _ConnectionFairy._checkout(self)
           ^^^^^^^^^^^^^^^^^^^^^^^^^^^^^^^^
C:\Users\balaj\AppData\Local\Programs\Python\Python312\Lib\site-packages\sqlalchemy\pool\base.py:1272: in _checkout
    fairy = _ConnectionRecord.checkout(pool)
            ^^^^^^^^^^^^^^^^^^^^^^^^^^^^^^^^
C:\Users\balaj\AppData\Local\Programs\Python\Python312\Lib\site-packages\sqlalchemy\pool\base.py:712: in checkout
    rec = pool._do_get()
          ^^^^^^^^^^^^^^
C:\Users\balaj\AppData\Local\Programs\Python\Python312\Lib\site-packages\sqlalchemy\pool\impl.py:177: in _do_get
    with util.safe_reraise():
C:\Users\balaj\AppData\Local\Programs\Python\Python312\Lib\site-packages\sqlalchemy\util\langhelpers.py:121: in __exit__
    raise exc_value.with_traceback(exc_tb)
C:\Users\balaj\AppData\Local\Programs\Python\Python312\Lib\site-packages\sqlalchemy\pool\impl.py:175: in _do_get
    return self._create_connection()
           ^^^^^^^^^^^^^^^^^^^^^^^^^
C:\Users\balaj\AppData\Local\Programs\Python\Python312\Lib\site-packages\sqlalchemy\pool\base.py:389: in _create_connection
    return _ConnectionRecord(self)
           ^^^^^^^^^^^^^^^^^^^^^^^
C:\Users\balaj\AppData\Local\Programs\Python\Python312\Lib\site-packages\sqlalchemy\pool\base.py:674: in __init__
    self.__connect()
C:\Users\balaj\AppData\Local\Programs\Python\Python312\Lib\site-packages\sqlalchemy\pool\base.py:900: in __connect
    with util.safe_reraise():
C:\Users\balaj\AppData\Local\Programs\Python\Python312\Lib\site-packages\sqlalchemy\util\langhelpers.py:121: in __exit__
    raise exc_value.with_traceback(exc_tb)
C:\Users\balaj\AppData\Local\Programs\Python\Python312\Lib\site-packages\sqlalchemy\pool\base.py:896: in __connect
    self.dbapi_connection = connection = pool._invoke_creator(self)
                                         ^^^^^^^^^^^^^^^^^^^^^^^^^^
C:\Users\balaj\AppData\Local\Programs\Python\Python312\Lib\site-packages\sqlalchemy\engine\create.py:667: in connect
    return dialect.connect(*cargs_tup, **cparams)
           ^^^^^^^^^^^^^^^^^^^^^^^^^^^^^^^^^^^^^^
C:\Users\balaj\AppData\Local\Programs\Python\Python312\Lib\site-packages\sqlalchemy\engine\default.py:630: in connect
    return self.loaded_dbapi.connect(*cargs, **cparams)  # type: ignore[no-any-return]  # NOQA: E501
           ^^^^^^^^^^^^^^^^^^^^^^^^^^^^^^^^^^^^^^^^^^^^
C:\Users\balaj\AppData\Local\Programs\Python\Python312\Lib\site-packages\psycopg\connection.py:100: in connect
    attempts = conninfo_attempts(params)
               ^^^^^^^^^^^^^^^^^^^^^^^^^
_ _ _ _ _ _ _ _ _ _ _ _ _ _ _ _ _ _ _ _ _ _ _ _ _ _ _ _ _ _ _ _ _ _ _ _ _ _ _ _

params = {'host': 'example'}

    def conninfo_attempts(params: ConnMapping) -&gt; list[ConnDict]:
        """Split a set of connection params on the single attempts to perform.
    
        A connection param can perform more than one attempt more than one ``host``
        is provided.
    
        Also perform async resolution of the hostname into hostaddr. Because a host
        can resolve to more than one address, this can lead to yield more attempts
        too. Raise `OperationalError` if no host could be resolved.
    
        Because the libpq async function doesn't honour the timeout, we need to
        reimplement the repeated attempts.
        """
        last_exc = None
        attempts = []
        if prefer_standby := (
            get_param(params, "target_session_attrs") == "prefer-standby"
        ):
            params = {k: v for k, v in params.items() if k != "target_session_attrs"}
    
        for attempt in split_attempts(params):
            try:
                attempts.extend(_resolve_hostnames(attempt))
            except OSError as ex:
                last_exc = e.OperationalError(
                    f"failed to resolve host {attempt.get('host')!r}: {ex}"
                )
                logger.debug("%s", last_exc)
    
        if not attempts:
            assert last_exc
            # We couldn't resolve anything
&gt;           raise last_exc
E           sqlalchemy.exc.OperationalError: (psycopg.OperationalError) failed to resolve host 'example': [Errno 11001] getaddrinfo failed
E           (Background on this error at: https://sqlalche.me/e/20/e3q8)

C:\Users\balaj\AppData\Local\Programs\Python\Python312\Lib\site-packages\psycopg\_conninfo_attempts.py:55: OperationalError</error></testcase><testcase classname="tests.test_endpoints" name="test_get_volunteer_ratings" time="2.284"><error message="failed on setup with &quot;sqlalchemy.exc.OperationalError: (psycopg.OperationalError) failed to resolve host 'example': [Errno 11001] getaddrinfo failed&#10;(Background on this error at: https://sqlalche.me/e/20/e3q8)&quot;">self = &lt;sqlalchemy.engine.base.Connection object at 0x00000294353A7500&gt;
engine = Engine(postgresql+psycopg://example), connection = None
_has_events = None, _allow_revalidate = True, _allow_autobegin = True

    def __init__(
        self,
        engine: Engine,
        connection: Optional[PoolProxiedConnection] = None,
        _has_events: Optional[bool] = None,
        _allow_revalidate: bool = True,
        _allow_autobegin: bool = True,
    ):
        """Construct a new Connection."""
        self.engine = engine
        self.dialect = dialect = engine.dialect
    
        if connection is None:
            try:
&gt;               self._dbapi_connection = engine.raw_connection()
                                         ^^^^^^^^^^^^^^^^^^^^^^^

C:\Users\balaj\AppData\Local\Programs\Python\Python312\Lib\site-packages\sqlalchemy\engine\base.py:143: 
_ _ _ _ _ _ _ _ _ _ _ _ _ _ _ _ _ _ _ _ _ _ _ _ _ _ _ _ _ _ _ _ _ _ _ _ _ _ _ _
C:\Users\balaj\AppData\Local\Programs\Python\Python312\Lib\site-packages\sqlalchemy\engine\base.py:3317: in raw_connection
    return self.pool.connect()
           ^^^^^^^^^^^^^^^^^^^
C:\Users\balaj\AppData\Local\Programs\Python\Python312\Lib\site-packages\sqlalchemy\pool\base.py:448: in connect
    return _ConnectionFairy._checkout(self)
           ^^^^^^^^^^^^^^^^^^^^^^^^^^^^^^^^
C:\Users\balaj\AppData\Local\Programs\Python\Python312\Lib\site-packages\sqlalchemy\pool\base.py:1272: in _checkout
    fairy = _ConnectionRecord.checkout(pool)
            ^^^^^^^^^^^^^^^^^^^^^^^^^^^^^^^^
C:\Users\balaj\AppData\Local\Programs\Python\Python312\Lib\site-packages\sqlalchemy\pool\base.py:712: in checkout
    rec = pool._do_get()
          ^^^^^^^^^^^^^^
C:\Users\balaj\AppData\Local\Programs\Python\Python312\Lib\site-packages\sqlalchemy\pool\impl.py:177: in _do_get
    with util.safe_reraise():
C:\Users\balaj\AppData\Local\Programs\Python\Python312\Lib\site-packages\sqlalchemy\util\langhelpers.py:121: in __exit__
    raise exc_value.with_traceback(exc_tb)
C:\Users\balaj\AppData\Local\Programs\Python\Python312\Lib\site-packages\sqlalchemy\pool\impl.py:175: in _do_get
    return self._create_connection()
           ^^^^^^^^^^^^^^^^^^^^^^^^^
C:\Users\balaj\AppData\Local\Programs\Python\Python312\Lib\site-packages\sqlalchemy\pool\base.py:389: in _create_connection
    return _ConnectionRecord(self)
           ^^^^^^^^^^^^^^^^^^^^^^^
C:\Users\balaj\AppData\Local\Programs\Python\Python312\Lib\site-packages\sqlalchemy\pool\base.py:674: in __init__
    self.__connect()
C:\Users\balaj\AppData\Local\Programs\Python\Python312\Lib\site-packages\sqlalchemy\pool\base.py:900: in __connect
    with util.safe_reraise():
C:\Users\balaj\AppData\Local\Programs\Python\Python312\Lib\site-packages\sqlalchemy\util\langhelpers.py:121: in __exit__
    raise exc_value.with_traceback(exc_tb)
C:\Users\balaj\AppData\Local\Programs\Python\Python312\Lib\site-packages\sqlalchemy\pool\base.py:896: in __connect
    self.dbapi_connection = connection = pool._invoke_creator(self)
                                         ^^^^^^^^^^^^^^^^^^^^^^^^^^
C:\Users\balaj\AppData\Local\Programs\Python\Python312\Lib\site-packages\sqlalchemy\engine\create.py:667: in connect
    return dialect.connect(*cargs_tup, **cparams)
           ^^^^^^^^^^^^^^^^^^^^^^^^^^^^^^^^^^^^^^
C:\Users\balaj\AppData\Local\Programs\Python\Python312\Lib\site-packages\sqlalchemy\engine\default.py:630: in connect
    return self.loaded_dbapi.connect(*cargs, **cparams)  # type: ignore[no-any-return]  # NOQA: E501
           ^^^^^^^^^^^^^^^^^^^^^^^^^^^^^^^^^^^^^^^^^^^^
C:\Users\balaj\AppData\Local\Programs\Python\Python312\Lib\site-packages\psycopg\connection.py:100: in connect
    attempts = conninfo_attempts(params)
               ^^^^^^^^^^^^^^^^^^^^^^^^^
_ _ _ _ _ _ _ _ _ _ _ _ _ _ _ _ _ _ _ _ _ _ _ _ _ _ _ _ _ _ _ _ _ _ _ _ _ _ _ _

params = {'host': 'example'}

    def conninfo_attempts(params: ConnMapping) -&gt; list[ConnDict]:
        """Split a set of connection params on the single attempts to perform.
    
        A connection param can perform more than one attempt more than one ``host``
        is provided.
    
        Also perform async resolution of the hostname into hostaddr. Because a host
        can resolve to more than one address, this can lead to yield more attempts
        too. Raise `OperationalError` if no host could be resolved.
    
        Because the libpq async function doesn't honour the timeout, we need to
        reimplement the repeated attempts.
        """
        last_exc = None
        attempts = []
        if prefer_standby := (
            get_param(params, "target_session_attrs") == "prefer-standby"
        ):
            params = {k: v for k, v in params.items() if k != "target_session_attrs"}
    
        for attempt in split_attempts(params):
            try:
                attempts.extend(_resolve_hostnames(attempt))
            except OSError as ex:
                last_exc = e.OperationalError(
                    f"failed to resolve host {attempt.get('host')!r}: {ex}"
                )
                logger.debug("%s", last_exc)
    
        if not attempts:
            assert last_exc
            # We couldn't resolve anything
&gt;           raise last_exc
E           psycopg.OperationalError: failed to resolve host 'example': [Errno 11001] getaddrinfo failed

C:\Users\balaj\AppData\Local\Programs\Python\Python312\Lib\site-packages\psycopg\_conninfo_attempts.py:55: OperationalError

The above exception was the direct cause of the following exception:

fixturedef = &lt;FixtureDef argname='db' scope='function' baseid='tests'&gt;
request = &lt;SubRequest 'db' for &lt;Function test_get_volunteer_ratings&gt;&gt;

    @pytest.hookimpl(wrapper=True)
    def pytest_fixture_setup(fixturedef: FixtureDef, request) -&gt; object | None:
        asyncio_mode = _get_asyncio_mode(request.config)
        if not _is_asyncio_fixture_function(fixturedef.func):
            if asyncio_mode == Mode.STRICT:
                # Ignore async fixtures without explicit asyncio mark in strict mode
                # This applies to pytest_trio fixtures, for example
&gt;               return (yield)
                        ^^^^^

C:\Users\balaj\AppData\Local\Programs\Python\Python312\Lib\site-packages\pytest_asyncio\plugin.py:728: 
_ _ _ _ _ _ _ _ _ _ _ _ _ _ _ _ _ _ _ _ _ _ _ _ _ _ _ _ _ _ _ _ _ _ _ _ _ _ _ _
tests\conftest.py:39: in db
    connection = engine.connect()
                 ^^^^^^^^^^^^^^^^
C:\Users\balaj\AppData\Local\Programs\Python\Python312\Lib\site-packages\sqlalchemy\engine\base.py:3293: in connect
    return self._connection_cls(self)
           ^^^^^^^^^^^^^^^^^^^^^^^^^^
C:\Users\balaj\AppData\Local\Programs\Python\Python312\Lib\site-packages\sqlalchemy\engine\base.py:145: in __init__
    Connection._handle_dbapi_exception_noconnection(
C:\Users\balaj\AppData\Local\Programs\Python\Python312\Lib\site-packages\sqlalchemy\engine\base.py:2448: in _handle_dbapi_exception_noconnection
    raise sqlalchemy_exception.with_traceback(exc_info[2]) from e
C:\Users\balaj\AppData\Local\Programs\Python\Python312\Lib\site-packages\sqlalchemy\engine\base.py:143: in __init__
    self._dbapi_connection = engine.raw_connection()
                             ^^^^^^^^^^^^^^^^^^^^^^^
C:\Users\balaj\AppData\Local\Programs\Python\Python312\Lib\site-packages\sqlalchemy\engine\base.py:3317: in raw_connection
    return self.pool.connect()
           ^^^^^^^^^^^^^^^^^^^
C:\Users\balaj\AppData\Local\Programs\Python\Python312\Lib\site-packages\sqlalchemy\pool\base.py:448: in connect
    return _ConnectionFairy._checkout(self)
           ^^^^^^^^^^^^^^^^^^^^^^^^^^^^^^^^
C:\Users\balaj\AppData\Local\Programs\Python\Python312\Lib\site-packages\sqlalchemy\pool\base.py:1272: in _checkout
    fairy = _ConnectionRecord.checkout(pool)
            ^^^^^^^^^^^^^^^^^^^^^^^^^^^^^^^^
C:\Users\balaj\AppData\Local\Programs\Python\Python312\Lib\site-packages\sqlalchemy\pool\base.py:712: in checkout
    rec = pool._do_get()
          ^^^^^^^^^^^^^^
C:\Users\balaj\AppData\Local\Programs\Python\Python312\Lib\site-packages\sqlalchemy\pool\impl.py:177: in _do_get
    with util.safe_reraise():
C:\Users\balaj\AppData\Local\Programs\Python\Python312\Lib\site-packages\sqlalchemy\util\langhelpers.py:121: in __exit__
    raise exc_value.with_traceback(exc_tb)
C:\Users\balaj\AppData\Local\Programs\Python\Python312\Lib\site-packages\sqlalchemy\pool\impl.py:175: in _do_get
    return self._create_connection()
           ^^^^^^^^^^^^^^^^^^^^^^^^^
C:\Users\balaj\AppData\Local\Programs\Python\Python312\Lib\site-packages\sqlalchemy\pool\base.py:389: in _create_connection
    return _ConnectionRecord(self)
           ^^^^^^^^^^^^^^^^^^^^^^^
C:\Users\balaj\AppData\Local\Programs\Python\Python312\Lib\site-packages\sqlalchemy\pool\base.py:674: in __init__
    self.__connect()
C:\Users\balaj\AppData\Local\Programs\Python\Python312\Lib\site-packages\sqlalchemy\pool\base.py:900: in __connect
    with util.safe_reraise():
C:\Users\balaj\AppData\Local\Programs\Python\Python312\Lib\site-packages\sqlalchemy\util\langhelpers.py:121: in __exit__
    raise exc_value.with_traceback(exc_tb)
C:\Users\balaj\AppData\Local\Programs\Python\Python312\Lib\site-packages\sqlalchemy\pool\base.py:896: in __connect
    self.dbapi_connection = connection = pool._invoke_creator(self)
                                         ^^^^^^^^^^^^^^^^^^^^^^^^^^
C:\Users\balaj\AppData\Local\Programs\Python\Python312\Lib\site-packages\sqlalchemy\engine\create.py:667: in connect
    return dialect.connect(*cargs_tup, **cparams)
           ^^^^^^^^^^^^^^^^^^^^^^^^^^^^^^^^^^^^^^
C:\Users\balaj\AppData\Local\Programs\Python\Python312\Lib\site-packages\sqlalchemy\engine\default.py:630: in connect
    return self.loaded_dbapi.connect(*cargs, **cparams)  # type: ignore[no-any-return]  # NOQA: E501
           ^^^^^^^^^^^^^^^^^^^^^^^^^^^^^^^^^^^^^^^^^^^^
C:\Users\balaj\AppData\Local\Programs\Python\Python312\Lib\site-packages\psycopg\connection.py:100: in connect
    attempts = conninfo_attempts(params)
               ^^^^^^^^^^^^^^^^^^^^^^^^^
_ _ _ _ _ _ _ _ _ _ _ _ _ _ _ _ _ _ _ _ _ _ _ _ _ _ _ _ _ _ _ _ _ _ _ _ _ _ _ _

params = {'host': 'example'}

    def conninfo_attempts(params: ConnMapping) -&gt; list[ConnDict]:
        """Split a set of connection params on the single attempts to perform.
    
        A connection param can perform more than one attempt more than one ``host``
        is provided.
    
        Also perform async resolution of the hostname into hostaddr. Because a host
        can resolve to more than one address, this can lead to yield more attempts
        too. Raise `OperationalError` if no host could be resolved.
    
        Because the libpq async function doesn't honour the timeout, we need to
        reimplement the repeated attempts.
        """
        last_exc = None
        attempts = []
        if prefer_standby := (
            get_param(params, "target_session_attrs") == "prefer-standby"
        ):
            params = {k: v for k, v in params.items() if k != "target_session_attrs"}
    
        for attempt in split_attempts(params):
            try:
                attempts.extend(_resolve_hostnames(attempt))
            except OSError as ex:
                last_exc = e.OperationalError(
                    f"failed to resolve host {attempt.get('host')!r}: {ex}"
                )
                logger.debug("%s", last_exc)
    
        if not attempts:
            assert last_exc
            # We couldn't resolve anything
&gt;           raise last_exc
E           sqlalchemy.exc.OperationalError: (psycopg.OperationalError) failed to resolve host 'example': [Errno 11001] getaddrinfo failed
E           (Background on this error at: https://sqlalche.me/e/20/e3q8)

C:\Users\balaj\AppData\Local\Programs\Python\Python312\Lib\site-packages\psycopg\_conninfo_attempts.py:55: OperationalError</error></testcase><testcase classname="tests.test_endpoints" name="test_get_volunteer_rating_summary" time="2.272"><error message="failed on setup with &quot;sqlalchemy.exc.OperationalError: (psycopg.OperationalError) failed to resolve host 'example': [Errno 11001] getaddrinfo failed&#10;(Background on this error at: https://sqlalche.me/e/20/e3q8)&quot;">self = &lt;sqlalchemy.engine.base.Connection object at 0x00000294352DA390&gt;
engine = Engine(postgresql+psycopg://example), connection = None
_has_events = None, _allow_revalidate = True, _allow_autobegin = True

    def __init__(
        self,
        engine: Engine,
        connection: Optional[PoolProxiedConnection] = None,
        _has_events: Optional[bool] = None,
        _allow_revalidate: bool = True,
        _allow_autobegin: bool = True,
    ):
        """Construct a new Connection."""
        self.engine = engine
        self.dialect = dialect = engine.dialect
    
        if connection is None:
            try:
&gt;               self._dbapi_connection = engine.raw_connection()
                                         ^^^^^^^^^^^^^^^^^^^^^^^

C:\Users\balaj\AppData\Local\Programs\Python\Python312\Lib\site-packages\sqlalchemy\engine\base.py:143: 
_ _ _ _ _ _ _ _ _ _ _ _ _ _ _ _ _ _ _ _ _ _ _ _ _ _ _ _ _ _ _ _ _ _ _ _ _ _ _ _
C:\Users\balaj\AppData\Local\Programs\Python\Python312\Lib\site-packages\sqlalchemy\engine\base.py:3317: in raw_connection
    return self.pool.connect()
           ^^^^^^^^^^^^^^^^^^^
C:\Users\balaj\AppData\Local\Programs\Python\Python312\Lib\site-packages\sqlalchemy\pool\base.py:448: in connect
    return _ConnectionFairy._checkout(self)
           ^^^^^^^^^^^^^^^^^^^^^^^^^^^^^^^^
C:\Users\balaj\AppData\Local\Programs\Python\Python312\Lib\site-packages\sqlalchemy\pool\base.py:1272: in _checkout
    fairy = _ConnectionRecord.checkout(pool)
            ^^^^^^^^^^^^^^^^^^^^^^^^^^^^^^^^
C:\Users\balaj\AppData\Local\Programs\Python\Python312\Lib\site-packages\sqlalchemy\pool\base.py:712: in checkout
    rec = pool._do_get()
          ^^^^^^^^^^^^^^
C:\Users\balaj\AppData\Local\Programs\Python\Python312\Lib\site-packages\sqlalchemy\pool\impl.py:177: in _do_get
    with util.safe_reraise():
C:\Users\balaj\AppData\Local\Programs\Python\Python312\Lib\site-packages\sqlalchemy\util\langhelpers.py:121: in __exit__
    raise exc_value.with_traceback(exc_tb)
C:\Users\balaj\AppData\Local\Programs\Python\Python312\Lib\site-packages\sqlalchemy\pool\impl.py:175: in _do_get
    return self._create_connection()
           ^^^^^^^^^^^^^^^^^^^^^^^^^
C:\Users\balaj\AppData\Local\Programs\Python\Python312\Lib\site-packages\sqlalchemy\pool\base.py:389: in _create_connection
    return _ConnectionRecord(self)
           ^^^^^^^^^^^^^^^^^^^^^^^
C:\Users\balaj\AppData\Local\Programs\Python\Python312\Lib\site-packages\sqlalchemy\pool\base.py:674: in __init__
    self.__connect()
C:\Users\balaj\AppData\Local\Programs\Python\Python312\Lib\site-packages\sqlalchemy\pool\base.py:900: in __connect
    with util.safe_reraise():
C:\Users\balaj\AppData\Local\Programs\Python\Python312\Lib\site-packages\sqlalchemy\util\langhelpers.py:121: in __exit__
    raise exc_value.with_traceback(exc_tb)
C:\Users\balaj\AppData\Local\Programs\Python\Python312\Lib\site-packages\sqlalchemy\pool\base.py:896: in __connect
    self.dbapi_connection = connection = pool._invoke_creator(self)
                                         ^^^^^^^^^^^^^^^^^^^^^^^^^^
C:\Users\balaj\AppData\Local\Programs\Python\Python312\Lib\site-packages\sqlalchemy\engine\create.py:667: in connect
    return dialect.connect(*cargs_tup, **cparams)
           ^^^^^^^^^^^^^^^^^^^^^^^^^^^^^^^^^^^^^^
C:\Users\balaj\AppData\Local\Programs\Python\Python312\Lib\site-packages\sqlalchemy\engine\default.py:630: in connect
    return self.loaded_dbapi.connect(*cargs, **cparams)  # type: ignore[no-any-return]  # NOQA: E501
           ^^^^^^^^^^^^^^^^^^^^^^^^^^^^^^^^^^^^^^^^^^^^
C:\Users\balaj\AppData\Local\Programs\Python\Python312\Lib\site-packages\psycopg\connection.py:100: in connect
    attempts = conninfo_attempts(params)
               ^^^^^^^^^^^^^^^^^^^^^^^^^
_ _ _ _ _ _ _ _ _ _ _ _ _ _ _ _ _ _ _ _ _ _ _ _ _ _ _ _ _ _ _ _ _ _ _ _ _ _ _ _

params = {'host': 'example'}

    def conninfo_attempts(params: ConnMapping) -&gt; list[ConnDict]:
        """Split a set of connection params on the single attempts to perform.
    
        A connection param can perform more than one attempt more than one ``host``
        is provided.
    
        Also perform async resolution of the hostname into hostaddr. Because a host
        can resolve to more than one address, this can lead to yield more attempts
        too. Raise `OperationalError` if no host could be resolved.
    
        Because the libpq async function doesn't honour the timeout, we need to
        reimplement the repeated attempts.
        """
        last_exc = None
        attempts = []
        if prefer_standby := (
            get_param(params, "target_session_attrs") == "prefer-standby"
        ):
            params = {k: v for k, v in params.items() if k != "target_session_attrs"}
    
        for attempt in split_attempts(params):
            try:
                attempts.extend(_resolve_hostnames(attempt))
            except OSError as ex:
                last_exc = e.OperationalError(
                    f"failed to resolve host {attempt.get('host')!r}: {ex}"
                )
                logger.debug("%s", last_exc)
    
        if not attempts:
            assert last_exc
            # We couldn't resolve anything
&gt;           raise last_exc
E           psycopg.OperationalError: failed to resolve host 'example': [Errno 11001] getaddrinfo failed

C:\Users\balaj\AppData\Local\Programs\Python\Python312\Lib\site-packages\psycopg\_conninfo_attempts.py:55: OperationalError

The above exception was the direct cause of the following exception:

fixturedef = &lt;FixtureDef argname='db' scope='function' baseid='tests'&gt;
request = &lt;SubRequest 'db' for &lt;Function test_get_volunteer_rating_summary&gt;&gt;

    @pytest.hookimpl(wrapper=True)
    def pytest_fixture_setup(fixturedef: FixtureDef, request) -&gt; object | None:
        asyncio_mode = _get_asyncio_mode(request.config)
        if not _is_asyncio_fixture_function(fixturedef.func):
            if asyncio_mode == Mode.STRICT:
                # Ignore async fixtures without explicit asyncio mark in strict mode
                # This applies to pytest_trio fixtures, for example
&gt;               return (yield)
                        ^^^^^

C:\Users\balaj\AppData\Local\Programs\Python\Python312\Lib\site-packages\pytest_asyncio\plugin.py:728: 
_ _ _ _ _ _ _ _ _ _ _ _ _ _ _ _ _ _ _ _ _ _ _ _ _ _ _ _ _ _ _ _ _ _ _ _ _ _ _ _
tests\conftest.py:39: in db
    connection = engine.connect()
                 ^^^^^^^^^^^^^^^^
C:\Users\balaj\AppData\Local\Programs\Python\Python312\Lib\site-packages\sqlalchemy\engine\base.py:3293: in connect
    return self._connection_cls(self)
           ^^^^^^^^^^^^^^^^^^^^^^^^^^
C:\Users\balaj\AppData\Local\Programs\Python\Python312\Lib\site-packages\sqlalchemy\engine\base.py:145: in __init__
    Connection._handle_dbapi_exception_noconnection(
C:\Users\balaj\AppData\Local\Programs\Python\Python312\Lib\site-packages\sqlalchemy\engine\base.py:2448: in _handle_dbapi_exception_noconnection
    raise sqlalchemy_exception.with_traceback(exc_info[2]) from e
C:\Users\balaj\AppData\Local\Programs\Python\Python312\Lib\site-packages\sqlalchemy\engine\base.py:143: in __init__
    self._dbapi_connection = engine.raw_connection()
                             ^^^^^^^^^^^^^^^^^^^^^^^
C:\Users\balaj\AppData\Local\Programs\Python\Python312\Lib\site-packages\sqlalchemy\engine\base.py:3317: in raw_connection
    return self.pool.connect()
           ^^^^^^^^^^^^^^^^^^^
C:\Users\balaj\AppData\Local\Programs\Python\Python312\Lib\site-packages\sqlalchemy\pool\base.py:448: in connect
    return _ConnectionFairy._checkout(self)
           ^^^^^^^^^^^^^^^^^^^^^^^^^^^^^^^^
C:\Users\balaj\AppData\Local\Programs\Python\Python312\Lib\site-packages\sqlalchemy\pool\base.py:1272: in _checkout
    fairy = _ConnectionRecord.checkout(pool)
            ^^^^^^^^^^^^^^^^^^^^^^^^^^^^^^^^
C:\Users\balaj\AppData\Local\Programs\Python\Python312\Lib\site-packages\sqlalchemy\pool\base.py:712: in checkout
    rec = pool._do_get()
          ^^^^^^^^^^^^^^
C:\Users\balaj\AppData\Local\Programs\Python\Python312\Lib\site-packages\sqlalchemy\pool\impl.py:177: in _do_get
    with util.safe_reraise():
C:\Users\balaj\AppData\Local\Programs\Python\Python312\Lib\site-packages\sqlalchemy\util\langhelpers.py:121: in __exit__
    raise exc_value.with_traceback(exc_tb)
C:\Users\balaj\AppData\Local\Programs\Python\Python312\Lib\site-packages\sqlalchemy\pool\impl.py:175: in _do_get
    return self._create_connection()
           ^^^^^^^^^^^^^^^^^^^^^^^^^
C:\Users\balaj\AppData\Local\Programs\Python\Python312\Lib\site-packages\sqlalchemy\pool\base.py:389: in _create_connection
    return _ConnectionRecord(self)
           ^^^^^^^^^^^^^^^^^^^^^^^
C:\Users\balaj\AppData\Local\Programs\Python\Python312\Lib\site-packages\sqlalchemy\pool\base.py:674: in __init__
    self.__connect()
C:\Users\balaj\AppData\Local\Programs\Python\Python312\Lib\site-packages\sqlalchemy\pool\base.py:900: in __connect
    with util.safe_reraise():
C:\Users\balaj\AppData\Local\Programs\Python\Python312\Lib\site-packages\sqlalchemy\util\langhelpers.py:121: in __exit__
    raise exc_value.with_traceback(exc_tb)
C:\Users\balaj\AppData\Local\Programs\Python\Python312\Lib\site-packages\sqlalchemy\pool\base.py:896: in __connect
    self.dbapi_connection = connection = pool._invoke_creator(self)
                                         ^^^^^^^^^^^^^^^^^^^^^^^^^^
C:\Users\balaj\AppData\Local\Programs\Python\Python312\Lib\site-packages\sqlalchemy\engine\create.py:667: in connect
    return dialect.connect(*cargs_tup, **cparams)
           ^^^^^^^^^^^^^^^^^^^^^^^^^^^^^^^^^^^^^^
C:\Users\balaj\AppData\Local\Programs\Python\Python312\Lib\site-packages\sqlalchemy\engine\default.py:630: in connect
    return self.loaded_dbapi.connect(*cargs, **cparams)  # type: ignore[no-any-return]  # NOQA: E501
           ^^^^^^^^^^^^^^^^^^^^^^^^^^^^^^^^^^^^^^^^^^^^
C:\Users\balaj\AppData\Local\Programs\Python\Python312\Lib\site-packages\psycopg\connection.py:100: in connect
    attempts = conninfo_attempts(params)
               ^^^^^^^^^^^^^^^^^^^^^^^^^
_ _ _ _ _ _ _ _ _ _ _ _ _ _ _ _ _ _ _ _ _ _ _ _ _ _ _ _ _ _ _ _ _ _ _ _ _ _ _ _

params = {'host': 'example'}

    def conninfo_attempts(params: ConnMapping) -&gt; list[ConnDict]:
        """Split a set of connection params on the single attempts to perform.
    
        A connection param can perform more than one attempt more than one ``host``
        is provided.
    
        Also perform async resolution of the hostname into hostaddr. Because a host
        can resolve to more than one address, this can lead to yield more attempts
        too. Raise `OperationalError` if no host could be resolved.
    
        Because the libpq async function doesn't honour the timeout, we need to
        reimplement the repeated attempts.
        """
        last_exc = None
        attempts = []
        if prefer_standby := (
            get_param(params, "target_session_attrs") == "prefer-standby"
        ):
            params = {k: v for k, v in params.items() if k != "target_session_attrs"}
    
        for attempt in split_attempts(params):
            try:
                attempts.extend(_resolve_hostnames(attempt))
            except OSError as ex:
                last_exc = e.OperationalError(
                    f"failed to resolve host {attempt.get('host')!r}: {ex}"
                )
                logger.debug("%s", last_exc)
    
        if not attempts:
            assert last_exc
            # We couldn't resolve anything
&gt;           raise last_exc
E           sqlalchemy.exc.OperationalError: (psycopg.OperationalError) failed to resolve host 'example': [Errno 11001] getaddrinfo failed
E           (Background on this error at: https://sqlalche.me/e/20/e3q8)

C:\Users\balaj\AppData\Local\Programs\Python\Python312\Lib\site-packages\psycopg\_conninfo_attempts.py:55: OperationalError</error></testcase></testsuite></testsuites>